../Drivers/STM32F7xx_HAL_Driver/Src/stm32f7xx_hal_eth.c:336:19:HAL_ETH_Init	24	static
../Drivers/STM32F7xx_HAL_Driver/Src/stm32f7xx_hal_eth.c:433:19:HAL_ETH_DeInit	16	static
../Drivers/STM32F7xx_HAL_Driver/Src/stm32f7xx_hal_eth.c:466:13:HAL_ETH_MspInit	16	static
../Drivers/STM32F7xx_HAL_Driver/Src/stm32f7xx_hal_eth.c:481:13:HAL_ETH_MspDeInit	16	static
../Drivers/STM32F7xx_HAL_Driver/Src/stm32f7xx_hal_eth.c:708:19:HAL_ETH_Start	24	static
../Drivers/STM32F7xx_HAL_Driver/Src/stm32f7xx_hal_eth.c:765:19:HAL_ETH_Start_IT	24	static
../Drivers/STM32F7xx_HAL_Driver/Src/stm32f7xx_hal_eth.c:833:19:HAL_ETH_Stop	24	static
../Drivers/STM32F7xx_HAL_Driver/Src/stm32f7xx_hal_eth.c:886:19:HAL_ETH_Stop_IT	32	static
../Drivers/STM32F7xx_HAL_Driver/Src/stm32f7xx_hal_eth.c:956:19:HAL_ETH_Transmit	32	static,ignoring_inline_asm
../Drivers/STM32F7xx_HAL_Driver/Src/stm32f7xx_hal_eth.c:1031:19:HAL_ETH_Transmit_IT	16	static,ignoring_inline_asm
../Drivers/STM32F7xx_HAL_Driver/Src/stm32f7xx_hal_eth.c:1083:19:HAL_ETH_ReadData	40	static
../Drivers/STM32F7xx_HAL_Driver/Src/stm32f7xx_hal_eth.c:1196:13:ETH_UpdateDescriptor	40	static,ignoring_inline_asm
../Drivers/STM32F7xx_HAL_Driver/Src/stm32f7xx_hal_eth.c:1277:19:HAL_ETH_RegisterRxAllocateCallback	16	static
../Drivers/STM32F7xx_HAL_Driver/Src/stm32f7xx_hal_eth.c:1298:19:HAL_ETH_UnRegisterRxAllocateCallback	16	static
../Drivers/STM32F7xx_HAL_Driver/Src/stm32f7xx_hal_eth.c:1311:13:HAL_ETH_RxAllocateCallback	16	static
../Drivers/STM32F7xx_HAL_Driver/Src/stm32f7xx_hal_eth.c:1328:13:HAL_ETH_RxLinkCallback	24	static
../Drivers/STM32F7xx_HAL_Driver/Src/stm32f7xx_hal_eth.c:1347:19:HAL_ETH_RegisterRxLinkCallback	16	static
../Drivers/STM32F7xx_HAL_Driver/Src/stm32f7xx_hal_eth.c:1367:19:HAL_ETH_UnRegisterRxLinkCallback	16	static
../Drivers/STM32F7xx_HAL_Driver/Src/stm32f7xx_hal_eth.c:1382:19:HAL_ETH_GetRxDataErrorCode	16	static
../Drivers/STM32F7xx_HAL_Driver/Src/stm32f7xx_hal_eth.c:1397:19:HAL_ETH_RegisterTxFreeCallback	16	static
../Drivers/STM32F7xx_HAL_Driver/Src/stm32f7xx_hal_eth.c:1417:19:HAL_ETH_UnRegisterTxFreeCallback	16	static
../Drivers/STM32F7xx_HAL_Driver/Src/stm32f7xx_hal_eth.c:1430:13:HAL_ETH_TxFreeCallback	16	static
../Drivers/STM32F7xx_HAL_Driver/Src/stm32f7xx_hal_eth.c:1445:19:HAL_ETH_ReleaseTxPacket	32	static
../Drivers/STM32F7xx_HAL_Driver/Src/stm32f7xx_hal_eth.c:1890:6:HAL_ETH_IRQHandler	32	static
../Drivers/STM32F7xx_HAL_Driver/Src/stm32f7xx_hal_eth.c:2002:13:HAL_ETH_TxCpltCallback	16	static
../Drivers/STM32F7xx_HAL_Driver/Src/stm32f7xx_hal_eth.c:2017:13:HAL_ETH_RxCpltCallback	16	static
../Drivers/STM32F7xx_HAL_Driver/Src/stm32f7xx_hal_eth.c:2032:13:HAL_ETH_ErrorCallback	16	static
../Drivers/STM32F7xx_HAL_Driver/Src/stm32f7xx_hal_eth.c:2047:13:HAL_ETH_PMTCallback	16	static
../Drivers/STM32F7xx_HAL_Driver/Src/stm32f7xx_hal_eth.c:2063:13:HAL_ETH_WakeUpCallback	16	static
../Drivers/STM32F7xx_HAL_Driver/Src/stm32f7xx_hal_eth.c:2081:19:HAL_ETH_ReadPHYRegister	32	static
../Drivers/STM32F7xx_HAL_Driver/Src/stm32f7xx_hal_eth.c:2132:19:HAL_ETH_WritePHYRegister	32	static
../Drivers/STM32F7xx_HAL_Driver/Src/stm32f7xx_hal_eth.c:2200:19:HAL_ETH_GetMACConfig	16	static
../Drivers/STM32F7xx_HAL_Driver/Src/stm32f7xx_hal_eth.c:2243:19:HAL_ETH_GetDMAConfig	16	static
../Drivers/STM32F7xx_HAL_Driver/Src/stm32f7xx_hal_eth.c:2282:19:HAL_ETH_SetMACConfig	16	static
../Drivers/STM32F7xx_HAL_Driver/Src/stm32f7xx_hal_eth.c:2309:19:HAL_ETH_SetDMAConfig	16	static
../Drivers/STM32F7xx_HAL_Driver/Src/stm32f7xx_hal_eth.c:2334:6:HAL_ETH_SetMDIOClockRange	24	static
../Drivers/STM32F7xx_HAL_Driver/Src/stm32f7xx_hal_eth.c:2386:19:HAL_ETH_SetMACFilterConfig	24	static
../Drivers/STM32F7xx_HAL_Driver/Src/stm32f7xx_hal_eth.c:2427:19:HAL_ETH_GetMACFilterConfig	16	static
../Drivers/STM32F7xx_HAL_Driver/Src/stm32f7xx_hal_eth.c:2464:19:HAL_ETH_SetSourceMACAddrMatch	32	static
../Drivers/STM32F7xx_HAL_Driver/Src/stm32f7xx_hal_eth.c:2500:19:HAL_ETH_SetHashTable	24	static
../Drivers/STM32F7xx_HAL_Driver/Src/stm32f7xx_hal_eth.c:2536:6:HAL_ETH_SetRxVLANIdentifier	32	static
../Drivers/STM32F7xx_HAL_Driver/Src/stm32f7xx_hal_eth.c:2564:6:HAL_ETH_EnterPowerDownMode	24	static
../Drivers/STM32F7xx_HAL_Driver/Src/stm32f7xx_hal_eth.c:2582:6:HAL_ETH_ExitPowerDownMode	24	static
../Drivers/STM32F7xx_HAL_Driver/Src/stm32f7xx_hal_eth.c:2619:19:HAL_ETH_SetWakeUpFilter	32	static
../Drivers/STM32F7xx_HAL_Driver/Src/stm32f7xx_hal_eth.c:2668:22:HAL_ETH_GetState	16	static
../Drivers/STM32F7xx_HAL_Driver/Src/stm32f7xx_hal_eth.c:2679:10:HAL_ETH_GetError	16	static
../Drivers/STM32F7xx_HAL_Driver/Src/stm32f7xx_hal_eth.c:2690:10:HAL_ETH_GetDMAError	16	static
../Drivers/STM32F7xx_HAL_Driver/Src/stm32f7xx_hal_eth.c:2701:10:HAL_ETH_GetMACError	16	static
../Drivers/STM32F7xx_HAL_Driver/Src/stm32f7xx_hal_eth.c:2712:10:HAL_ETH_GetMACWakeUpSource	16	static
../Drivers/STM32F7xx_HAL_Driver/Src/stm32f7xx_hal_eth.c:2735:13:ETH_FlushTransmitFIFO	24	static
../Drivers/STM32F7xx_HAL_Driver/Src/stm32f7xx_hal_eth.c:2749:13:ETH_SetMACConfig	24	static
../Drivers/STM32F7xx_HAL_Driver/Src/stm32f7xx_hal_eth.c:2807:13:ETH_SetDMAConfig	24	static
../Drivers/STM32F7xx_HAL_Driver/Src/stm32f7xx_hal_eth.c:2861:13:ETH_MACDMAConfig	160	static
../Drivers/STM32F7xx_HAL_Driver/Src/stm32f7xx_hal_eth.c:2925:13:ETH_MACAddressConfig	32	static
../Drivers/STM32F7xx_HAL_Driver/Src/stm32f7xx_hal_eth.c:2950:13:ETH_DMATxDescListInit	24	static
../Drivers/STM32F7xx_HAL_Driver/Src/stm32f7xx_hal_eth.c:2996:13:ETH_DMARxDescListInit	24	static
../Drivers/STM32F7xx_HAL_Driver/Src/stm32f7xx_hal_eth.c:3052:17:ETH_Prepare_Tx_Descriptors	72	static,ignoring_inline_asm
