../Drivers/STM32F7xx_HAL_Driver/Src/stm32f7xx_hal_uart.c:3412:13:UART_EndRxTransfer	0	static,ignoring_inline_asm
../Drivers/STM32F7xx_HAL_Driver/Src/stm32f7xx_hal_uart.c:3836:13:UART_TxISR_8BIT.part.0	0	static,ignoring_inline_asm
../Drivers/STM32F7xx_HAL_Driver/Src/stm32f7xx_hal_uart.c:3836:13:UART_TxISR_8BIT	0	static
../Drivers/STM32F7xx_HAL_Driver/Src/stm32f7xx_hal_uart.c:3865:13:UART_TxISR_16BIT	0	static
../Drivers/STM32F7xx_HAL_Driver/Src/stm32f7xx_hal_uart.c:661:13:HAL_UART_MspInit	0	static
../Drivers/STM32F7xx_HAL_Driver/Src/stm32f7xx_hal_uart.c:676:13:HAL_UART_MspDeInit	0	static
../Drivers/STM32F7xx_HAL_Driver/Src/stm32f7xx_hal_uart.c:614:19:HAL_UART_DeInit	16	static
../Drivers/STM32F7xx_HAL_Driver/Src/stm32f7xx_hal_uart.c:1270:19:HAL_UART_Transmit_IT	0	static,ignoring_inline_asm
../Drivers/STM32F7xx_HAL_Driver/Src/stm32f7xx_hal_uart.c:1357:19:HAL_UART_Transmit_DMA	24	static,ignoring_inline_asm
../Drivers/STM32F7xx_HAL_Driver/Src/stm32f7xx_hal_uart.c:1460:19:HAL_UART_DMAPause	0	static,ignoring_inline_asm
../Drivers/STM32F7xx_HAL_Driver/Src/stm32f7xx_hal_uart.c:1490:19:HAL_UART_DMAResume	0	static,ignoring_inline_asm
../Drivers/STM32F7xx_HAL_Driver/Src/stm32f7xx_hal_uart.c:1521:19:HAL_UART_DMAStop	16	static,ignoring_inline_asm
../Drivers/STM32F7xx_HAL_Driver/Src/stm32f7xx_hal_uart.c:1596:19:HAL_UART_Abort	8	static,ignoring_inline_asm
../Drivers/STM32F7xx_HAL_Driver/Src/stm32f7xx_hal_uart.c:1693:19:HAL_UART_AbortTransmit	8	static,ignoring_inline_asm
../Drivers/STM32F7xx_HAL_Driver/Src/stm32f7xx_hal_uart.c:1746:19:HAL_UART_AbortReceive	8	static,ignoring_inline_asm
../Drivers/STM32F7xx_HAL_Driver/Src/stm32f7xx_hal_uart.c:2467:13:HAL_UART_TxCpltCallback	0	static
../Drivers/STM32F7xx_HAL_Driver/Src/stm32f7xx_hal_uart.c:3438:13:UART_DMATransmitCplt	8	static,ignoring_inline_asm
../Drivers/STM32F7xx_HAL_Driver/Src/stm32f7xx_hal_uart.c:2482:13:HAL_UART_TxHalfCpltCallback	0	static
../Drivers/STM32F7xx_HAL_Driver/Src/stm32f7xx_hal_uart.c:3472:13:UART_DMATxHalfCplt	8	static
../Drivers/STM32F7xx_HAL_Driver/Src/stm32f7xx_hal_uart.c:2497:13:HAL_UART_RxCpltCallback	0	static
../Drivers/STM32F7xx_HAL_Driver/Src/stm32f7xx_hal_uart.c:2512:13:HAL_UART_RxHalfCpltCallback	0	static
../Drivers/STM32F7xx_HAL_Driver/Src/stm32f7xx_hal_uart.c:2527:13:HAL_UART_ErrorCallback	0	static
../Drivers/STM32F7xx_HAL_Driver/Src/stm32f7xx_hal_uart.c:3611:13:UART_DMAError	8	static,ignoring_inline_asm
../Drivers/STM32F7xx_HAL_Driver/Src/stm32f7xx_hal_uart.c:3651:13:UART_DMAAbortOnError	8	static
../Drivers/STM32F7xx_HAL_Driver/Src/stm32f7xx_hal_uart.c:2542:13:HAL_UART_AbortCpltCallback	0	static
../Drivers/STM32F7xx_HAL_Driver/Src/stm32f7xx_hal_uart.c:1814:19:HAL_UART_Abort_IT	16	static,ignoring_inline_asm
../Drivers/STM32F7xx_HAL_Driver/Src/stm32f7xx_hal_uart.c:3723:13:UART_DMARxAbortCallback	8	static
../Drivers/STM32F7xx_HAL_Driver/Src/stm32f7xx_hal_uart.c:3673:13:UART_DMATxAbortCallback	8	static
../Drivers/STM32F7xx_HAL_Driver/Src/stm32f7xx_hal_uart.c:2557:13:HAL_UART_AbortTransmitCpltCallback	0	static
../Drivers/STM32F7xx_HAL_Driver/Src/stm32f7xx_hal_uart.c:1961:19:HAL_UART_AbortTransmit_IT	8	static,ignoring_inline_asm
../Drivers/STM32F7xx_HAL_Driver/Src/stm32f7xx_hal_uart.c:3775:13:UART_DMATxOnlyAbortCallback	8	static
../Drivers/STM32F7xx_HAL_Driver/Src/stm32f7xx_hal_uart.c:2572:13:HAL_UART_AbortReceiveCpltCallback	0	static
../Drivers/STM32F7xx_HAL_Driver/Src/stm32f7xx_hal_uart.c:2046:19:HAL_UART_AbortReceive_IT	8	static,ignoring_inline_asm
../Drivers/STM32F7xx_HAL_Driver/Src/stm32f7xx_hal_uart.c:3803:13:UART_DMARxOnlyAbortCallback	8	static
../Drivers/STM32F7xx_HAL_Driver/Src/stm32f7xx_hal_uart.c:2589:13:HAL_UARTEx_RxEventCallback	0	static
../Drivers/STM32F7xx_HAL_Driver/Src/stm32f7xx_hal_uart.c:3922:13:UART_RxISR_8BIT	8	static,ignoring_inline_asm
../Drivers/STM32F7xx_HAL_Driver/Src/stm32f7xx_hal_uart.c:4010:13:UART_RxISR_16BIT	8	static,ignoring_inline_asm
../Drivers/STM32F7xx_HAL_Driver/Src/stm32f7xx_hal_uart.c:3563:13:UART_DMARxHalfCplt	8	static
../Drivers/STM32F7xx_HAL_Driver/Src/stm32f7xx_hal_uart.c:3490:13:UART_DMAReceiveCplt	8	static,ignoring_inline_asm
../Drivers/STM32F7xx_HAL_Driver/Src/stm32f7xx_hal_uart.c:2606:13:HAL_UARTEx_WakeupCallback	0	static
../Drivers/STM32F7xx_HAL_Driver/Src/stm32f7xx_hal_uart.c:2139:6:HAL_UART_IRQHandler	16	static,ignoring_inline_asm
../Drivers/STM32F7xx_HAL_Driver/Src/stm32f7xx_hal_uart.c:2654:6:HAL_UART_ReceiverTimeout_Config	0	static
../Drivers/STM32F7xx_HAL_Driver/Src/stm32f7xx_hal_uart.c:2666:19:HAL_UART_EnableReceiverTimeout	0	static
../Drivers/STM32F7xx_HAL_Driver/Src/stm32f7xx_hal_uart.c:2697:19:HAL_UART_DisableReceiverTimeout	0	static
../Drivers/STM32F7xx_HAL_Driver/Src/stm32f7xx_hal_uart.c:2768:6:HAL_MultiProcessor_EnterMuteMode	0	static
../Drivers/STM32F7xx_HAL_Driver/Src/stm32f7xx_hal_uart.c:2778:19:HAL_HalfDuplex_EnableTransmitter	8	static,ignoring_inline_asm
../Drivers/STM32F7xx_HAL_Driver/Src/stm32f7xx_hal_uart.c:2801:19:HAL_HalfDuplex_EnableReceiver	8	static,ignoring_inline_asm
../Drivers/STM32F7xx_HAL_Driver/Src/stm32f7xx_hal_uart.c:2825:19:HAL_LIN_SendBreak	0	static
../Drivers/STM32F7xx_HAL_Driver/Src/stm32f7xx_hal_uart.c:2870:23:HAL_UART_GetState	0	static
../Drivers/STM32F7xx_HAL_Driver/Src/stm32f7xx_hal_uart.c:2886:10:HAL_UART_GetError	0	static
../Drivers/STM32F7xx_HAL_Driver/Src/stm32f7xx_hal_uart.c:2934:19:UART_SetConfig	16	static
../Drivers/STM32F7xx_HAL_Driver/Src/stm32f7xx_hal_uart.c:3078:6:UART_AdvFeatureConfig	8	static
../Drivers/STM32F7xx_HAL_Driver/Src/stm32f7xx_hal_uart.c:3223:19:UART_WaitOnFlagUntilTimeout	32	static
../Drivers/STM32F7xx_HAL_Driver/Src/stm32f7xx_hal_uart.c:1100:19:HAL_UART_Transmit	40	static
../Drivers/STM32F7xx_HAL_Driver/Src/stm32f7xx_hal_uart.c:1186:19:HAL_UART_Receive	40	static
../Drivers/STM32F7xx_HAL_Driver/Src/stm32f7xx_hal_uart.c:3152:19:UART_CheckIdleState	24	static,ignoring_inline_asm
../Drivers/STM32F7xx_HAL_Driver/Src/stm32f7xx_hal_uart.c:289:19:HAL_UART_Init	8	static
../Drivers/STM32F7xx_HAL_Driver/Src/stm32f7xx_hal_uart.c:364:19:HAL_HalfDuplex_Init	8	static
../Drivers/STM32F7xx_HAL_Driver/Src/stm32f7xx_hal_uart.c:439:19:HAL_LIN_Init	16	static
../Drivers/STM32F7xx_HAL_Driver/Src/stm32f7xx_hal_uart.c:538:19:HAL_MultiProcessor_Init	16	static
../Drivers/STM32F7xx_HAL_Driver/Src/stm32f7xx_hal_uart.c:2728:19:HAL_MultiProcessor_EnableMuteMode	0	static,ignoring_inline_asm
../Drivers/STM32F7xx_HAL_Driver/Src/stm32f7xx_hal_uart.c:2748:19:HAL_MultiProcessor_DisableMuteMode	0	static,ignoring_inline_asm
../Drivers/STM32F7xx_HAL_Driver/Src/stm32f7xx_hal_uart.c:3291:19:UART_Start_Receive_IT	0	static,ignoring_inline_asm
../Drivers/STM32F7xx_HAL_Driver/Src/stm32f7xx_hal_uart.c:1319:19:HAL_UART_Receive_IT	8	static,ignoring_inline_asm
../Drivers/STM32F7xx_HAL_Driver/Src/stm32f7xx_hal_uart.c:3340:19:UART_Start_Receive_DMA	16	static,ignoring_inline_asm
../Drivers/STM32F7xx_HAL_Driver/Src/stm32f7xx_hal_uart.c:1427:19:HAL_UART_Receive_DMA	8	static,ignoring_inline_asm
