../Drivers/STM32F7xx_HAL_Driver/Src/stm32f7xx_hal_tim_ex.c:2565:13:TIM_CCxNChannelCmd	8	static
../Drivers/STM32F7xx_HAL_Driver/Src/stm32f7xx_hal_tim_ex.c:2520:13:TIM_DMAErrorCCxN	8	static
../Drivers/STM32F7xx_HAL_Driver/Src/stm32f7xx_hal_tim_ex.c:2470:13:TIM_DMADelayPulseNCplt	8	static
../Drivers/STM32F7xx_HAL_Driver/Src/stm32f7xx_hal_tim_ex.c:286:13:HAL_TIMEx_HallSensor_MspInit	0	static
../Drivers/STM32F7xx_HAL_Driver/Src/stm32f7xx_hal_tim_ex.c:139:19:HAL_TIMEx_HallSensor_Init	48	static
../Drivers/STM32F7xx_HAL_Driver/Src/stm32f7xx_hal_tim_ex.c:301:13:HAL_TIMEx_HallSensor_MspDeInit	0	static
../Drivers/STM32F7xx_HAL_Driver/Src/stm32f7xx_hal_tim_ex.c:241:19:HAL_TIMEx_HallSensor_DeInit	8	static
../Drivers/STM32F7xx_HAL_Driver/Src/stm32f7xx_hal_tim_ex.c:316:19:HAL_TIMEx_HallSensor_Start	16	static
../Drivers/STM32F7xx_HAL_Driver/Src/stm32f7xx_hal_tim_ex.c:370:19:HAL_TIMEx_HallSensor_Stop	8	static
../Drivers/STM32F7xx_HAL_Driver/Src/stm32f7xx_hal_tim_ex.c:398:19:HAL_TIMEx_HallSensor_Start_IT	16	static
../Drivers/STM32F7xx_HAL_Driver/Src/stm32f7xx_hal_tim_ex.c:455:19:HAL_TIMEx_HallSensor_Stop_IT	8	static
../Drivers/STM32F7xx_HAL_Driver/Src/stm32f7xx_hal_tim_ex.c:488:19:HAL_TIMEx_HallSensor_Start_DMA	24	static
../Drivers/STM32F7xx_HAL_Driver/Src/stm32f7xx_hal_tim_ex.c:564:19:HAL_TIMEx_HallSensor_Stop_DMA	8	static
../Drivers/STM32F7xx_HAL_Driver/Src/stm32f7xx_hal_tim_ex.c:626:19:HAL_TIMEx_OCN_Start	8	static
../Drivers/STM32F7xx_HAL_Driver/Src/stm32f7xx_hal_tim_ex.c:677:19:HAL_TIMEx_OCN_Stop	16	static
../Drivers/STM32F7xx_HAL_Driver/Src/stm32f7xx_hal_tim_ex.c:709:19:HAL_TIMEx_OCN_Start_IT	8	static
../Drivers/STM32F7xx_HAL_Driver/Src/stm32f7xx_hal_tim_ex.c:796:19:HAL_TIMEx_OCN_Stop_IT	16	static
../Drivers/STM32F7xx_HAL_Driver/Src/stm32f7xx_hal_tim_ex.c:871:19:HAL_TIMEx_OCN_Start_DMA	16	static
../Drivers/STM32F7xx_HAL_Driver/Src/stm32f7xx_hal_tim_ex.c:1009:19:HAL_TIMEx_OCN_Stop_DMA	16	static
../Drivers/STM32F7xx_HAL_Driver/Src/stm32f7xx_hal_tim_ex.c:1099:19:HAL_TIMEx_PWMN_Start	0	static
../Drivers/STM32F7xx_HAL_Driver/Src/stm32f7xx_hal_tim_ex.c:1149:19:HAL_TIMEx_PWMN_Stop	0	static
../Drivers/STM32F7xx_HAL_Driver/Src/stm32f7xx_hal_tim_ex.c:1181:19:HAL_TIMEx_PWMN_Start_IT	0	static
../Drivers/STM32F7xx_HAL_Driver/Src/stm32f7xx_hal_tim_ex.c:1267:19:HAL_TIMEx_PWMN_Stop_IT	0	static
../Drivers/STM32F7xx_HAL_Driver/Src/stm32f7xx_hal_tim_ex.c:1342:19:HAL_TIMEx_PWMN_Start_DMA	0	static
../Drivers/STM32F7xx_HAL_Driver/Src/stm32f7xx_hal_tim_ex.c:1480:19:HAL_TIMEx_PWMN_Stop_DMA	0	static
../Drivers/STM32F7xx_HAL_Driver/Src/stm32f7xx_hal_tim_ex.c:1571:19:HAL_TIMEx_OnePulseN_Start	24	static
../Drivers/STM32F7xx_HAL_Driver/Src/stm32f7xx_hal_tim_ex.c:1620:19:HAL_TIMEx_OnePulseN_Stop	16	static
../Drivers/STM32F7xx_HAL_Driver/Src/stm32f7xx_hal_tim_ex.c:1659:19:HAL_TIMEx_OnePulseN_Start_IT	24	static
../Drivers/STM32F7xx_HAL_Driver/Src/stm32f7xx_hal_tim_ex.c:1714:19:HAL_TIMEx_OnePulseN_Stop_IT	16	static
../Drivers/STM32F7xx_HAL_Driver/Src/stm32f7xx_hal_tim_ex.c:1794:19:HAL_TIMEx_ConfigCommutEvent	8	static
../Drivers/STM32F7xx_HAL_Driver/Src/stm32f7xx_hal_tim_ex.c:1850:19:HAL_TIMEx_ConfigCommutEvent_IT	8	static
../Drivers/STM32F7xx_HAL_Driver/Src/stm32f7xx_hal_tim_ex.c:1907:19:HAL_TIMEx_ConfigCommutEvent_DMA	8	static
../Drivers/STM32F7xx_HAL_Driver/Src/stm32f7xx_hal_tim_ex.c:1956:19:HAL_TIMEx_MasterConfigSynchronization	16	static
../Drivers/STM32F7xx_HAL_Driver/Src/stm32f7xx_hal_tim_ex.c:2029:19:HAL_TIMEx_ConfigBreakDeadTime	8	static
../Drivers/STM32F7xx_HAL_Driver/Src/stm32f7xx_hal_tim_ex.c:2094:19:HAL_TIMEx_ConfigBreakInput	20	static
../Drivers/STM32F7xx_HAL_Driver/Src/stm32f7xx_hal_tim_ex.c:2231:19:HAL_TIMEx_RemapConfig	0	static
../Drivers/STM32F7xx_HAL_Driver/Src/stm32f7xx_hal_tim_ex.c:2260:19:HAL_TIMEx_GroupChannel5	0	static
../Drivers/STM32F7xx_HAL_Driver/Src/stm32f7xx_hal_tim_ex.c:2310:13:HAL_TIMEx_CommutCallback	0	static
../Drivers/STM32F7xx_HAL_Driver/Src/stm32f7xx_hal_tim_ex.c:2431:6:TIMEx_DMACommutationCplt	8	static
../Drivers/STM32F7xx_HAL_Driver/Src/stm32f7xx_hal_tim_ex.c:2324:13:HAL_TIMEx_CommutHalfCpltCallback	0	static
../Drivers/STM32F7xx_HAL_Driver/Src/stm32f7xx_hal_tim_ex.c:2450:6:TIMEx_DMACommutationHalfCplt	8	static
../Drivers/STM32F7xx_HAL_Driver/Src/stm32f7xx_hal_tim_ex.c:2339:13:HAL_TIMEx_BreakCallback	0	static
../Drivers/STM32F7xx_HAL_Driver/Src/stm32f7xx_hal_tim_ex.c:2354:13:HAL_TIMEx_Break2Callback	0	static
../Drivers/STM32F7xx_HAL_Driver/Src/stm32f7xx_hal_tim_ex.c:2387:22:HAL_TIMEx_HallSensor_GetState	0	static
../Drivers/STM32F7xx_HAL_Driver/Src/stm32f7xx_hal_tim_ex.c:2402:29:HAL_TIMEx_GetChannelNState	0	static
