../Modules/Eth50HzModule.hpp:38:15:virtual const char* TAUV::Eth50HzModule::getName() const	0	static
../Modules/Eth50HzModule.hpp:39:9:virtual float TAUV::Eth50HzModule::getFrequency() const	0	static
/opt/homebrew/include/flatbuffers/default_allocator.h:26:7:flatbuffers::DefaultAllocator::~DefaultAllocator()	0	static
../Util/UdpSocket.hpp:80:17:static void UdpSocket::udp_rx_trampoline(void*, udp_pcb*, pbuf*, const ip_addr_t*, u16_t)	32	static
../Util/Logging.hpp:65:20:void __tcf_0()	0	static
/opt/homebrew/include/flatbuffers/default_allocator.h:32:8:virtual void flatbuffers::DefaultAllocator::deallocate(uint8_t*, std::size_t)	0	static
/opt/homebrew/include/flatbuffers/default_allocator.h:28:12:virtual uint8_t* flatbuffers::DefaultAllocator::allocate(std::size_t)	0	static
/opt/homebrew/include/flatbuffers/default_allocator.h:26:7:virtual flatbuffers::DefaultAllocator::~DefaultAllocator()	8	static
/Applications/STM32CubeIDE.app/Contents/Eclipse/plugins/com.st.stm32cube.ide.mcu.externaltools.gnu-tools-for-stm32.13.3.rel1.macos64_1.0.0.202411102158/tools/arm-none-eabi/include/c++/13.3.1/bits/stl_tree.h:1930:5:void std::_Rb_tree<_Key, _Val, _KeyOfValue, _Compare, _Alloc>::_M_erase(_Link_type) [with _Key = flatbuffers::Offset<flatbuffers::String>; _Val = flatbuffers::Offset<flatbuffers::String>; _KeyOfValue = std::_Identity<flatbuffers::Offset<flatbuffers::String> >; _Compare = flatbuffers::FlatBufferBuilderImpl<false>::StringOffsetCompare; _Alloc = std::allocator<flatbuffers::Offset<flatbuffers::String> >]	16	static
/Applications/STM32CubeIDE.app/Contents/Eclipse/plugins/com.st.stm32cube.ide.mcu.externaltools.gnu-tools-for-stm32.13.3.rel1.macos64_1.0.0.202411102158/tools/arm-none-eabi/include/c++/13.3.1/bits/std_function.h:267:7:), _Functor>::_M_manager(std::_Any_data&, const std::_Any_data&, std::_Manager_operation) [with _Res = void; _Functor = TAUV::Eth50HzModule::init()::<lambda(const ip_addr_t&, uint16_t, const uint8_t*, uint16_t)>; _ArgTypes = {const ip4_addr&, short unsigned int, const unsigned char*, short unsigned int}]	0	static
/opt/homebrew/include/flatbuffers/vector_downward.h:188:12:uint8_t* flatbuffers::vector_downward<SizeT>::scratch_end() const [with SizeT = long unsigned int]	8	static
/opt/homebrew/include/flatbuffers/vector_downward.h:178:12:uint8_t* flatbuffers::vector_downward<SizeT>::data() const [with SizeT = long unsigned int]	8	static
../Modules/Eth50HzModule.cpp:113:6:void TAUV::Eth50HzModule::onReceive(const ip_addr_t&, uint16_t, const uint8_t*, uint16_t)	280	static
/opt/homebrew/include/flatbuffers/allocator.h:41:20:virtual uint8_t* flatbuffers::Allocator::reallocate_downward(uint8_t*, std::size_t, std::size_t, std::size_t, std::size_t)	32	static
/opt/homebrew/include/flatbuffers/vector_downward.h:141:10:std::size_t flatbuffers::vector_downward<SizeT>::ensure_space(std::size_t) [with SizeT = long unsigned int]	40	static
/Applications/STM32CubeIDE.app/Contents/Eclipse/plugins/com.st.stm32cube.ide.mcu.externaltools.gnu-tools-for-stm32.13.3.rel1.macos64_1.0.0.202411102158/tools/arm-none-eabi/include/c++/13.3.1/bits/std_function.h:241:5:std::_Function_base::~_Function_base()	8	static
../Util/Logging.hpp:64:19:static TAUV::Logging& TAUV::Logging::getInstance()	8	static
/opt/homebrew/include/flatbuffers/table.h:35:13:flatbuffers::voffset_t flatbuffers::Table::GetOptionalFieldOffset(flatbuffers::voffset_t) const	0	static
../FlatBuffers/eth_msg_jetson_rtvc_50_generated.h:82:41:const flatbuffers::Vector<unsigned char>* TAUV_FB::ThrusterCommand::enabled() const	8	static
../Modules/Eth50HzModule.cpp:25:18:TAUV::ModuleInitResult TAUV::Eth50HzModule::init()	64	static
../Modules/Eth50HzModule.cpp:113:6:void TAUV::Eth50HzModule::onReceive(const ip_addr_t&, uint16_t, const uint8_t*, uint16_t)	8	static
/Applications/STM32CubeIDE.app/Contents/Eclipse/plugins/com.st.stm32cube.ide.mcu.externaltools.gnu-tools-for-stm32.13.3.rel1.macos64_1.0.0.202411102158/tools/arm-none-eabi/include/c++/13.3.1/bits/std_function.h:288:7:) [with _Res = void; _Functor = TAUV::Eth50HzModule::init()::<lambda(const ip_addr_t&, uint16_t, const uint8_t*, uint16_t)>; _ArgTypes = {const ip4_addr&, short unsigned int, const unsigned char*, short unsigned int}]	4	static
/opt/homebrew/include/flatbuffers/verifier.h:183:8:bool flatbuffers::VerifierTemplate<TrackVerifierBufferSize>::VerifyTableStart(const uint8_t*) [with bool TrackVerifierBufferSize = false]	20	static
/opt/homebrew/include/flatbuffers/flatbuffer_builder.h:157:3:flatbuffers::FlatBufferBuilderImpl<Is64Aware>::~FlatBufferBuilderImpl() [with bool Is64Aware = false]	16	static
/opt/homebrew/include/flatbuffers/flatbuffer_builder.h:393:8:void flatbuffers::FlatBufferBuilderImpl<Is64Aware>::NotNested() [with bool Is64Aware = false]	8	static
/opt/homebrew/include/flatbuffers/verifier.h:94:29:bool flatbuffers::VerifierTemplate<TrackVerifierBufferSize>::Verify(std::size_t) const [with T = long unsigned int; bool TrackVerifierBufferSize = false]	0	static
/opt/homebrew/include/flatbuffers/verifier.h:145:8:bool flatbuffers::VerifierTemplate<TrackVerifierBufferSize>::VerifyVectorOrString(const uint8_t*, std::size_t, std::size_t*) const [with LenT = long unsigned int; bool TrackVerifierBufferSize = false]	24	static
/opt/homebrew/include/flatbuffers/flatbuffer_builder.h:325:8:void flatbuffers::FlatBufferBuilderImpl<Is64Aware>::TrackField(flatbuffers::voffset_t, flatbuffers::uoffset_t) [with bool Is64Aware = false]	16	static
/Applications/STM32CubeIDE.app/Contents/Eclipse/plugins/com.st.stm32cube.ide.mcu.externaltools.gnu-tools-for-stm32.13.3.rel1.macos64_1.0.0.202411102158/tools/arm-none-eabi/include/c++/13.3.1/bits/vector.tcc:445:7:) [with _Args = {const flatbuffers::Offset<TAUV_FB::ESCFrame>&}; _Tp = flatbuffers::Offset<TAUV_FB::ESCFrame>; _Alloc = std::allocator<flatbuffers::Offset<TAUV_FB::ESCFrame> >]	48	static
/opt/homebrew/include/flatbuffers/verifier.h:259:10:std::size_t flatbuffers::VerifierTemplate<TrackVerifierBufferSize>::VerifyOffset(std::size_t) const [with OffsetT = long unsigned int; SOffsetT = long int; bool TrackVerifierBufferSize = false]	16	static
/opt/homebrew/include/flatbuffers/table.h:145:8:bool flatbuffers::Table::VerifyOffset(const flatbuffers::Verifier&, flatbuffers::voffset_t) const [with OffsetT = long unsigned int]	16	static
../FlatBuffers/eth_msg_jetson_rtvc_50_generated.h:85:8:bool TAUV_FB::ThrusterCommand::Verify(flatbuffers::Verifier&) const	16	static
/opt/homebrew/include/flatbuffers/vector_downward.h:150:19:uint8_t* flatbuffers::vector_downward<SizeT>::make_space(std::size_t) [with SizeT = long unsigned int]	16	static
/opt/homebrew/include/flatbuffers/vector_downward.h:213:8:void flatbuffers::vector_downward<SizeT>::fill(std::size_t) [with SizeT = long unsigned int]	16	static
/opt/homebrew/include/flatbuffers/flatbuffer_builder.h:289:8:void flatbuffers::FlatBufferBuilderImpl<Is64Aware>::Align(std::size_t) [with bool Is64Aware = false]	8	static
/opt/homebrew/include/flatbuffers/flatbuffer_builder.h:367:13:flatbuffers::uoffset_t flatbuffers::FlatBufferBuilderImpl<Is64Aware>::ReferTo(flatbuffers::uoffset_t) [with bool Is64Aware = false]	16	static
/opt/homebrew/include/flatbuffers/flatbuffer_builder.h:333:29:void flatbuffers::FlatBufferBuilderImpl<Is64Aware>::AddElement(flatbuffers::voffset_t, T, T) [with T = float; bool Is64Aware = false]	24	static
/opt/homebrew/include/flatbuffers/flatbuffer_builder.h:310:11:ReturnT flatbuffers::FlatBufferBuilderImpl<Is64Aware>::PushElement(T) [with T = long int; ReturnT = long unsigned int; bool Is64Aware = false]	16	static
/opt/homebrew/include/flatbuffers/flatbuffer_builder.h:418:13:flatbuffers::uoffset_t flatbuffers::FlatBufferBuilderImpl<Is64Aware>::EndTable(flatbuffers::uoffset_t) [with bool Is64Aware = false]	48	static
/opt/homebrew/include/flatbuffers/flatbuffer_builder.h:333:29:void flatbuffers::FlatBufferBuilderImpl<Is64Aware>::AddElement(flatbuffers::voffset_t, T, T) [with T = unsigned char; bool Is64Aware = false]	16	static
/opt/homebrew/include/flatbuffers/flatbuffer_builder.h:310:11:ReturnT flatbuffers::FlatBufferBuilderImpl<Is64Aware>::PushElement(T) [with T = long unsigned int; ReturnT = long unsigned int; bool Is64Aware = false]	16	static
/opt/homebrew/include/flatbuffers/flatbuffer_builder.h:516:8:void flatbuffers::FlatBufferBuilderImpl<Is64Aware>::PreAlign(std::size_t, std::size_t) [with bool Is64Aware = false]	8	static
../Modules/Eth50HzModule.cpp:36:17:virtual TAUV::ModuleRunResult TAUV::Eth50HzModule::run()	280	static
