running develop
running egg_info
creating tauv_common.egg-info
writing tauv_common.egg-info/PKG-INFO
writing dependency_links to tauv_common.egg-info/dependency_links.txt
writing entry points to tauv_common.egg-info/entry_points.txt
writing requirements to tauv_common.egg-info/requires.txt
writing top-level names to tauv_common.egg-info/top_level.txt
writing manifest file 'tauv_common.egg-info/SOURCES.txt'
reading manifest file 'tauv_common.egg-info/SOURCES.txt'
writing manifest file 'tauv_common.egg-info/SOURCES.txt'
running build_ext
Creating /home/gleb/dev/tauv-mono/install/tauv_common/lib/python3.12/site-packages/tauv-common.egg-link (link to .)
Installing commander script to /home/gleb/dev/tauv-mono/install/tauv_common/lib/tauv_common
Installing commander_example script to /home/gleb/dev/tauv-mono/install/tauv_common/lib/tauv_common
Installing depth_estimator script to /home/gleb/dev/tauv-mono/install/tauv_common/lib/tauv_common
Installing indi_controller script to /home/gleb/dev/tauv-mono/install/tauv_common/lib/tauv_common
Installing state_estimator_ekf script to /home/gleb/dev/tauv-mono/install/tauv_common/lib/tauv_common
Installing thruster_controller script to /home/gleb/dev/tauv-mono/install/tauv_common/lib/tauv_common
Installing thruster_manager script to /home/gleb/dev/tauv-mono/install/tauv_common/lib/tauv_common
Installing wrench_test script to /home/gleb/dev/tauv-mono/install/tauv_common/lib/tauv_common

Installed /home/gleb/dev/tauv-mono/build/tauv_common
running symlink_data
creating /home/gleb/dev/tauv-mono/install/tauv_common/share/ament_index
creating /home/gleb/dev/tauv-mono/install/tauv_common/share/ament_index/resource_index
creating /home/gleb/dev/tauv-mono/install/tauv_common/share/ament_index/resource_index/packages
symbolically linking /home/gleb/dev/tauv-mono/build/tauv_common/resource/tauv_common -> /home/gleb/dev/tauv-mono/install/tauv_common/share/ament_index/resource_index/packages
symbolically linking /home/gleb/dev/tauv-mono/build/tauv_common/package.xml -> /home/gleb/dev/tauv-mono/install/tauv_common/share/tauv_common
creating /home/gleb/dev/tauv-mono/install/tauv_common/share/tauv_common/launch
