[0.660s] Invoking command in '/home/gleb/dev/tauv-mono/build/tauv_common': AMENT_PREFIX_PATH=/home/gleb/dev/tauv-mono/install/tauv_msgs:${AMENT_PREFIX_PATH} CMAKE_PREFIX_PATH=/home/gleb/dev/tauv-mono/install/tauv_msgs:${CMAKE_PREFIX_PATH} DEBUGINFOD_URLS=https://debuginfod.ubuntu.com LD_LIBRARY_PATH=/home/gleb/dev/tauv-mono/install/tauv_msgs/lib:${LD_LIBRARY_PATH} PYTHONPATH=/home/gleb/dev/tauv-mono/build/tauv_common/prefix_override:/usr/lib/python3/dist-packages/colcon_core/task/python/colcon_distutils_commands:/home/gleb/dev/tauv-mono/install/tauv_common/lib/python3.12/site-packages:/home/gleb/dev/tauv-mono/install/tauv_msgs/lib/python3.12/site-packages:${PYTHONPATH} /usr/bin/python3 -W ignore:setup.py install is deprecated -W ignore:easy_install command is deprecated setup.py develop --editable --build-directory /home/gleb/dev/tauv-mono/build/tauv_common/build --no-deps symlink_data
[0.918s] running develop
[1.050s] running egg_info
[1.050s] creating tauv_common.egg-info
[1.063s] writing tauv_common.egg-info/PKG-INFO
[1.063s] writing dependency_links to tauv_common.egg-info/dependency_links.txt
[1.064s] writing entry points to tauv_common.egg-info/entry_points.txt
[1.064s] writing requirements to tauv_common.egg-info/requires.txt
[1.064s] writing top-level names to tauv_common.egg-info/top_level.txt
[1.064s] writing manifest file 'tauv_common.egg-info/SOURCES.txt'
[1.091s] reading manifest file 'tauv_common.egg-info/SOURCES.txt'
[1.092s] writing manifest file 'tauv_common.egg-info/SOURCES.txt'
[1.109s] running build_ext
[1.109s] Creating /home/gleb/dev/tauv-mono/install/tauv_common/lib/python3.12/site-packages/tauv-common.egg-link (link to .)
[1.109s] Installing commander script to /home/gleb/dev/tauv-mono/install/tauv_common/lib/tauv_common
[1.110s] Installing commander_example script to /home/gleb/dev/tauv-mono/install/tauv_common/lib/tauv_common
[1.110s] Installing depth_estimator script to /home/gleb/dev/tauv-mono/install/tauv_common/lib/tauv_common
[1.110s] Installing indi_controller script to /home/gleb/dev/tauv-mono/install/tauv_common/lib/tauv_common
[1.110s] Installing state_estimator_ekf script to /home/gleb/dev/tauv-mono/install/tauv_common/lib/tauv_common
[1.110s] Installing thruster_controller script to /home/gleb/dev/tauv-mono/install/tauv_common/lib/tauv_common
[1.110s] Installing thruster_manager script to /home/gleb/dev/tauv-mono/install/tauv_common/lib/tauv_common
[1.111s] Installing wrench_test script to /home/gleb/dev/tauv-mono/install/tauv_common/lib/tauv_common
[1.111s] 
[1.111s] Installed /home/gleb/dev/tauv-mono/build/tauv_common
[1.111s] running symlink_data
[1.111s] creating /home/gleb/dev/tauv-mono/install/tauv_common/share/ament_index
[1.111s] creating /home/gleb/dev/tauv-mono/install/tauv_common/share/ament_index/resource_index
[1.111s] creating /home/gleb/dev/tauv-mono/install/tauv_common/share/ament_index/resource_index/packages
[1.111s] symbolically linking /home/gleb/dev/tauv-mono/build/tauv_common/resource/tauv_common -> /home/gleb/dev/tauv-mono/install/tauv_common/share/ament_index/resource_index/packages
[1.112s] symbolically linking /home/gleb/dev/tauv-mono/build/tauv_common/package.xml -> /home/gleb/dev/tauv-mono/install/tauv_common/share/tauv_common
[1.112s] creating /home/gleb/dev/tauv-mono/install/tauv_common/share/tauv_common/launch
[1.158s] Invoked command in '/home/gleb/dev/tauv-mono/build/tauv_common' returned '0': AMENT_PREFIX_PATH=/home/gleb/dev/tauv-mono/install/tauv_msgs:${AMENT_PREFIX_PATH} CMAKE_PREFIX_PATH=/home/gleb/dev/tauv-mono/install/tauv_msgs:${CMAKE_PREFIX_PATH} DEBUGINFOD_URLS=https://debuginfod.ubuntu.com LD_LIBRARY_PATH=/home/gleb/dev/tauv-mono/install/tauv_msgs/lib:${LD_LIBRARY_PATH} PYTHONPATH=/home/gleb/dev/tauv-mono/build/tauv_common/prefix_override:/usr/lib/python3/dist-packages/colcon_core/task/python/colcon_distutils_commands:/home/gleb/dev/tauv-mono/install/tauv_common/lib/python3.12/site-packages:/home/gleb/dev/tauv-mono/install/tauv_msgs/lib/python3.12/site-packages:${PYTHONPATH} /usr/bin/python3 -W ignore:setup.py install is deprecated -W ignore:easy_install command is deprecated setup.py develop --editable --build-directory /home/gleb/dev/tauv-mono/build/tauv_common/build --no-deps symlink_data
