/Applications/STM32CubeIDE.app/Contents/Eclipse/plugins/com.st.stm32cube.ide.mcu.externaltools.gnu-tools-for-stm32.13.3.rel1.macos64_1.0.0.202411102158/tools/arm-none-eabi/include/c++/13.3.1/arm-none-eabi/thumb/v7e-m+dp/hard/bits/c++config.h:540:3:constexpr bool std::__is_constant_evaluated()	4	static
/Applications/STM32CubeIDE.app/Contents/Eclipse/plugins/com.st.stm32cube.ide.mcu.externaltools.gnu-tools-for-stm32.13.3.rel1.macos64_1.0.0.202411102158/tools/arm-none-eabi/include/c++/13.3.1/optional:110:3:void std::__throw_bad_optional_access()	8	static
../Modules/Eth100HzInterface.hpp:26:24:const TAUV::MTI300Message& TAUV::Eth100HzInterface::getMTI300Message() const	16	static
../Modules/Eth100HzInterface.hpp:27:24:const TAUV::MS5837Message& TAUV::Eth100HzInterface::getMS5837Message() const	16	static
../Util/UdpSocket.hpp:30:10:bool UdpSocket::init()	16	static
../Util/UdpSocket.hpp:46:10:bool UdpSocket::bind(uint16_t)	16	static
../Util/UdpSocket.hpp:60:10:void UdpSocket::send(const ip_addr_t&, uint16_t, const uint8_t*, uint16_t)	32	static
../Modules/Eth100HzModule.hpp:38:15:virtual const char* TAUV::Eth100HzModule::getName() const	16	static
../Modules/Eth100HzModule.hpp:39:9:virtual float TAUV::Eth100HzModule::getFrequency() const	16	static
/Applications/STM32CubeIDE.app/Contents/Eclipse/plugins/com.st.stm32cube.ide.mcu.externaltools.gnu-tools-for-stm32.13.3.rel1.macos64_1.0.0.202411102158/tools/arm-none-eabi/include/c++/13.3.1/arm-none-eabi/thumb/v7e-m+dp/hard/bits/gthr-default.h:229:1:int __gthread_key_delete(__gthread_key_t)	16	static
../Util/Logging.hpp:65:20:void __tcf_0()	8	static
../Util/Logging.hpp:64:19:static TAUV::Logging& TAUV::Logging::getInstance()	8	static
/Applications/STM32CubeIDE.app/Contents/Eclipse/plugins/com.st.stm32cube.ide.mcu.externaltools.gnu-tools-for-stm32.13.3.rel1.macos64_1.0.0.202411102158/tools/arm-none-eabi/include/c++/13.3.1/limits:995:7:static constexpr short unsigned int std::numeric_limits<short unsigned int>::max()	4	static
/Applications/STM32CubeIDE.app/Contents/Eclipse/plugins/com.st.stm32cube.ide.mcu.externaltools.gnu-tools-for-stm32.13.3.rel1.macos64_1.0.0.202411102158/tools/arm-none-eabi/include/c++/13.3.1/limits:1207:7:static constexpr long int std::numeric_limits<long int>::max()	4	static
/opt/homebrew/include/flatbuffers/base.h:458:15:std::size_t flatbuffers::PaddingBytes(std::size_t, std::size_t)	16	static
/opt/homebrew/include/flatbuffers/buffer.h:55:13:void flatbuffers::EndianCheck()	16	static
/opt/homebrew/include/flatbuffers/allocator.h:28:11:flatbuffers::Allocator::~Allocator()	16	static
/opt/homebrew/include/flatbuffers/allocator.h:28:11:virtual flatbuffers::Allocator::~Allocator()	16	static
/opt/homebrew/include/flatbuffers/allocator.h:41:20:virtual uint8_t* flatbuffers::Allocator::reallocate_downward(uint8_t*, std::size_t, std::size_t, std::size_t, std::size_t)	48	static
/opt/homebrew/include/flatbuffers/allocator.h:57:8:void flatbuffers::Allocator::memcpy_downward(uint8_t*, std::size_t, uint8_t*, std::size_t, std::size_t, std::size_t)	24	static
/opt/homebrew/include/flatbuffers/default_allocator.h:28:12:virtual uint8_t* flatbuffers::DefaultAllocator::allocate(std::size_t)	16	static
/opt/homebrew/include/flatbuffers/default_allocator.h:32:8:virtual void flatbuffers::DefaultAllocator::deallocate(uint8_t*, std::size_t)	24	static
/opt/homebrew/include/flatbuffers/allocator.h:26:7:constexpr flatbuffers::Allocator::Allocator()	16	static
/opt/homebrew/include/flatbuffers/default_allocator.h:26:7:constexpr flatbuffers::DefaultAllocator::DefaultAllocator()	16	static
/opt/homebrew/include/flatbuffers/default_allocator.h:26:7:flatbuffers::DefaultAllocator::~DefaultAllocator()	16	static
/opt/homebrew/include/flatbuffers/default_allocator.h:26:7:virtual flatbuffers::DefaultAllocator::~DefaultAllocator()	16	static
/opt/homebrew/include/flatbuffers/default_allocator.h:41:17:uint8_t* flatbuffers::Allocate(Allocator*, std::size_t)	32	static
/opt/homebrew/include/flatbuffers/default_allocator.h:46:13:void flatbuffers::Deallocate(Allocator*, uint8_t*, std::size_t)	32	static
/opt/homebrew/include/flatbuffers/default_allocator.h:53:17:uint8_t* flatbuffers::ReallocateDownward(Allocator*, uint8_t*, std::size_t, std::size_t, std::size_t, std::size_t)	48	static
/opt/homebrew/include/flatbuffers/flatbuffer_builder.h:44:18:flatbuffers::voffset_t flatbuffers::FieldIndexToOffset(voffset_t)	24	static
../FlatBuffers/eth_msg_rtvc_jetson_100_generated.h:44:3:TAUV_FB::Vec3::Vec3(float, float, float)	24	static
../FlatBuffers/eth_msg_rtvc_jetson_100_generated.h:80:3:TAUV_FB::Quat::Quat(float, float, float, float)	32	static
../FlatBuffers/eth_msg_rtvc_jetson_100_generated.h:133:8:void TAUV_FB::Eth100HzMsgBuilder::add_imu_data(flatbuffers::Offset<flatbuffers::Vector<flatbuffers::Offset<TAUV_FB::XsensIMUFrame> > >)	16	static
../FlatBuffers/eth_msg_rtvc_jetson_100_generated.h:136:8:void TAUV_FB::Eth100HzMsgBuilder::add_depth_data(flatbuffers::Offset<TAUV_FB::DepthSensorFrame>)	16	static
../FlatBuffers/eth_msg_rtvc_jetson_100_generated.h:139:12:TAUV_FB::Eth100HzMsgBuilder::Eth100HzMsgBuilder(flatbuffers::FlatBufferBuilder&)	16	static
../FlatBuffers/eth_msg_rtvc_jetson_100_generated.h:143:38:flatbuffers::Offset<TAUV_FB::Eth100HzMsg> TAUV_FB::Eth100HzMsgBuilder::Finish()	24	static
../FlatBuffers/eth_msg_rtvc_jetson_100_generated.h:150:43:flatbuffers::Offset<TAUV_FB::Eth100HzMsg> TAUV_FB::CreateEth100HzMsg(flatbuffers::FlatBufferBuilder&, flatbuffers::Offset<flatbuffers::Vector<flatbuffers::Offset<XsensIMUFrame> > >, flatbuffers::Offset<DepthSensorFrame>)	32	static
../FlatBuffers/eth_msg_rtvc_jetson_100_generated.h:226:8:void TAUV_FB::XsensIMUFrameBuilder::add_sample_time_fine(uint32_t)	16	static
../FlatBuffers/eth_msg_rtvc_jetson_100_generated.h:229:8:void TAUV_FB::XsensIMUFrameBuilder::add_packet_counter(uint32_t)	16	static
../FlatBuffers/eth_msg_rtvc_jetson_100_generated.h:232:8:void TAUV_FB::XsensIMUFrameBuilder::add_orientation(const TAUV_FB::Quat*)	16	static
../FlatBuffers/eth_msg_rtvc_jetson_100_generated.h:235:8:void TAUV_FB::XsensIMUFrameBuilder::add_rate_of_turn(const TAUV_FB::Vec3*)	16	static
../FlatBuffers/eth_msg_rtvc_jetson_100_generated.h:238:8:void TAUV_FB::XsensIMUFrameBuilder::add_free_acceleration(const TAUV_FB::Vec3*)	16	static
../FlatBuffers/eth_msg_rtvc_jetson_100_generated.h:241:8:void TAUV_FB::XsensIMUFrameBuilder::add_pressure(float)	16	static
../FlatBuffers/eth_msg_rtvc_jetson_100_generated.h:244:8:void TAUV_FB::XsensIMUFrameBuilder::add_temperature(float)	16	static
../FlatBuffers/eth_msg_rtvc_jetson_100_generated.h:247:12:TAUV_FB::XsensIMUFrameBuilder::XsensIMUFrameBuilder(flatbuffers::FlatBufferBuilder&)	16	static
../FlatBuffers/eth_msg_rtvc_jetson_100_generated.h:251:40:flatbuffers::Offset<TAUV_FB::XsensIMUFrame> TAUV_FB::XsensIMUFrameBuilder::Finish()	24	static
../FlatBuffers/eth_msg_rtvc_jetson_100_generated.h:313:8:void TAUV_FB::DepthSensorFrameBuilder::add_pressure(float)	16	static
../FlatBuffers/eth_msg_rtvc_jetson_100_generated.h:316:8:void TAUV_FB::DepthSensorFrameBuilder::add_depth(float)	16	static
../FlatBuffers/eth_msg_rtvc_jetson_100_generated.h:319:8:void TAUV_FB::DepthSensorFrameBuilder::add_temperature(float)	16	static
../FlatBuffers/eth_msg_rtvc_jetson_100_generated.h:322:12:TAUV_FB::DepthSensorFrameBuilder::DepthSensorFrameBuilder(flatbuffers::FlatBufferBuilder&)	16	static
../FlatBuffers/eth_msg_rtvc_jetson_100_generated.h:326:43:flatbuffers::Offset<TAUV_FB::DepthSensorFrame> TAUV_FB::DepthSensorFrameBuilder::Finish()	24	static
../Modules/Eth100HzModule.cpp:23:18:TAUV::ModuleInitResult TAUV::Eth100HzModule::init()	16	static
/Applications/STM32CubeIDE.app/Contents/Eclipse/plugins/com.st.stm32cube.ide.mcu.externaltools.gnu-tools-for-stm32.13.3.rel1.macos64_1.0.0.202411102158/tools/arm-none-eabi/include/c++/13.3.1/array:94:12:std::array<flatbuffers::Offset<TAUV_FB::XsensIMUFrame>, 3>::array()	24	static
../Modules/Eth100HzModule.cpp:31:17:virtual TAUV::ModuleRunResult TAUV::Eth100HzModule::run()	240	static
/Applications/STM32CubeIDE.app/Contents/Eclipse/plugins/com.st.stm32cube.ide.mcu.externaltools.gnu-tools-for-stm32.13.3.rel1.macos64_1.0.0.202411102158/tools/arm-none-eabi/include/c++/13.3.1/bits/stl_algobase.h:257:5:constexpr const _Tp& std::max(const _Tp&, const _Tp&) [with _Tp = unsigned int]	16	static
/opt/homebrew/include/flatbuffers/base.h:416:24:T flatbuffers::EndianScalar(T) [with T = long unsigned int]	16	static
/opt/homebrew/include/flatbuffers/base.h:427:3:T flatbuffers::ReadScalar(const void*) [with T = short unsigned int]	16	static
/opt/homebrew/include/flatbuffers/base.h:416:24:T flatbuffers::EndianScalar(T) [with T = float]	16	static
/opt/homebrew/include/flatbuffers/flatbuffer_builder.h:343:29:void flatbuffers::FlatBufferBuilderImpl<Is64Aware>::AddOffset(flatbuffers::voffset_t, flatbuffers::Offset<T>) [with T = flatbuffers::Vector<flatbuffers::Offset<TAUV_FB::XsensIMUFrame> >; bool Is64Aware = false]	24	static
/opt/homebrew/include/flatbuffers/flatbuffer_builder.h:343:29:void flatbuffers::FlatBufferBuilderImpl<Is64Aware>::AddOffset(flatbuffers::voffset_t, flatbuffers::Offset<T>) [with T = TAUV_FB::DepthSensorFrame; bool Is64Aware = false]	24	static
/opt/homebrew/include/flatbuffers/flatbuffer_builder.h:409:13:flatbuffers::uoffset_t flatbuffers::FlatBufferBuilderImpl<Is64Aware>::StartTable() [with bool Is64Aware = false]	16	static
/opt/homebrew/include/flatbuffers/flatbuffer_builder.h:418:13:flatbuffers::uoffset_t flatbuffers::FlatBufferBuilderImpl<Is64Aware>::EndTable(flatbuffers::uoffset_t) [with bool Is64Aware = false]	80	static
/opt/homebrew/include/flatbuffers/buffer.h:34:3:flatbuffers::Offset<T>::Offset(offset_type) [with T = TAUV_FB::Eth100HzMsg]	16	static
/opt/homebrew/include/flatbuffers/buffer.h:34:3:flatbuffers::Offset<T>::Offset(offset_type) [with T = flatbuffers::Vector<flatbuffers::Offset<TAUV_FB::XsensIMUFrame> >]	16	static
/opt/homebrew/include/flatbuffers/flatbuffer_builder.h:333:29:void flatbuffers::FlatBufferBuilderImpl<Is64Aware>::AddElement(flatbuffers::voffset_t, T, T) [with T = long unsigned int; bool Is64Aware = false]	24	static
/opt/homebrew/include/flatbuffers/flatbuffer_builder.h:353:29:void flatbuffers::FlatBufferBuilderImpl<Is64Aware>::AddStruct(flatbuffers::voffset_t, const T*) [with T = TAUV_FB::Quat; bool Is64Aware = false]	24	static
/opt/homebrew/include/flatbuffers/flatbuffer_builder.h:353:29:void flatbuffers::FlatBufferBuilderImpl<Is64Aware>::AddStruct(flatbuffers::voffset_t, const T*) [with T = TAUV_FB::Vec3; bool Is64Aware = false]	24	static
/opt/homebrew/include/flatbuffers/flatbuffer_builder.h:333:29:void flatbuffers::FlatBufferBuilderImpl<Is64Aware>::AddElement(flatbuffers::voffset_t, T, T) [with T = float; bool Is64Aware = false]	24	static
/opt/homebrew/include/flatbuffers/buffer.h:34:3:flatbuffers::Offset<T>::Offset(offset_type) [with T = TAUV_FB::XsensIMUFrame]	16	static
/opt/homebrew/include/flatbuffers/buffer.h:34:3:flatbuffers::Offset<T>::Offset(offset_type) [with T = TAUV_FB::DepthSensorFrame]	16	static
/opt/homebrew/include/flatbuffers/flatbuffer_builder.h:1228:8:void flatbuffers::FlatBufferBuilderImpl<Is64Aware>::Finish(flatbuffers::Offset<T>, const char*) [with T = TAUV_FB::Eth100HzMsg; bool Is64Aware = false]	24	static
/opt/homebrew/include/flatbuffers/buffer.h:63:51:constexpr std::size_t flatbuffers::AlignOf() [with T = long long unsigned int]	4	static
/opt/homebrew/include/flatbuffers/flatbuffer_builder.h:95:12:flatbuffers::FlatBufferBuilderImpl<Is64Aware>::FlatBufferBuilderImpl(std::size_t, flatbuffers::Allocator*, bool, std::size_t) [with bool Is64Aware = false]	40	static
/Applications/STM32CubeIDE.app/Contents/Eclipse/plugins/com.st.stm32cube.ide.mcu.externaltools.gnu-tools-for-stm32.13.3.rel1.macos64_1.0.0.202411102158/tools/arm-none-eabi/include/c++/13.3.1/bits/stl_set.h:283:7:std::set<_Key, _Compare, _Alloc>::~set() [with _Key = flatbuffers::Offset<flatbuffers::String>; _Compare = flatbuffers::FlatBufferBuilderImpl<false>::StringOffsetCompare; _Alloc = std::allocator<flatbuffers::Offset<flatbuffers::String> >]	16	static
/opt/homebrew/include/flatbuffers/flatbuffer_builder.h:157:3:flatbuffers::FlatBufferBuilderImpl<Is64Aware>::~FlatBufferBuilderImpl() [with bool Is64Aware = false]	24	static
/opt/homebrew/include/flatbuffers/buffer.h:33:3:flatbuffers::Offset<T>::Offset() [with T = TAUV_FB::XsensIMUFrame]	16	static
/Applications/STM32CubeIDE.app/Contents/Eclipse/plugins/com.st.stm32cube.ide.mcu.externaltools.gnu-tools-for-stm32.13.3.rel1.macos64_1.0.0.202411102158/tools/arm-none-eabi/include/c++/13.3.1/array:208:7:constexpr const std::array<_Tp, _Nm>::value_type& std::array<_Tp, _Nm>::operator[](size_type) const [with _Tp = TAUV::MTI300::MTData2Message; unsigned int _Nm = 10]	16	static
/Applications/STM32CubeIDE.app/Contents/Eclipse/plugins/com.st.stm32cube.ide.mcu.externaltools.gnu-tools-for-stm32.13.3.rel1.macos64_1.0.0.202411102158/tools/arm-none-eabi/include/c++/13.3.1/optional:989:22:constexpr bool std::optional<_Tp>::has_value() const [with _Tp = std::array<float, 4>]	16	static
/Applications/STM32CubeIDE.app/Contents/Eclipse/plugins/com.st.stm32cube.ide.mcu.externaltools.gnu-tools-for-stm32.13.3.rel1.macos64_1.0.0.202411102158/tools/arm-none-eabi/include/c++/13.3.1/optional:989:22:constexpr bool std::optional<_Tp>::has_value() const [with _Tp = std::array<float, 3>]	16	static
/Applications/STM32CubeIDE.app/Contents/Eclipse/plugins/com.st.stm32cube.ide.mcu.externaltools.gnu-tools-for-stm32.13.3.rel1.macos64_1.0.0.202411102158/tools/arm-none-eabi/include/c++/13.3.1/optional:993:7:constexpr const _Tp& std::optional<_Tp>::value() const & [with _Tp = std::array<float, 4>]	16	static
/Applications/STM32CubeIDE.app/Contents/Eclipse/plugins/com.st.stm32cube.ide.mcu.externaltools.gnu-tools-for-stm32.13.3.rel1.macos64_1.0.0.202411102158/tools/arm-none-eabi/include/c++/13.3.1/array:208:7:constexpr const std::array<_Tp, _Nm>::value_type& std::array<_Tp, _Nm>::operator[](size_type) const [with _Tp = float; unsigned int _Nm = 4]	16	static
/Applications/STM32CubeIDE.app/Contents/Eclipse/plugins/com.st.stm32cube.ide.mcu.externaltools.gnu-tools-for-stm32.13.3.rel1.macos64_1.0.0.202411102158/tools/arm-none-eabi/include/c++/13.3.1/optional:993:7:constexpr const _Tp& std::optional<_Tp>::value() const & [with _Tp = std::array<float, 3>]	16	static
/Applications/STM32CubeIDE.app/Contents/Eclipse/plugins/com.st.stm32cube.ide.mcu.externaltools.gnu-tools-for-stm32.13.3.rel1.macos64_1.0.0.202411102158/tools/arm-none-eabi/include/c++/13.3.1/array:208:7:constexpr const std::array<_Tp, _Nm>::value_type& std::array<_Tp, _Nm>::operator[](size_type) const [with _Tp = float; unsigned int _Nm = 3]	16	static
/Applications/STM32CubeIDE.app/Contents/Eclipse/plugins/com.st.stm32cube.ide.mcu.externaltools.gnu-tools-for-stm32.13.3.rel1.macos64_1.0.0.202411102158/tools/arm-none-eabi/include/c++/13.3.1/optional:989:22:constexpr bool std::optional<_Tp>::has_value() const [with _Tp = long unsigned int]	16	static
/Applications/STM32CubeIDE.app/Contents/Eclipse/plugins/com.st.stm32cube.ide.mcu.externaltools.gnu-tools-for-stm32.13.3.rel1.macos64_1.0.0.202411102158/tools/arm-none-eabi/include/c++/13.3.1/optional:993:7:constexpr const _Tp& std::optional<_Tp>::value() const & [with _Tp = long unsigned int]	16	static
/Applications/STM32CubeIDE.app/Contents/Eclipse/plugins/com.st.stm32cube.ide.mcu.externaltools.gnu-tools-for-stm32.13.3.rel1.macos64_1.0.0.202411102158/tools/arm-none-eabi/include/c++/13.3.1/optional:989:22:constexpr bool std::optional<_Tp>::has_value() const [with _Tp = float]	16	static
/Applications/STM32CubeIDE.app/Contents/Eclipse/plugins/com.st.stm32cube.ide.mcu.externaltools.gnu-tools-for-stm32.13.3.rel1.macos64_1.0.0.202411102158/tools/arm-none-eabi/include/c++/13.3.1/optional:993:7:constexpr const _Tp& std::optional<_Tp>::value() const & [with _Tp = float]	16	static
/Applications/STM32CubeIDE.app/Contents/Eclipse/plugins/com.st.stm32cube.ide.mcu.externaltools.gnu-tools-for-stm32.13.3.rel1.macos64_1.0.0.202411102158/tools/arm-none-eabi/include/c++/13.3.1/array:200:7:constexpr std::array<_Tp, _Nm>::value_type& std::array<_Tp, _Nm>::operator[](size_type) [with _Tp = flatbuffers::Offset<TAUV_FB::XsensIMUFrame>; unsigned int _Nm = 3]	16	static
/opt/homebrew/include/flatbuffers/flatbuffer_builder.h:677:8:void flatbuffers::FlatBufferBuilderImpl<Is64Aware>::StartVector(std::size_t, std::size_t, std::size_t) [with OffsetT = flatbuffers::Offset; LenT = long unsigned int; bool Is64Aware = false]	24	static
/opt/homebrew/include/flatbuffers/flatbuffer_builder.h:318:13:flatbuffers::uoffset_t flatbuffers::FlatBufferBuilderImpl<Is64Aware>::PushElement(OffsetT<T>) [with T = TAUV_FB::XsensIMUFrame; OffsetT = flatbuffers::Offset; bool Is64Aware = false]	16	static
/opt/homebrew/include/flatbuffers/flatbuffer_builder.h:670:11:ReturnT flatbuffers::FlatBufferBuilderImpl<Is64Aware>::EndVector(std::size_t) [with LenT = long unsigned int; ReturnT = long unsigned int; bool Is64Aware = false]	16	static
/opt/homebrew/include/flatbuffers/buffer.h:33:3:flatbuffers::Offset<T>::Offset() [with T = TAUV_FB::DepthSensorFrame]	16	static
/opt/homebrew/include/flatbuffers/flatbuffer_builder.h:208:12:uint8_t* flatbuffers::FlatBufferBuilderImpl<Is64Aware>::GetBufferPointer() const [with bool Is64Aware = false]	16	static
/opt/homebrew/include/flatbuffers/flatbuffer_builder.h:180:9:flatbuffers::FlatBufferBuilderImpl<Is64Aware>::SizeT flatbuffers::FlatBufferBuilderImpl<Is64Aware>::GetSize() const [with bool Is64Aware = false]	16	static
/opt/homebrew/include/flatbuffers/base.h:416:24:T flatbuffers::EndianScalar(T) [with T = long int]	16	static
/opt/homebrew/include/flatbuffers/base.h:416:24:T flatbuffers::EndianScalar(T) [with T = short unsigned int]	16	static
/opt/homebrew/include/flatbuffers/buffer.h:36:8:bool flatbuffers::Offset<T>::IsNull() const [with T = flatbuffers::Vector<flatbuffers::Offset<TAUV_FB::XsensIMUFrame> >]	16	static
/opt/homebrew/include/flatbuffers/flatbuffer_builder.h:367:13:flatbuffers::uoffset_t flatbuffers::FlatBufferBuilderImpl<Is64Aware>::ReferTo(flatbuffers::uoffset_t) [with bool Is64Aware = false]	16	static
/opt/homebrew/include/flatbuffers/buffer.h:36:8:bool flatbuffers::Offset<T>::IsNull() const [with T = TAUV_FB::DepthSensorFrame]	16	static
/opt/homebrew/include/flatbuffers/flatbuffer_builder.h:393:8:void flatbuffers::FlatBufferBuilderImpl<Is64Aware>::NotNested() [with bool Is64Aware = false]	16	static
/opt/homebrew/include/flatbuffers/flatbuffer_builder.h:200:52:typename std::enable_if<(! is_64), long unsigned int>::type flatbuffers::FlatBufferBuilderImpl<Is64Aware>::GetSizeRelative32BitRegion() const [with bool is_64 = false; bool Is64Aware = false]	16	static
/opt/homebrew/include/flatbuffers/flatbuffer_builder.h:310:11:ReturnT flatbuffers::FlatBufferBuilderImpl<Is64Aware>::PushElement(T) [with T = long int; ReturnT = long unsigned int; bool Is64Aware = false]	32	static
/Applications/STM32CubeIDE.app/Contents/Eclipse/plugins/com.st.stm32cube.ide.mcu.externaltools.gnu-tools-for-stm32.13.3.rel1.macos64_1.0.0.202411102158/tools/arm-none-eabi/include/c++/13.3.1/bits/stl_algobase.h:257:5:constexpr const _Tp& std::max(const _Tp&, const _Tp&) [with _Tp = short unsigned int]	16	static
/opt/homebrew/include/flatbuffers/vector_downward.h:220:8:void flatbuffers::vector_downward<SizeT>::fill_big(std::size_t) [with SizeT = long unsigned int]	16	static
/opt/homebrew/include/flatbuffers/vector_downward.h:178:12:uint8_t* flatbuffers::vector_downward<SizeT>::data() const [with SizeT = long unsigned int]	16	static
/opt/homebrew/include/flatbuffers/base.h:441:6:void flatbuffers::WriteScalar(void*, T) [with T = short unsigned int]	16	static
/opt/homebrew/include/flatbuffers/vector_downward.h:188:12:uint8_t* flatbuffers::vector_downward<SizeT>::scratch_end() const [with SizeT = long unsigned int]	16	static
/opt/homebrew/include/flatbuffers/flatbuffer_builder.h:508:8:void flatbuffers::FlatBufferBuilderImpl<Is64Aware>::ClearOffsets() [with bool Is64Aware = false]	16	static
/opt/homebrew/include/flatbuffers/vector_downward.h:183:12:uint8_t* flatbuffers::vector_downward<SizeT>::scratch_data() const [with SizeT = long unsigned int]	16	static
/opt/homebrew/include/flatbuffers/vector_downward.h:193:12:uint8_t* flatbuffers::vector_downward<SizeT>::data_at(std::size_t) const [with SizeT = long unsigned int]	16	static
/opt/homebrew/include/flatbuffers/vector_downward.h:224:8:void flatbuffers::vector_downward<SizeT>::pop(std::size_t) [with SizeT = long unsigned int]	16	static
/opt/homebrew/include/flatbuffers/vector_downward.h:205:29:void flatbuffers::vector_downward<SizeT>::scratch_push_small(const T&) [with T = long unsigned int; SizeT = long unsigned int]	16	static
/opt/homebrew/include/flatbuffers/base.h:441:6:void flatbuffers::WriteScalar(void*, T) [with T = long int]	16	static
/opt/homebrew/include/flatbuffers/base.h:469:34:bool flatbuffers::IsTheSameAs(T, T) [with T = long unsigned int]	16	static
/opt/homebrew/include/flatbuffers/flatbuffer_builder.h:325:8:void flatbuffers::FlatBufferBuilderImpl<Is64Aware>::TrackField(flatbuffers::voffset_t, flatbuffers::uoffset_t) [with bool Is64Aware = false]	32	static
/opt/homebrew/include/flatbuffers/flatbuffer_builder.h:310:11:ReturnT flatbuffers::FlatBufferBuilderImpl<Is64Aware>::PushElement(T) [with T = long unsigned int; ReturnT = long unsigned int; bool Is64Aware = false]	32	static
/opt/homebrew/include/flatbuffers/flatbuffer_builder.h:289:8:void flatbuffers::FlatBufferBuilderImpl<Is64Aware>::Align(std::size_t) [with bool Is64Aware = false]	24	static
/opt/homebrew/include/flatbuffers/buffer.h:63:51:constexpr std::size_t flatbuffers::AlignOf() [with T = TAUV_FB::Quat]	4	static
/opt/homebrew/include/flatbuffers/vector_downward.h:200:29:void flatbuffers::vector_downward<SizeT>::push_small(const T&) [with T = TAUV_FB::Quat; SizeT = long unsigned int]	24	static
/opt/homebrew/include/flatbuffers/flatbuffer_builder.h:1403:3:typename std::enable_if<std::is_same<T, long unsigned int>::value, T>::type flatbuffers::FlatBufferBuilderImpl<Is64Aware>::CalculateOffset() [with T = long unsigned int; bool Is64Aware = false]	16	static
/opt/homebrew/include/flatbuffers/buffer.h:63:51:constexpr std::size_t flatbuffers::AlignOf() [with T = TAUV_FB::Vec3]	4	static
/opt/homebrew/include/flatbuffers/vector_downward.h:200:29:void flatbuffers::vector_downward<SizeT>::push_small(const T&) [with T = TAUV_FB::Vec3; SizeT = long unsigned int]	16	static
/opt/homebrew/include/flatbuffers/base.h:469:34:bool flatbuffers::IsTheSameAs(T, T) [with T = float]	16	static
/opt/homebrew/include/flatbuffers/flatbuffer_builder.h:310:11:ReturnT flatbuffers::FlatBufferBuilderImpl<Is64Aware>::PushElement(T) [with T = float; ReturnT = long unsigned int; bool Is64Aware = false]	32	static
/opt/homebrew/include/flatbuffers/flatbuffer_builder.h:1258:8:void flatbuffers::FlatBufferBuilderImpl<Is64Aware>::Finish(flatbuffers::uoffset_t, const char*, bool) [with bool Is64Aware = false]	40	static
/opt/homebrew/include/flatbuffers/vector_downward.h:37:12:flatbuffers::vector_downward<SizeT>::vector_downward(std::size_t, flatbuffers::Allocator*, bool, std::size_t, SizeT) [with SizeT = long unsigned int]	24	static
/opt/homebrew/include/flatbuffers/vector_downward.h:80:3:flatbuffers::vector_downward<SizeT>::~vector_downward() [with SizeT = long unsigned int]	16	static
/Applications/STM32CubeIDE.app/Contents/Eclipse/plugins/com.st.stm32cube.ide.mcu.externaltools.gnu-tools-for-stm32.13.3.rel1.macos64_1.0.0.202411102158/tools/arm-none-eabi/include/c++/13.3.1/bits/stl_tree.h:662:9:std::_Rb_tree<flatbuffers::Offset<flatbuffers::String>, flatbuffers::Offset<flatbuffers::String>, std::_Identity<flatbuffers::Offset<flatbuffers::String> >, flatbuffers::FlatBufferBuilderImpl<false>::StringOffsetCompare, std::allocator<flatbuffers::Offset<flatbuffers::String> > >::_Rb_tree_impl<flatbuffers::FlatBufferBuilderImpl<false>::StringOffsetCompare, false>::~_Rb_tree_impl()	24	static
/Applications/STM32CubeIDE.app/Contents/Eclipse/plugins/com.st.stm32cube.ide.mcu.externaltools.gnu-tools-for-stm32.13.3.rel1.macos64_1.0.0.202411102158/tools/arm-none-eabi/include/c++/13.3.1/bits/stl_tree.h:985:7:std::_Rb_tree<_Key, _Val, _KeyOfValue, _Compare, _Alloc>::~_Rb_tree() [with _Key = flatbuffers::Offset<flatbuffers::String>; _Val = flatbuffers::Offset<flatbuffers::String>; _KeyOfValue = std::_Identity<flatbuffers::Offset<flatbuffers::String> >; _Compare = flatbuffers::FlatBufferBuilderImpl<false>::StringOffsetCompare; _Alloc = std::allocator<flatbuffers::Offset<flatbuffers::String> >]	16	static
/Applications/STM32CubeIDE.app/Contents/Eclipse/plugins/com.st.stm32cube.ide.mcu.externaltools.gnu-tools-for-stm32.13.3.rel1.macos64_1.0.0.202411102158/tools/arm-none-eabi/include/c++/13.3.1/optional:472:22:constexpr bool std::_Optional_base_impl<_Tp, _Dp>::_M_is_engaged() const [with _Tp = std::array<float, 4>; _Dp = std::_Optional_base<std::array<float, 4>, true, true>]	16	static
/Applications/STM32CubeIDE.app/Contents/Eclipse/plugins/com.st.stm32cube.ide.mcu.externaltools.gnu-tools-for-stm32.13.3.rel1.macos64_1.0.0.202411102158/tools/arm-none-eabi/include/c++/13.3.1/optional:472:22:constexpr bool std::_Optional_base_impl<_Tp, _Dp>::_M_is_engaged() const [with _Tp = std::array<float, 3>; _Dp = std::_Optional_base<std::array<float, 3>, true, true>]	16	static
/Applications/STM32CubeIDE.app/Contents/Eclipse/plugins/com.st.stm32cube.ide.mcu.externaltools.gnu-tools-for-stm32.13.3.rel1.macos64_1.0.0.202411102158/tools/arm-none-eabi/include/c++/13.3.1/optional:484:7:constexpr const _Tp& std::_Optional_base_impl<_Tp, _Dp>::_M_get() const [with _Tp = std::array<float, 4>; _Dp = std::_Optional_base<std::array<float, 4>, true, true>]	16	static
/Applications/STM32CubeIDE.app/Contents/Eclipse/plugins/com.st.stm32cube.ide.mcu.externaltools.gnu-tools-for-stm32.13.3.rel1.macos64_1.0.0.202411102158/tools/arm-none-eabi/include/c++/13.3.1/optional:484:7:constexpr const _Tp& std::_Optional_base_impl<_Tp, _Dp>::_M_get() const [with _Tp = std::array<float, 3>; _Dp = std::_Optional_base<std::array<float, 3>, true, true>]	16	static
/Applications/STM32CubeIDE.app/Contents/Eclipse/plugins/com.st.stm32cube.ide.mcu.externaltools.gnu-tools-for-stm32.13.3.rel1.macos64_1.0.0.202411102158/tools/arm-none-eabi/include/c++/13.3.1/optional:472:22:constexpr bool std::_Optional_base_impl<_Tp, _Dp>::_M_is_engaged() const [with _Tp = long unsigned int; _Dp = std::_Optional_base<long unsigned int, true, true>]	16	static
/Applications/STM32CubeIDE.app/Contents/Eclipse/plugins/com.st.stm32cube.ide.mcu.externaltools.gnu-tools-for-stm32.13.3.rel1.macos64_1.0.0.202411102158/tools/arm-none-eabi/include/c++/13.3.1/optional:484:7:constexpr const _Tp& std::_Optional_base_impl<_Tp, _Dp>::_M_get() const [with _Tp = long unsigned int; _Dp = std::_Optional_base<long unsigned int, true, true>]	16	static
/Applications/STM32CubeIDE.app/Contents/Eclipse/plugins/com.st.stm32cube.ide.mcu.externaltools.gnu-tools-for-stm32.13.3.rel1.macos64_1.0.0.202411102158/tools/arm-none-eabi/include/c++/13.3.1/optional:472:22:constexpr bool std::_Optional_base_impl<_Tp, _Dp>::_M_is_engaged() const [with _Tp = float; _Dp = std::_Optional_base<float, true, true>]	16	static
/Applications/STM32CubeIDE.app/Contents/Eclipse/plugins/com.st.stm32cube.ide.mcu.externaltools.gnu-tools-for-stm32.13.3.rel1.macos64_1.0.0.202411102158/tools/arm-none-eabi/include/c++/13.3.1/optional:484:7:constexpr const _Tp& std::_Optional_base_impl<_Tp, _Dp>::_M_get() const [with _Tp = float; _Dp = std::_Optional_base<float, true, true>]	16	static
/opt/homebrew/include/flatbuffers/flatbuffer_builder.h:524:34:void flatbuffers::FlatBufferBuilderImpl<Is64Aware>::PreAlign(std::size_t) [with AlignT = long unsigned int; bool Is64Aware = false]	16	static
/opt/homebrew/include/flatbuffers/flatbuffer_builder.h:516:8:void flatbuffers::FlatBufferBuilderImpl<Is64Aware>::PreAlign(std::size_t, std::size_t) [with bool Is64Aware = false]	32	static
/opt/homebrew/include/flatbuffers/flatbuffer_builder.h:261:8:void flatbuffers::FlatBufferBuilderImpl<Is64Aware>::Finished() const [with bool Is64Aware = false]	16	static
/opt/homebrew/include/flatbuffers/vector_downward.h:166:16:SizeT flatbuffers::vector_downward<SizeT>::size() const [with SizeT = long unsigned int]	16	static
/opt/homebrew/include/flatbuffers/buffer.h:63:51:constexpr std::size_t flatbuffers::AlignOf() [with T = long unsigned int]	4	static
/opt/homebrew/include/flatbuffers/flatbuffer_builder.h:388:26:T flatbuffers::FlatBufferBuilderImpl<Is64Aware>::ReferTo(T, T) [with T = long unsigned int; bool Is64Aware = false]	24	static
/opt/homebrew/include/flatbuffers/flatbuffer_builder.h:303:29:void flatbuffers::FlatBufferBuilderImpl<Is64Aware>::AssertScalarT() [with T = long int; bool Is64Aware = false]	16	static
/opt/homebrew/include/flatbuffers/vector_downward.h:200:29:void flatbuffers::vector_downward<SizeT>::push_small(const T&) [with T = long int; SizeT = long unsigned int]	16	static
/opt/homebrew/include/flatbuffers/vector_downward.h:150:19:uint8_t* flatbuffers::vector_downward<SizeT>::make_space(std::size_t) [with SizeT = long unsigned int]	16	static
/opt/homebrew/include/flatbuffers/vector_downward.h:229:8:void flatbuffers::vector_downward<SizeT>::scratch_pop(std::size_t) [with SizeT = long unsigned int]	16	static
/opt/homebrew/include/flatbuffers/vector_downward.h:141:10:std::size_t flatbuffers::vector_downward<SizeT>::ensure_space(std::size_t) [with SizeT = long unsigned int]	16	static
/opt/homebrew/include/flatbuffers/vector_downward.h:205:29:void flatbuffers::vector_downward<SizeT>::scratch_push_small(const T&) [with T = flatbuffers::FlatBufferBuilderImpl<false>::FieldLoc; SizeT = long unsigned int]	16	static
/opt/homebrew/include/flatbuffers/flatbuffer_builder.h:303:29:void flatbuffers::FlatBufferBuilderImpl<Is64Aware>::AssertScalarT() [with T = long unsigned int; bool Is64Aware = false]	16	static
/opt/homebrew/include/flatbuffers/vector_downward.h:200:29:void flatbuffers::vector_downward<SizeT>::push_small(const T&) [with T = long unsigned int; SizeT = long unsigned int]	16	static
/opt/homebrew/include/flatbuffers/flatbuffer_builder.h:285:8:void flatbuffers::FlatBufferBuilderImpl<Is64Aware>::TrackMinAlign(std::size_t) [with bool Is64Aware = false]	16	static
/opt/homebrew/include/flatbuffers/vector_downward.h:213:8:void flatbuffers::vector_downward<SizeT>::fill(std::size_t) [with SizeT = long unsigned int]	24	static
/opt/homebrew/include/flatbuffers/flatbuffer_builder.h:303:29:void flatbuffers::FlatBufferBuilderImpl<Is64Aware>::AssertScalarT() [with T = float; bool Is64Aware = false]	16	static
/opt/homebrew/include/flatbuffers/vector_downward.h:200:29:void flatbuffers::vector_downward<SizeT>::push_small(const T&) [with T = float; SizeT = long unsigned int]	16	static
/opt/homebrew/include/flatbuffers/vector_downward.h:101:8:void flatbuffers::vector_downward<SizeT>::clear_scratch() [with SizeT = long unsigned int]	16	static
/opt/homebrew/include/flatbuffers/flatbuffer_builder.h:299:8:void flatbuffers::FlatBufferBuilderImpl<Is64Aware>::PushBytes(const uint8_t*, std::size_t) [with bool Is64Aware = false]	24	static
/opt/homebrew/include/flatbuffers/vector_downward.h:109:8:void flatbuffers::vector_downward<SizeT>::clear_buffer() [with SizeT = long unsigned int]	16	static
/opt/homebrew/include/flatbuffers/vector_downward.h:103:8:void flatbuffers::vector_downward<SizeT>::clear_allocator() [with SizeT = long unsigned int]	16	static
/Applications/STM32CubeIDE.app/Contents/Eclipse/plugins/com.st.stm32cube.ide.mcu.externaltools.gnu-tools-for-stm32.13.3.rel1.macos64_1.0.0.202411102158/tools/arm-none-eabi/include/c++/13.3.1/bits/stl_tree.h:1930:5:void std::_Rb_tree<_Key, _Val, _KeyOfValue, _Compare, _Alloc>::_M_erase(_Link_type) [with _Key = flatbuffers::Offset<flatbuffers::String>; _Val = flatbuffers::Offset<flatbuffers::String>; _KeyOfValue = std::_Identity<flatbuffers::Offset<flatbuffers::String> >; _Compare = flatbuffers::FlatBufferBuilderImpl<false>::StringOffsetCompare; _Alloc = std::allocator<flatbuffers::Offset<flatbuffers::String> >]	24	static
/Applications/STM32CubeIDE.app/Contents/Eclipse/plugins/com.st.stm32cube.ide.mcu.externaltools.gnu-tools-for-stm32.13.3.rel1.macos64_1.0.0.202411102158/tools/arm-none-eabi/include/c++/13.3.1/bits/stl_tree.h:740:7:std::_Rb_tree_node<_Val>* std::_Rb_tree<_Key, _Val, _KeyOfValue, _Compare, _Alloc>::_M_begin() [with _Key = flatbuffers::Offset<flatbuffers::String>; _Val = flatbuffers::Offset<flatbuffers::String>; _KeyOfValue = std::_Identity<flatbuffers::Offset<flatbuffers::String> >; _Compare = flatbuffers::FlatBufferBuilderImpl<false>::StringOffsetCompare; _Alloc = std::allocator<flatbuffers::Offset<flatbuffers::String> >]	16	static
/Applications/STM32CubeIDE.app/Contents/Eclipse/plugins/com.st.stm32cube.ide.mcu.externaltools.gnu-tools-for-stm32.13.3.rel1.macos64_1.0.0.202411102158/tools/arm-none-eabi/include/c++/13.3.1/optional:310:7:constexpr const _Tp& std::_Optional_payload_base<_Tp>::_M_get() const [with _Tp = std::array<float, 4>]	16	static
/Applications/STM32CubeIDE.app/Contents/Eclipse/plugins/com.st.stm32cube.ide.mcu.externaltools.gnu-tools-for-stm32.13.3.rel1.macos64_1.0.0.202411102158/tools/arm-none-eabi/include/c++/13.3.1/optional:310:7:constexpr const _Tp& std::_Optional_payload_base<_Tp>::_M_get() const [with _Tp = std::array<float, 3>]	16	static
/Applications/STM32CubeIDE.app/Contents/Eclipse/plugins/com.st.stm32cube.ide.mcu.externaltools.gnu-tools-for-stm32.13.3.rel1.macos64_1.0.0.202411102158/tools/arm-none-eabi/include/c++/13.3.1/optional:310:7:constexpr const _Tp& std::_Optional_payload_base<_Tp>::_M_get() const [with _Tp = long unsigned int]	16	static
/Applications/STM32CubeIDE.app/Contents/Eclipse/plugins/com.st.stm32cube.ide.mcu.externaltools.gnu-tools-for-stm32.13.3.rel1.macos64_1.0.0.202411102158/tools/arm-none-eabi/include/c++/13.3.1/optional:310:7:constexpr const _Tp& std::_Optional_payload_base<_Tp>::_M_get() const [with _Tp = float]	16	static
/opt/homebrew/include/flatbuffers/vector_downward.h:169:9:SizeT flatbuffers::vector_downward<SizeT>::unused_buffer_size() const [with SizeT = long unsigned int]	16	static
/opt/homebrew/include/flatbuffers/vector_downward.h:269:8:void flatbuffers::vector_downward<SizeT>::reallocate(std::size_t) [with SizeT = long unsigned int]	40	static
/opt/homebrew/include/flatbuffers/vector_downward.h:195:8:void flatbuffers::vector_downward<SizeT>::push(const uint8_t*, std::size_t) [with SizeT = long unsigned int]	24	static
/Applications/STM32CubeIDE.app/Contents/Eclipse/plugins/com.st.stm32cube.ide.mcu.externaltools.gnu-tools-for-stm32.13.3.rel1.macos64_1.0.0.202411102158/tools/arm-none-eabi/include/c++/13.3.1/bits/new_allocator.h:104:7:std::__new_allocator<_Tp>::~__new_allocator() [with _Tp = std::_Rb_tree_node<flatbuffers::Offset<flatbuffers::String> >]	16	static
/Applications/STM32CubeIDE.app/Contents/Eclipse/plugins/com.st.stm32cube.ide.mcu.externaltools.gnu-tools-for-stm32.13.3.rel1.macos64_1.0.0.202411102158/tools/arm-none-eabi/include/c++/13.3.1/bits/stl_tree.h:789:7:static std::_Rb_tree_node<_Val>* std::_Rb_tree<_Key, _Val, _KeyOfValue, _Compare, _Alloc>::_S_right(_Base_ptr) [with _Key = flatbuffers::Offset<flatbuffers::String>; _Val = flatbuffers::Offset<flatbuffers::String>; _KeyOfValue = std::_Identity<flatbuffers::Offset<flatbuffers::String> >; _Compare = flatbuffers::FlatBufferBuilderImpl<false>::StringOffsetCompare; _Alloc = std::allocator<flatbuffers::Offset<flatbuffers::String> >]	16	static
/Applications/STM32CubeIDE.app/Contents/Eclipse/plugins/com.st.stm32cube.ide.mcu.externaltools.gnu-tools-for-stm32.13.3.rel1.macos64_1.0.0.202411102158/tools/arm-none-eabi/include/c++/13.3.1/bits/stl_tree.h:781:7:static std::_Rb_tree_node<_Val>* std::_Rb_tree<_Key, _Val, _KeyOfValue, _Compare, _Alloc>::_S_left(_Base_ptr) [with _Key = flatbuffers::Offset<flatbuffers::String>; _Val = flatbuffers::Offset<flatbuffers::String>; _KeyOfValue = std::_Identity<flatbuffers::Offset<flatbuffers::String> >; _Compare = flatbuffers::FlatBufferBuilderImpl<false>::StringOffsetCompare; _Alloc = std::allocator<flatbuffers::Offset<flatbuffers::String> >]	16	static
/Applications/STM32CubeIDE.app/Contents/Eclipse/plugins/com.st.stm32cube.ide.mcu.externaltools.gnu-tools-for-stm32.13.3.rel1.macos64_1.0.0.202411102158/tools/arm-none-eabi/include/c++/13.3.1/bits/stl_tree.h:631:7:void std::_Rb_tree<_Key, _Val, _KeyOfValue, _Compare, _Alloc>::_M_drop_node(_Link_type) [with _Key = flatbuffers::Offset<flatbuffers::String>; _Val = flatbuffers::Offset<flatbuffers::String>; _KeyOfValue = std::_Identity<flatbuffers::Offset<flatbuffers::String> >; _Compare = flatbuffers::FlatBufferBuilderImpl<false>::StringOffsetCompare; _Alloc = std::allocator<flatbuffers::Offset<flatbuffers::String> >]	16	static
/Applications/STM32CubeIDE.app/Contents/Eclipse/plugins/com.st.stm32cube.ide.mcu.externaltools.gnu-tools-for-stm32.13.3.rel1.macos64_1.0.0.202411102158/tools/arm-none-eabi/include/c++/13.3.1/bits/stl_tree.h:736:7:std::_Rb_tree_node<_Val>* std::_Rb_tree<_Key, _Val, _KeyOfValue, _Compare, _Alloc>::_M_mbegin() const [with _Key = flatbuffers::Offset<flatbuffers::String>; _Val = flatbuffers::Offset<flatbuffers::String>; _KeyOfValue = std::_Identity<flatbuffers::Offset<flatbuffers::String> >; _Compare = flatbuffers::FlatBufferBuilderImpl<false>::StringOffsetCompare; _Alloc = std::allocator<flatbuffers::Offset<flatbuffers::String> >]	16	static
/opt/homebrew/include/flatbuffers/vector_downward.h:174:9:SizeT flatbuffers::vector_downward<SizeT>::scratch_size() const [with SizeT = long unsigned int]	16	static
/Applications/STM32CubeIDE.app/Contents/Eclipse/plugins/com.st.stm32cube.ide.mcu.externaltools.gnu-tools-for-stm32.13.3.rel1.macos64_1.0.0.202411102158/tools/arm-none-eabi/include/c++/13.3.1/bits/stl_tree.h:620:7:void std::_Rb_tree<_Key, _Val, _KeyOfValue, _Compare, _Alloc>::_M_destroy_node(_Link_type) [with _Key = flatbuffers::Offset<flatbuffers::String>; _Val = flatbuffers::Offset<flatbuffers::String>; _KeyOfValue = std::_Identity<flatbuffers::Offset<flatbuffers::String> >; _Compare = flatbuffers::FlatBufferBuilderImpl<false>::StringOffsetCompare; _Alloc = std::allocator<flatbuffers::Offset<flatbuffers::String> >]	40	static
/Applications/STM32CubeIDE.app/Contents/Eclipse/plugins/com.st.stm32cube.ide.mcu.externaltools.gnu-tools-for-stm32.13.3.rel1.macos64_1.0.0.202411102158/tools/arm-none-eabi/include/c++/13.3.1/bits/stl_tree.h:566:7:void std::_Rb_tree<_Key, _Val, _KeyOfValue, _Compare, _Alloc>::_M_put_node(_Link_type) [with _Key = flatbuffers::Offset<flatbuffers::String>; _Val = flatbuffers::Offset<flatbuffers::String>; _KeyOfValue = std::_Identity<flatbuffers::Offset<flatbuffers::String> >; _Compare = flatbuffers::FlatBufferBuilderImpl<false>::StringOffsetCompare; _Alloc = std::allocator<flatbuffers::Offset<flatbuffers::String> >]	32	static
/Applications/STM32CubeIDE.app/Contents/Eclipse/plugins/com.st.stm32cube.ide.mcu.externaltools.gnu-tools-for-stm32.13.3.rel1.macos64_1.0.0.202411102158/tools/arm-none-eabi/include/c++/13.3.1/bits/stl_tree.h:549:7:std::_Rb_tree<_Key, _Val, _KeyOfValue, _Compare, _Alloc>::_Node_allocator& std::_Rb_tree<_Key, _Val, _KeyOfValue, _Compare, _Alloc>::_M_get_Node_allocator() [with _Key = flatbuffers::Offset<flatbuffers::String>; _Val = flatbuffers::Offset<flatbuffers::String>; _KeyOfValue = std::_Identity<flatbuffers::Offset<flatbuffers::String> >; _Compare = flatbuffers::FlatBufferBuilderImpl<false>::StringOffsetCompare; _Alloc = std::allocator<flatbuffers::Offset<flatbuffers::String> >]	16	static
/Applications/STM32CubeIDE.app/Contents/Eclipse/plugins/com.st.stm32cube.ide.mcu.externaltools.gnu-tools-for-stm32.13.3.rel1.macos64_1.0.0.202411102158/tools/arm-none-eabi/include/c++/13.3.1/bits/stl_tree.h:234:7:_Val* std::_Rb_tree_node<_Val>::_M_valptr() [with _Val = flatbuffers::Offset<flatbuffers::String>]	16	static
/Applications/STM32CubeIDE.app/Contents/Eclipse/plugins/com.st.stm32cube.ide.mcu.externaltools.gnu-tools-for-stm32.13.3.rel1.macos64_1.0.0.202411102158/tools/arm-none-eabi/include/c++/13.3.1/ext/aligned_buffer.h:72:7:_Tp* __gnu_cxx::__aligned_membuf<_Tp>::_M_ptr() [with _Tp = flatbuffers::Offset<flatbuffers::String>]	16	static
/Applications/STM32CubeIDE.app/Contents/Eclipse/plugins/com.st.stm32cube.ide.mcu.externaltools.gnu-tools-for-stm32.13.3.rel1.macos64_1.0.0.202411102158/tools/arm-none-eabi/include/c++/13.3.1/bits/new_allocator.h:156:7:void std::__new_allocator<_Tp>::deallocate(_Tp*, size_type) [with _Tp = std::_Rb_tree_node<flatbuffers::Offset<flatbuffers::String> >]	24	static
/Applications/STM32CubeIDE.app/Contents/Eclipse/plugins/com.st.stm32cube.ide.mcu.externaltools.gnu-tools-for-stm32.13.3.rel1.macos64_1.0.0.202411102158/tools/arm-none-eabi/include/c++/13.3.1/ext/aligned_buffer.h:64:7:void* __gnu_cxx::__aligned_membuf<_Tp>::_M_addr() [with _Tp = flatbuffers::Offset<flatbuffers::String>]	16	static
