../Modules/MTI300Message.hpp:36:8:void TAUV::MTI300Message::clear()	16	static
../Modules/MTI300Message.hpp:39:8:bool TAUV::MTI300Message::addMessage(const TAUV::MTI300::MTData2Message&)	16	static
../Modules/MTI300Module.hpp:31:15:virtual const char* TAUV::MTI300Module::getName() const	16	static
../Modules/MTI300Module.hpp:32:9:virtual float TAUV::MTI300Module::getFrequency() const	16	static
/Applications/STM32CubeIDE.app/Contents/Eclipse/plugins/com.st.stm32cube.ide.mcu.externaltools.gnu-tools-for-stm32.13.3.rel1.macos64_1.0.0.202411102158/tools/arm-none-eabi/include/c++/13.3.1/arm-none-eabi/thumb/v7e-m+dp/hard/bits/gthr-default.h:229:1:int __gthread_key_delete(__gthread_key_t)	16	static
../Util/Logging.hpp:65:20:void __tcf_0()	8	static
../Util/Logging.hpp:64:19:static TAUV::Logging& TAUV::Logging::getInstance()	8	static
../Modules/MTI300Module.cpp:21:18:TAUV::ModuleInitResult TAUV::MTI300Module::init(UART_HandleTypeDef*)	16	static
../Modules/MTI300Module.cpp:37:17:virtual TAUV::ModuleRunResult TAUV::MTI300Module::run()	320	static
/Applications/STM32CubeIDE.app/Contents/Eclipse/plugins/com.st.stm32cube.ide.mcu.externaltools.gnu-tools-for-stm32.13.3.rel1.macos64_1.0.0.202411102158/tools/arm-none-eabi/include/c++/13.3.1/array:200:7:constexpr std::array<_Tp, _Nm>::value_type& std::array<_Tp, _Nm>::operator[](size_type) [with _Tp = TAUV::MTI300::MTData2Message; unsigned int _Nm = 10]	16	static
/Applications/STM32CubeIDE.app/Contents/Eclipse/plugins/com.st.stm32cube.ide.mcu.externaltools.gnu-tools-for-stm32.13.3.rel1.macos64_1.0.0.202411102158/tools/arm-none-eabi/include/c++/13.3.1/optional:989:22:constexpr bool std::optional<_Tp>::has_value() const [with _Tp = std::array<float, 4>]	16	static
/Applications/STM32CubeIDE.app/Contents/Eclipse/plugins/com.st.stm32cube.ide.mcu.externaltools.gnu-tools-for-stm32.13.3.rel1.macos64_1.0.0.202411102158/tools/arm-none-eabi/include/c++/13.3.1/optional:989:22:constexpr bool std::optional<_Tp>::has_value() const [with _Tp = std::array<float, 3>]	16	static
/Applications/STM32CubeIDE.app/Contents/Eclipse/plugins/com.st.stm32cube.ide.mcu.externaltools.gnu-tools-for-stm32.13.3.rel1.macos64_1.0.0.202411102158/tools/arm-none-eabi/include/c++/13.3.1/optional:989:22:constexpr bool std::optional<_Tp>::has_value() const [with _Tp = long unsigned int]	16	static
/Applications/STM32CubeIDE.app/Contents/Eclipse/plugins/com.st.stm32cube.ide.mcu.externaltools.gnu-tools-for-stm32.13.3.rel1.macos64_1.0.0.202411102158/tools/arm-none-eabi/include/c++/13.3.1/optional:472:22:constexpr bool std::_Optional_base_impl<_Tp, _Dp>::_M_is_engaged() const [with _Tp = std::array<float, 4>; _Dp = std::_Optional_base<std::array<float, 4>, true, true>]	16	static
/Applications/STM32CubeIDE.app/Contents/Eclipse/plugins/com.st.stm32cube.ide.mcu.externaltools.gnu-tools-for-stm32.13.3.rel1.macos64_1.0.0.202411102158/tools/arm-none-eabi/include/c++/13.3.1/optional:472:22:constexpr bool std::_Optional_base_impl<_Tp, _Dp>::_M_is_engaged() const [with _Tp = std::array<float, 3>; _Dp = std::_Optional_base<std::array<float, 3>, true, true>]	16	static
/Applications/STM32CubeIDE.app/Contents/Eclipse/plugins/com.st.stm32cube.ide.mcu.externaltools.gnu-tools-for-stm32.13.3.rel1.macos64_1.0.0.202411102158/tools/arm-none-eabi/include/c++/13.3.1/optional:472:22:constexpr bool std::_Optional_base_impl<_Tp, _Dp>::_M_is_engaged() const [with _Tp = long unsigned int; _Dp = std::_Optional_base<long unsigned int, true, true>]	16	static
