../Util/Logging.hpp:65:20:void __tcf_0()	0	static
../Util/Logging.hpp:64:19:static TAUV::Logging& TAUV::Logging::getInstance()	8	static
../Tasks/LoggingTask.cpp:23:1:TAUV::LoggingTask::~LoggingTask()	8	static
../Tasks/LoggingTask.cpp:33:6:bool TAUV::LoggingTask::init()	0	static
../Tasks/LoggingTask.cpp:38:6:bool TAUV::LoggingTask::start(const char*, uint32_t)	24	static
../Tasks/LoggingTask.cpp:101:6:void TAUV::LoggingTask::outputToUART(const TAUV::LogMessage&)	8	static
../Tasks/LoggingTask.cpp:113:6:void TAUV::LoggingTask::outputToITM(const TAUV::LogMessage&)	8	static,ignoring_inline_asm
../Tasks/LoggingTask.cpp:71:6:void TAUV::LoggingTask::run()	280	static
../Tasks/LoggingTask.cpp:60:6:static void TAUV::LoggingTask::taskEntryPoint(void*)	8	static
