../Middlewares/Third_Party/LwIP/src/api/netbuf.c:63:9:netbuf_new	8	static
../Middlewares/Third_Party/LwIP/src/api/netbuf.c:81:1:netbuf_delete	8	static
../Middlewares/Third_Party/LwIP/src/api/netbuf.c:102:1:netbuf_alloc	16	static
../Middlewares/Third_Party/LwIP/src/api/netbuf.c:127:1:netbuf_free	8	static
../Middlewares/Third_Party/LwIP/src/api/netbuf.c:151:1:netbuf_ref	16	static
../Middlewares/Third_Party/LwIP/src/api/netbuf.c:176:1:netbuf_chain	16	static
../Middlewares/Third_Party/LwIP/src/api/netbuf.c:196:1:netbuf_data	8	static
../Middlewares/Third_Party/LwIP/src/api/netbuf.c:222:1:netbuf_next	8	static
../Middlewares/Third_Party/LwIP/src/api/netbuf.c:244:1:netbuf_first	0	static
