../Middlewares/Third_Party/LwIP/src/api/tcpip.c:627:1:pbuf_free_int	0	static
../Middlewares/Third_Party/LwIP/src/api/tcpip.c:127:1:tcpip_thread	16	static
../Middlewares/Third_Party/LwIP/src/api/tcpip.c:240:1:tcpip_inpkt	24	static
../Middlewares/Third_Party/LwIP/src/api/tcpip.c:283:1:tcpip_input	0	static
../Middlewares/Third_Party/LwIP/src/api/tcpip.c:309:1:tcpip_callback	16	static
../Middlewares/Third_Party/LwIP/src/api/tcpip.c:345:1:tcpip_try_callback	16	static
../Middlewares/Third_Party/LwIP/src/api/tcpip.c:437:1:tcpip_send_msg_wait_sem	16	static
../Middlewares/Third_Party/LwIP/src/api/tcpip.c:473:1:tcpip_api_call	16	static
../Middlewares/Third_Party/LwIP/src/api/tcpip.c:531:1:tcpip_callbackmsg_new	16	static
../Middlewares/Third_Party/LwIP/src/api/tcpip.c:552:1:tcpip_callbackmsg_delete	0	static
../Middlewares/Third_Party/LwIP/src/api/tcpip.c:567:1:tcpip_callbackmsg_trycallback	8	static
../Middlewares/Third_Party/LwIP/src/api/tcpip.c:586:1:tcpip_callbackmsg_trycallback_fromisr	8	static
../Middlewares/Third_Party/LwIP/src/api/tcpip.c:602:1:tcpip_init	24	static
../Middlewares/Third_Party/LwIP/src/api/tcpip.c:640:1:pbuf_free_callback	0	static
../Middlewares/Third_Party/LwIP/src/api/tcpip.c:653:1:mem_free_callback	0	static
