/Applications/STM32CubeIDE.app/Contents/Eclipse/plugins/com.st.stm32cube.ide.mcu.externaltools.gnu-tools-for-stm32.13.3.rel1.macos64_1.0.0.202411102158/tools/arm-none-eabi/include/c++/13.3.1/arm-none-eabi/thumb/v7e-m+dp/hard/bits/gthr-default.h:229:1:int __gthread_key_delete(__gthread_key_t)	16	static
../Util/Logging.hpp:65:20:void __tcf_0()	8	static
../Util/Logging.hpp:64:19:static TAUV::Logging& TAUV::Logging::getInstance()	8	static
../Drivers/MS5837/MS5837.cpp:17:1:TAUV::MS5837::MS5837()	16	static
../Drivers/MS5837/MS5837.cpp:23:1:TAUV::MS5837::~MS5837()	16	static
../Drivers/MS5837/MS5837.cpp:31:6:bool TAUV::MS5837::begin(I2C_HandleTypeDef*)	16	static
../Drivers/MS5837/MS5837.cpp:33:6:bool TAUV::MS5837::init(I2C_HandleTypeDef*)	32	static
../Drivers/MS5837/MS5837.cpp:104:6:void TAUV::MS5837::setModel(uint8_t)	16	static
../Drivers/MS5837/MS5837.cpp:106:9:uint8_t TAUV::MS5837::getModel()	16	static
../Drivers/MS5837/MS5837.cpp:108:6:void TAUV::MS5837::setFluidDensity(float)	16	static
/Applications/STM32CubeIDE.app/Contents/Eclipse/plugins/com.st.stm32cube.ide.mcu.externaltools.gnu-tools-for-stm32.13.3.rel1.macos64_1.0.0.202411102158/tools/arm-none-eabi/include/c++/13.3.1/array:208:7:constexpr const std::array<_Tp, _Nm>::value_type& std::array<_Tp, _Nm>::operator[](size_type) const [with _Tp = unsigned char; unsigned int _Nm = 6]	16	static
../Drivers/MS5837/MS5837.cpp:110:6:bool TAUV::MS5837::requestConversion()	24	static
../Drivers/MS5837/MS5837.cpp:147:6:void TAUV::MS5837::conversionTimerISRCallback()	24	static
../Drivers/MS5837/MS5837.cpp:180:6:void TAUV::MS5837::i2cRxCpltISRCallback()	16	static
../Drivers/MS5837/MS5837.cpp:205:6:void TAUV::MS5837::i2cTxCpltISRCallback()	24	static
../Drivers/MS5837/MS5837.cpp:254:6:void TAUV::MS5837::i2cErrorISRCallback()	16	static
../Drivers/MS5837/MS5837.cpp:259:6:void TAUV::MS5837::i2cAbortISRCallback()	16	static
../Drivers/MS5837/MS5837.cpp:266:6:bool TAUV::MS5837::calculate()	608	static
../Drivers/MS5837/MS5837.cpp:333:7:float TAUV::MS5837::pressure(float)	16	static
../Drivers/MS5837/MS5837.cpp:341:7:float TAUV::MS5837::temperature()	16	static
../Drivers/MS5837/MS5837.cpp:343:7:float TAUV::MS5837::depth()	16	static
../Drivers/MS5837/MS5837.cpp:347:7:float TAUV::MS5837::altitude()	16	static
../Drivers/MS5837/MS5837.cpp:351:9:uint8_t TAUV::MS5837::crc4(uint16_t*)	24	static
