../Middlewares/Third_Party/LwIP/src/core/inet_chksum.c:133:1:lwip_standard_chksum	12	static
../Middlewares/Third_Party/LwIP/src/core/inet_chksum.c:310:1:inet_chksum_pseudo	32	static
../Middlewares/Third_Party/LwIP/src/core/inet_chksum.c:379:1:ip_chksum_pseudo	0	static
../Middlewares/Third_Party/LwIP/src/core/inet_chksum.c:456:1:inet_chksum_pseudo_partial	48	static
../Middlewares/Third_Party/LwIP/src/core/inet_chksum.c:526:1:ip_chksum_pseudo_partial	0	static
../Middlewares/Third_Party/LwIP/src/core/inet_chksum.c:555:1:inet_chksum	8	static
../Middlewares/Third_Party/LwIP/src/core/inet_chksum.c:568:1:inet_chksum_pbuf	24	static
