../Middlewares/Third_Party/LwIP/src/core/memp.c:245:1:do_memp_malloc_pool	16	static
../Middlewares/Third_Party/LwIP/src/core/memp.c:359:1:do_memp_free_pool	16	static
../Middlewares/Third_Party/LwIP/src/core/memp.c:175:1:memp_init_pool	12	static
../Middlewares/Third_Party/LwIP/src/core/memp.c:224:1:memp_init	16	static
../Middlewares/Third_Party/LwIP/src/core/memp.c:311:1:memp_malloc_pool	8	static
../Middlewares/Third_Party/LwIP/src/core/memp.c:337:1:memp_malloc	8	static
../Middlewares/Third_Party/LwIP/src/core/memp.c:403:1:memp_free_pool	0	static
../Middlewares/Third_Party/LwIP/src/core/memp.c:420:1:memp_free	0	static
