-- The C compiler identification is GNU 13.3.0
-- The CXX compiler identification is GNU 13.3.0
-- Detecting C compiler ABI info
-- Detecting C compiler ABI info - done
-- Check for working C compiler: /usr/bin/cc - skipped
-- Detecting C compile features
-- Detecting C compile features - done
-- Detecting CXX compiler ABI info
-- Detecting CXX compiler ABI info - done
-- Check for working CXX compiler: /usr/bin/c++ - skipped
-- Detecting CXX compile features
-- Detecting CXX compile features - done
-- Found ament_cmake: 2.5.4 (/opt/ros/jazzy/share/ament_cmake/cmake)
-- Found Python3: /usr/bin/python3 (found version "3.12.3") found components: Interpreter 
-- Found rosidl_default_generators: 1.6.0 (/home/gleb/dev/tauv-mono/ros_ws/install/rosidl_default_generators/share/rosidl_default_generators/cmake)
-- Using all available rosidl_typesupport_c: rosidl_typesupport_fastrtps_c;rosidl_typesupport_introspection_c
-- Using all available rosidl_typesupport_cpp: rosidl_typesupport_fastrtps_cpp;rosidl_typesupport_introspection_cpp
-- Found rosidl_adapter: 4.6.5 (/opt/ros/jazzy/share/rosidl_adapter/cmake)
-- Found std_msgs: 5.3.6 (/home/gleb/dev/tauv-mono/ros_ws/install/std_msgs/share/std_msgs/cmake)
-- Found geometry_msgs: 5.3.6 (/home/gleb/dev/tauv-mono/ros_ws/install/geometry_msgs/share/geometry_msgs/cmake)
-- Found ament_cmake_ros: 0.12.0 (/opt/ros/jazzy/share/ament_cmake_ros/cmake)
-- Using all available rosidl_typesupport_c: rosidl_typesupport_fastrtps_c;rosidl_typesupport_introspection_c
-- Using all available rosidl_typesupport_cpp: rosidl_typesupport_fastrtps_cpp;rosidl_typesupport_introspection_cpp
-- Found python_cmake_module: 0.11.1 (/opt/ros/jazzy/share/python_cmake_module/cmake)
-- Found PythonExtra: /usr/bin/python3  
-- Found Python3: /usr/bin/python3 (found version "3.12.3") found components: Interpreter Development NumPy Development.Module Development.Embed 
-- Found ament_lint_auto: 0.17.2 (/opt/ros/jazzy/share/ament_lint_auto/cmake)
-- Added test 'lint_cmake' to check CMake code style
-- Added test 'xmllint' to check XML markup files
-- Configuring done (7.9s)
-- Generating done (0.1s)
-- Build files have been written to: /home/gleb/dev/tauv-mono/build/tauv_msgs
[  1%] [34m[1mGenerating type hashes for ROS interfaces[0m
[  2%] [34m[1mGenerating Rust code for ROS interfaces[0m
[  2%] Built target ament_cmake_python_copy_tauv_msgs
running egg_info
creating tauv_msgs.egg-info
writing tauv_msgs.egg-info/PKG-INFO
writing dependency_links to tauv_msgs.egg-info/dependency_links.txt
writing top-level names to tauv_msgs.egg-info/top_level.txt
writing manifest file 'tauv_msgs.egg-info/SOURCES.txt'
reading manifest file 'tauv_msgs.egg-info/SOURCES.txt'
writing manifest file 'tauv_msgs.egg-info/SOURCES.txt'
[  2%] Built target ament_cmake_python_build_tauv_msgs_egg
[  2%] Built target tauv_msgs__rosidl_generator_type_description
[  3%] [34m[1mGenerating C code for ROS interfaces[0m
[  3%] Built target tauv_msgs__rs
[  3%] [34m[1mGenerating C++ code for ROS interfaces[0m
[  3%] Built target tauv_msgs__cpp
[  4%] [32mBuilding C object CMakeFiles/tauv_msgs__rosidl_generator_c.dir/rosidl_generator_c/tauv_msgs/msg/detail/waterlinked_dvl_frame__description.c.o[0m
[  5%] [32mBuilding C object CMakeFiles/tauv_msgs__rosidl_generator_c.dir/rosidl_generator_c/tauv_msgs/msg/detail/rpm_command__description.c.o[0m
[  6%] [32mBuilding C object CMakeFiles/tauv_msgs__rosidl_generator_c.dir/rosidl_generator_c/tauv_msgs/msg/detail/waterlinked_dvl_frame__type_support.c.o[0m
[  7%] [32mBuilding C object CMakeFiles/tauv_msgs__rosidl_generator_c.dir/rosidl_generator_c/tauv_msgs/msg/detail/rpm_command__type_support.c.o[0m
[  9%] [32mBuilding C object CMakeFiles/tauv_msgs__rosidl_generator_c.dir/rosidl_generator_c/tauv_msgs/msg/detail/esc_telemetry__description.c.o[0m
[  9%] [32mBuilding C object CMakeFiles/tauv_msgs__rosidl_generator_c.dir/rosidl_generator_c/tauv_msgs/msg/detail/esc_telemetry__functions.c.o[0m
[ 10%] [32mBuilding C object CMakeFiles/tauv_msgs__rosidl_generator_c.dir/rosidl_generator_c/tauv_msgs/msg/detail/waterlinked_dvl_frame__functions.c.o[0m
[ 11%] [32mBuilding C object CMakeFiles/tauv_msgs__rosidl_generator_c.dir/rosidl_generator_c/tauv_msgs/msg/detail/rpm_command__functions.c.o[0m
[ 12%] [32mBuilding C object CMakeFiles/tauv_msgs__rosidl_generator_c.dir/rosidl_generator_c/tauv_msgs/msg/detail/esc_telemetry__type_support.c.o[0m
[ 13%] [32mBuilding C object CMakeFiles/tauv_msgs__rosidl_generator_c.dir/rosidl_generator_c/tauv_msgs/msg/detail/depth_sensor_frame__description.c.o[0m
[ 14%] [32mBuilding C object CMakeFiles/tauv_msgs__rosidl_generator_c.dir/rosidl_generator_c/tauv_msgs/msg/detail/target_thrust__type_support.c.o[0m
[ 15%] [32mBuilding C object CMakeFiles/tauv_msgs__rosidl_generator_c.dir/rosidl_generator_c/tauv_msgs/msg/detail/depth_sensor_frame__type_support.c.o[0m
[ 16%] [32mBuilding C object CMakeFiles/tauv_msgs__rosidl_generator_c.dir/rosidl_generator_c/tauv_msgs/msg/detail/target_thrust__description.c.o[0m
[ 17%] [32mBuilding C object CMakeFiles/tauv_msgs__rosidl_generator_c.dir/rosidl_generator_c/tauv_msgs/msg/detail/navigation_state__functions.c.o[0m
[ 18%] [32mBuilding C object CMakeFiles/tauv_msgs__rosidl_generator_c.dir/rosidl_generator_c/tauv_msgs/msg/detail/depth__type_support.c.o[0m
[ 19%] [32mBuilding C object CMakeFiles/tauv_msgs__rosidl_generator_c.dir/rosidl_generator_c/tauv_msgs/msg/detail/depth_sensor_frame__functions.c.o[0m
[ 20%] [32mBuilding C object CMakeFiles/tauv_msgs__rosidl_generator_c.dir/rosidl_generator_c/tauv_msgs/msg/detail/depth__functions.c.o[0m
[ 21%] [32mBuilding C object CMakeFiles/tauv_msgs__rosidl_generator_c.dir/rosidl_generator_c/tauv_msgs/msg/detail/target_thrust__functions.c.o[0m
[ 21%] [32mBuilding C object CMakeFiles/tauv_msgs__rosidl_generator_c.dir/rosidl_generator_c/tauv_msgs/msg/detail/navigation_state__description.c.o[0m
[ 22%] [32mBuilding C object CMakeFiles/tauv_msgs__rosidl_generator_c.dir/rosidl_generator_c/tauv_msgs/msg/detail/depth__description.c.o[0m
[ 23%] [32mBuilding C object CMakeFiles/tauv_msgs__rosidl_generator_c.dir/rosidl_generator_c/tauv_msgs/msg/detail/velocity_attitude_command__description.c.o[0m
[ 24%] [32mBuilding C object CMakeFiles/tauv_msgs__rosidl_generator_c.dir/rosidl_generator_c/tauv_msgs/msg/detail/navigation_state__type_support.c.o[0m
[ 25%] [32mBuilding C object CMakeFiles/tauv_msgs__rosidl_generator_c.dir/rosidl_generator_c/tauv_msgs/msg/detail/velocity_attitude_command__type_support.c.o[0m
[ 26%] [32mBuilding C object CMakeFiles/tauv_msgs__rosidl_generator_c.dir/rosidl_generator_c/tauv_msgs/msg/detail/velocity_attitude_command__functions.c.o[0m
[ 27%] [32m[1mLinking C shared library libtauv_msgs__rosidl_generator_c.so[0m
[ 27%] Built target tauv_msgs__rosidl_generator_c
[ 28%] [34m[1mGenerating C type support for eProsima Fast-RTPS[0m
[ 29%] [34m[1mGenerating C++ type support dispatch for ROS interfaces[0m
[ 30%] [34m[1mGenerating C type support dispatch for ROS interfaces[0m
[ 31%] [34m[1mGenerating C++ type support for eProsima Fast-RTPS[0m
[ 32%] [34m[1mGenerating C++ introspection for ROS interfaces[0m
[ 33%] [34m[1mGenerating C introspection for ROS interfaces[0m
[ 34%] [32mBuilding CXX object CMakeFiles/tauv_msgs__rosidl_typesupport_c.dir/rosidl_typesupport_c/tauv_msgs/msg/rpm_command__type_support.cpp.o[0m
[ 34%] [32mBuilding CXX object CMakeFiles/tauv_msgs__rosidl_typesupport_c.dir/rosidl_typesupport_c/tauv_msgs/msg/depth_sensor_frame__type_support.cpp.o[0m
[ 35%] [32mBuilding CXX object CMakeFiles/tauv_msgs__rosidl_typesupport_cpp.dir/rosidl_typesupport_cpp/tauv_msgs/msg/esc_telemetry__type_support.cpp.o[0m
[ 36%] [32mBuilding CXX object CMakeFiles/tauv_msgs__rosidl_typesupport_c.dir/rosidl_typesupport_c/tauv_msgs/msg/waterlinked_dvl_frame__type_support.cpp.o[0m
[ 37%] [32mBuilding CXX object CMakeFiles/tauv_msgs__rosidl_typesupport_c.dir/rosidl_typesupport_c/tauv_msgs/msg/esc_telemetry__type_support.cpp.o[0m
[ 38%] [32mBuilding CXX object CMakeFiles/tauv_msgs__rosidl_typesupport_cpp.dir/rosidl_typesupport_cpp/tauv_msgs/msg/waterlinked_dvl_frame__type_support.cpp.o[0m
[ 40%] [32mBuilding CXX object CMakeFiles/tauv_msgs__rosidl_typesupport_c.dir/rosidl_typesupport_c/tauv_msgs/msg/depth__type_support.cpp.o[0m
[ 40%] [32mBuilding CXX object CMakeFiles/tauv_msgs__rosidl_typesupport_c.dir/rosidl_typesupport_c/tauv_msgs/msg/velocity_attitude_command__type_support.cpp.o[0m
[ 41%] [32mBuilding CXX object CMakeFiles/tauv_msgs__rosidl_typesupport_cpp.dir/rosidl_typesupport_cpp/tauv_msgs/msg/velocity_attitude_command__type_support.cpp.o[0m
[ 43%] [32mBuilding CXX object CMakeFiles/tauv_msgs__rosidl_typesupport_cpp.dir/rosidl_typesupport_cpp/tauv_msgs/msg/depth_sensor_frame__type_support.cpp.o[0m
[ 43%] [32mBuilding CXX object CMakeFiles/tauv_msgs__rosidl_typesupport_c.dir/rosidl_typesupport_c/tauv_msgs/msg/navigation_state__type_support.cpp.o[0m
[ 44%] [32mBuilding CXX object CMakeFiles/tauv_msgs__rosidl_typesupport_cpp.dir/rosidl_typesupport_cpp/tauv_msgs/msg/target_thrust__type_support.cpp.o[0m
[ 45%] [32mBuilding CXX object CMakeFiles/tauv_msgs__rosidl_typesupport_cpp.dir/rosidl_typesupport_cpp/tauv_msgs/msg/navigation_state__type_support.cpp.o[0m
[ 46%] [32mBuilding CXX object CMakeFiles/tauv_msgs__rosidl_typesupport_c.dir/rosidl_typesupport_c/tauv_msgs/msg/target_thrust__type_support.cpp.o[0m
[ 47%] [32mBuilding CXX object CMakeFiles/tauv_msgs__rosidl_typesupport_cpp.dir/rosidl_typesupport_cpp/tauv_msgs/msg/depth__type_support.cpp.o[0m
[ 48%] [32mBuilding CXX object CMakeFiles/tauv_msgs__rosidl_typesupport_cpp.dir/rosidl_typesupport_cpp/tauv_msgs/msg/rpm_command__type_support.cpp.o[0m
[ 49%] [32m[1mLinking CXX shared library libtauv_msgs__rosidl_typesupport_c.so[0m
[ 50%] [32mBuilding C object CMakeFiles/tauv_msgs__rosidl_typesupport_introspection_c.dir/rosidl_typesupport_introspection_c/tauv_msgs/msg/detail/waterlinked_dvl_frame__type_support.c.o[0m
[ 51%] [32mBuilding C object CMakeFiles/tauv_msgs__rosidl_typesupport_introspection_c.dir/rosidl_typesupport_introspection_c/tauv_msgs/msg/detail/rpm_command__type_support.c.o[0m
[ 52%] [32mBuilding C object CMakeFiles/tauv_msgs__rosidl_typesupport_introspection_c.dir/rosidl_typesupport_introspection_c/tauv_msgs/msg/detail/depth_sensor_frame__type_support.c.o[0m
[ 52%] [32mBuilding C object CMakeFiles/tauv_msgs__rosidl_typesupport_introspection_c.dir/rosidl_typesupport_introspection_c/tauv_msgs/msg/detail/target_thrust__type_support.c.o[0m
[ 53%] [32mBuilding C object CMakeFiles/tauv_msgs__rosidl_typesupport_introspection_c.dir/rosidl_typesupport_introspection_c/tauv_msgs/msg/detail/navigation_state__type_support.c.o[0m
[ 54%] [32mBuilding C object CMakeFiles/tauv_msgs__rosidl_typesupport_introspection_c.dir/rosidl_typesupport_introspection_c/tauv_msgs/msg/detail/esc_telemetry__type_support.c.o[0m
[ 55%] [32mBuilding C object CMakeFiles/tauv_msgs__rosidl_typesupport_introspection_c.dir/rosidl_typesupport_introspection_c/tauv_msgs/msg/detail/velocity_attitude_command__type_support.c.o[0m
[ 55%] Built target tauv_msgs__rosidl_typesupport_c
[ 56%] [32mBuilding C object CMakeFiles/tauv_msgs__rosidl_typesupport_introspection_c.dir/rosidl_typesupport_introspection_c/tauv_msgs/msg/detail/depth__type_support.c.o[0m
[ 57%] [32mBuilding CXX object CMakeFiles/tauv_msgs__rosidl_typesupport_introspection_cpp.dir/rosidl_typesupport_introspection_cpp/tauv_msgs/msg/detail/waterlinked_dvl_frame__type_support.cpp.o[0m
[ 58%] [32m[1mLinking C shared library libtauv_msgs__rosidl_typesupport_introspection_c.so[0m
[ 59%] [32mBuilding CXX object CMakeFiles/tauv_msgs__rosidl_typesupport_introspection_cpp.dir/rosidl_typesupport_introspection_cpp/tauv_msgs/msg/detail/rpm_command__type_support.cpp.o[0m
[ 60%] [32mBuilding CXX object CMakeFiles/tauv_msgs__rosidl_typesupport_introspection_cpp.dir/rosidl_typesupport_introspection_cpp/tauv_msgs/msg/detail/depth_sensor_frame__type_support.cpp.o[0m
[ 61%] [32mBuilding CXX object CMakeFiles/tauv_msgs__rosidl_typesupport_introspection_cpp.dir/rosidl_typesupport_introspection_cpp/tauv_msgs/msg/detail/esc_telemetry__type_support.cpp.o[0m
[ 62%] [32mBuilding CXX object CMakeFiles/tauv_msgs__rosidl_typesupport_introspection_cpp.dir/rosidl_typesupport_introspection_cpp/tauv_msgs/msg/detail/target_thrust__type_support.cpp.o[0m
[ 63%] [32mBuilding CXX object CMakeFiles/tauv_msgs__rosidl_typesupport_introspection_cpp.dir/rosidl_typesupport_introspection_cpp/tauv_msgs/msg/detail/depth__type_support.cpp.o[0m
[ 64%] [32mBuilding CXX object CMakeFiles/tauv_msgs__rosidl_typesupport_introspection_cpp.dir/rosidl_typesupport_introspection_cpp/tauv_msgs/msg/detail/velocity_attitude_command__type_support.cpp.o[0m
[ 65%] [32mBuilding CXX object CMakeFiles/tauv_msgs__rosidl_typesupport_introspection_cpp.dir/rosidl_typesupport_introspection_cpp/tauv_msgs/msg/detail/navigation_state__type_support.cpp.o[0m
[ 66%] [32mBuilding CXX object CMakeFiles/tauv_msgs__rosidl_typesupport_fastrtps_c.dir/rosidl_typesupport_fastrtps_c/tauv_msgs/msg/detail/waterlinked_dvl_frame__type_support_c.cpp.o[0m
[ 67%] [32mBuilding CXX object CMakeFiles/tauv_msgs__rosidl_typesupport_fastrtps_c.dir/rosidl_typesupport_fastrtps_c/tauv_msgs/msg/detail/rpm_command__type_support_c.cpp.o[0m
[ 67%] Built target tauv_msgs__rosidl_typesupport_introspection_c
[ 68%] [32mBuilding CXX object CMakeFiles/tauv_msgs__rosidl_typesupport_fastrtps_cpp.dir/rosidl_typesupport_fastrtps_cpp/tauv_msgs/msg/detail/dds_fastrtps/waterlinked_dvl_frame__type_support.cpp.o[0m
[ 69%] [32mBuilding CXX object CMakeFiles/tauv_msgs__rosidl_typesupport_fastrtps_c.dir/rosidl_typesupport_fastrtps_c/tauv_msgs/msg/detail/esc_telemetry__type_support_c.cpp.o[0m
[ 70%] [32mBuilding CXX object CMakeFiles/tauv_msgs__rosidl_typesupport_fastrtps_c.dir/rosidl_typesupport_fastrtps_c/tauv_msgs/msg/detail/depth_sensor_frame__type_support_c.cpp.o[0m
[ 70%] [32mBuilding CXX object CMakeFiles/tauv_msgs__rosidl_typesupport_fastrtps_c.dir/rosidl_typesupport_fastrtps_c/tauv_msgs/msg/detail/depth__type_support_c.cpp.o[0m
[ 71%] [32mBuilding CXX object CMakeFiles/tauv_msgs__rosidl_typesupport_fastrtps_c.dir/rosidl_typesupport_fastrtps_c/tauv_msgs/msg/detail/target_thrust__type_support_c.cpp.o[0m
[ 72%] [32mBuilding CXX object CMakeFiles/tauv_msgs__rosidl_typesupport_fastrtps_c.dir/rosidl_typesupport_fastrtps_c/tauv_msgs/msg/detail/navigation_state__type_support_c.cpp.o[0m
[ 73%] [32mBuilding CXX object CMakeFiles/tauv_msgs__rosidl_typesupport_fastrtps_cpp.dir/rosidl_typesupport_fastrtps_cpp/tauv_msgs/msg/detail/dds_fastrtps/rpm_command__type_support.cpp.o[0m
[ 74%] [32mBuilding CXX object CMakeFiles/tauv_msgs__rosidl_typesupport_fastrtps_cpp.dir/rosidl_typesupport_fastrtps_cpp/tauv_msgs/msg/detail/dds_fastrtps/depth_sensor_frame__type_support.cpp.o[0m
[ 75%] [32mBuilding CXX object CMakeFiles/tauv_msgs__rosidl_typesupport_fastrtps_cpp.dir/rosidl_typesupport_fastrtps_cpp/tauv_msgs/msg/detail/dds_fastrtps/esc_telemetry__type_support.cpp.o[0m
[ 76%] [32m[1mLinking CXX shared library libtauv_msgs__rosidl_typesupport_cpp.so[0m
[ 76%] Built target tauv_msgs__rosidl_typesupport_cpp
[ 77%] [32mBuilding CXX object CMakeFiles/tauv_msgs__rosidl_typesupport_fastrtps_c.dir/rosidl_typesupport_fastrtps_c/tauv_msgs/msg/detail/velocity_attitude_command__type_support_c.cpp.o[0m
[ 78%] [32mBuilding CXX object CMakeFiles/tauv_msgs__rosidl_typesupport_fastrtps_cpp.dir/rosidl_typesupport_fastrtps_cpp/tauv_msgs/msg/detail/dds_fastrtps/target_thrust__type_support.cpp.o[0m
[ 79%] [32mBuilding CXX object CMakeFiles/tauv_msgs__rosidl_typesupport_fastrtps_cpp.dir/rosidl_typesupport_fastrtps_cpp/tauv_msgs/msg/detail/dds_fastrtps/depth__type_support.cpp.o[0m
[ 80%] [32mBuilding CXX object CMakeFiles/tauv_msgs__rosidl_typesupport_fastrtps_cpp.dir/rosidl_typesupport_fastrtps_cpp/tauv_msgs/msg/detail/dds_fastrtps/navigation_state__type_support.cpp.o[0m
[ 81%] [32mBuilding CXX object CMakeFiles/tauv_msgs__rosidl_typesupport_fastrtps_cpp.dir/rosidl_typesupport_fastrtps_cpp/tauv_msgs/msg/detail/dds_fastrtps/velocity_attitude_command__type_support.cpp.o[0m
[ 82%] [32m[1mLinking CXX shared library libtauv_msgs__rosidl_typesupport_introspection_cpp.so[0m
[ 82%] Built target tauv_msgs__rosidl_typesupport_introspection_cpp
[ 83%] [32m[1mLinking CXX shared library libtauv_msgs__rosidl_typesupport_fastrtps_c.so[0m
[ 84%] [32m[1mLinking CXX shared library libtauv_msgs__rosidl_typesupport_fastrtps_cpp.so[0m
[ 84%] Built target tauv_msgs__rosidl_typesupport_fastrtps_c
[ 84%] Built target tauv_msgs__rosidl_typesupport_fastrtps_cpp
[ 84%] Built target tauv_msgs
[ 85%] [34m[1mGenerating Python code for ROS interfaces[0m
[ 85%] Built target tauv_msgs__py
[ 86%] [32mBuilding C object CMakeFiles/tauv_msgs__rosidl_generator_py.dir/rosidl_generator_py/tauv_msgs/msg/_waterlinked_dvl_frame_s.c.o[0m
[ 87%] [32mBuilding C object CMakeFiles/tauv_msgs__rosidl_generator_py.dir/rosidl_generator_py/tauv_msgs/msg/_rpm_command_s.c.o[0m
[ 88%] [32mBuilding C object CMakeFiles/tauv_msgs__rosidl_generator_py.dir/rosidl_generator_py/tauv_msgs/msg/_depth_sensor_frame_s.c.o[0m
[ 89%] [32mBuilding C object CMakeFiles/tauv_msgs__rosidl_generator_py.dir/rosidl_generator_py/tauv_msgs/msg/_esc_telemetry_s.c.o[0m
[ 91%] [32mBuilding C object CMakeFiles/tauv_msgs__rosidl_generator_py.dir/rosidl_generator_py/tauv_msgs/msg/_velocity_attitude_command_s.c.o[0m
[ 91%] [32mBuilding C object CMakeFiles/tauv_msgs__rosidl_generator_py.dir/rosidl_generator_py/tauv_msgs/msg/_depth_s.c.o[0m
[ 92%] [32mBuilding C object CMakeFiles/tauv_msgs__rosidl_generator_py.dir/rosidl_generator_py/tauv_msgs/msg/_target_thrust_s.c.o[0m
[ 93%] [32mBuilding C object CMakeFiles/tauv_msgs__rosidl_generator_py.dir/rosidl_generator_py/tauv_msgs/msg/_navigation_state_s.c.o[0m
[ 94%] [32m[1mLinking C shared library libtauv_msgs__rosidl_generator_py.so[0m
[ 94%] Built target tauv_msgs__rosidl_generator_py
[ 95%] [32mBuilding C object CMakeFiles/tauv_msgs_s__rosidl_typesupport_c.dir/rosidl_generator_py/tauv_msgs/_tauv_msgs_s.ep.rosidl_typesupport_c.c.o[0m
[ 96%] [32mBuilding C object CMakeFiles/tauv_msgs_s__rosidl_typesupport_introspection_c.dir/rosidl_generator_py/tauv_msgs/_tauv_msgs_s.ep.rosidl_typesupport_introspection_c.c.o[0m
[ 97%] [32mBuilding C object CMakeFiles/tauv_msgs_s__rosidl_typesupport_fastrtps_c.dir/rosidl_generator_py/tauv_msgs/_tauv_msgs_s.ep.rosidl_typesupport_fastrtps_c.c.o[0m
[ 99%] [32m[1mLinking C shared module rosidl_generator_py/tauv_msgs/tauv_msgs_s__rosidl_typesupport_fastrtps_c.so[0m
[ 99%] [32m[1mLinking C shared module rosidl_generator_py/tauv_msgs/tauv_msgs_s__rosidl_typesupport_c.so[0m
[100%] [32m[1mLinking C shared module rosidl_generator_py/tauv_msgs/tauv_msgs_s__rosidl_typesupport_introspection_c.so[0m
[100%] Built target tauv_msgs_s__rosidl_typesupport_c
[100%] Built target tauv_msgs_s__rosidl_typesupport_fastrtps_c
[100%] Built target tauv_msgs_s__rosidl_typesupport_introspection_c
-- Install configuration: ""
-- Installing: /home/gleb/dev/tauv-mono/install/tauv_msgs/share/ament_index/resource_index/rosidl_interfaces/tauv_msgs
-- Installing: /home/gleb/dev/tauv-mono/install/tauv_msgs/share/tauv_msgs/msg/WaterlinkedDvlFrame.json
-- Installing: /home/gleb/dev/tauv-mono/install/tauv_msgs/share/tauv_msgs/msg/RpmCommand.json
-- Installing: /home/gleb/dev/tauv-mono/install/tauv_msgs/share/tauv_msgs/msg/EscTelemetry.json
-- Installing: /home/gleb/dev/tauv-mono/install/tauv_msgs/share/tauv_msgs/msg/DepthSensorFrame.json
-- Installing: /home/gleb/dev/tauv-mono/install/tauv_msgs/share/tauv_msgs/msg/Depth.json
-- Installing: /home/gleb/dev/tauv-mono/install/tauv_msgs/share/tauv_msgs/msg/TargetThrust.json
-- Installing: /home/gleb/dev/tauv-mono/install/tauv_msgs/share/tauv_msgs/msg/NavigationState.json
-- Installing: /home/gleb/dev/tauv-mono/install/tauv_msgs/share/tauv_msgs/msg/VelocityAttitudeCommand.json
-- Installing: /home/gleb/dev/tauv-mono/install/tauv_msgs/include/tauv_msgs/tauv_msgs
-- Installing: /home/gleb/dev/tauv-mono/install/tauv_msgs/include/tauv_msgs/tauv_msgs/msg
-- Installing: /home/gleb/dev/tauv-mono/install/tauv_msgs/include/tauv_msgs/tauv_msgs/msg/velocity_attitude_command.h
-- Installing: /home/gleb/dev/tauv-mono/install/tauv_msgs/include/tauv_msgs/tauv_msgs/msg/target_thrust.h
-- Installing: /home/gleb/dev/tauv-mono/install/tauv_msgs/include/tauv_msgs/tauv_msgs/msg/waterlinked_dvl_frame.h
-- Installing: /home/gleb/dev/tauv-mono/install/tauv_msgs/include/tauv_msgs/tauv_msgs/msg/detail
-- Installing: /home/gleb/dev/tauv-mono/install/tauv_msgs/include/tauv_msgs/tauv_msgs/msg/detail/rpm_command__struct.h
-- Installing: /home/gleb/dev/tauv-mono/install/tauv_msgs/include/tauv_msgs/tauv_msgs/msg/detail/depth_sensor_frame__type_support.h
-- Installing: /home/gleb/dev/tauv-mono/install/tauv_msgs/include/tauv_msgs/tauv_msgs/msg/detail/depth_sensor_frame__type_support.c
-- Installing: /home/gleb/dev/tauv-mono/install/tauv_msgs/include/tauv_msgs/tauv_msgs/msg/detail/waterlinked_dvl_frame__type_support.h
-- Installing: /home/gleb/dev/tauv-mono/install/tauv_msgs/include/tauv_msgs/tauv_msgs/msg/detail/navigation_state__functions.h
-- Installing: /home/gleb/dev/tauv-mono/install/tauv_msgs/include/tauv_msgs/tauv_msgs/msg/detail/depth_sensor_frame__description.c
-- Installing: /home/gleb/dev/tauv-mono/install/tauv_msgs/include/tauv_msgs/tauv_msgs/msg/detail/depth__struct.h
-- Installing: /home/gleb/dev/tauv-mono/install/tauv_msgs/include/tauv_msgs/tauv_msgs/msg/detail/waterlinked_dvl_frame__description.c
-- Installing: /home/gleb/dev/tauv-mono/install/tauv_msgs/include/tauv_msgs/tauv_msgs/msg/detail/depth__functions.h
-- Installing: /home/gleb/dev/tauv-mono/install/tauv_msgs/include/tauv_msgs/tauv_msgs/msg/detail/waterlinked_dvl_frame__type_support.c
-- Installing: /home/gleb/dev/tauv-mono/install/tauv_msgs/include/tauv_msgs/tauv_msgs/msg/detail/navigation_state__functions.c
-- Installing: /home/gleb/dev/tauv-mono/install/tauv_msgs/include/tauv_msgs/tauv_msgs/msg/detail/target_thrust__functions.c
-- Installing: /home/gleb/dev/tauv-mono/install/tauv_msgs/include/tauv_msgs/tauv_msgs/msg/detail/waterlinked_dvl_frame__functions.c
-- Installing: /home/gleb/dev/tauv-mono/install/tauv_msgs/include/tauv_msgs/tauv_msgs/msg/detail/esc_telemetry__description.c
-- Installing: /home/gleb/dev/tauv-mono/install/tauv_msgs/include/tauv_msgs/tauv_msgs/msg/detail/rpm_command__functions.h
-- Installing: /home/gleb/dev/tauv-mono/install/tauv_msgs/include/tauv_msgs/tauv_msgs/msg/detail/target_thrust__struct.h
-- Installing: /home/gleb/dev/tauv-mono/install/tauv_msgs/include/tauv_msgs/tauv_msgs/msg/detail/navigation_state__struct.h
-- Installing: /home/gleb/dev/tauv-mono/install/tauv_msgs/include/tauv_msgs/tauv_msgs/msg/detail/waterlinked_dvl_frame__functions.h
-- Installing: /home/gleb/dev/tauv-mono/install/tauv_msgs/include/tauv_msgs/tauv_msgs/msg/detail/depth_sensor_frame__functions.c
-- Installing: /home/gleb/dev/tauv-mono/install/tauv_msgs/include/tauv_msgs/tauv_msgs/msg/detail/navigation_state__type_support.c
-- Installing: /home/gleb/dev/tauv-mono/install/tauv_msgs/include/tauv_msgs/tauv_msgs/msg/detail/rpm_command__type_support.h
-- Installing: /home/gleb/dev/tauv-mono/install/tauv_msgs/include/tauv_msgs/tauv_msgs/msg/detail/velocity_attitude_command__type_support.c
-- Installing: /home/gleb/dev/tauv-mono/install/tauv_msgs/include/tauv_msgs/tauv_msgs/msg/detail/depth__functions.c
-- Installing: /home/gleb/dev/tauv-mono/install/tauv_msgs/include/tauv_msgs/tauv_msgs/msg/detail/velocity_attitude_command__functions.c
-- Installing: /home/gleb/dev/tauv-mono/install/tauv_msgs/include/tauv_msgs/tauv_msgs/msg/detail/navigation_state__type_support.h
-- Installing: /home/gleb/dev/tauv-mono/install/tauv_msgs/include/tauv_msgs/tauv_msgs/msg/detail/depth__description.c
-- Installing: /home/gleb/dev/tauv-mono/install/tauv_msgs/include/tauv_msgs/tauv_msgs/msg/detail/esc_telemetry__functions.c
-- Installing: /home/gleb/dev/tauv-mono/install/tauv_msgs/include/tauv_msgs/tauv_msgs/msg/detail/esc_telemetry__functions.h
-- Installing: /home/gleb/dev/tauv-mono/install/tauv_msgs/include/tauv_msgs/tauv_msgs/msg/detail/target_thrust__type_support.h
-- Installing: /home/gleb/dev/tauv-mono/install/tauv_msgs/include/tauv_msgs/tauv_msgs/msg/detail/velocity_attitude_command__type_support.h
-- Installing: /home/gleb/dev/tauv-mono/install/tauv_msgs/include/tauv_msgs/tauv_msgs/msg/detail/rpm_command__functions.c
-- Installing: /home/gleb/dev/tauv-mono/install/tauv_msgs/include/tauv_msgs/tauv_msgs/msg/detail/esc_telemetry__struct.h
-- Installing: /home/gleb/dev/tauv-mono/install/tauv_msgs/include/tauv_msgs/tauv_msgs/msg/detail/esc_telemetry__type_support.c
-- Installing: /home/gleb/dev/tauv-mono/install/tauv_msgs/include/tauv_msgs/tauv_msgs/msg/detail/target_thrust__description.c
-- Installing: /home/gleb/dev/tauv-mono/install/tauv_msgs/include/tauv_msgs/tauv_msgs/msg/detail/navigation_state__description.c
-- Installing: /home/gleb/dev/tauv-mono/install/tauv_msgs/include/tauv_msgs/tauv_msgs/msg/detail/target_thrust__functions.h
-- Installing: /home/gleb/dev/tauv-mono/install/tauv_msgs/include/tauv_msgs/tauv_msgs/msg/detail/waterlinked_dvl_frame__struct.h
-- Installing: /home/gleb/dev/tauv-mono/install/tauv_msgs/include/tauv_msgs/tauv_msgs/msg/detail/depth__type_support.c
-- Installing: /home/gleb/dev/tauv-mono/install/tauv_msgs/include/tauv_msgs/tauv_msgs/msg/detail/velocity_attitude_command__functions.h
-- Installing: /home/gleb/dev/tauv-mono/install/tauv_msgs/include/tauv_msgs/tauv_msgs/msg/detail/velocity_attitude_command__description.c
-- Installing: /home/gleb/dev/tauv-mono/install/tauv_msgs/include/tauv_msgs/tauv_msgs/msg/detail/rpm_command__description.c
-- Installing: /home/gleb/dev/tauv-mono/install/tauv_msgs/include/tauv_msgs/tauv_msgs/msg/detail/target_thrust__type_support.c
-- Installing: /home/gleb/dev/tauv-mono/install/tauv_msgs/include/tauv_msgs/tauv_msgs/msg/detail/depth_sensor_frame__struct.h
-- Installing: /home/gleb/dev/tauv-mono/install/tauv_msgs/include/tauv_msgs/tauv_msgs/msg/detail/depth__type_support.h
-- Installing: /home/gleb/dev/tauv-mono/install/tauv_msgs/include/tauv_msgs/tauv_msgs/msg/detail/rpm_command__type_support.c
-- Installing: /home/gleb/dev/tauv-mono/install/tauv_msgs/include/tauv_msgs/tauv_msgs/msg/detail/esc_telemetry__type_support.h
-- Installing: /home/gleb/dev/tauv-mono/install/tauv_msgs/include/tauv_msgs/tauv_msgs/msg/detail/velocity_attitude_command__struct.h
-- Installing: /home/gleb/dev/tauv-mono/install/tauv_msgs/include/tauv_msgs/tauv_msgs/msg/detail/depth_sensor_frame__functions.h
-- Installing: /home/gleb/dev/tauv-mono/install/tauv_msgs/include/tauv_msgs/tauv_msgs/msg/esc_telemetry.h
-- Installing: /home/gleb/dev/tauv-mono/install/tauv_msgs/include/tauv_msgs/tauv_msgs/msg/navigation_state.h
-- Installing: /home/gleb/dev/tauv-mono/install/tauv_msgs/include/tauv_msgs/tauv_msgs/msg/depth.h
-- Installing: /home/gleb/dev/tauv-mono/install/tauv_msgs/include/tauv_msgs/tauv_msgs/msg/rpm_command.h
-- Installing: /home/gleb/dev/tauv-mono/install/tauv_msgs/include/tauv_msgs/tauv_msgs/msg/rosidl_generator_c__visibility_control.h
-- Installing: /home/gleb/dev/tauv-mono/install/tauv_msgs/include/tauv_msgs/tauv_msgs/msg/depth_sensor_frame.h
-- Installing: /home/gleb/dev/tauv-mono/install/tauv_msgs/share/tauv_msgs/environment/library_path.sh
-- Installing: /home/gleb/dev/tauv-mono/install/tauv_msgs/share/tauv_msgs/environment/library_path.dsv
-- Installing: /home/gleb/dev/tauv-mono/install/tauv_msgs/lib/libtauv_msgs__rosidl_generator_c.so
-- Set non-toolchain portion of runtime path of "/home/gleb/dev/tauv-mono/install/tauv_msgs/lib/libtauv_msgs__rosidl_generator_c.so" to ""
-- Up-to-date: /home/gleb/dev/tauv-mono/install/tauv_msgs/include/tauv_msgs/tauv_msgs
-- Up-to-date: /home/gleb/dev/tauv-mono/install/tauv_msgs/include/tauv_msgs/tauv_msgs/msg
-- Installing: /home/gleb/dev/tauv-mono/install/tauv_msgs/include/tauv_msgs/tauv_msgs/msg/rosidl_typesupport_fastrtps_c__visibility_control.h
-- Up-to-date: /home/gleb/dev/tauv-mono/install/tauv_msgs/include/tauv_msgs/tauv_msgs/msg/detail
-- Installing: /home/gleb/dev/tauv-mono/install/tauv_msgs/include/tauv_msgs/tauv_msgs/msg/detail/target_thrust__rosidl_typesupport_fastrtps_c.h
-- Installing: /home/gleb/dev/tauv-mono/install/tauv_msgs/include/tauv_msgs/tauv_msgs/msg/detail/depth_sensor_frame__rosidl_typesupport_fastrtps_c.h
-- Installing: /home/gleb/dev/tauv-mono/install/tauv_msgs/include/tauv_msgs/tauv_msgs/msg/detail/depth__rosidl_typesupport_fastrtps_c.h
-- Installing: /home/gleb/dev/tauv-mono/install/tauv_msgs/include/tauv_msgs/tauv_msgs/msg/detail/navigation_state__rosidl_typesupport_fastrtps_c.h
-- Installing: /home/gleb/dev/tauv-mono/install/tauv_msgs/include/tauv_msgs/tauv_msgs/msg/detail/rpm_command__rosidl_typesupport_fastrtps_c.h
-- Installing: /home/gleb/dev/tauv-mono/install/tauv_msgs/include/tauv_msgs/tauv_msgs/msg/detail/esc_telemetry__rosidl_typesupport_fastrtps_c.h
-- Installing: /home/gleb/dev/tauv-mono/install/tauv_msgs/include/tauv_msgs/tauv_msgs/msg/detail/velocity_attitude_command__rosidl_typesupport_fastrtps_c.h
-- Installing: /home/gleb/dev/tauv-mono/install/tauv_msgs/include/tauv_msgs/tauv_msgs/msg/detail/waterlinked_dvl_frame__rosidl_typesupport_fastrtps_c.h
-- Installing: /home/gleb/dev/tauv-mono/install/tauv_msgs/lib/libtauv_msgs__rosidl_typesupport_fastrtps_c.so
-- Set non-toolchain portion of runtime path of "/home/gleb/dev/tauv-mono/install/tauv_msgs/lib/libtauv_msgs__rosidl_typesupport_fastrtps_c.so" to ""
-- Up-to-date: /home/gleb/dev/tauv-mono/install/tauv_msgs/include/tauv_msgs/tauv_msgs
-- Up-to-date: /home/gleb/dev/tauv-mono/install/tauv_msgs/include/tauv_msgs/tauv_msgs/msg
-- Up-to-date: /home/gleb/dev/tauv-mono/install/tauv_msgs/include/tauv_msgs/tauv_msgs/msg/detail
-- Installing: /home/gleb/dev/tauv-mono/install/tauv_msgs/include/tauv_msgs/tauv_msgs/msg/detail/depth_sensor_frame__type_support.c
-- Installing: /home/gleb/dev/tauv-mono/install/tauv_msgs/include/tauv_msgs/tauv_msgs/msg/detail/depth__rosidl_typesupport_introspection_c.h
-- Installing: /home/gleb/dev/tauv-mono/install/tauv_msgs/include/tauv_msgs/tauv_msgs/msg/detail/waterlinked_dvl_frame__type_support.c
-- Installing: /home/gleb/dev/tauv-mono/install/tauv_msgs/include/tauv_msgs/tauv_msgs/msg/detail/esc_telemetry__rosidl_typesupport_introspection_c.h
-- Installing: /home/gleb/dev/tauv-mono/install/tauv_msgs/include/tauv_msgs/tauv_msgs/msg/detail/target_thrust__rosidl_typesupport_introspection_c.h
-- Installing: /home/gleb/dev/tauv-mono/install/tauv_msgs/include/tauv_msgs/tauv_msgs/msg/detail/navigation_state__type_support.c
-- Installing: /home/gleb/dev/tauv-mono/install/tauv_msgs/include/tauv_msgs/tauv_msgs/msg/detail/velocity_attitude_command__type_support.c
-- Installing: /home/gleb/dev/tauv-mono/install/tauv_msgs/include/tauv_msgs/tauv_msgs/msg/detail/depth_sensor_frame__rosidl_typesupport_introspection_c.h
-- Installing: /home/gleb/dev/tauv-mono/install/tauv_msgs/include/tauv_msgs/tauv_msgs/msg/detail/waterlinked_dvl_frame__rosidl_typesupport_introspection_c.h
-- Installing: /home/gleb/dev/tauv-mono/install/tauv_msgs/include/tauv_msgs/tauv_msgs/msg/detail/navigation_state__rosidl_typesupport_introspection_c.h
-- Installing: /home/gleb/dev/tauv-mono/install/tauv_msgs/include/tauv_msgs/tauv_msgs/msg/detail/rpm_command__rosidl_typesupport_introspection_c.h
-- Installing: /home/gleb/dev/tauv-mono/install/tauv_msgs/include/tauv_msgs/tauv_msgs/msg/detail/esc_telemetry__type_support.c
-- Installing: /home/gleb/dev/tauv-mono/install/tauv_msgs/include/tauv_msgs/tauv_msgs/msg/detail/depth__type_support.c
-- Installing: /home/gleb/dev/tauv-mono/install/tauv_msgs/include/tauv_msgs/tauv_msgs/msg/detail/velocity_attitude_command__rosidl_typesupport_introspection_c.h
-- Installing: /home/gleb/dev/tauv-mono/install/tauv_msgs/include/tauv_msgs/tauv_msgs/msg/detail/target_thrust__type_support.c
-- Installing: /home/gleb/dev/tauv-mono/install/tauv_msgs/include/tauv_msgs/tauv_msgs/msg/detail/rpm_command__type_support.c
-- Installing: /home/gleb/dev/tauv-mono/install/tauv_msgs/include/tauv_msgs/tauv_msgs/msg/rosidl_typesupport_introspection_c__visibility_control.h
-- Installing: /home/gleb/dev/tauv-mono/install/tauv_msgs/lib/libtauv_msgs__rosidl_typesupport_introspection_c.so
-- Set non-toolchain portion of runtime path of "/home/gleb/dev/tauv-mono/install/tauv_msgs/lib/libtauv_msgs__rosidl_typesupport_introspection_c.so" to ""
-- Installing: /home/gleb/dev/tauv-mono/install/tauv_msgs/lib/libtauv_msgs__rosidl_typesupport_c.so
-- Set non-toolchain portion of runtime path of "/home/gleb/dev/tauv-mono/install/tauv_msgs/lib/libtauv_msgs__rosidl_typesupport_c.so" to ""
-- Up-to-date: /home/gleb/dev/tauv-mono/install/tauv_msgs/include/tauv_msgs/tauv_msgs
-- Up-to-date: /home/gleb/dev/tauv-mono/install/tauv_msgs/include/tauv_msgs/tauv_msgs/msg
-- Installing: /home/gleb/dev/tauv-mono/install/tauv_msgs/include/tauv_msgs/tauv_msgs/msg/depth.hpp
-- Installing: /home/gleb/dev/tauv-mono/install/tauv_msgs/include/tauv_msgs/tauv_msgs/msg/navigation_state.hpp
-- Installing: /home/gleb/dev/tauv-mono/install/tauv_msgs/include/tauv_msgs/tauv_msgs/msg/rpm_command.hpp
-- Installing: /home/gleb/dev/tauv-mono/install/tauv_msgs/include/tauv_msgs/tauv_msgs/msg/waterlinked_dvl_frame.hpp
-- Up-to-date: /home/gleb/dev/tauv-mono/install/tauv_msgs/include/tauv_msgs/tauv_msgs/msg/detail
-- Installing: /home/gleb/dev/tauv-mono/install/tauv_msgs/include/tauv_msgs/tauv_msgs/msg/detail/depth_sensor_frame__type_support.hpp
-- Installing: /home/gleb/dev/tauv-mono/install/tauv_msgs/include/tauv_msgs/tauv_msgs/msg/detail/waterlinked_dvl_frame__traits.hpp
-- Installing: /home/gleb/dev/tauv-mono/install/tauv_msgs/include/tauv_msgs/tauv_msgs/msg/detail/target_thrust__builder.hpp
-- Installing: /home/gleb/dev/tauv-mono/install/tauv_msgs/include/tauv_msgs/tauv_msgs/msg/detail/depth__builder.hpp
-- Installing: /home/gleb/dev/tauv-mono/install/tauv_msgs/include/tauv_msgs/tauv_msgs/msg/detail/navigation_state__struct.hpp
-- Installing: /home/gleb/dev/tauv-mono/install/tauv_msgs/include/tauv_msgs/tauv_msgs/msg/detail/depth_sensor_frame__traits.hpp
-- Installing: /home/gleb/dev/tauv-mono/install/tauv_msgs/include/tauv_msgs/tauv_msgs/msg/detail/velocity_attitude_command__traits.hpp
-- Installing: /home/gleb/dev/tauv-mono/install/tauv_msgs/include/tauv_msgs/tauv_msgs/msg/detail/depth_sensor_frame__struct.hpp
-- Installing: /home/gleb/dev/tauv-mono/install/tauv_msgs/include/tauv_msgs/tauv_msgs/msg/detail/waterlinked_dvl_frame__builder.hpp
-- Installing: /home/gleb/dev/tauv-mono/install/tauv_msgs/include/tauv_msgs/tauv_msgs/msg/detail/target_thrust__struct.hpp
-- Installing: /home/gleb/dev/tauv-mono/install/tauv_msgs/include/tauv_msgs/tauv_msgs/msg/detail/esc_telemetry__struct.hpp
-- Installing: /home/gleb/dev/tauv-mono/install/tauv_msgs/include/tauv_msgs/tauv_msgs/msg/detail/waterlinked_dvl_frame__struct.hpp
-- Installing: /home/gleb/dev/tauv-mono/install/tauv_msgs/include/tauv_msgs/tauv_msgs/msg/detail/esc_telemetry__type_support.hpp
-- Installing: /home/gleb/dev/tauv-mono/install/tauv_msgs/include/tauv_msgs/tauv_msgs/msg/detail/rpm_command__struct.hpp
-- Installing: /home/gleb/dev/tauv-mono/install/tauv_msgs/include/tauv_msgs/tauv_msgs/msg/detail/navigation_state__traits.hpp
-- Installing: /home/gleb/dev/tauv-mono/install/tauv_msgs/include/tauv_msgs/tauv_msgs/msg/detail/navigation_state__type_support.hpp
-- Installing: /home/gleb/dev/tauv-mono/install/tauv_msgs/include/tauv_msgs/tauv_msgs/msg/detail/navigation_state__builder.hpp
-- Installing: /home/gleb/dev/tauv-mono/install/tauv_msgs/include/tauv_msgs/tauv_msgs/msg/detail/rpm_command__traits.hpp
-- Installing: /home/gleb/dev/tauv-mono/install/tauv_msgs/include/tauv_msgs/tauv_msgs/msg/detail/velocity_attitude_command__struct.hpp
-- Installing: /home/gleb/dev/tauv-mono/install/tauv_msgs/include/tauv_msgs/tauv_msgs/msg/detail/velocity_attitude_command__builder.hpp
-- Installing: /home/gleb/dev/tauv-mono/install/tauv_msgs/include/tauv_msgs/tauv_msgs/msg/detail/velocity_attitude_command__type_support.hpp
-- Installing: /home/gleb/dev/tauv-mono/install/tauv_msgs/include/tauv_msgs/tauv_msgs/msg/detail/waterlinked_dvl_frame__type_support.hpp
-- Installing: /home/gleb/dev/tauv-mono/install/tauv_msgs/include/tauv_msgs/tauv_msgs/msg/detail/rpm_command__builder.hpp
-- Installing: /home/gleb/dev/tauv-mono/install/tauv_msgs/include/tauv_msgs/tauv_msgs/msg/detail/esc_telemetry__builder.hpp
-- Installing: /home/gleb/dev/tauv-mono/install/tauv_msgs/include/tauv_msgs/tauv_msgs/msg/detail/depth__struct.hpp
-- Installing: /home/gleb/dev/tauv-mono/install/tauv_msgs/include/tauv_msgs/tauv_msgs/msg/detail/rpm_command__type_support.hpp
-- Installing: /home/gleb/dev/tauv-mono/install/tauv_msgs/include/tauv_msgs/tauv_msgs/msg/detail/esc_telemetry__traits.hpp
-- Installing: /home/gleb/dev/tauv-mono/install/tauv_msgs/include/tauv_msgs/tauv_msgs/msg/detail/target_thrust__type_support.hpp
-- Installing: /home/gleb/dev/tauv-mono/install/tauv_msgs/include/tauv_msgs/tauv_msgs/msg/detail/depth__traits.hpp
-- Installing: /home/gleb/dev/tauv-mono/install/tauv_msgs/include/tauv_msgs/tauv_msgs/msg/detail/target_thrust__traits.hpp
-- Installing: /home/gleb/dev/tauv-mono/install/tauv_msgs/include/tauv_msgs/tauv_msgs/msg/detail/depth__type_support.hpp
-- Installing: /home/gleb/dev/tauv-mono/install/tauv_msgs/include/tauv_msgs/tauv_msgs/msg/detail/depth_sensor_frame__builder.hpp
-- Installing: /home/gleb/dev/tauv-mono/install/tauv_msgs/include/tauv_msgs/tauv_msgs/msg/esc_telemetry.hpp
-- Installing: /home/gleb/dev/tauv-mono/install/tauv_msgs/include/tauv_msgs/tauv_msgs/msg/velocity_attitude_command.hpp
-- Installing: /home/gleb/dev/tauv-mono/install/tauv_msgs/include/tauv_msgs/tauv_msgs/msg/rosidl_generator_cpp__visibility_control.hpp
-- Installing: /home/gleb/dev/tauv-mono/install/tauv_msgs/include/tauv_msgs/tauv_msgs/msg/depth_sensor_frame.hpp
-- Installing: /home/gleb/dev/tauv-mono/install/tauv_msgs/include/tauv_msgs/tauv_msgs/msg/target_thrust.hpp
-- Up-to-date: /home/gleb/dev/tauv-mono/install/tauv_msgs/include/tauv_msgs/tauv_msgs
-- Up-to-date: /home/gleb/dev/tauv-mono/install/tauv_msgs/include/tauv_msgs/tauv_msgs/msg
-- Up-to-date: /home/gleb/dev/tauv-mono/install/tauv_msgs/include/tauv_msgs/tauv_msgs/msg/detail
-- Installing: /home/gleb/dev/tauv-mono/install/tauv_msgs/include/tauv_msgs/tauv_msgs/msg/detail/navigation_state__rosidl_typesupport_fastrtps_cpp.hpp
-- Installing: /home/gleb/dev/tauv-mono/install/tauv_msgs/include/tauv_msgs/tauv_msgs/msg/detail/target_thrust__rosidl_typesupport_fastrtps_cpp.hpp
-- Installing: /home/gleb/dev/tauv-mono/install/tauv_msgs/include/tauv_msgs/tauv_msgs/msg/detail/depth_sensor_frame__rosidl_typesupport_fastrtps_cpp.hpp
-- Installing: /home/gleb/dev/tauv-mono/install/tauv_msgs/include/tauv_msgs/tauv_msgs/msg/detail/esc_telemetry__rosidl_typesupport_fastrtps_cpp.hpp
-- Installing: /home/gleb/dev/tauv-mono/install/tauv_msgs/include/tauv_msgs/tauv_msgs/msg/detail/waterlinked_dvl_frame__rosidl_typesupport_fastrtps_cpp.hpp
-- Installing: /home/gleb/dev/tauv-mono/install/tauv_msgs/include/tauv_msgs/tauv_msgs/msg/detail/depth__rosidl_typesupport_fastrtps_cpp.hpp
-- Installing: /home/gleb/dev/tauv-mono/install/tauv_msgs/include/tauv_msgs/tauv_msgs/msg/detail/velocity_attitude_command__rosidl_typesupport_fastrtps_cpp.hpp
-- Installing: /home/gleb/dev/tauv-mono/install/tauv_msgs/include/tauv_msgs/tauv_msgs/msg/detail/rpm_command__rosidl_typesupport_fastrtps_cpp.hpp
-- Installing: /home/gleb/dev/tauv-mono/install/tauv_msgs/include/tauv_msgs/tauv_msgs/msg/detail/dds_fastrtps
-- Installing: /home/gleb/dev/tauv-mono/install/tauv_msgs/include/tauv_msgs/tauv_msgs/msg/rosidl_typesupport_fastrtps_cpp__visibility_control.h
-- Installing: /home/gleb/dev/tauv-mono/install/tauv_msgs/lib/libtauv_msgs__rosidl_typesupport_fastrtps_cpp.so
-- Set non-toolchain portion of runtime path of "/home/gleb/dev/tauv-mono/install/tauv_msgs/lib/libtauv_msgs__rosidl_typesupport_fastrtps_cpp.so" to ""
-- Up-to-date: /home/gleb/dev/tauv-mono/install/tauv_msgs/include/tauv_msgs/tauv_msgs
-- Up-to-date: /home/gleb/dev/tauv-mono/install/tauv_msgs/include/tauv_msgs/tauv_msgs/msg
-- Up-to-date: /home/gleb/dev/tauv-mono/install/tauv_msgs/include/tauv_msgs/tauv_msgs/msg/detail
-- Installing: /home/gleb/dev/tauv-mono/install/tauv_msgs/include/tauv_msgs/tauv_msgs/msg/detail/depth__rosidl_typesupport_introspection_cpp.hpp
-- Installing: /home/gleb/dev/tauv-mono/install/tauv_msgs/include/tauv_msgs/tauv_msgs/msg/detail/target_thrust__type_support.cpp
-- Installing: /home/gleb/dev/tauv-mono/install/tauv_msgs/include/tauv_msgs/tauv_msgs/msg/detail/navigation_state__rosidl_typesupport_introspection_cpp.hpp
-- Installing: /home/gleb/dev/tauv-mono/install/tauv_msgs/include/tauv_msgs/tauv_msgs/msg/detail/waterlinked_dvl_frame__type_support.cpp
-- Installing: /home/gleb/dev/tauv-mono/install/tauv_msgs/include/tauv_msgs/tauv_msgs/msg/detail/depth__type_support.cpp
-- Installing: /home/gleb/dev/tauv-mono/install/tauv_msgs/include/tauv_msgs/tauv_msgs/msg/detail/depth_sensor_frame__rosidl_typesupport_introspection_cpp.hpp
-- Installing: /home/gleb/dev/tauv-mono/install/tauv_msgs/include/tauv_msgs/tauv_msgs/msg/detail/rpm_command__rosidl_typesupport_introspection_cpp.hpp
-- Installing: /home/gleb/dev/tauv-mono/install/tauv_msgs/include/tauv_msgs/tauv_msgs/msg/detail/waterlinked_dvl_frame__rosidl_typesupport_introspection_cpp.hpp
-- Installing: /home/gleb/dev/tauv-mono/install/tauv_msgs/include/tauv_msgs/tauv_msgs/msg/detail/esc_telemetry__type_support.cpp
-- Installing: /home/gleb/dev/tauv-mono/install/tauv_msgs/include/tauv_msgs/tauv_msgs/msg/detail/velocity_attitude_command__type_support.cpp
-- Installing: /home/gleb/dev/tauv-mono/install/tauv_msgs/include/tauv_msgs/tauv_msgs/msg/detail/target_thrust__rosidl_typesupport_introspection_cpp.hpp
-- Installing: /home/gleb/dev/tauv-mono/install/tauv_msgs/include/tauv_msgs/tauv_msgs/msg/detail/velocity_attitude_command__rosidl_typesupport_introspection_cpp.hpp
-- Installing: /home/gleb/dev/tauv-mono/install/tauv_msgs/include/tauv_msgs/tauv_msgs/msg/detail/esc_telemetry__rosidl_typesupport_introspection_cpp.hpp
-- Installing: /home/gleb/dev/tauv-mono/install/tauv_msgs/include/tauv_msgs/tauv_msgs/msg/detail/navigation_state__type_support.cpp
-- Installing: /home/gleb/dev/tauv-mono/install/tauv_msgs/include/tauv_msgs/tauv_msgs/msg/detail/depth_sensor_frame__type_support.cpp
-- Installing: /home/gleb/dev/tauv-mono/install/tauv_msgs/include/tauv_msgs/tauv_msgs/msg/detail/rpm_command__type_support.cpp
-- Installing: /home/gleb/dev/tauv-mono/install/tauv_msgs/lib/libtauv_msgs__rosidl_typesupport_introspection_cpp.so
-- Set non-toolchain portion of runtime path of "/home/gleb/dev/tauv-mono/install/tauv_msgs/lib/libtauv_msgs__rosidl_typesupport_introspection_cpp.so" to ""
-- Installing: /home/gleb/dev/tauv-mono/install/tauv_msgs/lib/libtauv_msgs__rosidl_typesupport_cpp.so
-- Set non-toolchain portion of runtime path of "/home/gleb/dev/tauv-mono/install/tauv_msgs/lib/libtauv_msgs__rosidl_typesupport_cpp.so" to ""
-- Installing: /home/gleb/dev/tauv-mono/install/tauv_msgs/share/ament_index/resource_index/rust_packages/tauv_msgs
-- Installing: /home/gleb/dev/tauv-mono/install/tauv_msgs/share/tauv_msgs/rust
-- Installing: /home/gleb/dev/tauv-mono/install/tauv_msgs/share/tauv_msgs/rust/build.rs
-- Installing: /home/gleb/dev/tauv-mono/install/tauv_msgs/share/tauv_msgs/rust/Cargo.toml
-- Installing: /home/gleb/dev/tauv-mono/install/tauv_msgs/share/tauv_msgs/rust/src
-- Installing: /home/gleb/dev/tauv-mono/install/tauv_msgs/share/tauv_msgs/rust/src/lib.rs
-- Installing: /home/gleb/dev/tauv-mono/install/tauv_msgs/share/tauv_msgs/rust/src/msg.rs
-- Installing: /home/gleb/dev/tauv-mono/install/tauv_msgs/share/tauv_msgs/environment/pythonpath.sh
-- Installing: /home/gleb/dev/tauv-mono/install/tauv_msgs/share/tauv_msgs/environment/pythonpath.dsv
-- Installing: /home/gleb/dev/tauv-mono/install/tauv_msgs/lib/python3.12/site-packages/tauv_msgs-0.0.0-py3.12.egg-info
-- Installing: /home/gleb/dev/tauv-mono/install/tauv_msgs/lib/python3.12/site-packages/tauv_msgs-0.0.0-py3.12.egg-info/top_level.txt
-- Installing: /home/gleb/dev/tauv-mono/install/tauv_msgs/lib/python3.12/site-packages/tauv_msgs-0.0.0-py3.12.egg-info/SOURCES.txt
-- Installing: /home/gleb/dev/tauv-mono/install/tauv_msgs/lib/python3.12/site-packages/tauv_msgs-0.0.0-py3.12.egg-info/dependency_links.txt
-- Installing: /home/gleb/dev/tauv-mono/install/tauv_msgs/lib/python3.12/site-packages/tauv_msgs-0.0.0-py3.12.egg-info/PKG-INFO
-- Installing: /home/gleb/dev/tauv-mono/install/tauv_msgs/lib/python3.12/site-packages/tauv_msgs
-- Installing: /home/gleb/dev/tauv-mono/install/tauv_msgs/lib/python3.12/site-packages/tauv_msgs/__init__.py
-- Installing: /home/gleb/dev/tauv-mono/install/tauv_msgs/lib/python3.12/site-packages/tauv_msgs/tauv_msgs_s__rosidl_typesupport_c.so
-- Installing: /home/gleb/dev/tauv-mono/install/tauv_msgs/lib/python3.12/site-packages/tauv_msgs/tauv_msgs_s__rosidl_typesupport_fastrtps_c.so
-- Installing: /home/gleb/dev/tauv-mono/install/tauv_msgs/lib/python3.12/site-packages/tauv_msgs/msg
-- Installing: /home/gleb/dev/tauv-mono/install/tauv_msgs/lib/python3.12/site-packages/tauv_msgs/msg/_velocity_attitude_command.py
-- Installing: /home/gleb/dev/tauv-mono/install/tauv_msgs/lib/python3.12/site-packages/tauv_msgs/msg/__init__.py
-- Installing: /home/gleb/dev/tauv-mono/install/tauv_msgs/lib/python3.12/site-packages/tauv_msgs/msg/_rpm_command.py
-- Installing: /home/gleb/dev/tauv-mono/install/tauv_msgs/lib/python3.12/site-packages/tauv_msgs/msg/_navigation_state.py
-- Installing: /home/gleb/dev/tauv-mono/install/tauv_msgs/lib/python3.12/site-packages/tauv_msgs/msg/_navigation_state_s.c
-- Installing: /home/gleb/dev/tauv-mono/install/tauv_msgs/lib/python3.12/site-packages/tauv_msgs/msg/_target_thrust_s.c
-- Installing: /home/gleb/dev/tauv-mono/install/tauv_msgs/lib/python3.12/site-packages/tauv_msgs/msg/_velocity_attitude_command_s.c
-- Installing: /home/gleb/dev/tauv-mono/install/tauv_msgs/lib/python3.12/site-packages/tauv_msgs/msg/_waterlinked_dvl_frame_s.c
-- Installing: /home/gleb/dev/tauv-mono/install/tauv_msgs/lib/python3.12/site-packages/tauv_msgs/msg/_target_thrust.py
-- Installing: /home/gleb/dev/tauv-mono/install/tauv_msgs/lib/python3.12/site-packages/tauv_msgs/msg/_esc_telemetry.py
-- Installing: /home/gleb/dev/tauv-mono/install/tauv_msgs/lib/python3.12/site-packages/tauv_msgs/msg/_depth.py
-- Installing: /home/gleb/dev/tauv-mono/install/tauv_msgs/lib/python3.12/site-packages/tauv_msgs/msg/_depth_sensor_frame_s.c
-- Installing: /home/gleb/dev/tauv-mono/install/tauv_msgs/lib/python3.12/site-packages/tauv_msgs/msg/_depth_s.c
-- Installing: /home/gleb/dev/tauv-mono/install/tauv_msgs/lib/python3.12/site-packages/tauv_msgs/msg/_rpm_command_s.c
-- Installing: /home/gleb/dev/tauv-mono/install/tauv_msgs/lib/python3.12/site-packages/tauv_msgs/msg/_waterlinked_dvl_frame.py
-- Installing: /home/gleb/dev/tauv-mono/install/tauv_msgs/lib/python3.12/site-packages/tauv_msgs/msg/_depth_sensor_frame.py
-- Installing: /home/gleb/dev/tauv-mono/install/tauv_msgs/lib/python3.12/site-packages/tauv_msgs/msg/_esc_telemetry_s.c
-- Installing: /home/gleb/dev/tauv-mono/install/tauv_msgs/lib/python3.12/site-packages/tauv_msgs/tauv_msgs_s__rosidl_typesupport_introspection_c.so
-- Installing: /home/gleb/dev/tauv-mono/install/tauv_msgs/lib/python3.12/site-packages/tauv_msgs/_tauv_msgs_s.ep.rosidl_typesupport_c.c
-- Installing: /home/gleb/dev/tauv-mono/install/tauv_msgs/lib/python3.12/site-packages/tauv_msgs/_tauv_msgs_s.ep.rosidl_typesupport_fastrtps_c.c
-- Installing: /home/gleb/dev/tauv-mono/install/tauv_msgs/lib/python3.12/site-packages/tauv_msgs/_tauv_msgs_s.ep.rosidl_typesupport_introspection_c.c
Listing '/home/gleb/dev/tauv-mono/install/tauv_msgs/lib/python3.12/site-packages/tauv_msgs'...
Compiling '/home/gleb/dev/tauv-mono/install/tauv_msgs/lib/python3.12/site-packages/tauv_msgs/__init__.py'...
Listing '/home/gleb/dev/tauv-mono/install/tauv_msgs/lib/python3.12/site-packages/tauv_msgs/msg'...
Compiling '/home/gleb/dev/tauv-mono/install/tauv_msgs/lib/python3.12/site-packages/tauv_msgs/msg/__init__.py'...
Compiling '/home/gleb/dev/tauv-mono/install/tauv_msgs/lib/python3.12/site-packages/tauv_msgs/msg/_depth.py'...
Compiling '/home/gleb/dev/tauv-mono/install/tauv_msgs/lib/python3.12/site-packages/tauv_msgs/msg/_depth_sensor_frame.py'...
Compiling '/home/gleb/dev/tauv-mono/install/tauv_msgs/lib/python3.12/site-packages/tauv_msgs/msg/_esc_telemetry.py'...
Compiling '/home/gleb/dev/tauv-mono/install/tauv_msgs/lib/python3.12/site-packages/tauv_msgs/msg/_navigation_state.py'...
Compiling '/home/gleb/dev/tauv-mono/install/tauv_msgs/lib/python3.12/site-packages/tauv_msgs/msg/_rpm_command.py'...
Compiling '/home/gleb/dev/tauv-mono/install/tauv_msgs/lib/python3.12/site-packages/tauv_msgs/msg/_target_thrust.py'...
Compiling '/home/gleb/dev/tauv-mono/install/tauv_msgs/lib/python3.12/site-packages/tauv_msgs/msg/_velocity_attitude_command.py'...
Compiling '/home/gleb/dev/tauv-mono/install/tauv_msgs/lib/python3.12/site-packages/tauv_msgs/msg/_waterlinked_dvl_frame.py'...
-- Installing: /home/gleb/dev/tauv-mono/install/tauv_msgs/lib/python3.12/site-packages/tauv_msgs/tauv_msgs_s__rosidl_typesupport_fastrtps_c.so
-- Set non-toolchain portion of runtime path of "/home/gleb/dev/tauv-mono/install/tauv_msgs/lib/python3.12/site-packages/tauv_msgs/tauv_msgs_s__rosidl_typesupport_fastrtps_c.so" to ""
-- Installing: /home/gleb/dev/tauv-mono/install/tauv_msgs/lib/python3.12/site-packages/tauv_msgs/tauv_msgs_s__rosidl_typesupport_introspection_c.so
-- Set non-toolchain portion of runtime path of "/home/gleb/dev/tauv-mono/install/tauv_msgs/lib/python3.12/site-packages/tauv_msgs/tauv_msgs_s__rosidl_typesupport_introspection_c.so" to ""
-- Installing: /home/gleb/dev/tauv-mono/install/tauv_msgs/lib/python3.12/site-packages/tauv_msgs/tauv_msgs_s__rosidl_typesupport_c.so
-- Set non-toolchain portion of runtime path of "/home/gleb/dev/tauv-mono/install/tauv_msgs/lib/python3.12/site-packages/tauv_msgs/tauv_msgs_s__rosidl_typesupport_c.so" to ""
-- Installing: /home/gleb/dev/tauv-mono/install/tauv_msgs/lib/libtauv_msgs__rosidl_generator_py.so
-- Set non-toolchain portion of runtime path of "/home/gleb/dev/tauv-mono/install/tauv_msgs/lib/libtauv_msgs__rosidl_generator_py.so" to ""
-- Installing: /home/gleb/dev/tauv-mono/install/tauv_msgs/share/tauv_msgs/msg/WaterlinkedDvlFrame.idl
-- Installing: /home/gleb/dev/tauv-mono/install/tauv_msgs/share/tauv_msgs/msg/RpmCommand.idl
-- Installing: /home/gleb/dev/tauv-mono/install/tauv_msgs/share/tauv_msgs/msg/EscTelemetry.idl
-- Installing: /home/gleb/dev/tauv-mono/install/tauv_msgs/share/tauv_msgs/msg/DepthSensorFrame.idl
-- Installing: /home/gleb/dev/tauv-mono/install/tauv_msgs/share/tauv_msgs/msg/Depth.idl
-- Installing: /home/gleb/dev/tauv-mono/install/tauv_msgs/share/tauv_msgs/msg/TargetThrust.idl
-- Installing: /home/gleb/dev/tauv-mono/install/tauv_msgs/share/tauv_msgs/msg/NavigationState.idl
-- Installing: /home/gleb/dev/tauv-mono/install/tauv_msgs/share/tauv_msgs/msg/VelocityAttitudeCommand.idl
-- Installing: /home/gleb/dev/tauv-mono/install/tauv_msgs/share/tauv_msgs/msg/WaterlinkedDvlFrame.msg
-- Installing: /home/gleb/dev/tauv-mono/install/tauv_msgs/share/tauv_msgs/msg/RpmCommand.msg
-- Installing: /home/gleb/dev/tauv-mono/install/tauv_msgs/share/tauv_msgs/msg/EscTelemetry.msg
-- Installing: /home/gleb/dev/tauv-mono/install/tauv_msgs/share/tauv_msgs/msg/DepthSensorFrame.msg
-- Installing: /home/gleb/dev/tauv-mono/install/tauv_msgs/share/tauv_msgs/msg/Depth.msg
-- Installing: /home/gleb/dev/tauv-mono/install/tauv_msgs/share/tauv_msgs/msg/TargetThrust.msg
-- Installing: /home/gleb/dev/tauv-mono/install/tauv_msgs/share/tauv_msgs/msg/NavigationState.msg
-- Installing: /home/gleb/dev/tauv-mono/install/tauv_msgs/share/tauv_msgs/msg/VelocityAttitudeCommand.msg
-- Installing: /home/gleb/dev/tauv-mono/install/tauv_msgs/share/ament_index/resource_index/package_run_dependencies/tauv_msgs
-- Installing: /home/gleb/dev/tauv-mono/install/tauv_msgs/share/ament_index/resource_index/parent_prefix_path/tauv_msgs
-- Installing: /home/gleb/dev/tauv-mono/install/tauv_msgs/share/tauv_msgs/environment/ament_prefix_path.sh
-- Installing: /home/gleb/dev/tauv-mono/install/tauv_msgs/share/tauv_msgs/environment/ament_prefix_path.dsv
-- Installing: /home/gleb/dev/tauv-mono/install/tauv_msgs/share/tauv_msgs/environment/path.sh
-- Installing: /home/gleb/dev/tauv-mono/install/tauv_msgs/share/tauv_msgs/environment/path.dsv
-- Installing: /home/gleb/dev/tauv-mono/install/tauv_msgs/share/tauv_msgs/local_setup.bash
-- Installing: /home/gleb/dev/tauv-mono/install/tauv_msgs/share/tauv_msgs/local_setup.sh
-- Installing: /home/gleb/dev/tauv-mono/install/tauv_msgs/share/tauv_msgs/local_setup.zsh
-- Installing: /home/gleb/dev/tauv-mono/install/tauv_msgs/share/tauv_msgs/local_setup.dsv
-- Installing: /home/gleb/dev/tauv-mono/install/tauv_msgs/share/tauv_msgs/package.dsv
-- Installing: /home/gleb/dev/tauv-mono/install/tauv_msgs/share/ament_index/resource_index/packages/tauv_msgs
-- Installing: /home/gleb/dev/tauv-mono/install/tauv_msgs/share/tauv_msgs/cmake/export_tauv_msgs__rosidl_generator_cExport.cmake
-- Installing: /home/gleb/dev/tauv-mono/install/tauv_msgs/share/tauv_msgs/cmake/export_tauv_msgs__rosidl_generator_cExport-noconfig.cmake
-- Installing: /home/gleb/dev/tauv-mono/install/tauv_msgs/share/tauv_msgs/cmake/export_tauv_msgs__rosidl_typesupport_fastrtps_cExport.cmake
-- Installing: /home/gleb/dev/tauv-mono/install/tauv_msgs/share/tauv_msgs/cmake/export_tauv_msgs__rosidl_typesupport_fastrtps_cExport-noconfig.cmake
-- Installing: /home/gleb/dev/tauv-mono/install/tauv_msgs/share/tauv_msgs/cmake/tauv_msgs__rosidl_typesupport_introspection_cExport.cmake
-- Installing: /home/gleb/dev/tauv-mono/install/tauv_msgs/share/tauv_msgs/cmake/tauv_msgs__rosidl_typesupport_introspection_cExport-noconfig.cmake
-- Installing: /home/gleb/dev/tauv-mono/install/tauv_msgs/share/tauv_msgs/cmake/tauv_msgs__rosidl_typesupport_cExport.cmake
-- Installing: /home/gleb/dev/tauv-mono/install/tauv_msgs/share/tauv_msgs/cmake/tauv_msgs__rosidl_typesupport_cExport-noconfig.cmake
-- Installing: /home/gleb/dev/tauv-mono/install/tauv_msgs/share/tauv_msgs/cmake/export_tauv_msgs__rosidl_generator_cppExport.cmake
-- Installing: /home/gleb/dev/tauv-mono/install/tauv_msgs/share/tauv_msgs/cmake/export_tauv_msgs__rosidl_typesupport_fastrtps_cppExport.cmake
-- Installing: /home/gleb/dev/tauv-mono/install/tauv_msgs/share/tauv_msgs/cmake/export_tauv_msgs__rosidl_typesupport_fastrtps_cppExport-noconfig.cmake
-- Installing: /home/gleb/dev/tauv-mono/install/tauv_msgs/share/tauv_msgs/cmake/tauv_msgs__rosidl_typesupport_introspection_cppExport.cmake
-- Installing: /home/gleb/dev/tauv-mono/install/tauv_msgs/share/tauv_msgs/cmake/tauv_msgs__rosidl_typesupport_introspection_cppExport-noconfig.cmake
-- Installing: /home/gleb/dev/tauv-mono/install/tauv_msgs/share/tauv_msgs/cmake/tauv_msgs__rosidl_typesupport_cppExport.cmake
-- Installing: /home/gleb/dev/tauv-mono/install/tauv_msgs/share/tauv_msgs/cmake/tauv_msgs__rosidl_typesupport_cppExport-noconfig.cmake
-- Installing: /home/gleb/dev/tauv-mono/install/tauv_msgs/share/tauv_msgs/cmake/export_tauv_msgs__rosidl_generator_pyExport.cmake
-- Installing: /home/gleb/dev/tauv-mono/install/tauv_msgs/share/tauv_msgs/cmake/export_tauv_msgs__rosidl_generator_pyExport-noconfig.cmake
-- Installing: /home/gleb/dev/tauv-mono/install/tauv_msgs/share/tauv_msgs/cmake/rosidl_cmake-extras.cmake
-- Installing: /home/gleb/dev/tauv-mono/install/tauv_msgs/share/tauv_msgs/cmake/ament_cmake_export_dependencies-extras.cmake
-- Installing: /home/gleb/dev/tauv-mono/install/tauv_msgs/share/tauv_msgs/cmake/ament_cmake_export_include_directories-extras.cmake
-- Installing: /home/gleb/dev/tauv-mono/install/tauv_msgs/share/tauv_msgs/cmake/ament_cmake_export_libraries-extras.cmake
-- Installing: /home/gleb/dev/tauv-mono/install/tauv_msgs/share/tauv_msgs/cmake/ament_cmake_export_targets-extras.cmake
-- Installing: /home/gleb/dev/tauv-mono/install/tauv_msgs/share/tauv_msgs/cmake/rosidl_cmake_export_typesupport_targets-extras.cmake
-- Installing: /home/gleb/dev/tauv-mono/install/tauv_msgs/share/tauv_msgs/cmake/rosidl_cmake_export_typesupport_libraries-extras.cmake
-- Installing: /home/gleb/dev/tauv-mono/install/tauv_msgs/share/tauv_msgs/cmake/tauv_msgsConfig.cmake
-- Installing: /home/gleb/dev/tauv-mono/install/tauv_msgs/share/tauv_msgs/cmake/tauv_msgsConfig-version.cmake
-- Installing: /home/gleb/dev/tauv-mono/install/tauv_msgs/share/tauv_msgs/package.xml
