../Modules/Eth100HzModule.hpp:38:15:virtual const char* TAUV::Eth100HzModule::getName() const	0	static
../Modules/Eth100HzModule.hpp:39:9:virtual float TAUV::Eth100HzModule::getFrequency() const	0	static
/opt/homebrew/include/flatbuffers/default_allocator.h:26:7:flatbuffers::DefaultAllocator::~DefaultAllocator()	0	static
../Util/Logging.hpp:65:20:void __tcf_0()	0	static
/opt/homebrew/include/flatbuffers/default_allocator.h:32:8:virtual void flatbuffers::DefaultAllocator::deallocate(uint8_t*, std::size_t)	0	static
/opt/homebrew/include/flatbuffers/default_allocator.h:28:12:virtual uint8_t* flatbuffers::DefaultAllocator::allocate(std::size_t)	0	static
/opt/homebrew/include/flatbuffers/default_allocator.h:26:7:virtual flatbuffers::DefaultAllocator::~DefaultAllocator()	8	static
/Applications/STM32CubeIDE.app/Contents/Eclipse/plugins/com.st.stm32cube.ide.mcu.externaltools.gnu-tools-for-stm32.13.3.rel1.macos64_1.0.0.202411102158/tools/arm-none-eabi/include/c++/13.3.1/bits/stl_tree.h:1930:5:void std::_Rb_tree<_Key, _Val, _KeyOfValue, _Compare, _Alloc>::_M_erase(_Link_type) [with _Key = flatbuffers::Offset<flatbuffers::String>; _Val = flatbuffers::Offset<flatbuffers::String>; _KeyOfValue = std::_Identity<flatbuffers::Offset<flatbuffers::String> >; _Compare = flatbuffers::FlatBufferBuilderImpl<false>::StringOffsetCompare; _Alloc = std::allocator<flatbuffers::Offset<flatbuffers::String> >]	16	static
/opt/homebrew/include/flatbuffers/vector_downward.h:188:12:uint8_t* flatbuffers::vector_downward<SizeT>::scratch_end() const [with SizeT = long unsigned int]	8	static
/opt/homebrew/include/flatbuffers/vector_downward.h:178:12:uint8_t* flatbuffers::vector_downward<SizeT>::data() const [with SizeT = long unsigned int]	8	static
/opt/homebrew/include/flatbuffers/allocator.h:41:20:virtual uint8_t* flatbuffers::Allocator::reallocate_downward(uint8_t*, std::size_t, std::size_t, std::size_t, std::size_t)	32	static
/opt/homebrew/include/flatbuffers/vector_downward.h:141:10:std::size_t flatbuffers::vector_downward<SizeT>::ensure_space(std::size_t) [with SizeT = long unsigned int]	40	static
../Util/Logging.hpp:64:19:static TAUV::Logging& TAUV::Logging::getInstance()	8	static
../Modules/Eth100HzModule.cpp:23:18:TAUV::ModuleInitResult TAUV::Eth100HzModule::init()	8	static
/opt/homebrew/include/flatbuffers/flatbuffer_builder.h:157:3:flatbuffers::FlatBufferBuilderImpl<Is64Aware>::~FlatBufferBuilderImpl() [with bool Is64Aware = false]	16	static
/opt/homebrew/include/flatbuffers/flatbuffer_builder.h:393:8:void flatbuffers::FlatBufferBuilderImpl<Is64Aware>::NotNested() [with bool Is64Aware = false]	8	static
/opt/homebrew/include/flatbuffers/flatbuffer_builder.h:325:8:void flatbuffers::FlatBufferBuilderImpl<Is64Aware>::TrackField(flatbuffers::voffset_t, flatbuffers::uoffset_t) [with bool Is64Aware = false]	16	static
/opt/homebrew/include/flatbuffers/vector_downward.h:150:19:uint8_t* flatbuffers::vector_downward<SizeT>::make_space(std::size_t) [with SizeT = long unsigned int]	16	static
/opt/homebrew/include/flatbuffers/vector_downward.h:213:8:void flatbuffers::vector_downward<SizeT>::fill(std::size_t) [with SizeT = long unsigned int]	16	static
/opt/homebrew/include/flatbuffers/flatbuffer_builder.h:289:8:void flatbuffers::FlatBufferBuilderImpl<Is64Aware>::Align(std::size_t) [with bool Is64Aware = false]	8	static
/opt/homebrew/include/flatbuffers/flatbuffer_builder.h:367:13:flatbuffers::uoffset_t flatbuffers::FlatBufferBuilderImpl<Is64Aware>::ReferTo(flatbuffers::uoffset_t) [with bool Is64Aware = false]	16	static
/opt/homebrew/include/flatbuffers/flatbuffer_builder.h:310:11:ReturnT flatbuffers::FlatBufferBuilderImpl<Is64Aware>::PushElement(T) [with T = long unsigned int; ReturnT = long unsigned int; bool Is64Aware = false]	16	static
/opt/homebrew/include/flatbuffers/flatbuffer_builder.h:333:29:void flatbuffers::FlatBufferBuilderImpl<Is64Aware>::AddElement(flatbuffers::voffset_t, T, T) [with T = long unsigned int; bool Is64Aware = false]	16	static
/opt/homebrew/include/flatbuffers/flatbuffer_builder.h:333:29:void flatbuffers::FlatBufferBuilderImpl<Is64Aware>::AddElement(flatbuffers::voffset_t, T, T) [with T = float; bool Is64Aware = false]	24	static
/opt/homebrew/include/flatbuffers/flatbuffer_builder.h:418:13:flatbuffers::uoffset_t flatbuffers::FlatBufferBuilderImpl<Is64Aware>::EndTable(flatbuffers::uoffset_t) [with bool Is64Aware = false]	48	static
/opt/homebrew/include/flatbuffers/flatbuffer_builder.h:353:29:void flatbuffers::FlatBufferBuilderImpl<Is64Aware>::AddStruct(flatbuffers::voffset_t, const T*) [with T = TAUV_FB::Vec3; bool Is64Aware = false]	16	static
/opt/homebrew/include/flatbuffers/flatbuffer_builder.h:516:8:void flatbuffers::FlatBufferBuilderImpl<Is64Aware>::PreAlign(std::size_t, std::size_t) [with bool Is64Aware = false]	8	static
../Modules/Eth100HzModule.cpp:31:17:virtual TAUV::ModuleRunResult TAUV::Eth100HzModule::run()	168	static
