../Middlewares/Third_Party/FreeRTOS/Source/queue.c:2287:19:prvIsQueueEmpty	8	static
../Middlewares/Third_Party/FreeRTOS/Source/queue.c:2070:19:prvCopyDataToQueue	16	static
../Middlewares/Third_Party/FreeRTOS/Source/queue.c:2149:13:prvCopyDataFromQueue	4	static
../Middlewares/Third_Party/FreeRTOS/Source/queue.c:2167:13:prvUnlockQueue	16	static
../Middlewares/Third_Party/FreeRTOS/Source/queue.c:255:12:xQueueGenericReset	16	static,ignoring_inline_asm
../Middlewares/Third_Party/FreeRTOS/Source/queue.c:310:16:xQueueGenericCreateStatic.part.0.isra	24	static,ignoring_inline_asm
../Middlewares/Third_Party/FreeRTOS/Source/queue.c:310:16:xQueueGenericCreateStatic	0	static,ignoring_inline_asm
../Middlewares/Third_Party/FreeRTOS/Source/queue.c:368:16:xQueueGenericCreate	16	static,ignoring_inline_asm
../Middlewares/Third_Party/FreeRTOS/Source/queue.c:747:12:xQueueGenericSend	40	static,ignoring_inline_asm
../Middlewares/Third_Party/FreeRTOS/Source/queue.c:519:16:xQueueCreateMutexStatic	8	static
../Middlewares/Third_Party/FreeRTOS/Source/queue.c:503:16:xQueueCreateMutex	16	static
../Middlewares/Third_Party/FreeRTOS/Source/queue.c:957:12:xQueueGenericSendFromISR	32	static,ignoring_inline_asm
../Middlewares/Third_Party/FreeRTOS/Source/queue.c:1108:12:xQueueGiveFromISR	16	static,ignoring_inline_asm
../Middlewares/Third_Party/FreeRTOS/Source/queue.c:1273:12:xQueueReceive	40	static,ignoring_inline_asm
../Middlewares/Third_Party/FreeRTOS/Source/queue.c:1414:12:xQueueSemaphoreTake	40	static,ignoring_inline_asm
../Middlewares/Third_Party/FreeRTOS/Source/queue.c:1632:12:xQueuePeek	40	static,ignoring_inline_asm
../Middlewares/Third_Party/FreeRTOS/Source/queue.c:1781:12:xQueueReceiveFromISR	32	static,ignoring_inline_asm
../Middlewares/Third_Party/FreeRTOS/Source/queue.c:1872:12:xQueuePeekFromISR	24	static,ignoring_inline_asm
../Middlewares/Third_Party/FreeRTOS/Source/queue.c:1926:13:uxQueueMessagesWaiting	8	static,ignoring_inline_asm
../Middlewares/Third_Party/FreeRTOS/Source/queue.c:1942:13:uxQueueSpacesAvailable	8	static,ignoring_inline_asm
../Middlewares/Third_Party/FreeRTOS/Source/queue.c:1959:13:uxQueueMessagesWaitingFromISR	0	static,ignoring_inline_asm
../Middlewares/Third_Party/FreeRTOS/Source/queue.c:2308:12:xQueueIsQueueEmptyFromISR	0	static,ignoring_inline_asm
../Middlewares/Third_Party/FreeRTOS/Source/queue.c:2348:12:xQueueIsQueueFullFromISR	0	static,ignoring_inline_asm
../Middlewares/Third_Party/FreeRTOS/Source/queue.c:2644:7:vQueueAddToRegistry	12	static
../Middlewares/Third_Party/FreeRTOS/Source/queue.c:2673:14:pcQueueGetName	0	static
../Middlewares/Third_Party/FreeRTOS/Source/queue.c:2701:7:vQueueUnregisterQueue	8	static
../Middlewares/Third_Party/FreeRTOS/Source/queue.c:1971:6:vQueueDelete	8	static,ignoring_inline_asm
../Middlewares/Third_Party/FreeRTOS/Source/queue.c:2733:7:vQueueWaitForMessageRestricted	16	static
