../Core/Src/stm32f7xx_hal_msp.c:65:6:HAL_MspInit	8	static
../Core/Src/stm32f7xx_hal_msp.c:90:6:HAL_I2C_MspInit	192	static
../Core/Src/stm32f7xx_hal_msp.c:140:6:HAL_I2C_MspDeInit	8	static
../Core/Src/stm32f7xx_hal_msp.c:173:6:HAL_TIM_OC_MspInit	16	static
../Core/Src/stm32f7xx_hal_msp.c:199:6:HAL_TIM_Base_MspInit	16	static
../Core/Src/stm32f7xx_hal_msp.c:219:6:HAL_TIM_MspPostInit	32	static
../Core/Src/stm32f7xx_hal_msp.c:251:6:HAL_TIM_OC_MspDeInit	0	static
../Core/Src/stm32f7xx_hal_msp.c:276:6:HAL_TIM_Base_MspDeInit	0	static
../Core/Src/stm32f7xx_hal_msp.c:301:6:HAL_UART_MspInit	224	static
../Core/Src/stm32f7xx_hal_msp.c:461:6:HAL_UART_MspDeInit	8	static
