/Applications/STM32CubeIDE.app/Contents/Eclipse/plugins/com.st.stm32cube.ide.mcu.externaltools.gnu-tools-for-stm32.13.3.rel1.macos64_1.0.0.202411102158/tools/arm-none-eabi/include/c++/13.3.1/new:174:33:void* operator new(std::size_t, void*)	16	static
/Applications/STM32CubeIDE.app/Contents/Eclipse/plugins/com.st.stm32cube.ide.mcu.externaltools.gnu-tools-for-stm32.13.3.rel1.macos64_1.0.0.202411102158/tools/arm-none-eabi/include/c++/13.3.1/bits/stl_algobase.h:1012:3:constexpr int std::__size_to_integer(int)	16	static
../Modules/Eth50HzInterface.hpp:25:21:const TAUV::ESCMessage& TAUV::Eth50HzInterface::getESCMessage() const	16	static
/Applications/STM32CubeIDE.app/Contents/Eclipse/plugins/com.st.stm32cube.ide.mcu.externaltools.gnu-tools-for-stm32.13.3.rel1.macos64_1.0.0.202411102158/tools/arm-none-eabi/include/c++/13.3.1/bits/std_function.h:85:17:void* std::_Any_data::_M_access()	16	static
/Applications/STM32CubeIDE.app/Contents/Eclipse/plugins/com.st.stm32cube.ide.mcu.externaltools.gnu-tools-for-stm32.13.3.rel1.macos64_1.0.0.202411102158/tools/arm-none-eabi/include/c++/13.3.1/bits/std_function.h:86:17:const void* std::_Any_data::_M_access() const	16	static
/Applications/STM32CubeIDE.app/Contents/Eclipse/plugins/com.st.stm32cube.ide.mcu.externaltools.gnu-tools-for-stm32.13.3.rel1.macos64_1.0.0.202411102158/tools/arm-none-eabi/include/c++/13.3.1/bits/std_function.h:241:5:std::_Function_base::~_Function_base()	16	static
/Applications/STM32CubeIDE.app/Contents/Eclipse/plugins/com.st.stm32cube.ide.mcu.externaltools.gnu-tools-for-stm32.13.3.rel1.macos64_1.0.0.202411102158/tools/arm-none-eabi/include/c++/13.3.1/bits/std_function.h:247:10:bool std::_Function_base::_M_empty() const	16	static
/Applications/STM32CubeIDE.app/Contents/Eclipse/plugins/com.st.stm32cube.ide.mcu.externaltools.gnu-tools-for-stm32.13.3.rel1.macos64_1.0.0.202411102158/tools/arm-none-eabi/include/c++/13.3.1/bits/stl_algobase.h:233:5:constexpr const _Tp& std::min(const _Tp&, const _Tp&) [with _Tp = unsigned int]	16	static
../Util/UdpSocket.hpp:30:10:bool UdpSocket::init()	16	static
/Applications/STM32CubeIDE.app/Contents/Eclipse/plugins/com.st.stm32cube.ide.mcu.externaltools.gnu-tools-for-stm32.13.3.rel1.macos64_1.0.0.202411102158/tools/arm-none-eabi/include/c++/13.3.1/bits/std_function.h:334:11:std::function<void(const ip4_addr&, short unsigned int, const unsigned char*, short unsigned int)>::~function()	16	static
../Util/UdpSocket.hpp:46:10:bool UdpSocket::bind(uint16_t)	16	static
../Util/UdpSocket.hpp:54:10:bool UdpSocket::set_receive_callback(ReceiveCallback)	16	static
../Util/UdpSocket.hpp:60:10:void UdpSocket::send(const ip_addr_t&, uint16_t, const uint8_t*, uint16_t)	32	static
../Util/UdpSocket.hpp:80:17:static void UdpSocket::udp_rx_trampoline(void*, udp_pcb*, pbuf*, const ip_addr_t*, u16_t)	40	static
../Modules/Eth50HzModule.hpp:38:15:virtual const char* TAUV::Eth50HzModule::getName() const	16	static
../Modules/Eth50HzModule.hpp:39:9:virtual float TAUV::Eth50HzModule::getFrequency() const	16	static
/Applications/STM32CubeIDE.app/Contents/Eclipse/plugins/com.st.stm32cube.ide.mcu.externaltools.gnu-tools-for-stm32.13.3.rel1.macos64_1.0.0.202411102158/tools/arm-none-eabi/include/c++/13.3.1/arm-none-eabi/thumb/v7e-m+dp/hard/bits/gthr-default.h:229:1:int __gthread_key_delete(__gthread_key_t)	16	static
../Util/Logging.hpp:65:20:void __tcf_0()	8	static
../Util/Logging.hpp:64:19:static TAUV::Logging& TAUV::Logging::getInstance()	8	static
/Applications/STM32CubeIDE.app/Contents/Eclipse/plugins/com.st.stm32cube.ide.mcu.externaltools.gnu-tools-for-stm32.13.3.rel1.macos64_1.0.0.202411102158/tools/arm-none-eabi/include/c++/13.3.1/limits:995:7:static constexpr short unsigned int std::numeric_limits<short unsigned int>::max()	4	static
/Applications/STM32CubeIDE.app/Contents/Eclipse/plugins/com.st.stm32cube.ide.mcu.externaltools.gnu-tools-for-stm32.13.3.rel1.macos64_1.0.0.202411102158/tools/arm-none-eabi/include/c++/13.3.1/limits:1207:7:static constexpr long int std::numeric_limits<long int>::max()	4	static
/opt/homebrew/include/flatbuffers/base.h:458:15:std::size_t flatbuffers::PaddingBytes(std::size_t, std::size_t)	16	static
/opt/homebrew/include/flatbuffers/buffer.h:55:13:void flatbuffers::EndianCheck()	16	static
/opt/homebrew/include/flatbuffers/buffer.h:160:20:const char* flatbuffers::GetBufferIdentifier(const void*, bool)	16	static
/opt/homebrew/include/flatbuffers/buffer.h:167:13:bool flatbuffers::BufferHasIdentifier(const void*, const char*, bool)	24	static
/opt/homebrew/include/flatbuffers/allocator.h:28:11:flatbuffers::Allocator::~Allocator()	16	static
/opt/homebrew/include/flatbuffers/allocator.h:28:11:virtual flatbuffers::Allocator::~Allocator()	16	static
/opt/homebrew/include/flatbuffers/allocator.h:41:20:virtual uint8_t* flatbuffers::Allocator::reallocate_downward(uint8_t*, std::size_t, std::size_t, std::size_t, std::size_t)	48	static
/opt/homebrew/include/flatbuffers/allocator.h:57:8:void flatbuffers::Allocator::memcpy_downward(uint8_t*, std::size_t, uint8_t*, std::size_t, std::size_t, std::size_t)	24	static
/opt/homebrew/include/flatbuffers/default_allocator.h:28:12:virtual uint8_t* flatbuffers::DefaultAllocator::allocate(std::size_t)	16	static
/opt/homebrew/include/flatbuffers/default_allocator.h:32:8:virtual void flatbuffers::DefaultAllocator::deallocate(uint8_t*, std::size_t)	24	static
/opt/homebrew/include/flatbuffers/allocator.h:26:7:constexpr flatbuffers::Allocator::Allocator()	16	static
/opt/homebrew/include/flatbuffers/default_allocator.h:26:7:constexpr flatbuffers::DefaultAllocator::DefaultAllocator()	16	static
/opt/homebrew/include/flatbuffers/default_allocator.h:26:7:flatbuffers::DefaultAllocator::~DefaultAllocator()	16	static
/opt/homebrew/include/flatbuffers/default_allocator.h:26:7:virtual flatbuffers::DefaultAllocator::~DefaultAllocator()	16	static
/opt/homebrew/include/flatbuffers/default_allocator.h:41:17:uint8_t* flatbuffers::Allocate(Allocator*, std::size_t)	32	static
/opt/homebrew/include/flatbuffers/default_allocator.h:46:13:void flatbuffers::Deallocate(Allocator*, uint8_t*, std::size_t)	32	static
/opt/homebrew/include/flatbuffers/default_allocator.h:53:17:uint8_t* flatbuffers::ReallocateDownward(Allocator*, uint8_t*, std::size_t, std::size_t, std::size_t, std::size_t)	48	static
/opt/homebrew/include/flatbuffers/table.h:29:18:const uint8_t* flatbuffers::Table::GetVTable() const	24	static
/opt/homebrew/include/flatbuffers/table.h:35:13:flatbuffers::voffset_t flatbuffers::Table::GetOptionalFieldOffset(flatbuffers::voffset_t) const	24	static
/opt/homebrew/include/flatbuffers/table.h:119:8:bool flatbuffers::Table::VerifyTableStart(flatbuffers::Verifier&) const	16	static
/opt/homebrew/include/flatbuffers/flatbuffer_builder.h:44:18:flatbuffers::voffset_t flatbuffers::FieldIndexToOffset(voffset_t)	24	static
../FlatBuffers/eth_msg_jetson_rtvc_50_generated.h:30:35:const TAUV_FB::ThrusterCommand* TAUV_FB::Eth50HzTxMsg::thruster_command() const	16	static
../FlatBuffers/eth_msg_jetson_rtvc_50_generated.h:33:8:bool TAUV_FB::Eth50HzTxMsg::Verify(flatbuffers::Verifier&) const	16	static
../FlatBuffers/eth_msg_jetson_rtvc_50_generated.h:79:41:const flatbuffers::Vector<long int>* TAUV_FB::ThrusterCommand::rpm() const	16	static
../FlatBuffers/eth_msg_jetson_rtvc_50_generated.h:82:41:const flatbuffers::Vector<unsigned char>* TAUV_FB::ThrusterCommand::enabled() const	16	static
../FlatBuffers/eth_msg_jetson_rtvc_50_generated.h:85:8:bool TAUV_FB::ThrusterCommand::Verify(flatbuffers::Verifier&) const	16	static
../FlatBuffers/eth_msg_jetson_rtvc_50_generated.h:143:37:const TAUV_FB::Eth50HzTxMsg* TAUV_FB::GetEth50HzTxMsg(const void*)	16	static
../FlatBuffers/eth_msg_jetson_rtvc_50_generated.h:151:13:bool TAUV_FB::VerifyEth50HzTxMsgBuffer(flatbuffers::Verifier&)	16	static
../FlatBuffers/eth_msg_rtvc_jetson_50_generated.h:46:8:void TAUV_FB::Eth50HzESCMsgBuilder::add_esc_data(flatbuffers::Offset<flatbuffers::Vector<flatbuffers::Offset<TAUV_FB::ESCFrame> > >)	16	static
../FlatBuffers/eth_msg_rtvc_jetson_50_generated.h:49:12:TAUV_FB::Eth50HzESCMsgBuilder::Eth50HzESCMsgBuilder(flatbuffers::FlatBufferBuilder&)	16	static
../FlatBuffers/eth_msg_rtvc_jetson_50_generated.h:53:40:flatbuffers::Offset<TAUV_FB::Eth50HzESCMsg> TAUV_FB::Eth50HzESCMsgBuilder::Finish()	24	static
../FlatBuffers/eth_msg_rtvc_jetson_50_generated.h:60:45:flatbuffers::Offset<TAUV_FB::Eth50HzESCMsg> TAUV_FB::CreateEth50HzESCMsg(flatbuffers::FlatBufferBuilder&, flatbuffers::Offset<flatbuffers::Vector<flatbuffers::Offset<ESCFrame> > >)	24	static
../FlatBuffers/eth_msg_rtvc_jetson_50_generated.h:127:8:void TAUV_FB::ESCFrameBuilder::add_id(uint8_t)	16	static
../FlatBuffers/eth_msg_rtvc_jetson_50_generated.h:130:8:void TAUV_FB::ESCFrameBuilder::add_rpm(int32_t)	16	static
../FlatBuffers/eth_msg_rtvc_jetson_50_generated.h:133:8:void TAUV_FB::ESCFrameBuilder::add_voltage(float)	16	static
../FlatBuffers/eth_msg_rtvc_jetson_50_generated.h:136:8:void TAUV_FB::ESCFrameBuilder::add_current(float)	16	static
../FlatBuffers/eth_msg_rtvc_jetson_50_generated.h:139:8:void TAUV_FB::ESCFrameBuilder::add_temperature(float)	16	static
../FlatBuffers/eth_msg_rtvc_jetson_50_generated.h:142:8:void TAUV_FB::ESCFrameBuilder::add_fault_code(uint8_t)	16	static
../FlatBuffers/eth_msg_rtvc_jetson_50_generated.h:145:12:TAUV_FB::ESCFrameBuilder::ESCFrameBuilder(flatbuffers::FlatBufferBuilder&)	16	static
../FlatBuffers/eth_msg_rtvc_jetson_50_generated.h:149:35:flatbuffers::Offset<TAUV_FB::ESCFrame> TAUV_FB::ESCFrameBuilder::Finish()	24	static
../FlatBuffers/eth_msg_rtvc_jetson_50_generated.h:156:40:flatbuffers::Offset<TAUV_FB::ESCFrame> TAUV_FB::CreateESCFrame(flatbuffers::FlatBufferBuilder&, uint8_t, int32_t, float, float, float, uint8_t)	40	static
../Modules/Eth50HzModule.cpp:29:7:TAUV::Eth50HzModule::init()::<lambda(const ip_addr_t&, uint16_t, const uint8_t*, uint16_t)>	32	static
../Modules/Eth50HzModule.cpp:25:18:TAUV::ModuleInitResult TAUV::Eth50HzModule::init()	48	static
/Applications/STM32CubeIDE.app/Contents/Eclipse/plugins/com.st.stm32cube.ide.mcu.externaltools.gnu-tools-for-stm32.13.3.rel1.macos64_1.0.0.202411102158/tools/arm-none-eabi/include/c++/13.3.1/bits/stl_vector.h:133:14:std::_Vector_base<flatbuffers::Offset<TAUV_FB::ESCFrame>, std::allocator<flatbuffers::Offset<TAUV_FB::ESCFrame> > >::_Vector_impl::~_Vector_impl()	24	static
/Applications/STM32CubeIDE.app/Contents/Eclipse/plugins/com.st.stm32cube.ide.mcu.externaltools.gnu-tools-for-stm32.13.3.rel1.macos64_1.0.0.202411102158/tools/arm-none-eabi/include/c++/13.3.1/bits/stl_vector.h:315:7:std::_Vector_base<_Tp, _Alloc>::_Vector_base() [with _Tp = flatbuffers::Offset<TAUV_FB::ESCFrame>; _Alloc = std::allocator<flatbuffers::Offset<TAUV_FB::ESCFrame> >]	16	static
/Applications/STM32CubeIDE.app/Contents/Eclipse/plugins/com.st.stm32cube.ide.mcu.externaltools.gnu-tools-for-stm32.13.3.rel1.macos64_1.0.0.202411102158/tools/arm-none-eabi/include/c++/13.3.1/bits/stl_vector.h:531:7:std::vector<_Tp, _Alloc>::vector() [with _Tp = flatbuffers::Offset<TAUV_FB::ESCFrame>; _Alloc = std::allocator<flatbuffers::Offset<TAUV_FB::ESCFrame> >]	16	static
../Modules/Eth50HzModule.cpp:36:17:virtual TAUV::ModuleRunResult TAUV::Eth50HzModule::run()	304	static
../Modules/Eth50HzModule.cpp:113:6:void TAUV::Eth50HzModule::onReceive(const ip_addr_t&, uint16_t, const uint8_t*, uint16_t)	296	static
/Applications/STM32CubeIDE.app/Contents/Eclipse/plugins/com.st.stm32cube.ide.mcu.externaltools.gnu-tools-for-stm32.13.3.rel1.macos64_1.0.0.202411102158/tools/arm-none-eabi/include/c++/13.3.1/bits/stl_algobase.h:257:5:constexpr const _Tp& std::max(const _Tp&, const _Tp&) [with _Tp = unsigned int]	16	static
/Applications/STM32CubeIDE.app/Contents/Eclipse/plugins/com.st.stm32cube.ide.mcu.externaltools.gnu-tools-for-stm32.13.3.rel1.macos64_1.0.0.202411102158/tools/arm-none-eabi/include/c++/13.3.1/bits/move.h:97:5:constexpr typename std::remove_reference<_Tp>::type&& std::move(_Tp&&) [with _Tp = function<void(const ip4_addr&, short unsigned int, const unsigned char*, short unsigned int)>&]	16	static
/Applications/STM32CubeIDE.app/Contents/Eclipse/plugins/com.st.stm32cube.ide.mcu.externaltools.gnu-tools-for-stm32.13.3.rel1.macos64_1.0.0.202411102158/tools/arm-none-eabi/include/c++/13.3.1/bits/std_function.h:487:7:)>&&) [with _Res = void; _ArgTypes = {const ip4_addr&, short unsigned int, const unsigned char*, short unsigned int}]	32	static
/Applications/STM32CubeIDE.app/Contents/Eclipse/plugins/com.st.stm32cube.ide.mcu.externaltools.gnu-tools-for-stm32.13.3.rel1.macos64_1.0.0.202411102158/tools/arm-none-eabi/include/c++/13.3.1/bits/std_function.h:573:16:)>::operator bool() const [with _Res = void; _ArgTypes = {const ip4_addr&, short unsigned int, const unsigned char*, short unsigned int}]	16	static
/Applications/STM32CubeIDE.app/Contents/Eclipse/plugins/com.st.stm32cube.ide.mcu.externaltools.gnu-tools-for-stm32.13.3.rel1.macos64_1.0.0.202411102158/tools/arm-none-eabi/include/c++/13.3.1/bits/std_function.h:587:7:) const [with _Res = void; _ArgTypes = {const ip4_addr&, short unsigned int, const unsigned char*, short unsigned int}]	56	static
/Applications/STM32CubeIDE.app/Contents/Eclipse/plugins/com.st.stm32cube.ide.mcu.externaltools.gnu-tools-for-stm32.13.3.rel1.macos64_1.0.0.202411102158/tools/arm-none-eabi/include/c++/13.3.1/bits/std_function.h:239:5:constexpr std::_Function_base::_Function_base()	16	static
/opt/homebrew/include/flatbuffers/base.h:416:24:T flatbuffers::EndianScalar(T) [with T = long unsigned int]	16	static
/opt/homebrew/include/flatbuffers/base.h:427:3:T flatbuffers::ReadScalar(const void*) [with T = long int]	16	static
/opt/homebrew/include/flatbuffers/base.h:427:3:T flatbuffers::ReadScalar(const void*) [with T = short unsigned int]	16	static
/opt/homebrew/include/flatbuffers/verifier.h:183:8:bool flatbuffers::VerifierTemplate<TrackVerifierBufferSize>::VerifyTableStart(const uint8_t*) [with bool TrackVerifierBufferSize = false]	32	static
/opt/homebrew/include/flatbuffers/base.h:427:3:T flatbuffers::ReadScalar(const void*) [with T = long unsigned int]	16	static
/opt/homebrew/include/flatbuffers/table.h:58:5:P flatbuffers::Table::GetPointer(flatbuffers::voffset_t) const [with P = const TAUV_FB::ThrusterCommand*; OffsetSize = long unsigned int]	16	static
/opt/homebrew/include/flatbuffers/table.h:145:8:bool flatbuffers::Table::VerifyOffset(const flatbuffers::Verifier&, flatbuffers::voffset_t) const [with OffsetT = long unsigned int]	32	static
/opt/homebrew/include/flatbuffers/verifier.h:117:29:bool flatbuffers::VerifierTemplate<TrackVerifierBufferSize>::VerifyTable(const T*) [with T = TAUV_FB::ThrusterCommand; bool TrackVerifierBufferSize = false]	16	static
/opt/homebrew/include/flatbuffers/verifier.h:287:8:bool flatbuffers::VerifierTemplate<TrackVerifierBufferSize>::EndTable() [with bool TrackVerifierBufferSize = false]	16	static
/opt/homebrew/include/flatbuffers/flatbuffer_builder.h:409:13:flatbuffers::uoffset_t flatbuffers::FlatBufferBuilderImpl<Is64Aware>::StartTable() [with bool Is64Aware = false]	16	static
/opt/homebrew/include/flatbuffers/flatbuffer_builder.h:418:13:flatbuffers::uoffset_t flatbuffers::FlatBufferBuilderImpl<Is64Aware>::EndTable(flatbuffers::uoffset_t) [with bool Is64Aware = false]	80	static
/opt/homebrew/include/flatbuffers/table.h:58:5:P flatbuffers::Table::GetPointer(flatbuffers::voffset_t) const [with P = const flatbuffers::Vector<long int>*; OffsetSize = long unsigned int]	16	static
/opt/homebrew/include/flatbuffers/table.h:58:5:P flatbuffers::Table::GetPointer(flatbuffers::voffset_t) const [with P = const flatbuffers::Vector<unsigned char>*; OffsetSize = long unsigned int]	16	static
/opt/homebrew/include/flatbuffers/verifier.h:123:8:<anonymous> = {}; T = long int; LenT = long unsigned int; bool TrackVerifierBufferSize = false]	16	static
/opt/homebrew/include/flatbuffers/verifier.h:123:8:<anonymous> = {}; T = unsigned char; LenT = long unsigned int; bool TrackVerifierBufferSize = false]	16	static
/opt/homebrew/include/flatbuffers/buffer.h:188:31:const T* flatbuffers::GetRoot(const void*) [with T = TAUV_FB::Eth50HzTxMsg]	16	static
/opt/homebrew/include/flatbuffers/verifier.h:245:29:bool flatbuffers::VerifierTemplate<TrackVerifierBufferSize>::VerifyBuffer(const char*) [with T = TAUV_FB::Eth50HzTxMsg; bool TrackVerifierBufferSize = false]	16	static
/opt/homebrew/include/flatbuffers/flatbuffer_builder.h:343:29:void flatbuffers::FlatBufferBuilderImpl<Is64Aware>::AddOffset(flatbuffers::voffset_t, flatbuffers::Offset<T>) [with T = flatbuffers::Vector<flatbuffers::Offset<TAUV_FB::ESCFrame> >; bool Is64Aware = false]	24	static
/opt/homebrew/include/flatbuffers/buffer.h:34:3:flatbuffers::Offset<T>::Offset(offset_type) [with T = TAUV_FB::Eth50HzESCMsg]	16	static
/opt/homebrew/include/flatbuffers/flatbuffer_builder.h:799:21:flatbuffers::Offset<flatbuffers::Vector<T> > flatbuffers::FlatBufferBuilderImpl<Is64Aware>::CreateVector(const std::vector<T, Alloc>&) [with T = flatbuffers::Offset<TAUV_FB::ESCFrame>; Alloc = std::allocator<flatbuffers::Offset<TAUV_FB::ESCFrame> >; bool Is64Aware = false]	24	static
/opt/homebrew/include/flatbuffers/buffer.h:34:3:flatbuffers::Offset<T>::Offset(offset_type) [with T = flatbuffers::Vector<flatbuffers::Offset<TAUV_FB::ESCFrame> >]	16	static
/opt/homebrew/include/flatbuffers/flatbuffer_builder.h:333:29:void flatbuffers::FlatBufferBuilderImpl<Is64Aware>::AddElement(flatbuffers::voffset_t, T, T) [with T = unsigned char; bool Is64Aware = false]	16	static
/opt/homebrew/include/flatbuffers/flatbuffer_builder.h:333:29:void flatbuffers::FlatBufferBuilderImpl<Is64Aware>::AddElement(flatbuffers::voffset_t, T, T) [with T = long int; bool Is64Aware = false]	24	static
/opt/homebrew/include/flatbuffers/flatbuffer_builder.h:333:29:void flatbuffers::FlatBufferBuilderImpl<Is64Aware>::AddElement(flatbuffers::voffset_t, T, T) [with T = float; bool Is64Aware = false]	24	static
/opt/homebrew/include/flatbuffers/buffer.h:34:3:flatbuffers::Offset<T>::Offset(offset_type) [with T = TAUV_FB::ESCFrame]	16	static
/opt/homebrew/include/flatbuffers/flatbuffer_builder.h:1228:8:void flatbuffers::FlatBufferBuilderImpl<Is64Aware>::Finish(flatbuffers::Offset<T>, const char*) [with T = TAUV_FB::Eth50HzESCMsg; bool Is64Aware = false]	24	static
/Applications/STM32CubeIDE.app/Contents/Eclipse/plugins/com.st.stm32cube.ide.mcu.externaltools.gnu-tools-for-stm32.13.3.rel1.macos64_1.0.0.202411102158/tools/arm-none-eabi/include/c++/13.3.1/bits/std_function.h:435:2:)>::function(_Functor&&) [with _Functor = TAUV::Eth50HzModule::init()::<lambda(const ip_addr_t&, uint16_t, const uint8_t*, uint16_t)>; _Constraints = void; _Res = void; _ArgTypes = {const ip4_addr&, short unsigned int, const unsigned char*, short unsigned int}]	24	static
../Util/StaticQueue.hpp:53:8:bool StaticQueue<T, QueueLength>::receive(T&, TickType_t) [with T = TAUV::Eth50HzModule::RxBuf; unsigned int QueueLength = 8]	24	static
/Applications/STM32CubeIDE.app/Contents/Eclipse/plugins/com.st.stm32cube.ide.mcu.externaltools.gnu-tools-for-stm32.13.3.rel1.macos64_1.0.0.202411102158/tools/arm-none-eabi/include/c++/13.3.1/array:131:7:constexpr const std::array<_Tp, _Nm>::value_type* std::array<_Tp, _Nm>::begin() const [with _Tp = unsigned char; unsigned int _Nm = 128]	16	static
/opt/homebrew/include/flatbuffers/verifier.h:55:40:flatbuffers::VerifierTemplate<false>::VerifierTemplate(const uint8_t*, std::size_t, flatbuffers::uoffset_t, flatbuffers::uoffset_t, bool)::<lambda()>	24	static
/opt/homebrew/include/flatbuffers/verifier.h:51:3:flatbuffers::VerifierTemplate<TrackVerifierBufferSize>::VerifierTemplate(const uint8_t*, std::size_t, flatbuffers::uoffset_t, flatbuffers::uoffset_t, bool) [with bool TrackVerifierBufferSize = false]	56	static
/opt/homebrew/include/flatbuffers/vector.h:176:9:SizeT flatbuffers::Vector<T, SizeT>::size() const [with T = unsigned char; SizeT = long unsigned int]	16	static
/Applications/STM32CubeIDE.app/Contents/Eclipse/plugins/com.st.stm32cube.ide.mcu.externaltools.gnu-tools-for-stm32.13.3.rel1.macos64_1.0.0.202411102158/tools/arm-none-eabi/include/c++/13.3.1/array:200:7:constexpr std::array<_Tp, _Nm>::value_type& std::array<_Tp, _Nm>::operator[](size_type) [with _Tp = bool; unsigned int _Nm = 8]	16	static
/opt/homebrew/include/flatbuffers/vector.h:192:15:flatbuffers::Vector<T, SizeT>::return_type flatbuffers::Vector<T, SizeT>::Get(SizeT) const [with T = unsigned char; SizeT = long unsigned int]	16	static
/Applications/STM32CubeIDE.app/Contents/Eclipse/plugins/com.st.stm32cube.ide.mcu.externaltools.gnu-tools-for-stm32.13.3.rel1.macos64_1.0.0.202411102158/tools/arm-none-eabi/include/c++/13.3.1/array:200:7:constexpr std::array<_Tp, _Nm>::value_type& std::array<_Tp, _Nm>::operator[](size_type) [with _Tp = long int; unsigned int _Nm = 8]	16	static
/opt/homebrew/include/flatbuffers/vector.h:192:15:flatbuffers::Vector<T, SizeT>::return_type flatbuffers::Vector<T, SizeT>::Get(SizeT) const [with T = long int; SizeT = long unsigned int]	16	static
/opt/homebrew/include/flatbuffers/buffer.h:63:51:constexpr std::size_t flatbuffers::AlignOf() [with T = long long unsigned int]	4	static
/opt/homebrew/include/flatbuffers/flatbuffer_builder.h:95:12:flatbuffers::FlatBufferBuilderImpl<Is64Aware>::FlatBufferBuilderImpl(std::size_t, flatbuffers::Allocator*, bool, std::size_t) [with bool Is64Aware = false]	40	static
/Applications/STM32CubeIDE.app/Contents/Eclipse/plugins/com.st.stm32cube.ide.mcu.externaltools.gnu-tools-for-stm32.13.3.rel1.macos64_1.0.0.202411102158/tools/arm-none-eabi/include/c++/13.3.1/bits/stl_set.h:283:7:std::set<_Key, _Compare, _Alloc>::~set() [with _Key = flatbuffers::Offset<flatbuffers::String>; _Compare = flatbuffers::FlatBufferBuilderImpl<false>::StringOffsetCompare; _Alloc = std::allocator<flatbuffers::Offset<flatbuffers::String> >]	16	static
/opt/homebrew/include/flatbuffers/flatbuffer_builder.h:157:3:flatbuffers::FlatBufferBuilderImpl<Is64Aware>::~FlatBufferBuilderImpl() [with bool Is64Aware = false]	24	static
/Applications/STM32CubeIDE.app/Contents/Eclipse/plugins/com.st.stm32cube.ide.mcu.externaltools.gnu-tools-for-stm32.13.3.rel1.macos64_1.0.0.202411102158/tools/arm-none-eabi/include/c++/13.3.1/bits/stl_vector.h:137:2:std::_Vector_base<_Tp, _Alloc>::_Vector_impl::_Vector_impl() [with _Tp = flatbuffers::Offset<TAUV_FB::ESCFrame>; _Alloc = std::allocator<flatbuffers::Offset<TAUV_FB::ESCFrame> >]	24	static
/Applications/STM32CubeIDE.app/Contents/Eclipse/plugins/com.st.stm32cube.ide.mcu.externaltools.gnu-tools-for-stm32.13.3.rel1.macos64_1.0.0.202411102158/tools/arm-none-eabi/include/c++/13.3.1/bits/stl_vector.h:367:7:std::_Vector_base<_Tp, _Alloc>::~_Vector_base() [with _Tp = flatbuffers::Offset<TAUV_FB::ESCFrame>; _Alloc = std::allocator<flatbuffers::Offset<TAUV_FB::ESCFrame> >]	16	static
/Applications/STM32CubeIDE.app/Contents/Eclipse/plugins/com.st.stm32cube.ide.mcu.externaltools.gnu-tools-for-stm32.13.3.rel1.macos64_1.0.0.202411102158/tools/arm-none-eabi/include/c++/13.3.1/bits/stl_vector.h:733:7:std::vector<_Tp, _Alloc>::~vector() [with _Tp = flatbuffers::Offset<TAUV_FB::ESCFrame>; _Alloc = std::allocator<flatbuffers::Offset<TAUV_FB::ESCFrame> >]	40	static
/Applications/STM32CubeIDE.app/Contents/Eclipse/plugins/com.st.stm32cube.ide.mcu.externaltools.gnu-tools-for-stm32.13.3.rel1.macos64_1.0.0.202411102158/tools/arm-none-eabi/include/c++/13.3.1/array:208:7:constexpr const std::array<_Tp, _Nm>::value_type& std::array<_Tp, _Nm>::operator[](size_type) const [with _Tp = TAUV::ESCTelemetry; unsigned int _Nm = 8]	16	static
/Applications/STM32CubeIDE.app/Contents/Eclipse/plugins/com.st.stm32cube.ide.mcu.externaltools.gnu-tools-for-stm32.13.3.rel1.macos64_1.0.0.202411102158/tools/arm-none-eabi/include/c++/13.3.1/bits/stl_vector.h:1281:7:void std::vector<_Tp, _Alloc>::push_back(const value_type&) [with _Tp = flatbuffers::Offset<TAUV_FB::ESCFrame>; _Alloc = std::allocator<flatbuffers::Offset<TAUV_FB::ESCFrame> >]	48	static
/opt/homebrew/include/flatbuffers/flatbuffer_builder.h:208:12:uint8_t* flatbuffers::FlatBufferBuilderImpl<Is64Aware>::GetBufferPointer() const [with bool Is64Aware = false]	16	static
/opt/homebrew/include/flatbuffers/flatbuffer_builder.h:180:9:flatbuffers::FlatBufferBuilderImpl<Is64Aware>::SizeT flatbuffers::FlatBufferBuilderImpl<Is64Aware>::GetSize() const [with bool Is64Aware = false]	16	static
/Applications/STM32CubeIDE.app/Contents/Eclipse/plugins/com.st.stm32cube.ide.mcu.externaltools.gnu-tools-for-stm32.13.3.rel1.macos64_1.0.0.202411102158/tools/arm-none-eabi/include/c++/13.3.1/array:126:7:constexpr std::array<_Tp, _Nm>::value_type* std::array<_Tp, _Nm>::begin() [with _Tp = unsigned char; unsigned int _Nm = 128]	24	static
/Applications/STM32CubeIDE.app/Contents/Eclipse/plugins/com.st.stm32cube.ide.mcu.externaltools.gnu-tools-for-stm32.13.3.rel1.macos64_1.0.0.202411102158/tools/arm-none-eabi/include/c++/13.3.1/bits/stl_algo.h:749:5:_OIter std::copy_n(_IIter, _Size, _OIter) [with _IIter = const unsigned char*; _Size = short unsigned int; _OIter = unsigned char*]	40	static
../Util/StaticQueue.hpp:45:8:bool StaticQueue<T, QueueLength>::send(const T&, TickType_t) [with T = TAUV::Eth50HzModule::RxBuf; unsigned int QueueLength = 8]	24	static
/Applications/STM32CubeIDE.app/Contents/Eclipse/plugins/com.st.stm32cube.ide.mcu.externaltools.gnu-tools-for-stm32.13.3.rel1.macos64_1.0.0.202411102158/tools/arm-none-eabi/include/c++/13.3.1/bits/std_function.h:404:7:)>&&) [with _Res = void; _ArgTypes = {const ip4_addr&, short unsigned int, const unsigned char*, short unsigned int}]	16	static
/Applications/STM32CubeIDE.app/Contents/Eclipse/plugins/com.st.stm32cube.ide.mcu.externaltools.gnu-tools-for-stm32.13.3.rel1.macos64_1.0.0.202411102158/tools/arm-none-eabi/include/c++/13.3.1/bits/std_function.h:556:12:)>&) [with _Res = void; _ArgTypes = {const ip4_addr&, short unsigned int, const unsigned char*, short unsigned int}]	16	static
/Applications/STM32CubeIDE.app/Contents/Eclipse/plugins/com.st.stm32cube.ide.mcu.externaltools.gnu-tools-for-stm32.13.3.rel1.macos64_1.0.0.202411102158/tools/arm-none-eabi/include/c++/13.3.1/bits/move.h:70:5:constexpr _Tp&& std::forward(typename remove_reference<_Functor>::type&) [with _Tp = const ip4_addr&]	16	static
/Applications/STM32CubeIDE.app/Contents/Eclipse/plugins/com.st.stm32cube.ide.mcu.externaltools.gnu-tools-for-stm32.13.3.rel1.macos64_1.0.0.202411102158/tools/arm-none-eabi/include/c++/13.3.1/bits/move.h:70:5:constexpr _Tp&& std::forward(typename remove_reference<_Functor>::type&) [with _Tp = short unsigned int]	16	static
/Applications/STM32CubeIDE.app/Contents/Eclipse/plugins/com.st.stm32cube.ide.mcu.externaltools.gnu-tools-for-stm32.13.3.rel1.macos64_1.0.0.202411102158/tools/arm-none-eabi/include/c++/13.3.1/bits/move.h:70:5:constexpr _Tp&& std::forward(typename remove_reference<_Functor>::type&) [with _Tp = const unsigned char*]	16	static
/opt/homebrew/include/flatbuffers/verifier.h:64:8:bool flatbuffers::VerifierTemplate<TrackVerifierBufferSize>::Check(bool) const [with bool TrackVerifierBufferSize = false]	16	static
/opt/homebrew/include/flatbuffers/verifier.h:79:8:bool flatbuffers::VerifierTemplate<TrackVerifierBufferSize>::Verify(std::size_t, std::size_t) const [with bool TrackVerifierBufferSize = false]	24	static
/opt/homebrew/include/flatbuffers/base.h:416:24:T flatbuffers::EndianScalar(T) [with T = long int]	16	static
/opt/homebrew/include/flatbuffers/base.h:416:24:T flatbuffers::EndianScalar(T) [with T = short unsigned int]	16	static
/opt/homebrew/include/flatbuffers/verifier.h:94:29:bool flatbuffers::VerifierTemplate<TrackVerifierBufferSize>::Verify(std::size_t) const [with T = long int; bool TrackVerifierBufferSize = false]	16	static
/opt/homebrew/include/flatbuffers/verifier.h:280:8:bool flatbuffers::VerifierTemplate<TrackVerifierBufferSize>::VerifyComplexity() [with bool TrackVerifierBufferSize = false]	16	static
/opt/homebrew/include/flatbuffers/verifier.h:94:29:bool flatbuffers::VerifierTemplate<TrackVerifierBufferSize>::Verify(std::size_t) const [with T = short unsigned int; bool TrackVerifierBufferSize = false]	16	static
/opt/homebrew/include/flatbuffers/verifier.h:89:8:bool flatbuffers::VerifierTemplate<TrackVerifierBufferSize>::VerifyAlignment(std::size_t, std::size_t) const [with bool TrackVerifierBufferSize = false]	24	static
/opt/homebrew/include/flatbuffers/base.h:416:24:T flatbuffers::EndianScalar(T) [with T = unsigned char]	16	static
/opt/homebrew/include/flatbuffers/table.h:51:5:P flatbuffers::Table::GetPointer(flatbuffers::voffset_t) [with P = const TAUV_FB::ThrusterCommand*; OffsetSize = long unsigned int]	24	static
/opt/homebrew/include/flatbuffers/verifier.h:273:10:std::size_t flatbuffers::VerifierTemplate<TrackVerifierBufferSize>::VerifyOffset(const uint8_t*, flatbuffers::voffset_t) const [with OffsetT = long unsigned int; bool TrackVerifierBufferSize = false]	24	static
/opt/homebrew/include/flatbuffers/flatbuffer_builder.h:367:13:flatbuffers::uoffset_t flatbuffers::FlatBufferBuilderImpl<Is64Aware>::ReferTo(flatbuffers::uoffset_t) [with bool Is64Aware = false]	16	static
/opt/homebrew/include/flatbuffers/flatbuffer_builder.h:333:29:void flatbuffers::FlatBufferBuilderImpl<Is64Aware>::AddElement(flatbuffers::voffset_t, T, T) [with T = long unsigned int; bool Is64Aware = false]	24	static
/opt/homebrew/include/flatbuffers/flatbuffer_builder.h:393:8:void flatbuffers::FlatBufferBuilderImpl<Is64Aware>::NotNested() [with bool Is64Aware = false]	16	static
/opt/homebrew/include/flatbuffers/flatbuffer_builder.h:200:52:typename std::enable_if<(! is_64), long unsigned int>::type flatbuffers::FlatBufferBuilderImpl<Is64Aware>::GetSizeRelative32BitRegion() const [with bool is_64 = false; bool Is64Aware = false]	16	static
/opt/homebrew/include/flatbuffers/flatbuffer_builder.h:310:11:ReturnT flatbuffers::FlatBufferBuilderImpl<Is64Aware>::PushElement(T) [with T = long int; ReturnT = long unsigned int; bool Is64Aware = false]	32	static
/Applications/STM32CubeIDE.app/Contents/Eclipse/plugins/com.st.stm32cube.ide.mcu.externaltools.gnu-tools-for-stm32.13.3.rel1.macos64_1.0.0.202411102158/tools/arm-none-eabi/include/c++/13.3.1/bits/stl_algobase.h:257:5:constexpr const _Tp& std::max(const _Tp&, const _Tp&) [with _Tp = short unsigned int]	16	static
/opt/homebrew/include/flatbuffers/vector_downward.h:220:8:void flatbuffers::vector_downward<SizeT>::fill_big(std::size_t) [with SizeT = long unsigned int]	16	static
/opt/homebrew/include/flatbuffers/vector_downward.h:178:12:uint8_t* flatbuffers::vector_downward<SizeT>::data() const [with SizeT = long unsigned int]	16	static
/opt/homebrew/include/flatbuffers/base.h:441:6:void flatbuffers::WriteScalar(void*, T) [with T = short unsigned int]	16	static
/opt/homebrew/include/flatbuffers/vector_downward.h:188:12:uint8_t* flatbuffers::vector_downward<SizeT>::scratch_end() const [with SizeT = long unsigned int]	16	static
/opt/homebrew/include/flatbuffers/flatbuffer_builder.h:508:8:void flatbuffers::FlatBufferBuilderImpl<Is64Aware>::ClearOffsets() [with bool Is64Aware = false]	16	static
/opt/homebrew/include/flatbuffers/vector_downward.h:183:12:uint8_t* flatbuffers::vector_downward<SizeT>::scratch_data() const [with SizeT = long unsigned int]	16	static
/opt/homebrew/include/flatbuffers/vector_downward.h:193:12:uint8_t* flatbuffers::vector_downward<SizeT>::data_at(std::size_t) const [with SizeT = long unsigned int]	16	static
/opt/homebrew/include/flatbuffers/vector_downward.h:224:8:void flatbuffers::vector_downward<SizeT>::pop(std::size_t) [with SizeT = long unsigned int]	16	static
/opt/homebrew/include/flatbuffers/vector_downward.h:205:29:void flatbuffers::vector_downward<SizeT>::scratch_push_small(const T&) [with T = long unsigned int; SizeT = long unsigned int]	16	static
/opt/homebrew/include/flatbuffers/base.h:441:6:void flatbuffers::WriteScalar(void*, T) [with T = long int]	16	static
/opt/homebrew/include/flatbuffers/table.h:51:5:P flatbuffers::Table::GetPointer(flatbuffers::voffset_t) [with P = const flatbuffers::Vector<long int>*; OffsetSize = long unsigned int]	24	static
/opt/homebrew/include/flatbuffers/table.h:51:5:P flatbuffers::Table::GetPointer(flatbuffers::voffset_t) [with P = const flatbuffers::Vector<unsigned char>*; OffsetSize = long unsigned int]	24	static
/opt/homebrew/include/flatbuffers/verifier.h:145:8:bool flatbuffers::VerifierTemplate<TrackVerifierBufferSize>::VerifyVectorOrString(const uint8_t*, std::size_t, std::size_t*) const [with LenT = long unsigned int; bool TrackVerifierBufferSize = false]	40	static
/opt/homebrew/include/flatbuffers/buffer.h:175:25:T* flatbuffers::GetMutableRoot(void*) [with T = TAUV_FB::Eth50HzTxMsg]	16	static
/opt/homebrew/include/flatbuffers/verifier.h:201:8:bool flatbuffers::VerifierTemplate<TrackVerifierBufferSize>::VerifyBufferFromStart(const char*, std::size_t) [with T = TAUV_FB::Eth50HzTxMsg; bool TrackVerifierBufferSize = false]	32	static
/opt/homebrew/include/flatbuffers/verifier.h:94:29:bool flatbuffers::VerifierTemplate<TrackVerifierBufferSize>::Verify(std::size_t) const [with T = long unsigned int; bool TrackVerifierBufferSize = false]	16	static
/opt/homebrew/include/flatbuffers/flatbuffer_builder.h:1258:8:void flatbuffers::FlatBufferBuilderImpl<Is64Aware>::Finish(flatbuffers::uoffset_t, const char*, bool) [with bool Is64Aware = false]	40	static
/opt/homebrew/include/flatbuffers/buffer.h:36:8:bool flatbuffers::Offset<T>::IsNull() const [with T = flatbuffers::Vector<flatbuffers::Offset<TAUV_FB::ESCFrame> >]	16	static
/opt/homebrew/include/flatbuffers/flatbuffer_builder.h:54:10:const T* flatbuffers::data(const std::vector<_Tp, _Alloc>&) [with T = Offset<TAUV_FB::ESCFrame>; Alloc = std::allocator<Offset<TAUV_FB::ESCFrame> >]	16	static
/Applications/STM32CubeIDE.app/Contents/Eclipse/plugins/com.st.stm32cube.ide.mcu.externaltools.gnu-tools-for-stm32.13.3.rel1.macos64_1.0.0.202411102158/tools/arm-none-eabi/include/c++/13.3.1/bits/stl_vector.h:992:7:std::vector<_Tp, _Alloc>::size_type std::vector<_Tp, _Alloc>::size() const [with _Tp = flatbuffers::Offset<TAUV_FB::ESCFrame>; _Alloc = std::allocator<flatbuffers::Offset<TAUV_FB::ESCFrame> >]	16	static
/opt/homebrew/include/flatbuffers/flatbuffer_builder.h:786:29:flatbuffers::Offset<flatbuffers::Vector<flatbuffers::Offset<T> > > flatbuffers::FlatBufferBuilderImpl<Is64Aware>::CreateVector(const flatbuffers::Offset<T>*, std::size_t) [with T = TAUV_FB::ESCFrame; bool Is64Aware = false]	32	static
/opt/homebrew/include/flatbuffers/base.h:469:34:bool flatbuffers::IsTheSameAs(T, T) [with T = unsigned char]	16	static
/opt/homebrew/include/flatbuffers/flatbuffer_builder.h:325:8:void flatbuffers::FlatBufferBuilderImpl<Is64Aware>::TrackField(flatbuffers::voffset_t, flatbuffers::uoffset_t) [with bool Is64Aware = false]	32	static
/opt/homebrew/include/flatbuffers/flatbuffer_builder.h:310:11:ReturnT flatbuffers::FlatBufferBuilderImpl<Is64Aware>::PushElement(T) [with T = unsigned char; ReturnT = long unsigned int; bool Is64Aware = false]	32	static
/opt/homebrew/include/flatbuffers/base.h:469:34:bool flatbuffers::IsTheSameAs(T, T) [with T = long int]	16	static
/opt/homebrew/include/flatbuffers/base.h:469:34:bool flatbuffers::IsTheSameAs(T, T) [with T = float]	16	static
/opt/homebrew/include/flatbuffers/flatbuffer_builder.h:310:11:ReturnT flatbuffers::FlatBufferBuilderImpl<Is64Aware>::PushElement(T) [with T = float; ReturnT = long unsigned int; bool Is64Aware = false]	32	static
/Applications/STM32CubeIDE.app/Contents/Eclipse/plugins/com.st.stm32cube.ide.mcu.externaltools.gnu-tools-for-stm32.13.3.rel1.macos64_1.0.0.202411102158/tools/arm-none-eabi/include/c++/13.3.1/bits/std_function.h:235:4:static bool std::_Function_base::_Base_manager<_Functor>::_M_not_empty_function(const _Tp&) [with _Tp = TAUV::Eth50HzModule::init()::<lambda(const ip_addr_t&, uint16_t, const uint8_t*, uint16_t)>; _Functor = TAUV::Eth50HzModule::init()::<lambda(const ip_addr_t&, uint16_t, const uint8_t*, uint16_t)>]	16	static
/Applications/STM32CubeIDE.app/Contents/Eclipse/plugins/com.st.stm32cube.ide.mcu.externaltools.gnu-tools-for-stm32.13.3.rel1.macos64_1.0.0.202411102158/tools/arm-none-eabi/include/c++/13.3.1/bits/move.h:70:5:constexpr _Tp&& std::forward(typename remove_reference<_Functor>::type&) [with _Tp = TAUV::Eth50HzModule::init()::<lambda(const ip_addr_t&, uint16_t, const uint8_t*, uint16_t)>]	16	static
/Applications/STM32CubeIDE.app/Contents/Eclipse/plugins/com.st.stm32cube.ide.mcu.externaltools.gnu-tools-for-stm32.13.3.rel1.macos64_1.0.0.202411102158/tools/arm-none-eabi/include/c++/13.3.1/bits/std_function.h:211:4:static void std::_Function_base::_Base_manager<_Functor>::_M_init_functor(std::_Any_data&, _Fn&&) [with _Fn = TAUV::Eth50HzModule::init()::<lambda(const ip_addr_t&, uint16_t, const uint8_t*, uint16_t)>; _Functor = TAUV::Eth50HzModule::init()::<lambda(const ip_addr_t&, uint16_t, const uint8_t*, uint16_t)>]	24	static
/Applications/STM32CubeIDE.app/Contents/Eclipse/plugins/com.st.stm32cube.ide.mcu.externaltools.gnu-tools-for-stm32.13.3.rel1.macos64_1.0.0.202411102158/tools/arm-none-eabi/include/c++/13.3.1/bits/std_function.h:288:7:) [with _Res = void; _Functor = TAUV::Eth50HzModule::init()::<lambda(const ip_addr_t&, uint16_t, const uint8_t*, uint16_t)>; _ArgTypes = {const ip4_addr&, short unsigned int, const unsigned char*, short unsigned int}]	48	static
/Applications/STM32CubeIDE.app/Contents/Eclipse/plugins/com.st.stm32cube.ide.mcu.externaltools.gnu-tools-for-stm32.13.3.rel1.macos64_1.0.0.202411102158/tools/arm-none-eabi/include/c++/13.3.1/bits/std_function.h:267:7:), _Functor>::_M_manager(std::_Any_data&, const std::_Any_data&, std::_Manager_operation) [with _Res = void; _Functor = TAUV::Eth50HzModule::init()::<lambda(const ip_addr_t&, uint16_t, const uint8_t*, uint16_t)>; _ArgTypes = {const ip4_addr&, short unsigned int, const unsigned char*, short unsigned int}]	32	static
/Applications/STM32CubeIDE.app/Contents/Eclipse/plugins/com.st.stm32cube.ide.mcu.externaltools.gnu-tools-for-stm32.13.3.rel1.macos64_1.0.0.202411102158/tools/arm-none-eabi/include/c++/13.3.1/array:281:7:constexpr const std::array<_Tp, _Nm>::value_type* std::array<_Tp, _Nm>::data() const [with _Tp = unsigned char; unsigned int _Nm = 128]	16	static
/opt/homebrew/include/flatbuffers/verifier.h:44:12:flatbuffers::VerifierTemplate<TrackVerifierBufferSize>::VerifierTemplate(const uint8_t*, std::size_t, const Options&) [with bool TrackVerifierBufferSize = false]	32	static
/opt/homebrew/include/flatbuffers/vector.h:270:18:const uint8_t* flatbuffers::Vector<T, SizeT>::Data() const [with T = unsigned char; SizeT = long unsigned int]	16	static
/opt/homebrew/include/flatbuffers/buffer.h:98:22:static flatbuffers::IndirectHelper<T>::return_type flatbuffers::IndirectHelper<T>::Read(const uint8_t*, std::size_t) [with T = unsigned char]	16	static
/opt/homebrew/include/flatbuffers/vector.h:176:9:SizeT flatbuffers::Vector<T, SizeT>::size() const [with T = long int; SizeT = long unsigned int]	16	static
/opt/homebrew/include/flatbuffers/vector.h:270:18:const uint8_t* flatbuffers::Vector<T, SizeT>::Data() const [with T = long int; SizeT = long unsigned int]	16	static
/opt/homebrew/include/flatbuffers/buffer.h:98:22:static flatbuffers::IndirectHelper<T>::return_type flatbuffers::IndirectHelper<T>::Read(const uint8_t*, std::size_t) [with T = long int]	16	static
/opt/homebrew/include/flatbuffers/vector_downward.h:37:12:flatbuffers::vector_downward<SizeT>::vector_downward(std::size_t, flatbuffers::Allocator*, bool, std::size_t, SizeT) [with SizeT = long unsigned int]	24	static
/opt/homebrew/include/flatbuffers/vector_downward.h:80:3:flatbuffers::vector_downward<SizeT>::~vector_downward() [with SizeT = long unsigned int]	16	static
/Applications/STM32CubeIDE.app/Contents/Eclipse/plugins/com.st.stm32cube.ide.mcu.externaltools.gnu-tools-for-stm32.13.3.rel1.macos64_1.0.0.202411102158/tools/arm-none-eabi/include/c++/13.3.1/bits/stl_tree.h:662:9:std::_Rb_tree<flatbuffers::Offset<flatbuffers::String>, flatbuffers::Offset<flatbuffers::String>, std::_Identity<flatbuffers::Offset<flatbuffers::String> >, flatbuffers::FlatBufferBuilderImpl<false>::StringOffsetCompare, std::allocator<flatbuffers::Offset<flatbuffers::String> > >::_Rb_tree_impl<flatbuffers::FlatBufferBuilderImpl<false>::StringOffsetCompare, false>::~_Rb_tree_impl()	24	static
/Applications/STM32CubeIDE.app/Contents/Eclipse/plugins/com.st.stm32cube.ide.mcu.externaltools.gnu-tools-for-stm32.13.3.rel1.macos64_1.0.0.202411102158/tools/arm-none-eabi/include/c++/13.3.1/bits/stl_tree.h:985:7:std::_Rb_tree<_Key, _Val, _KeyOfValue, _Compare, _Alloc>::~_Rb_tree() [with _Key = flatbuffers::Offset<flatbuffers::String>; _Val = flatbuffers::Offset<flatbuffers::String>; _KeyOfValue = std::_Identity<flatbuffers::Offset<flatbuffers::String> >; _Compare = flatbuffers::FlatBufferBuilderImpl<false>::StringOffsetCompare; _Alloc = std::allocator<flatbuffers::Offset<flatbuffers::String> >]	16	static
/Applications/STM32CubeIDE.app/Contents/Eclipse/plugins/com.st.stm32cube.ide.mcu.externaltools.gnu-tools-for-stm32.13.3.rel1.macos64_1.0.0.202411102158/tools/arm-none-eabi/include/c++/13.3.1/bits/stl_vector.h:99:2:std::_Vector_base<_Tp, _Alloc>::_Vector_impl_data::_Vector_impl_data() [with _Tp = flatbuffers::Offset<TAUV_FB::ESCFrame>; _Alloc = std::allocator<flatbuffers::Offset<TAUV_FB::ESCFrame> >]	16	static
/Applications/STM32CubeIDE.app/Contents/Eclipse/plugins/com.st.stm32cube.ide.mcu.externaltools.gnu-tools-for-stm32.13.3.rel1.macos64_1.0.0.202411102158/tools/arm-none-eabi/include/c++/13.3.1/bits/new_allocator.h:104:7:std::__new_allocator<_Tp>::~__new_allocator() [with _Tp = flatbuffers::Offset<TAUV_FB::ESCFrame>]	16	static
/Applications/STM32CubeIDE.app/Contents/Eclipse/plugins/com.st.stm32cube.ide.mcu.externaltools.gnu-tools-for-stm32.13.3.rel1.macos64_1.0.0.202411102158/tools/arm-none-eabi/include/c++/13.3.1/bits/stl_vector.h:386:7:void std::_Vector_base<_Tp, _Alloc>::_M_deallocate(pointer, std::size_t) [with _Tp = flatbuffers::Offset<TAUV_FB::ESCFrame>; _Alloc = std::allocator<flatbuffers::Offset<TAUV_FB::ESCFrame> >]	40	static
/Applications/STM32CubeIDE.app/Contents/Eclipse/plugins/com.st.stm32cube.ide.mcu.externaltools.gnu-tools-for-stm32.13.3.rel1.macos64_1.0.0.202411102158/tools/arm-none-eabi/include/c++/13.3.1/bits/stl_vector.h:301:7:std::_Vector_base<_Tp, _Alloc>::_Tp_alloc_type& std::_Vector_base<_Tp, _Alloc>::_M_get_Tp_allocator() [with _Tp = flatbuffers::Offset<TAUV_FB::ESCFrame>; _Alloc = std::allocator<flatbuffers::Offset<TAUV_FB::ESCFrame> >]	16	static
/Applications/STM32CubeIDE.app/Contents/Eclipse/plugins/com.st.stm32cube.ide.mcu.externaltools.gnu-tools-for-stm32.13.3.rel1.macos64_1.0.0.202411102158/tools/arm-none-eabi/include/c++/13.3.1/bits/stl_vector.h:893:7:std::vector<_Tp, _Alloc>::iterator std::vector<_Tp, _Alloc>::end() [with _Tp = flatbuffers::Offset<TAUV_FB::ESCFrame>; _Alloc = std::allocator<flatbuffers::Offset<TAUV_FB::ESCFrame> >]	24	static
/Applications/STM32CubeIDE.app/Contents/Eclipse/plugins/com.st.stm32cube.ide.mcu.externaltools.gnu-tools-for-stm32.13.3.rel1.macos64_1.0.0.202411102158/tools/arm-none-eabi/include/c++/13.3.1/bits/vector.tcc:445:7:) [with _Args = {const flatbuffers::Offset<TAUV_FB::ESCFrame>&}; _Tp = flatbuffers::Offset<TAUV_FB::ESCFrame>; _Alloc = std::allocator<flatbuffers::Offset<TAUV_FB::ESCFrame> >]	88	static
/opt/homebrew/include/flatbuffers/flatbuffer_builder.h:261:8:void flatbuffers::FlatBufferBuilderImpl<Is64Aware>::Finished() const [with bool Is64Aware = false]	16	static
/opt/homebrew/include/flatbuffers/vector_downward.h:166:16:SizeT flatbuffers::vector_downward<SizeT>::size() const [with SizeT = long unsigned int]	16	static
/Applications/STM32CubeIDE.app/Contents/Eclipse/plugins/com.st.stm32cube.ide.mcu.externaltools.gnu-tools-for-stm32.13.3.rel1.macos64_1.0.0.202411102158/tools/arm-none-eabi/include/c++/13.3.1/bits/stl_algo.h:729:5:_OutputIterator std::__copy_n(_RandomAccessIterator, _Size, _OutputIterator, random_access_iterator_tag) [with _RandomAccessIterator = const unsigned char*; _Size = int; _OutputIterator = unsigned char*]	24	static
/Applications/STM32CubeIDE.app/Contents/Eclipse/plugins/com.st.stm32cube.ide.mcu.externaltools.gnu-tools-for-stm32.13.3.rel1.macos64_1.0.0.202411102158/tools/arm-none-eabi/include/c++/13.3.1/bits/move.h:189:5:std::_Require<std::__not_<std::__is_tuple_like<_Tp> >, std::is_move_constructible<_Tp>, std::is_move_assignable<_Tp> > std::swap(_Tp&, _Tp&) [with _Tp = _Any_data]	24	static
/Applications/STM32CubeIDE.app/Contents/Eclipse/plugins/com.st.stm32cube.ide.mcu.externaltools.gnu-tools-for-stm32.13.3.rel1.macos64_1.0.0.202411102158/tools/arm-none-eabi/include/c++/13.3.1/bits/move.h:189:5:std::_Require<std::__not_<std::__is_tuple_like<_Tp> >, std::is_move_constructible<_Tp>, std::is_move_assignable<_Tp> > std::swap(_Tp&, _Tp&) [with _Tp = bool (*)(_Any_data&, const _Any_data&, _Manager_operation)]	24	static
/Applications/STM32CubeIDE.app/Contents/Eclipse/plugins/com.st.stm32cube.ide.mcu.externaltools.gnu-tools-for-stm32.13.3.rel1.macos64_1.0.0.202411102158/tools/arm-none-eabi/include/c++/13.3.1/bits/move.h:189:5:std::_Require<std::__not_<std::__is_tuple_like<_Tp> >, std::is_move_constructible<_Tp>, std::is_move_assignable<_Tp> > std::swap(_Tp&, _Tp&) [with _Tp = void (*)(const _Any_data&, const ip4_addr&, short unsigned int&&, const unsigned char*&&, short unsigned int&&)]	24	static
/opt/homebrew/include/flatbuffers/buffer.h:63:51:constexpr std::size_t flatbuffers::AlignOf() [with T = long unsigned int]	4	static
/opt/homebrew/include/flatbuffers/verifier.h:259:10:std::size_t flatbuffers::VerifierTemplate<TrackVerifierBufferSize>::VerifyOffset(std::size_t) const [with OffsetT = long unsigned int; SOffsetT = long int; bool TrackVerifierBufferSize = false]	24	static
/opt/homebrew/include/flatbuffers/flatbuffer_builder.h:289:8:void flatbuffers::FlatBufferBuilderImpl<Is64Aware>::Align(std::size_t) [with bool Is64Aware = false]	24	static
/opt/homebrew/include/flatbuffers/flatbuffer_builder.h:388:26:T flatbuffers::FlatBufferBuilderImpl<Is64Aware>::ReferTo(T, T) [with T = long unsigned int; bool Is64Aware = false]	24	static
/opt/homebrew/include/flatbuffers/base.h:469:34:bool flatbuffers::IsTheSameAs(T, T) [with T = long unsigned int]	16	static
/opt/homebrew/include/flatbuffers/flatbuffer_builder.h:310:11:ReturnT flatbuffers::FlatBufferBuilderImpl<Is64Aware>::PushElement(T) [with T = long unsigned int; ReturnT = long unsigned int; bool Is64Aware = false]	32	static
/opt/homebrew/include/flatbuffers/flatbuffer_builder.h:303:29:void flatbuffers::FlatBufferBuilderImpl<Is64Aware>::AssertScalarT() [with T = long int; bool Is64Aware = false]	16	static
/opt/homebrew/include/flatbuffers/vector_downward.h:200:29:void flatbuffers::vector_downward<SizeT>::push_small(const T&) [with T = long int; SizeT = long unsigned int]	16	static
/opt/homebrew/include/flatbuffers/flatbuffer_builder.h:1403:3:typename std::enable_if<std::is_same<T, long unsigned int>::value, T>::type flatbuffers::FlatBufferBuilderImpl<Is64Aware>::CalculateOffset() [with T = long unsigned int; bool Is64Aware = false]	16	static
/opt/homebrew/include/flatbuffers/vector_downward.h:150:19:uint8_t* flatbuffers::vector_downward<SizeT>::make_space(std::size_t) [with SizeT = long unsigned int]	16	static
/opt/homebrew/include/flatbuffers/vector_downward.h:229:8:void flatbuffers::vector_downward<SizeT>::scratch_pop(std::size_t) [with SizeT = long unsigned int]	16	static
/opt/homebrew/include/flatbuffers/vector_downward.h:141:10:std::size_t flatbuffers::vector_downward<SizeT>::ensure_space(std::size_t) [with SizeT = long unsigned int]	16	static
/opt/homebrew/include/flatbuffers/flatbuffer_builder.h:299:8:void flatbuffers::FlatBufferBuilderImpl<Is64Aware>::PushBytes(const uint8_t*, std::size_t) [with bool Is64Aware = false]	24	static
/opt/homebrew/include/flatbuffers/flatbuffer_builder.h:670:11:ReturnT flatbuffers::FlatBufferBuilderImpl<Is64Aware>::EndVector(std::size_t) [with LenT = long unsigned int; ReturnT = long unsigned int; bool Is64Aware = false]	16	static
/opt/homebrew/include/flatbuffers/flatbuffer_builder.h:303:29:void flatbuffers::FlatBufferBuilderImpl<Is64Aware>::AssertScalarT() [with T = unsigned char; bool Is64Aware = false]	16	static
/opt/homebrew/include/flatbuffers/vector_downward.h:101:8:void flatbuffers::vector_downward<SizeT>::clear_scratch() [with SizeT = long unsigned int]	16	static
/opt/homebrew/include/flatbuffers/flatbuffer_builder.h:285:8:void flatbuffers::FlatBufferBuilderImpl<Is64Aware>::TrackMinAlign(std::size_t) [with bool Is64Aware = false]	16	static
/opt/homebrew/include/flatbuffers/flatbuffer_builder.h:516:8:void flatbuffers::FlatBufferBuilderImpl<Is64Aware>::PreAlign(std::size_t, std::size_t) [with bool Is64Aware = false]	32	static
/Applications/STM32CubeIDE.app/Contents/Eclipse/plugins/com.st.stm32cube.ide.mcu.externaltools.gnu-tools-for-stm32.13.3.rel1.macos64_1.0.0.202411102158/tools/arm-none-eabi/include/c++/13.3.1/bits/stl_vector.h:1088:7:bool std::vector<_Tp, _Alloc>::empty() const [with _Tp = flatbuffers::Offset<TAUV_FB::ESCFrame>; _Alloc = std::allocator<flatbuffers::Offset<TAUV_FB::ESCFrame> >]	24	static
/Applications/STM32CubeIDE.app/Contents/Eclipse/plugins/com.st.stm32cube.ide.mcu.externaltools.gnu-tools-for-stm32.13.3.rel1.macos64_1.0.0.202411102158/tools/arm-none-eabi/include/c++/13.3.1/bits/stl_vector.h:1221:7:std::vector<_Tp, _Alloc>::const_reference std::vector<_Tp, _Alloc>::front() const [with _Tp = flatbuffers::Offset<TAUV_FB::ESCFrame>; _Alloc = std::allocator<flatbuffers::Offset<TAUV_FB::ESCFrame> >]	24	static
/opt/homebrew/include/flatbuffers/flatbuffer_builder.h:688:8:void flatbuffers::FlatBufferBuilderImpl<Is64Aware>::StartVector(std::size_t) [with T = flatbuffers::Offset<TAUV_FB::ESCFrame>; OffsetT = flatbuffers::Offset; LenT = long unsigned int; bool Is64Aware = false]	16	static
/opt/homebrew/include/flatbuffers/flatbuffer_builder.h:318:13:flatbuffers::uoffset_t flatbuffers::FlatBufferBuilderImpl<Is64Aware>::PushElement(OffsetT<T>) [with T = TAUV_FB::ESCFrame; OffsetT = flatbuffers::Offset; bool Is64Aware = false]	16	static
/opt/homebrew/include/flatbuffers/base.h:416:24:T flatbuffers::EndianScalar(T) [with T = float]	16	static
/opt/homebrew/include/flatbuffers/vector_downward.h:205:29:void flatbuffers::vector_downward<SizeT>::scratch_push_small(const T&) [with T = flatbuffers::FlatBufferBuilderImpl<false>::FieldLoc; SizeT = long unsigned int]	16	static
/opt/homebrew/include/flatbuffers/vector_downward.h:200:29:void flatbuffers::vector_downward<SizeT>::push_small(const T&) [with T = unsigned char; SizeT = long unsigned int]	16	static
/opt/homebrew/include/flatbuffers/flatbuffer_builder.h:303:29:void flatbuffers::FlatBufferBuilderImpl<Is64Aware>::AssertScalarT() [with T = float; bool Is64Aware = false]	16	static
/opt/homebrew/include/flatbuffers/vector_downward.h:200:29:void flatbuffers::vector_downward<SizeT>::push_small(const T&) [with T = float; SizeT = long unsigned int]	16	static
/Applications/STM32CubeIDE.app/Contents/Eclipse/plugins/com.st.stm32cube.ide.mcu.externaltools.gnu-tools-for-stm32.13.3.rel1.macos64_1.0.0.202411102158/tools/arm-none-eabi/include/c++/13.3.1/bits/std_function.h:150:4:static void std::_Function_base::_Base_manager<_Functor>::_M_create(std::_Any_data&, _Fn&&, std::true_type) [with _Fn = TAUV::Eth50HzModule::init()::<lambda(const ip_addr_t&, uint16_t, const uint8_t*, uint16_t)>; _Functor = TAUV::Eth50HzModule::init()::<lambda(const ip_addr_t&, uint16_t, const uint8_t*, uint16_t)>]	32	static
/Applications/STM32CubeIDE.app/Contents/Eclipse/plugins/com.st.stm32cube.ide.mcu.externaltools.gnu-tools-for-stm32.13.3.rel1.macos64_1.0.0.202411102158/tools/arm-none-eabi/include/c++/13.3.1/bits/std_function.h:134:2:static _Functor* std::_Function_base::_Base_manager<_Functor>::_M_get_pointer(const std::_Any_data&) [with _Functor = TAUV::Eth50HzModule::init()::<lambda(const ip_addr_t&, uint16_t, const uint8_t*, uint16_t)>]	24	static
/Applications/STM32CubeIDE.app/Contents/Eclipse/plugins/com.st.stm32cube.ide.mcu.externaltools.gnu-tools-for-stm32.13.3.rel1.macos64_1.0.0.202411102158/tools/arm-none-eabi/include/c++/13.3.1/bits/invoke.h:104:5:) [with _Res = void; _Callable = TAUV::Eth50HzModule::init()::<lambda(const ip_addr_t&, uint16_t, const uint8_t*, uint16_t)>&; _Args = {const ip4_addr&, short unsigned int, const unsigned char*, short unsigned int}]	56	static
/Applications/STM32CubeIDE.app/Contents/Eclipse/plugins/com.st.stm32cube.ide.mcu.externaltools.gnu-tools-for-stm32.13.3.rel1.macos64_1.0.0.202411102158/tools/arm-none-eabi/include/c++/13.3.1/bits/std_function.h:90:7:_Tp& std::_Any_data::_M_access() [with _Tp = TAUV::Eth50HzModule::init()::<lambda(const ip_addr_t&, uint16_t, const uint8_t*, uint16_t)>*]	16	static
/Applications/STM32CubeIDE.app/Contents/Eclipse/plugins/com.st.stm32cube.ide.mcu.externaltools.gnu-tools-for-stm32.13.3.rel1.macos64_1.0.0.202411102158/tools/arm-none-eabi/include/c++/13.3.1/bits/std_function.h:180:2:static bool std::_Function_base::_Base_manager<_Functor>::_M_manager(std::_Any_data&, const std::_Any_data&, std::_Manager_operation) [with _Functor = TAUV::Eth50HzModule::init()::<lambda(const ip_addr_t&, uint16_t, const uint8_t*, uint16_t)>]	32	static
/opt/homebrew/include/flatbuffers/vector_downward.h:109:8:void flatbuffers::vector_downward<SizeT>::clear_buffer() [with SizeT = long unsigned int]	16	static
/opt/homebrew/include/flatbuffers/vector_downward.h:103:8:void flatbuffers::vector_downward<SizeT>::clear_allocator() [with SizeT = long unsigned int]	16	static
/Applications/STM32CubeIDE.app/Contents/Eclipse/plugins/com.st.stm32cube.ide.mcu.externaltools.gnu-tools-for-stm32.13.3.rel1.macos64_1.0.0.202411102158/tools/arm-none-eabi/include/c++/13.3.1/bits/stl_tree.h:1930:5:void std::_Rb_tree<_Key, _Val, _KeyOfValue, _Compare, _Alloc>::_M_erase(_Link_type) [with _Key = flatbuffers::Offset<flatbuffers::String>; _Val = flatbuffers::Offset<flatbuffers::String>; _KeyOfValue = std::_Identity<flatbuffers::Offset<flatbuffers::String> >; _Compare = flatbuffers::FlatBufferBuilderImpl<false>::StringOffsetCompare; _Alloc = std::allocator<flatbuffers::Offset<flatbuffers::String> >]	24	static
/Applications/STM32CubeIDE.app/Contents/Eclipse/plugins/com.st.stm32cube.ide.mcu.externaltools.gnu-tools-for-stm32.13.3.rel1.macos64_1.0.0.202411102158/tools/arm-none-eabi/include/c++/13.3.1/bits/stl_tree.h:740:7:std::_Rb_tree_node<_Val>* std::_Rb_tree<_Key, _Val, _KeyOfValue, _Compare, _Alloc>::_M_begin() [with _Key = flatbuffers::Offset<flatbuffers::String>; _Val = flatbuffers::Offset<flatbuffers::String>; _KeyOfValue = std::_Identity<flatbuffers::Offset<flatbuffers::String> >; _Compare = flatbuffers::FlatBufferBuilderImpl<false>::StringOffsetCompare; _Alloc = std::allocator<flatbuffers::Offset<flatbuffers::String> >]	16	static
/Applications/STM32CubeIDE.app/Contents/Eclipse/plugins/com.st.stm32cube.ide.mcu.externaltools.gnu-tools-for-stm32.13.3.rel1.macos64_1.0.0.202411102158/tools/arm-none-eabi/include/c++/13.3.1/bits/stl_construct.h:182:5:void std::_Destroy(_ForwardIterator, _ForwardIterator) [with _ForwardIterator = flatbuffers::Offset<TAUV_FB::ESCFrame>*]	16	static
/Applications/STM32CubeIDE.app/Contents/Eclipse/plugins/com.st.stm32cube.ide.mcu.externaltools.gnu-tools-for-stm32.13.3.rel1.macos64_1.0.0.202411102158/tools/arm-none-eabi/include/c++/13.3.1/bits/move.h:70:5:constexpr _Tp&& std::forward(typename remove_reference<_Functor>::type&) [with _Tp = const flatbuffers::Offset<TAUV_FB::ESCFrame>&]	16	static
/Applications/STM32CubeIDE.app/Contents/Eclipse/plugins/com.st.stm32cube.ide.mcu.externaltools.gnu-tools-for-stm32.13.3.rel1.macos64_1.0.0.202411102158/tools/arm-none-eabi/include/c++/13.3.1/bits/stl_iterator.h:1076:7:__gnu_cxx::__normal_iterator<_Iterator, _Container>::__normal_iterator(const _Iterator&) [with _Iterator = flatbuffers::Offset<TAUV_FB::ESCFrame>*; _Container = std::vector<flatbuffers::Offset<TAUV_FB::ESCFrame> >]	16	static
/Applications/STM32CubeIDE.app/Contents/Eclipse/plugins/com.st.stm32cube.ide.mcu.externaltools.gnu-tools-for-stm32.13.3.rel1.macos64_1.0.0.202411102158/tools/arm-none-eabi/include/c++/13.3.1/bits/stl_vector.h:1896:7:std::vector<_Tp, _Alloc>::size_type std::vector<_Tp, _Alloc>::_M_check_len(size_type, const char*) const [with _Tp = flatbuffers::Offset<TAUV_FB::ESCFrame>; _Alloc = std::allocator<flatbuffers::Offset<TAUV_FB::ESCFrame> >]	40	static
/Applications/STM32CubeIDE.app/Contents/Eclipse/plugins/com.st.stm32cube.ide.mcu.externaltools.gnu-tools-for-stm32.13.3.rel1.macos64_1.0.0.202411102158/tools/arm-none-eabi/include/c++/13.3.1/bits/stl_vector.h:873:7:std::vector<_Tp, _Alloc>::iterator std::vector<_Tp, _Alloc>::begin() [with _Tp = flatbuffers::Offset<TAUV_FB::ESCFrame>; _Alloc = std::allocator<flatbuffers::Offset<TAUV_FB::ESCFrame> >]	24	static
/Applications/STM32CubeIDE.app/Contents/Eclipse/plugins/com.st.stm32cube.ide.mcu.externaltools.gnu-tools-for-stm32.13.3.rel1.macos64_1.0.0.202411102158/tools/arm-none-eabi/include/c++/13.3.1/bits/stl_iterator.h:1334:5:typename __gnu_cxx::__normal_iterator<_Iterator, _Container>::difference_type __gnu_cxx::operator-(const __normal_iterator<_Iterator, _Container>&, const __normal_iterator<_Iterator, _Container>&) [with _Iterator = flatbuffers::Offset<TAUV_FB::ESCFrame>*; _Container = std::vector<flatbuffers::Offset<TAUV_FB::ESCFrame> >]	24	static
/Applications/STM32CubeIDE.app/Contents/Eclipse/plugins/com.st.stm32cube.ide.mcu.externaltools.gnu-tools-for-stm32.13.3.rel1.macos64_1.0.0.202411102158/tools/arm-none-eabi/include/c++/13.3.1/bits/stl_vector.h:378:7:std::_Vector_base<_Tp, _Alloc>::pointer std::_Vector_base<_Tp, _Alloc>::_M_allocate(std::size_t) [with _Tp = flatbuffers::Offset<TAUV_FB::ESCFrame>; _Alloc = std::allocator<flatbuffers::Offset<TAUV_FB::ESCFrame> >]	24	static
/Applications/STM32CubeIDE.app/Contents/Eclipse/plugins/com.st.stm32cube.ide.mcu.externaltools.gnu-tools-for-stm32.13.3.rel1.macos64_1.0.0.202411102158/tools/arm-none-eabi/include/c++/13.3.1/bits/stl_vector.h:504:7:static std::vector<_Tp, _Alloc>::pointer std::vector<_Tp, _Alloc>::_S_relocate(pointer, pointer, pointer, _Tp_alloc_type&) [with _Tp = flatbuffers::Offset<TAUV_FB::ESCFrame>; _Alloc = std::allocator<flatbuffers::Offset<TAUV_FB::ESCFrame> >]	24	static
/Applications/STM32CubeIDE.app/Contents/Eclipse/plugins/com.st.stm32cube.ide.mcu.externaltools.gnu-tools-for-stm32.13.3.rel1.macos64_1.0.0.202411102158/tools/arm-none-eabi/include/c++/13.3.1/bits/stl_iterator.h:1162:7:const _Iterator& __gnu_cxx::__normal_iterator<_Iterator, _Container>::base() const [with _Iterator = flatbuffers::Offset<TAUV_FB::ESCFrame>*; _Container = std::vector<flatbuffers::Offset<TAUV_FB::ESCFrame> >]	16	static
/Applications/STM32CubeIDE.app/Contents/Eclipse/plugins/com.st.stm32cube.ide.mcu.externaltools.gnu-tools-for-stm32.13.3.rel1.macos64_1.0.0.202411102158/tools/arm-none-eabi/include/c++/13.3.1/bits/stl_algobase.h:624:5:_OI std::copy(_II, _II, _OI) [with _II = const unsigned char*; _OI = unsigned char*]	32	static
/Applications/STM32CubeIDE.app/Contents/Eclipse/plugins/com.st.stm32cube.ide.mcu.externaltools.gnu-tools-for-stm32.13.3.rel1.macos64_1.0.0.202411102158/tools/arm-none-eabi/include/c++/13.3.1/bits/move.h:97:5:constexpr typename std::remove_reference<_Tp>::type&& std::move(_Tp&&) [with _Tp = _Any_data&]	16	static
/Applications/STM32CubeIDE.app/Contents/Eclipse/plugins/com.st.stm32cube.ide.mcu.externaltools.gnu-tools-for-stm32.13.3.rel1.macos64_1.0.0.202411102158/tools/arm-none-eabi/include/c++/13.3.1/bits/move.h:97:5:constexpr typename std::remove_reference<_Tp>::type&& std::move(_Tp&&) [with _Tp = bool (*&)(_Any_data&, const _Any_data&, _Manager_operation)]	16	static
/Applications/STM32CubeIDE.app/Contents/Eclipse/plugins/com.st.stm32cube.ide.mcu.externaltools.gnu-tools-for-stm32.13.3.rel1.macos64_1.0.0.202411102158/tools/arm-none-eabi/include/c++/13.3.1/bits/move.h:97:5:constexpr typename std::remove_reference<_Tp>::type&& std::move(_Tp&&) [with _Tp = void (*&)(const _Any_data&, const ip4_addr&, short unsigned int&&, const unsigned char*&&, short unsigned int&&)]	16	static
/opt/homebrew/include/flatbuffers/vector_downward.h:213:8:void flatbuffers::vector_downward<SizeT>::fill(std::size_t) [with SizeT = long unsigned int]	24	static
/opt/homebrew/include/flatbuffers/flatbuffer_builder.h:303:29:void flatbuffers::FlatBufferBuilderImpl<Is64Aware>::AssertScalarT() [with T = long unsigned int; bool Is64Aware = false]	16	static
/opt/homebrew/include/flatbuffers/vector_downward.h:200:29:void flatbuffers::vector_downward<SizeT>::push_small(const T&) [with T = long unsigned int; SizeT = long unsigned int]	16	static
/opt/homebrew/include/flatbuffers/vector_downward.h:169:9:SizeT flatbuffers::vector_downward<SizeT>::unused_buffer_size() const [with SizeT = long unsigned int]	16	static
/opt/homebrew/include/flatbuffers/vector_downward.h:269:8:void flatbuffers::vector_downward<SizeT>::reallocate(std::size_t) [with SizeT = long unsigned int]	40	static
/opt/homebrew/include/flatbuffers/flatbuffer_builder.h:677:8:void flatbuffers::FlatBufferBuilderImpl<Is64Aware>::StartVector(std::size_t, std::size_t, std::size_t) [with OffsetT = flatbuffers::Offset; LenT = long unsigned int; bool Is64Aware = false]	24	static
/opt/homebrew/include/flatbuffers/vector_downward.h:195:8:void flatbuffers::vector_downward<SizeT>::push(const uint8_t*, std::size_t) [with SizeT = long unsigned int]	24	static
/Applications/STM32CubeIDE.app/Contents/Eclipse/plugins/com.st.stm32cube.ide.mcu.externaltools.gnu-tools-for-stm32.13.3.rel1.macos64_1.0.0.202411102158/tools/arm-none-eabi/include/c++/13.3.1/bits/stl_vector.h:883:7:std::vector<_Tp, _Alloc>::const_iterator std::vector<_Tp, _Alloc>::begin() const [with _Tp = flatbuffers::Offset<TAUV_FB::ESCFrame>; _Alloc = std::allocator<flatbuffers::Offset<TAUV_FB::ESCFrame> >]	24	static
/Applications/STM32CubeIDE.app/Contents/Eclipse/plugins/com.st.stm32cube.ide.mcu.externaltools.gnu-tools-for-stm32.13.3.rel1.macos64_1.0.0.202411102158/tools/arm-none-eabi/include/c++/13.3.1/bits/stl_vector.h:903:7:std::vector<_Tp, _Alloc>::const_iterator std::vector<_Tp, _Alloc>::end() const [with _Tp = flatbuffers::Offset<TAUV_FB::ESCFrame>; _Alloc = std::allocator<flatbuffers::Offset<TAUV_FB::ESCFrame> >]	24	static
/Applications/STM32CubeIDE.app/Contents/Eclipse/plugins/com.st.stm32cube.ide.mcu.externaltools.gnu-tools-for-stm32.13.3.rel1.macos64_1.0.0.202411102158/tools/arm-none-eabi/include/c++/13.3.1/bits/stl_iterator.h:1225:5:bool __gnu_cxx::operator==(const __normal_iterator<_Iterator, _Container>&, const __normal_iterator<_Iterator, _Container>&) [with _Iterator = const flatbuffers::Offset<TAUV_FB::ESCFrame>*; _Container = std::vector<flatbuffers::Offset<TAUV_FB::ESCFrame> >]	24	static
/Applications/STM32CubeIDE.app/Contents/Eclipse/plugins/com.st.stm32cube.ide.mcu.externaltools.gnu-tools-for-stm32.13.3.rel1.macos64_1.0.0.202411102158/tools/arm-none-eabi/include/c++/13.3.1/bits/stl_iterator.h:1099:7:__gnu_cxx::__normal_iterator<_Iterator, _Container>::reference __gnu_cxx::__normal_iterator<_Iterator, _Container>::operator*() const [with _Iterator = const flatbuffers::Offset<TAUV_FB::ESCFrame>*; _Container = std::vector<flatbuffers::Offset<TAUV_FB::ESCFrame> >]	16	static
/opt/homebrew/include/flatbuffers/buffer.h:63:51:constexpr std::size_t flatbuffers::AlignOf() [with T = Offset<TAUV_FB::ESCFrame>]	4	static
/Applications/STM32CubeIDE.app/Contents/Eclipse/plugins/com.st.stm32cube.ide.mcu.externaltools.gnu-tools-for-stm32.13.3.rel1.macos64_1.0.0.202411102158/tools/arm-none-eabi/include/c++/13.3.1/bits/std_function.h:95:7:const _Tp& std::_Any_data::_M_access() const [with _Tp = TAUV::Eth50HzModule::init()::<lambda(const ip_addr_t&, uint16_t, const uint8_t*, uint16_t)>]	16	static
/Applications/STM32CubeIDE.app/Contents/Eclipse/plugins/com.st.stm32cube.ide.mcu.externaltools.gnu-tools-for-stm32.13.3.rel1.macos64_1.0.0.202411102158/tools/arm-none-eabi/include/c++/13.3.1/bits/move.h:51:5:constexpr _Tp* std::__addressof(_Tp&) [with _Tp = const TAUV::Eth50HzModule::init()::<lambda(const ip_addr_t&, uint16_t, const uint8_t*, uint16_t)>]	16	static
/Applications/STM32CubeIDE.app/Contents/Eclipse/plugins/com.st.stm32cube.ide.mcu.externaltools.gnu-tools-for-stm32.13.3.rel1.macos64_1.0.0.202411102158/tools/arm-none-eabi/include/c++/13.3.1/bits/move.h:70:5:constexpr _Tp&& std::forward(typename remove_reference<_Functor>::type&) [with _Tp = TAUV::Eth50HzModule::init()::<lambda(const ip_addr_t&, uint16_t, const uint8_t*, uint16_t)>&]	16	static
/Applications/STM32CubeIDE.app/Contents/Eclipse/plugins/com.st.stm32cube.ide.mcu.externaltools.gnu-tools-for-stm32.13.3.rel1.macos64_1.0.0.202411102158/tools/arm-none-eabi/include/c++/13.3.1/bits/invoke.h:60:5:) [with _Res = void; _Fn = TAUV::Eth50HzModule::init()::<lambda(const ip_addr_t&, uint16_t, const uint8_t*, uint16_t)>&; _Args = {const ip4_addr&, short unsigned int, const unsigned char*, short unsigned int}]	48	static
/Applications/STM32CubeIDE.app/Contents/Eclipse/plugins/com.st.stm32cube.ide.mcu.externaltools.gnu-tools-for-stm32.13.3.rel1.macos64_1.0.0.202411102158/tools/arm-none-eabi/include/c++/13.3.1/bits/std_function.h:90:7:_Tp& std::_Any_data::_M_access() [with _Tp = const std::type_info*]	16	static
/Applications/STM32CubeIDE.app/Contents/Eclipse/plugins/com.st.stm32cube.ide.mcu.externaltools.gnu-tools-for-stm32.13.3.rel1.macos64_1.0.0.202411102158/tools/arm-none-eabi/include/c++/13.3.1/bits/std_function.h:211:4:static void std::_Function_base::_Base_manager<_Functor>::_M_init_functor(std::_Any_data&, _Fn&&) [with _Fn = const TAUV::Eth50HzModule::init()::<lambda(const ip_addr_t&, uint16_t, const uint8_t*, uint16_t)>&; _Functor = TAUV::Eth50HzModule::init()::<lambda(const ip_addr_t&, uint16_t, const uint8_t*, uint16_t)>]	24	static
/Applications/STM32CubeIDE.app/Contents/Eclipse/plugins/com.st.stm32cube.ide.mcu.externaltools.gnu-tools-for-stm32.13.3.rel1.macos64_1.0.0.202411102158/tools/arm-none-eabi/include/c++/13.3.1/bits/std_function.h:166:2:static void std::_Function_base::_Base_manager<_Functor>::_M_destroy(std::_Any_data&, std::true_type) [with _Functor = TAUV::Eth50HzModule::init()::<lambda(const ip_addr_t&, uint16_t, const uint8_t*, uint16_t)>]	16	static
/Applications/STM32CubeIDE.app/Contents/Eclipse/plugins/com.st.stm32cube.ide.mcu.externaltools.gnu-tools-for-stm32.13.3.rel1.macos64_1.0.0.202411102158/tools/arm-none-eabi/include/c++/13.3.1/bits/new_allocator.h:104:7:std::__new_allocator<_Tp>::~__new_allocator() [with _Tp = std::_Rb_tree_node<flatbuffers::Offset<flatbuffers::String> >]	16	static
/Applications/STM32CubeIDE.app/Contents/Eclipse/plugins/com.st.stm32cube.ide.mcu.externaltools.gnu-tools-for-stm32.13.3.rel1.macos64_1.0.0.202411102158/tools/arm-none-eabi/include/c++/13.3.1/bits/stl_tree.h:789:7:static std::_Rb_tree_node<_Val>* std::_Rb_tree<_Key, _Val, _KeyOfValue, _Compare, _Alloc>::_S_right(_Base_ptr) [with _Key = flatbuffers::Offset<flatbuffers::String>; _Val = flatbuffers::Offset<flatbuffers::String>; _KeyOfValue = std::_Identity<flatbuffers::Offset<flatbuffers::String> >; _Compare = flatbuffers::FlatBufferBuilderImpl<false>::StringOffsetCompare; _Alloc = std::allocator<flatbuffers::Offset<flatbuffers::String> >]	16	static
/Applications/STM32CubeIDE.app/Contents/Eclipse/plugins/com.st.stm32cube.ide.mcu.externaltools.gnu-tools-for-stm32.13.3.rel1.macos64_1.0.0.202411102158/tools/arm-none-eabi/include/c++/13.3.1/bits/stl_tree.h:781:7:static std::_Rb_tree_node<_Val>* std::_Rb_tree<_Key, _Val, _KeyOfValue, _Compare, _Alloc>::_S_left(_Base_ptr) [with _Key = flatbuffers::Offset<flatbuffers::String>; _Val = flatbuffers::Offset<flatbuffers::String>; _KeyOfValue = std::_Identity<flatbuffers::Offset<flatbuffers::String> >; _Compare = flatbuffers::FlatBufferBuilderImpl<false>::StringOffsetCompare; _Alloc = std::allocator<flatbuffers::Offset<flatbuffers::String> >]	16	static
/Applications/STM32CubeIDE.app/Contents/Eclipse/plugins/com.st.stm32cube.ide.mcu.externaltools.gnu-tools-for-stm32.13.3.rel1.macos64_1.0.0.202411102158/tools/arm-none-eabi/include/c++/13.3.1/bits/stl_tree.h:631:7:void std::_Rb_tree<_Key, _Val, _KeyOfValue, _Compare, _Alloc>::_M_drop_node(_Link_type) [with _Key = flatbuffers::Offset<flatbuffers::String>; _Val = flatbuffers::Offset<flatbuffers::String>; _KeyOfValue = std::_Identity<flatbuffers::Offset<flatbuffers::String> >; _Compare = flatbuffers::FlatBufferBuilderImpl<false>::StringOffsetCompare; _Alloc = std::allocator<flatbuffers::Offset<flatbuffers::String> >]	16	static
/Applications/STM32CubeIDE.app/Contents/Eclipse/plugins/com.st.stm32cube.ide.mcu.externaltools.gnu-tools-for-stm32.13.3.rel1.macos64_1.0.0.202411102158/tools/arm-none-eabi/include/c++/13.3.1/bits/stl_tree.h:736:7:std::_Rb_tree_node<_Val>* std::_Rb_tree<_Key, _Val, _KeyOfValue, _Compare, _Alloc>::_M_mbegin() const [with _Key = flatbuffers::Offset<flatbuffers::String>; _Val = flatbuffers::Offset<flatbuffers::String>; _KeyOfValue = std::_Identity<flatbuffers::Offset<flatbuffers::String> >; _Compare = flatbuffers::FlatBufferBuilderImpl<false>::StringOffsetCompare; _Alloc = std::allocator<flatbuffers::Offset<flatbuffers::String> >]	16	static
/Applications/STM32CubeIDE.app/Contents/Eclipse/plugins/com.st.stm32cube.ide.mcu.externaltools.gnu-tools-for-stm32.13.3.rel1.macos64_1.0.0.202411102158/tools/arm-none-eabi/include/c++/13.3.1/bits/new_allocator.h:156:7:void std::__new_allocator<_Tp>::deallocate(_Tp*, size_type) [with _Tp = flatbuffers::Offset<TAUV_FB::ESCFrame>]	24	static
/Applications/STM32CubeIDE.app/Contents/Eclipse/plugins/com.st.stm32cube.ide.mcu.externaltools.gnu-tools-for-stm32.13.3.rel1.macos64_1.0.0.202411102158/tools/arm-none-eabi/include/c++/13.3.1/bits/stl_construct.h:172:9:static void std::_Destroy_aux<true>::__destroy(_ForwardIterator, _ForwardIterator) [with _ForwardIterator = flatbuffers::Offset<TAUV_FB::ESCFrame>*]	16	static
/Applications/STM32CubeIDE.app/Contents/Eclipse/plugins/com.st.stm32cube.ide.mcu.externaltools.gnu-tools-for-stm32.13.3.rel1.macos64_1.0.0.202411102158/tools/arm-none-eabi/include/c++/13.3.1/bits/stl_vector.h:998:7:std::vector<_Tp, _Alloc>::size_type std::vector<_Tp, _Alloc>::max_size() const [with _Tp = flatbuffers::Offset<TAUV_FB::ESCFrame>; _Alloc = std::allocator<flatbuffers::Offset<TAUV_FB::ESCFrame> >]	16	static
/Applications/STM32CubeIDE.app/Contents/Eclipse/plugins/com.st.stm32cube.ide.mcu.externaltools.gnu-tools-for-stm32.13.3.rel1.macos64_1.0.0.202411102158/tools/arm-none-eabi/include/c++/13.3.1/bits/stl_uninitialized.h:1141:5:_ForwardIterator std::__relocate_a(_InputIterator, _InputIterator, _ForwardIterator, _Allocator&) [with _InputIterator = flatbuffers::Offset<TAUV_FB::ESCFrame>*; _ForwardIterator = flatbuffers::Offset<TAUV_FB::ESCFrame>*; _Allocator = allocator<flatbuffers::Offset<TAUV_FB::ESCFrame> >]	32	static
/Applications/STM32CubeIDE.app/Contents/Eclipse/plugins/com.st.stm32cube.ide.mcu.externaltools.gnu-tools-for-stm32.13.3.rel1.macos64_1.0.0.202411102158/tools/arm-none-eabi/include/c++/13.3.1/bits/cpp_type_traits.h:607:5:_Iterator std::__miter_base(_Iterator) [with _Iterator = const unsigned char*]	16	static
/Applications/STM32CubeIDE.app/Contents/Eclipse/plugins/com.st.stm32cube.ide.mcu.externaltools.gnu-tools-for-stm32.13.3.rel1.macos64_1.0.0.202411102158/tools/arm-none-eabi/include/c++/13.3.1/bits/stl_algobase.h:538:5:_OI std::__copy_move_a(_II, _II, _OI) [with bool _IsMove = false; _II = const unsigned char*; _OI = unsigned char*]	32	static
/opt/homebrew/include/flatbuffers/vector_downward.h:174:9:SizeT flatbuffers::vector_downward<SizeT>::scratch_size() const [with SizeT = long unsigned int]	16	static
/opt/homebrew/include/flatbuffers/flatbuffer_builder.h:524:34:void flatbuffers::FlatBufferBuilderImpl<Is64Aware>::PreAlign(std::size_t) [with AlignT = long unsigned int; bool Is64Aware = false]	16	static
/Applications/STM32CubeIDE.app/Contents/Eclipse/plugins/com.st.stm32cube.ide.mcu.externaltools.gnu-tools-for-stm32.13.3.rel1.macos64_1.0.0.202411102158/tools/arm-none-eabi/include/c++/13.3.1/bits/stl_iterator.h:1076:7:__gnu_cxx::__normal_iterator<_Iterator, _Container>::__normal_iterator(const _Iterator&) [with _Iterator = const flatbuffers::Offset<TAUV_FB::ESCFrame>*; _Container = std::vector<flatbuffers::Offset<TAUV_FB::ESCFrame> >]	16	static
/Applications/STM32CubeIDE.app/Contents/Eclipse/plugins/com.st.stm32cube.ide.mcu.externaltools.gnu-tools-for-stm32.13.3.rel1.macos64_1.0.0.202411102158/tools/arm-none-eabi/include/c++/13.3.1/bits/stl_iterator.h:1162:7:const _Iterator& __gnu_cxx::__normal_iterator<_Iterator, _Container>::base() const [with _Iterator = const flatbuffers::Offset<TAUV_FB::ESCFrame>*; _Container = std::vector<flatbuffers::Offset<TAUV_FB::ESCFrame> >]	16	static
/Applications/STM32CubeIDE.app/Contents/Eclipse/plugins/com.st.stm32cube.ide.mcu.externaltools.gnu-tools-for-stm32.13.3.rel1.macos64_1.0.0.202411102158/tools/arm-none-eabi/include/c++/13.3.1/bits/move.h:70:5:constexpr _Tp&& std::forward(typename remove_reference<_Functor>::type&) [with _Tp = const TAUV::Eth50HzModule::init()::<lambda(const ip_addr_t&, uint16_t, const uint8_t*, uint16_t)>&]	16	static
/Applications/STM32CubeIDE.app/Contents/Eclipse/plugins/com.st.stm32cube.ide.mcu.externaltools.gnu-tools-for-stm32.13.3.rel1.macos64_1.0.0.202411102158/tools/arm-none-eabi/include/c++/13.3.1/bits/std_function.h:150:4:static void std::_Function_base::_Base_manager<_Functor>::_M_create(std::_Any_data&, _Fn&&, std::true_type) [with _Fn = const TAUV::Eth50HzModule::init()::<lambda(const ip_addr_t&, uint16_t, const uint8_t*, uint16_t)>&; _Functor = TAUV::Eth50HzModule::init()::<lambda(const ip_addr_t&, uint16_t, const uint8_t*, uint16_t)>]	32	static
/Applications/STM32CubeIDE.app/Contents/Eclipse/plugins/com.st.stm32cube.ide.mcu.externaltools.gnu-tools-for-stm32.13.3.rel1.macos64_1.0.0.202411102158/tools/arm-none-eabi/include/c++/13.3.1/bits/std_function.h:90:7:_Tp& std::_Any_data::_M_access() [with _Tp = TAUV::Eth50HzModule::init()::<lambda(const ip_addr_t&, uint16_t, const uint8_t*, uint16_t)>]	16	static
/Applications/STM32CubeIDE.app/Contents/Eclipse/plugins/com.st.stm32cube.ide.mcu.externaltools.gnu-tools-for-stm32.13.3.rel1.macos64_1.0.0.202411102158/tools/arm-none-eabi/include/c++/13.3.1/bits/stl_tree.h:620:7:void std::_Rb_tree<_Key, _Val, _KeyOfValue, _Compare, _Alloc>::_M_destroy_node(_Link_type) [with _Key = flatbuffers::Offset<flatbuffers::String>; _Val = flatbuffers::Offset<flatbuffers::String>; _KeyOfValue = std::_Identity<flatbuffers::Offset<flatbuffers::String> >; _Compare = flatbuffers::FlatBufferBuilderImpl<false>::StringOffsetCompare; _Alloc = std::allocator<flatbuffers::Offset<flatbuffers::String> >]	40	static
/Applications/STM32CubeIDE.app/Contents/Eclipse/plugins/com.st.stm32cube.ide.mcu.externaltools.gnu-tools-for-stm32.13.3.rel1.macos64_1.0.0.202411102158/tools/arm-none-eabi/include/c++/13.3.1/bits/stl_tree.h:566:7:void std::_Rb_tree<_Key, _Val, _KeyOfValue, _Compare, _Alloc>::_M_put_node(_Link_type) [with _Key = flatbuffers::Offset<flatbuffers::String>; _Val = flatbuffers::Offset<flatbuffers::String>; _KeyOfValue = std::_Identity<flatbuffers::Offset<flatbuffers::String> >; _Compare = flatbuffers::FlatBufferBuilderImpl<false>::StringOffsetCompare; _Alloc = std::allocator<flatbuffers::Offset<flatbuffers::String> >]	32	static
/Applications/STM32CubeIDE.app/Contents/Eclipse/plugins/com.st.stm32cube.ide.mcu.externaltools.gnu-tools-for-stm32.13.3.rel1.macos64_1.0.0.202411102158/tools/arm-none-eabi/include/c++/13.3.1/bits/stl_vector.h:1916:7:static std::vector<_Tp, _Alloc>::size_type std::vector<_Tp, _Alloc>::_S_max_size(const _Tp_alloc_type&) [with _Tp = flatbuffers::Offset<TAUV_FB::ESCFrame>; _Alloc = std::allocator<flatbuffers::Offset<TAUV_FB::ESCFrame> >]	40	static
/Applications/STM32CubeIDE.app/Contents/Eclipse/plugins/com.st.stm32cube.ide.mcu.externaltools.gnu-tools-for-stm32.13.3.rel1.macos64_1.0.0.202411102158/tools/arm-none-eabi/include/c++/13.3.1/bits/stl_vector.h:306:7:const std::_Vector_base<_Tp, _Alloc>::_Tp_alloc_type& std::_Vector_base<_Tp, _Alloc>::_M_get_Tp_allocator() const [with _Tp = flatbuffers::Offset<TAUV_FB::ESCFrame>; _Alloc = std::allocator<flatbuffers::Offset<TAUV_FB::ESCFrame> >]	16	static
/Applications/STM32CubeIDE.app/Contents/Eclipse/plugins/com.st.stm32cube.ide.mcu.externaltools.gnu-tools-for-stm32.13.3.rel1.macos64_1.0.0.202411102158/tools/arm-none-eabi/include/c++/13.3.1/bits/new_allocator.h:126:7:_Tp* std::__new_allocator<_Tp>::allocate(size_type, const void*) [with _Tp = flatbuffers::Offset<TAUV_FB::ESCFrame>]	32	static
/Applications/STM32CubeIDE.app/Contents/Eclipse/plugins/com.st.stm32cube.ide.mcu.externaltools.gnu-tools-for-stm32.13.3.rel1.macos64_1.0.0.202411102158/tools/arm-none-eabi/include/c++/13.3.1/bits/stl_algobase.h:316:5:_Iterator std::__niter_base(_Iterator) [with _Iterator = flatbuffers::Offset<TAUV_FB::ESCFrame>*]	16	static
/Applications/STM32CubeIDE.app/Contents/Eclipse/plugins/com.st.stm32cube.ide.mcu.externaltools.gnu-tools-for-stm32.13.3.rel1.macos64_1.0.0.202411102158/tools/arm-none-eabi/include/c++/13.3.1/bits/stl_uninitialized.h:1091:5:_ForwardIterator std::__relocate_a_1(_InputIterator, _InputIterator, _ForwardIterator, _Allocator&) [with _InputIterator = flatbuffers::Offset<TAUV_FB::ESCFrame>*; _ForwardIterator = flatbuffers::Offset<TAUV_FB::ESCFrame>*; _Allocator = allocator<flatbuffers::Offset<TAUV_FB::ESCFrame> >]	40	static
/Applications/STM32CubeIDE.app/Contents/Eclipse/plugins/com.st.stm32cube.ide.mcu.externaltools.gnu-tools-for-stm32.13.3.rel1.macos64_1.0.0.202411102158/tools/arm-none-eabi/include/c++/13.3.1/bits/stl_algobase.h:316:5:_Iterator std::__niter_base(_Iterator) [with _Iterator = const unsigned char*]	16	static
/Applications/STM32CubeIDE.app/Contents/Eclipse/plugins/com.st.stm32cube.ide.mcu.externaltools.gnu-tools-for-stm32.13.3.rel1.macos64_1.0.0.202411102158/tools/arm-none-eabi/include/c++/13.3.1/bits/stl_algobase.h:316:5:_Iterator std::__niter_base(_Iterator) [with _Iterator = unsigned char*]	16	static
/Applications/STM32CubeIDE.app/Contents/Eclipse/plugins/com.st.stm32cube.ide.mcu.externaltools.gnu-tools-for-stm32.13.3.rel1.macos64_1.0.0.202411102158/tools/arm-none-eabi/include/c++/13.3.1/bits/stl_algobase.h:532:5:_OI std::__copy_move_a1(_II, _II, _OI) [with bool _IsMove = false; _II = const unsigned char*; _OI = unsigned char*]	24	static
/Applications/STM32CubeIDE.app/Contents/Eclipse/plugins/com.st.stm32cube.ide.mcu.externaltools.gnu-tools-for-stm32.13.3.rel1.macos64_1.0.0.202411102158/tools/arm-none-eabi/include/c++/13.3.1/bits/stl_algobase.h:338:5:_Iterator std::__niter_wrap(const _Iterator&, _Iterator) [with _Iterator = unsigned char*]	16	static
/Applications/STM32CubeIDE.app/Contents/Eclipse/plugins/com.st.stm32cube.ide.mcu.externaltools.gnu-tools-for-stm32.13.3.rel1.macos64_1.0.0.202411102158/tools/arm-none-eabi/include/c++/13.3.1/bits/stl_tree.h:549:7:std::_Rb_tree<_Key, _Val, _KeyOfValue, _Compare, _Alloc>::_Node_allocator& std::_Rb_tree<_Key, _Val, _KeyOfValue, _Compare, _Alloc>::_M_get_Node_allocator() [with _Key = flatbuffers::Offset<flatbuffers::String>; _Val = flatbuffers::Offset<flatbuffers::String>; _KeyOfValue = std::_Identity<flatbuffers::Offset<flatbuffers::String> >; _Compare = flatbuffers::FlatBufferBuilderImpl<false>::StringOffsetCompare; _Alloc = std::allocator<flatbuffers::Offset<flatbuffers::String> >]	16	static
/Applications/STM32CubeIDE.app/Contents/Eclipse/plugins/com.st.stm32cube.ide.mcu.externaltools.gnu-tools-for-stm32.13.3.rel1.macos64_1.0.0.202411102158/tools/arm-none-eabi/include/c++/13.3.1/bits/stl_tree.h:234:7:_Val* std::_Rb_tree_node<_Val>::_M_valptr() [with _Val = flatbuffers::Offset<flatbuffers::String>]	16	static
/Applications/STM32CubeIDE.app/Contents/Eclipse/plugins/com.st.stm32cube.ide.mcu.externaltools.gnu-tools-for-stm32.13.3.rel1.macos64_1.0.0.202411102158/tools/arm-none-eabi/include/c++/13.3.1/bits/move.h:51:5:constexpr _Tp* std::__addressof(_Tp&) [with _Tp = flatbuffers::Offset<TAUV_FB::ESCFrame>]	16	static
/Applications/STM32CubeIDE.app/Contents/Eclipse/plugins/com.st.stm32cube.ide.mcu.externaltools.gnu-tools-for-stm32.13.3.rel1.macos64_1.0.0.202411102158/tools/arm-none-eabi/include/c++/13.3.1/bits/stl_uninitialized.h:1069:5:void std::__relocate_object_a(_Tp*, _Up*, _Allocator&) [with _Tp = flatbuffers::Offset<TAUV_FB::ESCFrame>; _Up = flatbuffers::Offset<TAUV_FB::ESCFrame>; _Allocator = allocator<flatbuffers::Offset<TAUV_FB::ESCFrame> >]	72	static
/Applications/STM32CubeIDE.app/Contents/Eclipse/plugins/com.st.stm32cube.ide.mcu.externaltools.gnu-tools-for-stm32.13.3.rel1.macos64_1.0.0.202411102158/tools/arm-none-eabi/include/c++/13.3.1/bits/stl_algobase.h:497:5:_OI std::__copy_move_a2(_II, _II, _OI) [with bool _IsMove = false; _II = const unsigned char*; _OI = unsigned char*]	24	static
/Applications/STM32CubeIDE.app/Contents/Eclipse/plugins/com.st.stm32cube.ide.mcu.externaltools.gnu-tools-for-stm32.13.3.rel1.macos64_1.0.0.202411102158/tools/arm-none-eabi/include/c++/13.3.1/ext/aligned_buffer.h:72:7:_Tp* __gnu_cxx::__aligned_membuf<_Tp>::_M_ptr() [with _Tp = flatbuffers::Offset<flatbuffers::String>]	16	static
/Applications/STM32CubeIDE.app/Contents/Eclipse/plugins/com.st.stm32cube.ide.mcu.externaltools.gnu-tools-for-stm32.13.3.rel1.macos64_1.0.0.202411102158/tools/arm-none-eabi/include/c++/13.3.1/bits/new_allocator.h:156:7:void std::__new_allocator<_Tp>::deallocate(_Tp*, size_type) [with _Tp = std::_Rb_tree_node<flatbuffers::Offset<flatbuffers::String> >]	24	static
/Applications/STM32CubeIDE.app/Contents/Eclipse/plugins/com.st.stm32cube.ide.mcu.externaltools.gnu-tools-for-stm32.13.3.rel1.macos64_1.0.0.202411102158/tools/arm-none-eabi/include/c++/13.3.1/bits/move.h:97:5:constexpr typename std::remove_reference<_Tp>::type&& std::move(_Tp&&) [with _Tp = flatbuffers::Offset<TAUV_FB::ESCFrame>&]	16	static
/Applications/STM32CubeIDE.app/Contents/Eclipse/plugins/com.st.stm32cube.ide.mcu.externaltools.gnu-tools-for-stm32.13.3.rel1.macos64_1.0.0.202411102158/tools/arm-none-eabi/include/c++/13.3.1/bits/stl_algobase.h:433:2:static _Up* std::__copy_move<_IsMove, true, std::random_access_iterator_tag>::__copy_m(_Tp*, _Tp*, _Up*) [with _Tp = const unsigned char; _Up = unsigned char; bool _IsMove = false]	32	static
/Applications/STM32CubeIDE.app/Contents/Eclipse/plugins/com.st.stm32cube.ide.mcu.externaltools.gnu-tools-for-stm32.13.3.rel1.macos64_1.0.0.202411102158/tools/arm-none-eabi/include/c++/13.3.1/ext/aligned_buffer.h:64:7:void* __gnu_cxx::__aligned_membuf<_Tp>::_M_addr() [with _Tp = flatbuffers::Offset<flatbuffers::String>]	16	static
/Applications/STM32CubeIDE.app/Contents/Eclipse/plugins/com.st.stm32cube.ide.mcu.externaltools.gnu-tools-for-stm32.13.3.rel1.macos64_1.0.0.202411102158/tools/arm-none-eabi/include/c++/13.3.1/bits/move.h:70:5:constexpr _Tp&& std::forward(typename remove_reference<_Functor>::type&) [with _Tp = flatbuffers::Offset<TAUV_FB::ESCFrame>]	16	static
/Applications/STM32CubeIDE.app/Contents/Eclipse/plugins/com.st.stm32cube.ide.mcu.externaltools.gnu-tools-for-stm32.13.3.rel1.macos64_1.0.0.202411102158/tools/arm-none-eabi/include/c++/13.3.1/bits/stl_algobase.h:397:2:static void std::__copy_move<false, false, std::random_access_iterator_tag>::__assign_one(_Tp*, _Up*) [with _Tp = unsigned char; _Up = const unsigned char]	16	static
