../Util/Logging.hpp:65:20:void __tcf_0()	0	static
../Util/Logging.hpp:64:19:static TAUV::Logging& TAUV::Logging::getInstance()	8	static
../Drivers/MS5837/MS5837.cpp:14:1:TAUV::MS5837::MS5837()	0	static
../Drivers/MS5837/MS5837.cpp:19:1:TAUV::MS5837::~MS5837()	0	static
../Drivers/MS5837/MS5837.cpp:91:6:void TAUV::MS5837::setModel(uint8_t)	0	static
../Drivers/MS5837/MS5837.cpp:93:9:uint8_t TAUV::MS5837::getModel()	0	static
../Drivers/MS5837/MS5837.cpp:95:6:void TAUV::MS5837::setFluidDensity(float)	0	static
../Drivers/MS5837/MS5837.cpp:97:10:uint32_t TAUV::MS5837::getConversionDelayMs() const	0	static
../Drivers/MS5837/MS5837.cpp:101:6:bool TAUV::MS5837::requestTemperatureConversion()	24	static
../Drivers/MS5837/MS5837.cpp:124:6:bool TAUV::MS5837::readTemperature()	32	static
../Drivers/MS5837/MS5837.cpp:154:6:bool TAUV::MS5837::requestPressureConversion()	24	static
../Drivers/MS5837/MS5837.cpp:172:6:bool TAUV::MS5837::readPressure()	32	static
../Drivers/MS5837/MS5837.cpp:207:6:bool TAUV::MS5837::calculate()	36	static
../Drivers/MS5837/MS5837.cpp:275:7:float TAUV::MS5837::pressure(float)	0	static
../Drivers/MS5837/MS5837.cpp:283:7:float TAUV::MS5837::temperature()	0	static
../Drivers/MS5837/MS5837.cpp:285:7:float TAUV::MS5837::depth()	8	static
../Drivers/MS5837/MS5837.cpp:289:7:float TAUV::MS5837::altitude()	8	static
../Drivers/MS5837/MS5837.cpp:293:9:uint8_t TAUV::MS5837::crc4(uint16_t*)	8	static
../Drivers/MS5837/MS5837.cpp:24:6:bool TAUV::MS5837::init(I2C_HandleTypeDef*)	40	static
../Drivers/MS5837/MS5837.cpp:22:6:bool TAUV::MS5837::begin(I2C_HandleTypeDef*)	0	static
