/Applications/STM32CubeIDE.app/Contents/Eclipse/plugins/com.st.stm32cube.ide.mcu.externaltools.gnu-tools-for-stm32.13.3.rel1.macos64_1.0.0.202411102158/tools/arm-none-eabi/include/c++/13.3.1/bits/std_function.h:241:5:std::_Function_base::~_Function_base()	16	static
/Applications/STM32CubeIDE.app/Contents/Eclipse/plugins/com.st.stm32cube.ide.mcu.externaltools.gnu-tools-for-stm32.13.3.rel1.macos64_1.0.0.202411102158/tools/arm-none-eabi/include/c++/13.3.1/bits/std_function.h:334:11:std::function<void(const ip4_addr&, short unsigned int, const unsigned char*, short unsigned int)>::~function()	16	static
../Util/UdpSocket.hpp:39:5:UdpSocket::~UdpSocket()	16	static
/Applications/STM32CubeIDE.app/Contents/Eclipse/plugins/com.st.stm32cube.ide.mcu.externaltools.gnu-tools-for-stm32.13.3.rel1.macos64_1.0.0.202411102158/tools/arm-none-eabi/include/c++/13.3.1/arm-none-eabi/thumb/v7e-m+dp/hard/bits/gthr-default.h:229:1:int __gthread_key_delete(__gthread_key_t)	16	static
/Applications/STM32CubeIDE.app/Contents/Eclipse/plugins/com.st.stm32cube.ide.mcu.externaltools.gnu-tools-for-stm32.13.3.rel1.macos64_1.0.0.202411102158/tools/arm-none-eabi/include/c++/13.3.1/bits/unique_ptr.h:243:24:std::__uniq_ptr_data<_Tp, _Dp, <anonymous>, <anonymous> >& std::__uniq_ptr_data<_Tp, _Dp, <anonymous>, <anonymous> >::operator=(std::__uniq_ptr_data<_Tp, _Dp, <anonymous>, <anonymous> >&&) [with _Tp = TAUV::Task50Hz::Resources; _Dp = std::default_delete<TAUV::Task50Hz::Resources>; bool <anonymous> = true; bool <anonymous> = true]	16	static
/Applications/STM32CubeIDE.app/Contents/Eclipse/plugins/com.st.stm32cube.ide.mcu.externaltools.gnu-tools-for-stm32.13.3.rel1.macos64_1.0.0.202411102158/tools/arm-none-eabi/include/c++/13.3.1/bits/unique_ptr.h:414:19:std::unique_ptr<_Tp, _Dp>& std::unique_ptr<_Tp, _Dp>::operator=(std::unique_ptr<_Tp, _Dp>&&) [with _Tp = TAUV::Task50Hz::Resources; _Dp = std::default_delete<TAUV::Task50Hz::Resources>]	16	static
../Tasks/Task50Hz.cpp:19:6:bool TAUV::Task50Hz::init(std::unique_ptr<Resources>)	24	static
../Tasks/Task50Hz.cpp:26:6:virtual void TAUV::Task50Hz::run()	16	static
/Applications/STM32CubeIDE.app/Contents/Eclipse/plugins/com.st.stm32cube.ide.mcu.externaltools.gnu-tools-for-stm32.13.3.rel1.macos64_1.0.0.202411102158/tools/arm-none-eabi/include/c++/13.3.1/bits/unique_ptr.h:398:7:std::unique_ptr<_Tp, _Dp>::~unique_ptr() [with _Tp = TAUV::Task50Hz::Resources; _Dp = std::default_delete<TAUV::Task50Hz::Resources>]	32	static
/Applications/STM32CubeIDE.app/Contents/Eclipse/plugins/com.st.stm32cube.ide.mcu.externaltools.gnu-tools-for-stm32.13.3.rel1.macos64_1.0.0.202411102158/tools/arm-none-eabi/include/c++/13.3.1/bits/move.h:97:5:constexpr typename std::remove_reference<_Tp>::type&& std::move(_Tp&&) [with _Tp = unique_ptr<TAUV::Task50Hz::Resources>&]	16	static
/Applications/STM32CubeIDE.app/Contents/Eclipse/plugins/com.st.stm32cube.ide.mcu.externaltools.gnu-tools-for-stm32.13.3.rel1.macos64_1.0.0.202411102158/tools/arm-none-eabi/include/c++/13.3.1/bits/unique_ptr.h:189:24:std::__uniq_ptr_impl<_Tp, _Dp>& std::__uniq_ptr_impl<_Tp, _Dp>::operator=(std::__uniq_ptr_impl<_Tp, _Dp>&&) [with _Tp = TAUV::Task50Hz::Resources; _Dp = std::default_delete<TAUV::Task50Hz::Resources>]	16	static
/Applications/STM32CubeIDE.app/Contents/Eclipse/plugins/com.st.stm32cube.ide.mcu.externaltools.gnu-tools-for-stm32.13.3.rel1.macos64_1.0.0.202411102158/tools/arm-none-eabi/include/c++/13.3.1/bits/unique_ptr.h:460:7:std::unique_ptr<_Tp, _Dp>::pointer std::unique_ptr<_Tp, _Dp>::operator->() const [with _Tp = TAUV::Task50Hz::Resources; _Dp = std::default_delete<TAUV::Task50Hz::Resources>]	16	static
/Applications/STM32CubeIDE.app/Contents/Eclipse/plugins/com.st.stm32cube.ide.mcu.externaltools.gnu-tools-for-stm32.13.3.rel1.macos64_1.0.0.202411102158/tools/arm-none-eabi/include/c++/13.3.1/bits/unique_ptr.h:197:18:std::__uniq_ptr_impl<_Tp, _Dp>::pointer& std::__uniq_ptr_impl<_Tp, _Dp>::_M_ptr() [with _Tp = TAUV::Task50Hz::Resources; _Dp = std::default_delete<TAUV::Task50Hz::Resources>]	16	static
/Applications/STM32CubeIDE.app/Contents/Eclipse/plugins/com.st.stm32cube.ide.mcu.externaltools.gnu-tools-for-stm32.13.3.rel1.macos64_1.0.0.202411102158/tools/arm-none-eabi/include/c++/13.3.1/bits/unique_ptr.h:475:7:std::unique_ptr<_Tp, _Dp>::deleter_type& std::unique_ptr<_Tp, _Dp>::get_deleter() [with _Tp = TAUV::Task50Hz::Resources; _Dp = std::default_delete<TAUV::Task50Hz::Resources>]	16	static
/Applications/STM32CubeIDE.app/Contents/Eclipse/plugins/com.st.stm32cube.ide.mcu.externaltools.gnu-tools-for-stm32.13.3.rel1.macos64_1.0.0.202411102158/tools/arm-none-eabi/include/c++/13.3.1/bits/move.h:97:5:constexpr typename std::remove_reference<_Tp>::type&& std::move(_Tp&&) [with _Tp = TAUV::Task50Hz::Resources*&]	16	static
/Applications/STM32CubeIDE.app/Contents/Eclipse/plugins/com.st.stm32cube.ide.mcu.externaltools.gnu-tools-for-stm32.13.3.rel1.macos64_1.0.0.202411102158/tools/arm-none-eabi/include/c++/13.3.1/bits/unique_ptr.h:93:7:void std::default_delete<_Tp>::operator()(_Tp*) const [with _Tp = TAUV::Task50Hz::Resources]	16	static
/Applications/STM32CubeIDE.app/Contents/Eclipse/plugins/com.st.stm32cube.ide.mcu.externaltools.gnu-tools-for-stm32.13.3.rel1.macos64_1.0.0.202411102158/tools/arm-none-eabi/include/c++/13.3.1/bits/unique_ptr.h:206:12:void std::__uniq_ptr_impl<_Tp, _Dp>::reset(pointer) [with _Tp = TAUV::Task50Hz::Resources; _Dp = std::default_delete<TAUV::Task50Hz::Resources>]	32	static
/Applications/STM32CubeIDE.app/Contents/Eclipse/plugins/com.st.stm32cube.ide.mcu.externaltools.gnu-tools-for-stm32.13.3.rel1.macos64_1.0.0.202411102158/tools/arm-none-eabi/include/c++/13.3.1/bits/unique_ptr.h:215:15:std::__uniq_ptr_impl<_Tp, _Dp>::pointer std::__uniq_ptr_impl<_Tp, _Dp>::release() [with _Tp = TAUV::Task50Hz::Resources; _Dp = std::default_delete<TAUV::Task50Hz::Resources>]	24	static
/Applications/STM32CubeIDE.app/Contents/Eclipse/plugins/com.st.stm32cube.ide.mcu.externaltools.gnu-tools-for-stm32.13.3.rel1.macos64_1.0.0.202411102158/tools/arm-none-eabi/include/c++/13.3.1/bits/unique_ptr.h:201:18:_Dp& std::__uniq_ptr_impl<_Tp, _Dp>::_M_deleter() [with _Tp = TAUV::Task50Hz::Resources; _Dp = std::default_delete<TAUV::Task50Hz::Resources>]	16	static
/Applications/STM32CubeIDE.app/Contents/Eclipse/plugins/com.st.stm32cube.ide.mcu.externaltools.gnu-tools-for-stm32.13.3.rel1.macos64_1.0.0.202411102158/tools/arm-none-eabi/include/c++/13.3.1/bits/move.h:70:5:constexpr _Tp&& std::forward(typename remove_reference<_Functor>::type&) [with _Tp = default_delete<TAUV::Task50Hz::Resources>]	16	static
/Applications/STM32CubeIDE.app/Contents/Eclipse/plugins/com.st.stm32cube.ide.mcu.externaltools.gnu-tools-for-stm32.13.3.rel1.macos64_1.0.0.202411102158/tools/arm-none-eabi/include/c++/13.3.1/bits/unique_ptr.h:469:7:std::unique_ptr<_Tp, _Dp>::pointer std::unique_ptr<_Tp, _Dp>::get() const [with _Tp = TAUV::Task50Hz::Resources; _Dp = std::default_delete<TAUV::Task50Hz::Resources>]	16	static
/Applications/STM32CubeIDE.app/Contents/Eclipse/plugins/com.st.stm32cube.ide.mcu.externaltools.gnu-tools-for-stm32.13.3.rel1.macos64_1.0.0.202411102158/tools/arm-none-eabi/include/c++/13.3.1/tuple:1803:5:>&) [with unsigned int __i = 0; _Elements = {TAUV::Task50Hz::Resources*, default_delete<TAUV::Task50Hz::Resources>}]	16	static
/Applications/STM32CubeIDE.app/Contents/Eclipse/plugins/com.st.stm32cube.ide.mcu.externaltools.gnu-tools-for-stm32.13.3.rel1.macos64_1.0.0.202411102158/tools/arm-none-eabi/include/c++/13.3.1/tuple:1803:5:>&) [with unsigned int __i = 1; _Elements = {TAUV::Task50Hz::Resources*, default_delete<TAUV::Task50Hz::Resources>}]	16	static
/Applications/STM32CubeIDE.app/Contents/Eclipse/plugins/com.st.stm32cube.ide.mcu.externaltools.gnu-tools-for-stm32.13.3.rel1.macos64_1.0.0.202411102158/tools/arm-none-eabi/include/c++/13.3.1/bits/unique_ptr.h:199:18:std::__uniq_ptr_impl<_Tp, _Dp>::pointer std::__uniq_ptr_impl<_Tp, _Dp>::_M_ptr() const [with _Tp = TAUV::Task50Hz::Resources; _Dp = std::default_delete<TAUV::Task50Hz::Resources>]	16	static
/Applications/STM32CubeIDE.app/Contents/Eclipse/plugins/com.st.stm32cube.ide.mcu.externaltools.gnu-tools-for-stm32.13.3.rel1.macos64_1.0.0.202411102158/tools/arm-none-eabi/include/c++/13.3.1/tuple:1787:5:>&) [with unsigned int __i = 0; _Head = TAUV::Task50Hz::Resources*; _Tail = {default_delete<TAUV::Task50Hz::Resources>}]	16	static
/Applications/STM32CubeIDE.app/Contents/Eclipse/plugins/com.st.stm32cube.ide.mcu.externaltools.gnu-tools-for-stm32.13.3.rel1.macos64_1.0.0.202411102158/tools/arm-none-eabi/include/c++/13.3.1/tuple:1787:5:>&) [with unsigned int __i = 1; _Head = default_delete<TAUV::Task50Hz::Resources>; _Tail = {}]	16	static
/Applications/STM32CubeIDE.app/Contents/Eclipse/plugins/com.st.stm32cube.ide.mcu.externaltools.gnu-tools-for-stm32.13.3.rel1.macos64_1.0.0.202411102158/tools/arm-none-eabi/include/c++/13.3.1/tuple:1809:5:>&) [with unsigned int __i = 0; _Elements = {TAUV::Task50Hz::Resources*, default_delete<TAUV::Task50Hz::Resources>}]	16	static
/Applications/STM32CubeIDE.app/Contents/Eclipse/plugins/com.st.stm32cube.ide.mcu.externaltools.gnu-tools-for-stm32.13.3.rel1.macos64_1.0.0.202411102158/tools/arm-none-eabi/include/c++/13.3.1/tuple:269:7:>&) [with unsigned int _Idx = 0; _Head = TAUV::Task50Hz::Resources*; _Tail = {std::default_delete<TAUV::Task50Hz::Resources>}]	16	static
/Applications/STM32CubeIDE.app/Contents/Eclipse/plugins/com.st.stm32cube.ide.mcu.externaltools.gnu-tools-for-stm32.13.3.rel1.macos64_1.0.0.202411102158/tools/arm-none-eabi/include/c++/13.3.1/tuple:497:7:static constexpr _Head& std::_Tuple_impl<_Idx, _Head>::_M_head(std::_Tuple_impl<_Idx, _Head>&) [with unsigned int _Idx = 1; _Head = std::default_delete<TAUV::Task50Hz::Resources>]	16	static
/Applications/STM32CubeIDE.app/Contents/Eclipse/plugins/com.st.stm32cube.ide.mcu.externaltools.gnu-tools-for-stm32.13.3.rel1.macos64_1.0.0.202411102158/tools/arm-none-eabi/include/c++/13.3.1/tuple:1792:5:>&) [with unsigned int __i = 0; _Head = TAUV::Task50Hz::Resources*; _Tail = {default_delete<TAUV::Task50Hz::Resources>}]	16	static
/Applications/STM32CubeIDE.app/Contents/Eclipse/plugins/com.st.stm32cube.ide.mcu.externaltools.gnu-tools-for-stm32.13.3.rel1.macos64_1.0.0.202411102158/tools/arm-none-eabi/include/c++/13.3.1/tuple:234:7:static constexpr _Head& std::_Head_base<_Idx, _Head, false>::_M_head(std::_Head_base<_Idx, _Head, false>&) [with unsigned int _Idx = 0; _Head = TAUV::Task50Hz::Resources*]	16	static
/Applications/STM32CubeIDE.app/Contents/Eclipse/plugins/com.st.stm32cube.ide.mcu.externaltools.gnu-tools-for-stm32.13.3.rel1.macos64_1.0.0.202411102158/tools/arm-none-eabi/include/c++/13.3.1/tuple:125:7:static constexpr _Head& std::_Head_base<_Idx, _Head, true>::_M_head(std::_Head_base<_Idx, _Head, true>&) [with unsigned int _Idx = 1; _Head = std::default_delete<TAUV::Task50Hz::Resources>]	16	static
/Applications/STM32CubeIDE.app/Contents/Eclipse/plugins/com.st.stm32cube.ide.mcu.externaltools.gnu-tools-for-stm32.13.3.rel1.macos64_1.0.0.202411102158/tools/arm-none-eabi/include/c++/13.3.1/tuple:272:7:>&) [with unsigned int _Idx = 0; _Head = TAUV::Task50Hz::Resources*; _Tail = {std::default_delete<TAUV::Task50Hz::Resources>}]	16	static
/Applications/STM32CubeIDE.app/Contents/Eclipse/plugins/com.st.stm32cube.ide.mcu.externaltools.gnu-tools-for-stm32.13.3.rel1.macos64_1.0.0.202411102158/tools/arm-none-eabi/include/c++/13.3.1/tuple:237:7:static constexpr const _Head& std::_Head_base<_Idx, _Head, false>::_M_head(const std::_Head_base<_Idx, _Head, false>&) [with unsigned int _Idx = 0; _Head = TAUV::Task50Hz::Resources*]	16	static
../Tasks/IntervalTask.hpp:24:11:TAUV::IntervalTask::~IntervalTask()	16	static
../Tasks/IntervalTask.hpp:24:11:virtual TAUV::IntervalTask::~IntervalTask()	16	static
../Modules/Eth50HzModule.hpp:29:7:TAUV::Eth50HzModule::~Eth50HzModule()	16	static
../Tasks/Task50Hz.hpp:28:7:TAUV::Task50Hz::~Task50Hz()	16	static
../Tasks/Task50Hz.hpp:28:7:virtual TAUV::Task50Hz::~Task50Hz()	16	static
