[0.703s] Invoking command in '/home/gleb/dev/tauv-mono/build/tauv_common': AMENT_PREFIX_PATH=/home/gleb/dev/tauv-mono/install/tauv_msgs:${AMENT_PREFIX_PATH} CMAKE_PREFIX_PATH=/home/gleb/dev/tauv-mono/install/tauv_msgs:${CMAKE_PREFIX_PATH} DEBUGINFOD_URLS=https://debuginfod.ubuntu.com LD_LIBRARY_PATH=/home/gleb/dev/tauv-mono/install/tauv_msgs/lib:${LD_LIBRARY_PATH} PYTHONPATH=/home/gleb/dev/tauv-mono/build/tauv_common/prefix_override:/home/gleb/dev/venv-tauv/lib/python3.12/site-packages/colcon_core/task/python/colcon_distutils_commands:/home/gleb/dev/tauv-mono/install/tauv_common/lib/python3.12/site-packages:/home/gleb/dev/tauv-mono/install/tauv_msgs/lib/python3.12/site-packages:${PYTHONPATH} VIRTUAL_ENV_PROMPT=(venv-tauv) /home/gleb/dev/venv-tauv/bin/python3 -W ignore:setup.py install is deprecated -W ignore:easy_install command is deprecated setup.py develop --editable --build-directory /home/gleb/dev/tauv-mono/build/tauv_common/build --no-deps symlink_data
[0.989s] running develop
[1.142s] running egg_info
[1.157s] writing tauv_common.egg-info/PKG-INFO
[1.157s] writing dependency_links to tauv_common.egg-info/dependency_links.txt
[1.157s] writing entry points to tauv_common.egg-info/entry_points.txt
[1.157s] writing requirements to tauv_common.egg-info/requires.txt
[1.157s] writing top-level names to tauv_common.egg-info/top_level.txt
[1.187s] reading manifest file 'tauv_common.egg-info/SOURCES.txt'
[1.187s] writing manifest file 'tauv_common.egg-info/SOURCES.txt'
[1.202s] running build_ext
[1.202s] Creating /home/gleb/dev/tauv-mono/install/tauv_common/lib/python3.12/site-packages/tauv-common.egg-link (link to .)
[1.203s] Installing commander script to /home/gleb/dev/tauv-mono/install/tauv_common/lib/tauv_common
[1.203s] Installing commander_example script to /home/gleb/dev/tauv-mono/install/tauv_common/lib/tauv_common
[1.203s] Installing depth_estimator script to /home/gleb/dev/tauv-mono/install/tauv_common/lib/tauv_common
[1.203s] Installing indi_controller script to /home/gleb/dev/tauv-mono/install/tauv_common/lib/tauv_common
[1.203s] Installing state_estimator_ekf script to /home/gleb/dev/tauv-mono/install/tauv_common/lib/tauv_common
[1.203s] Installing thruster_controller script to /home/gleb/dev/tauv-mono/install/tauv_common/lib/tauv_common
[1.203s] Installing thruster_manager script to /home/gleb/dev/tauv-mono/install/tauv_common/lib/tauv_common
[1.203s] Installing wrench_test script to /home/gleb/dev/tauv-mono/install/tauv_common/lib/tauv_common
[1.204s] 
[1.204s] Installed /home/gleb/dev/tauv-mono/build/tauv_common
[1.204s] running symlink_data
[1.247s] Invoked command in '/home/gleb/dev/tauv-mono/build/tauv_common' returned '0': AMENT_PREFIX_PATH=/home/gleb/dev/tauv-mono/install/tauv_msgs:${AMENT_PREFIX_PATH} CMAKE_PREFIX_PATH=/home/gleb/dev/tauv-mono/install/tauv_msgs:${CMAKE_PREFIX_PATH} DEBUGINFOD_URLS=https://debuginfod.ubuntu.com LD_LIBRARY_PATH=/home/gleb/dev/tauv-mono/install/tauv_msgs/lib:${LD_LIBRARY_PATH} PYTHONPATH=/home/gleb/dev/tauv-mono/build/tauv_common/prefix_override:/home/gleb/dev/venv-tauv/lib/python3.12/site-packages/colcon_core/task/python/colcon_distutils_commands:/home/gleb/dev/tauv-mono/install/tauv_common/lib/python3.12/site-packages:/home/gleb/dev/tauv-mono/install/tauv_msgs/lib/python3.12/site-packages:${PYTHONPATH} VIRTUAL_ENV_PROMPT=(venv-tauv) /home/gleb/dev/venv-tauv/bin/python3 -W ignore:setup.py install is deprecated -W ignore:easy_install command is deprecated setup.py develop --editable --build-directory /home/gleb/dev/tauv-mono/build/tauv_common/build --no-deps symlink_data
