Archive member included to satisfy reference by file (symbol)

/Applications/STM32CubeIDE.app/Contents/Eclipse/plugins/com.st.stm32cube.ide.mcu.externaltools.gnu-tools-for-stm32.13.3.rel1.macos64_1.0.0.202411102158/tools/bin/../lib/gcc/arm-none-eabi/13.3.1/../../../../arm-none-eabi/lib/thumb/v7e-m+dp/hard/libstdc++_nano.a(del_ops.o)
                              ./Core/Src/main.o (operator delete(void*, unsigned int))
/Applications/STM32CubeIDE.app/Contents/Eclipse/plugins/com.st.stm32cube.ide.mcu.externaltools.gnu-tools-for-stm32.13.3.rel1.macos64_1.0.0.202411102158/tools/bin/../lib/gcc/arm-none-eabi/13.3.1/../../../../arm-none-eabi/lib/thumb/v7e-m+dp/hard/libstdc++_nano.a(del_opv.o)
                              ./Modules/Eth100HzModule.o (operator delete[](void*))
/Applications/STM32CubeIDE.app/Contents/Eclipse/plugins/com.st.stm32cube.ide.mcu.externaltools.gnu-tools-for-stm32.13.3.rel1.macos64_1.0.0.202411102158/tools/bin/../lib/gcc/arm-none-eabi/13.3.1/../../../../arm-none-eabi/lib/thumb/v7e-m+dp/hard/libstdc++_nano.a(guard.o)
                              ./Core/Src/main.o (__cxa_guard_acquire)
/Applications/STM32CubeIDE.app/Contents/Eclipse/plugins/com.st.stm32cube.ide.mcu.externaltools.gnu-tools-for-stm32.13.3.rel1.macos64_1.0.0.202411102158/tools/bin/../lib/gcc/arm-none-eabi/13.3.1/../../../../arm-none-eabi/lib/thumb/v7e-m+dp/hard/libstdc++_nano.a(new_op.o)
                              ./Core/Src/main.o (operator new(unsigned int))
/Applications/STM32CubeIDE.app/Contents/Eclipse/plugins/com.st.stm32cube.ide.mcu.externaltools.gnu-tools-for-stm32.13.3.rel1.macos64_1.0.0.202411102158/tools/bin/../lib/gcc/arm-none-eabi/13.3.1/../../../../arm-none-eabi/lib/thumb/v7e-m+dp/hard/libstdc++_nano.a(new_opv.o)
                              ./Modules/Eth100HzModule.o (operator new[](unsigned int))
/Applications/STM32CubeIDE.app/Contents/Eclipse/plugins/com.st.stm32cube.ide.mcu.externaltools.gnu-tools-for-stm32.13.3.rel1.macos64_1.0.0.202411102158/tools/bin/../lib/gcc/arm-none-eabi/13.3.1/../../../../arm-none-eabi/lib/thumb/v7e-m+dp/hard/libstdc++_nano.a(functexcept.o)
                              ./Modules/Eth50HzModule.o (std::__throw_length_error(char const*))
/Applications/STM32CubeIDE.app/Contents/Eclipse/plugins/com.st.stm32cube.ide.mcu.externaltools.gnu-tools-for-stm32.13.3.rel1.macos64_1.0.0.202411102158/tools/bin/../lib/gcc/arm-none-eabi/13.3.1/../../../../arm-none-eabi/lib/thumb/v7e-m+dp/hard/libstdc++_nano.a(del_op.o)
                              /Applications/STM32CubeIDE.app/Contents/Eclipse/plugins/com.st.stm32cube.ide.mcu.externaltools.gnu-tools-for-stm32.13.3.rel1.macos64_1.0.0.202411102158/tools/bin/../lib/gcc/arm-none-eabi/13.3.1/../../../../arm-none-eabi/lib/thumb/v7e-m+dp/hard/libstdc++_nano.a(del_ops.o) (operator delete(void*))
/Applications/STM32CubeIDE.app/Contents/Eclipse/plugins/com.st.stm32cube.ide.mcu.externaltools.gnu-tools-for-stm32.13.3.rel1.macos64_1.0.0.202411102158/tools/bin/../lib/gcc/arm-none-eabi/13.3.1/../../../../arm-none-eabi/lib/thumb/v7e-m+dp/hard/libstdc++_nano.a(new_handler.o)
                              /Applications/STM32CubeIDE.app/Contents/Eclipse/plugins/com.st.stm32cube.ide.mcu.externaltools.gnu-tools-for-stm32.13.3.rel1.macos64_1.0.0.202411102158/tools/bin/../lib/gcc/arm-none-eabi/13.3.1/../../../../arm-none-eabi/lib/thumb/v7e-m+dp/hard/libstdc++_nano.a(new_op.o) (std::get_new_handler())
/Applications/STM32CubeIDE.app/Contents/Eclipse/plugins/com.st.stm32cube.ide.mcu.externaltools.gnu-tools-for-stm32.13.3.rel1.macos64_1.0.0.202411102158/tools/bin/../lib/gcc/arm-none-eabi/13.3.1/../../../../arm-none-eabi/lib/thumb/v7e-m+dp/hard/libm.a(libm_a-pow.o)
                              ./Drivers/MS5837/MS5837.o (pow)
/Applications/STM32CubeIDE.app/Contents/Eclipse/plugins/com.st.stm32cube.ide.mcu.externaltools.gnu-tools-for-stm32.13.3.rel1.macos64_1.0.0.202411102158/tools/bin/../lib/gcc/arm-none-eabi/13.3.1/../../../../arm-none-eabi/lib/thumb/v7e-m+dp/hard/libm.a(libm_a-pow_log_data.o)
                              /Applications/STM32CubeIDE.app/Contents/Eclipse/plugins/com.st.stm32cube.ide.mcu.externaltools.gnu-tools-for-stm32.13.3.rel1.macos64_1.0.0.202411102158/tools/bin/../lib/gcc/arm-none-eabi/13.3.1/../../../../arm-none-eabi/lib/thumb/v7e-m+dp/hard/libm.a(libm_a-pow.o) (__pow_log_data)
/Applications/STM32CubeIDE.app/Contents/Eclipse/plugins/com.st.stm32cube.ide.mcu.externaltools.gnu-tools-for-stm32.13.3.rel1.macos64_1.0.0.202411102158/tools/bin/../lib/gcc/arm-none-eabi/13.3.1/../../../../arm-none-eabi/lib/thumb/v7e-m+dp/hard/libm.a(libm_a-sf_frexp.o)
                              ./Drivers/VESC/buffer.o (frexpf)
/Applications/STM32CubeIDE.app/Contents/Eclipse/plugins/com.st.stm32cube.ide.mcu.externaltools.gnu-tools-for-stm32.13.3.rel1.macos64_1.0.0.202411102158/tools/bin/../lib/gcc/arm-none-eabi/13.3.1/../../../../arm-none-eabi/lib/thumb/v7e-m+dp/hard/libm.a(libm_a-sf_ldexp.o)
                              ./Drivers/VESC/buffer.o (ldexpf)
[...]
Memory Configuration

Name             Origin             Length             Attributes
RAM              0x20000000         0x00080000         xrw
FLASH            0x08000000         0x00100000         xr
*default*        0x00000000         0xffffffff

Linker script and memory map

LOAD /Applications/STM32CubeIDE.app/Contents/Eclipse/plugins/com.st.stm32cube.ide.mcu.externaltools.gnu-tools-for-stm32.13.3.rel1.macos64_1.0.0.202411102158/tools/bin/../lib/gcc/arm-none-eabi/13.3.1/thumb/v7e-m+dp/hard/crti.o
LOAD /Applications/STM32CubeIDE.app/Contents/Eclipse/plugins/com.st.stm32cube.ide.mcu.externaltools.gnu-tools-for-stm32.13.3.rel1.macos64_1.0.0.202411102158/tools/bin/../lib/gcc/arm-none-eabi/13.3.1/thumb/v7e-m+dp/hard/crtbegin.o
LOAD /Applications/STM32CubeIDE.app/Contents/Eclipse/plugins/com.st.stm32cube.ide.mcu.externaltools.gnu-tools-for-stm32.13.3.rel1.macos64_1.0.0.202411102158/tools/bin/../lib/gcc/arm-none-eabi/13.3.1/../../../../arm-none-eabi/lib/thumb/v7e-m+dp/hard/crt0.o
LOAD ./Core/Src/freertos.o
LOAD ./Core/Src/main.o
LOAD ./Core/Src/stm32f7xx_hal_msp.o
LOAD ./Core/Src/stm32f7xx_hal_timebase_tim.o
LOAD ./Core/Src/stm32f7xx_it.o
LOAD ./Core/Src/syscalls.o
LOAD ./Core/Src/sysmem.o
LOAD ./Core/Src/system_stm32f7xx.o
LOAD ./Core/Src/user_interrupts.o
LOAD ./Core/Startup/startup_stm32f767zgtx.o
LOAD ./Drivers/BSP/Components/lan8742/lan8742.o
LOAD ./Drivers/MS5837/MS5837.o
LOAD ./Drivers/STM32F7xx_HAL_Driver/Src/stm32f7xx_hal.o
LOAD ./Drivers/STM32F7xx_HAL_Driver/Src/stm32f7xx_hal_cortex.o
LOAD ./Drivers/STM32F7xx_HAL_Driver/Src/stm32f7xx_hal_dma.o
LOAD ./Drivers/STM32F7xx_HAL_Driver/Src/stm32f7xx_hal_dma_ex.o
LOAD ./Drivers/STM32F7xx_HAL_Driver/Src/stm32f7xx_hal_eth.o
LOAD ./Drivers/STM32F7xx_HAL_Driver/Src/stm32f7xx_hal_exti.o
LOAD ./Drivers/STM32F7xx_HAL_Driver/Src/stm32f7xx_hal_flash.o
LOAD ./Drivers/STM32F7xx_HAL_Driver/Src/stm32f7xx_hal_flash_ex.o
LOAD ./Drivers/STM32F7xx_HAL_Driver/Src/stm32f7xx_hal_gpio.o
LOAD ./Drivers/STM32F7xx_HAL_Driver/Src/stm32f7xx_hal_i2c.o
LOAD ./Drivers/STM32F7xx_HAL_Driver/Src/stm32f7xx_hal_i2c_ex.o
LOAD ./Drivers/STM32F7xx_HAL_Driver/Src/stm32f7xx_hal_pwr.o
LOAD ./Drivers/STM32F7xx_HAL_Driver/Src/stm32f7xx_hal_pwr_ex.o
LOAD ./Drivers/STM32F7xx_HAL_Driver/Src/stm32f7xx_hal_rcc.o
LOAD ./Drivers/STM32F7xx_HAL_Driver/Src/stm32f7xx_hal_rcc_ex.o
LOAD ./Drivers/STM32F7xx_HAL_Driver/Src/stm32f7xx_hal_tim.o
LOAD ./Drivers/STM32F7xx_HAL_Driver/Src/stm32f7xx_hal_tim_ex.o
LOAD ./Drivers/STM32F7xx_HAL_Driver/Src/stm32f7xx_hal_uart.o
LOAD ./Drivers/STM32F7xx_HAL_Driver/Src/stm32f7xx_hal_uart_ex.o
LOAD ./Drivers/VESC/VESC_UART.o
LOAD ./Drivers/VESC/buffer.o
LOAD ./Drivers/VESC/crc.o
LOAD ./Drivers/XSens/Mti300.o
LOAD ./LWIP/App/lwip.o
LOAD ./LWIP/Target/ethernetif.o
LOAD ./Middlewares/Third_Party/FreeRTOS/Source/CMSIS_RTOS/cmsis_os.o
LOAD ./Middlewares/Third_Party/FreeRTOS/Source/croutine.o
LOAD ./Middlewares/Third_Party/FreeRTOS/Source/event_groups.o
LOAD ./Middlewares/Third_Party/FreeRTOS/Source/list.o
LOAD ./Middlewares/Third_Party/FreeRTOS/Source/queue.o
LOAD ./Middlewares/Third_Party/FreeRTOS/Source/stream_buffer.o
LOAD ./Middlewares/Third_Party/FreeRTOS/Source/tasks.o
LOAD ./Middlewares/Third_Party/FreeRTOS/Source/timers.o
LOAD ./Middlewares/Third_Party/FreeRTOS/Source/portable/GCC/ARM_CM7/r0p1/port.o
LOAD ./Middlewares/Third_Party/FreeRTOS/Source/portable/MemMang/heap_4.o
LOAD ./Middlewares/Third_Party/LwIP/src/api/api_lib.o
LOAD ./Middlewares/Third_Party/LwIP/src/api/api_msg.o
LOAD ./Middlewares/Third_Party/LwIP/src/api/err.o
LOAD ./Middlewares/Third_Party/LwIP/src/api/if_api.o
LOAD ./Middlewares/Third_Party/LwIP/src/api/netbuf.o
LOAD ./Middlewares/Third_Party/LwIP/src/api/netdb.o
LOAD ./Middlewares/Third_Party/LwIP/src/api/netifapi.o
LOAD ./Middlewares/Third_Party/LwIP/src/api/sockets.o
LOAD ./Middlewares/Third_Party/LwIP/src/api/tcpip.o
LOAD ./Middlewares/Third_Party/LwIP/src/apps/mqtt/mqtt.o
LOAD ./Middlewares/Third_Party/LwIP/src/core/altcp.o
LOAD ./Middlewares/Third_Party/LwIP/src/core/altcp_alloc.o
LOAD ./Middlewares/Third_Party/LwIP/src/core/altcp_tcp.o
LOAD ./Middlewares/Third_Party/LwIP/src/core/def.o
LOAD ./Middlewares/Third_Party/LwIP/src/core/dns.o
LOAD ./Middlewares/Third_Party/LwIP/src/core/inet_chksum.o
LOAD ./Middlewares/Third_Party/LwIP/src/core/init.o
LOAD ./Middlewares/Third_Party/LwIP/src/core/ip.o
LOAD ./Middlewares/Third_Party/LwIP/src/core/mem.o
LOAD ./Middlewares/Third_Party/LwIP/src/core/memp.o
LOAD ./Middlewares/Third_Party/LwIP/src/core/netif.o
LOAD ./Middlewares/Third_Party/LwIP/src/core/pbuf.o
LOAD ./Middlewares/Third_Party/LwIP/src/core/raw.o
LOAD ./Middlewares/Third_Party/LwIP/src/core/stats.o
LOAD ./Middlewares/Third_Party/LwIP/src/core/sys.o
LOAD ./Middlewares/Third_Party/LwIP/src/core/tcp.o
LOAD ./Middlewares/Third_Party/LwIP/src/core/tcp_in.o
LOAD ./Middlewares/Third_Party/LwIP/src/core/tcp_out.o
LOAD ./Middlewares/Third_Party/LwIP/src/core/timeouts.o
LOAD ./Middlewares/Third_Party/LwIP/src/core/udp.o
LOAD ./Middlewares/Third_Party/LwIP/src/core/ipv4/autoip.o
LOAD ./Middlewares/Third_Party/LwIP/src/core/ipv4/dhcp.o
LOAD ./Middlewares/Third_Party/LwIP/src/core/ipv4/etharp.o
LOAD ./Middlewares/Third_Party/LwIP/src/core/ipv4/icmp.o
LOAD ./Middlewares/Third_Party/LwIP/src/core/ipv4/igmp.o
LOAD ./Middlewares/Third_Party/LwIP/src/core/ipv4/ip4.o
LOAD ./Middlewares/Third_Party/LwIP/src/core/ipv4/ip4_addr.o
LOAD ./Middlewares/Third_Party/LwIP/src/core/ipv4/ip4_frag.o
LOAD ./Middlewares/Third_Party/LwIP/src/core/ipv6/dhcp6.o
LOAD ./Middlewares/Third_Party/LwIP/src/core/ipv6/ethip6.o
LOAD ./Middlewares/Third_Party/LwIP/src/core/ipv6/icmp6.o
LOAD ./Middlewares/Third_Party/LwIP/src/core/ipv6/inet6.o
LOAD ./Middlewares/Third_Party/LwIP/src/core/ipv6/ip6.o
LOAD ./Middlewares/Third_Party/LwIP/src/core/ipv6/ip6_addr.o
LOAD ./Middlewares/Third_Party/LwIP/src/core/ipv6/ip6_frag.o
LOAD ./Middlewares/Third_Party/LwIP/src/core/ipv6/mld6.o
LOAD ./Middlewares/Third_Party/LwIP/src/core/ipv6/nd6.o
LOAD ./Middlewares/Third_Party/LwIP/src/netif/bridgeif.o
LOAD ./Middlewares/Third_Party/LwIP/src/netif/bridgeif_fdb.o
LOAD ./Middlewares/Third_Party/LwIP/src/netif/ethernet.o
LOAD ./Middlewares/Third_Party/LwIP/src/netif/lowpan6.o
LOAD ./Middlewares/Third_Party/LwIP/src/netif/lowpan6_ble.o
LOAD ./Middlewares/Third_Party/LwIP/src/netif/lowpan6_common.o
LOAD ./Middlewares/Third_Party/LwIP/src/netif/slipif.o
LOAD ./Middlewares/Third_Party/LwIP/src/netif/zepif.o
LOAD ./Middlewares/Third_Party/LwIP/src/netif/ppp/auth.o
LOAD ./Middlewares/Third_Party/LwIP/src/netif/ppp/ccp.o
LOAD ./Middlewares/Third_Party/LwIP/src/netif/ppp/chap-md5.o
LOAD ./Middlewares/Third_Party/LwIP/src/netif/ppp/chap-new.o
LOAD ./Middlewares/Third_Party/LwIP/src/netif/ppp/chap_ms.o
LOAD ./Middlewares/Third_Party/LwIP/src/netif/ppp/demand.o
LOAD ./Middlewares/Third_Party/LwIP/src/netif/ppp/eap.o
LOAD ./Middlewares/Third_Party/LwIP/src/netif/ppp/ecp.o
LOAD ./Middlewares/Third_Party/LwIP/src/netif/ppp/eui64.o
LOAD ./Middlewares/Third_Party/LwIP/src/netif/ppp/fsm.o
LOAD ./Middlewares/Third_Party/LwIP/src/netif/ppp/ipcp.o
LOAD ./Middlewares/Third_Party/LwIP/src/netif/ppp/ipv6cp.o
LOAD ./Middlewares/Third_Party/LwIP/src/netif/ppp/lcp.o
LOAD ./Middlewares/Third_Party/LwIP/src/netif/ppp/magic.o
LOAD ./Middlewares/Third_Party/LwIP/src/netif/ppp/mppe.o
LOAD ./Middlewares/Third_Party/LwIP/src/netif/ppp/multilink.o
LOAD ./Middlewares/Third_Party/LwIP/src/netif/ppp/ppp.o
LOAD ./Middlewares/Third_Party/LwIP/src/netif/ppp/pppapi.o
LOAD ./Middlewares/Third_Party/LwIP/src/netif/ppp/pppcrypt.o
LOAD ./Middlewares/Third_Party/LwIP/src/netif/ppp/pppoe.o
LOAD ./Middlewares/Third_Party/LwIP/src/netif/ppp/pppol2tp.o
LOAD ./Middlewares/Third_Party/LwIP/src/netif/ppp/pppos.o
LOAD ./Middlewares/Third_Party/LwIP/src/netif/ppp/upap.o
LOAD ./Middlewares/Third_Party/LwIP/src/netif/ppp/utils.o
LOAD ./Middlewares/Third_Party/LwIP/src/netif/ppp/vj.o
LOAD ./Middlewares/Third_Party/LwIP/system/OS/sys_arch.o
LOAD ./Modules/ESCModule.o
LOAD ./Modules/Eth100HzModule.o
LOAD ./Modules/Eth50HzModule.o
LOAD ./Modules/MS5837Module.o
LOAD ./Modules/MTI300Module.o
LOAD ./Tasks/LoggingTask.o
LOAD ./Tasks/Task100Hz.o
LOAD ./Tasks/Task50Hz.o
LOAD ./Util/Logging.o
START GROUP
LOAD /Applications/STM32CubeIDE.app/Contents/Eclipse/plugins/com.st.stm32cube.ide.mcu.externaltools.gnu-tools-for-stm32.13.3.rel1.macos64_1.0.0.202411102158/tools/bin/../lib/gcc/arm-none-eabi/13.3.1/../../../../arm-none-eabi/lib/thumb/v7e-m+dp/hard/libstdc++_nano.a
LOAD /Applications/STM32CubeIDE.app/Contents/Eclipse/plugins/com.st.stm32cube.ide.mcu.externaltools.gnu-tools-for-stm32.13.3.rel1.macos64_1.0.0.202411102158/tools/bin/../lib/gcc/arm-none-eabi/13.3.1/../../../../arm-none-eabi/lib/thumb/v7e-m+dp/hard/libsupc++_nano.a
END GROUP
LOAD /Applications/STM32CubeIDE.app/Contents/Eclipse/plugins/com.st.stm32cube.ide.mcu.externaltools.gnu-tools-for-stm32.13.3.rel1.macos64_1.0.0.202411102158/tools/bin/../lib/gcc/arm-none-eabi/13.3.1/../../../../arm-none-eabi/lib/thumb/v7e-m+dp/hard/libstdc++_nano.a
LOAD /Applications/STM32CubeIDE.app/Contents/Eclipse/plugins/com.st.stm32cube.ide.mcu.externaltools.gnu-tools-for-stm32.13.3.rel1.macos64_1.0.0.202411102158/tools/bin/../lib/gcc/arm-none-eabi/13.3.1/../../../../arm-none-eabi/lib/thumb/v7e-m+dp/hard/libm.a
LOAD /Applications/STM32CubeIDE.app/Contents/Eclipse/plugins/com.st.stm32cube.ide.mcu.externaltools.gnu-tools-for-stm32.13.3.rel1.macos64_1.0.0.202411102158/tools/bin/../lib/gcc/arm-none-eabi/13.3.1/../../../../arm-none-eabi/lib/thumb/v7e-m+dp/hard/libc_nano.a
START GROUP
LOAD /Applications/STM32CubeIDE.app/Contents/Eclipse/plugins/com.st.stm32cube.ide.mcu.externaltools.gnu-tools-for-stm32.13.3.rel1.macos64_1.0.0.202411102158/tools/bin/../lib/gcc/arm-none-eabi/13.3.1/thumb/v7e-m+dp/hard/libgcc.a
LOAD /Applications/STM32CubeIDE.app/Contents/Eclipse/plugins/com.st.stm32cube.ide.mcu.externaltools.gnu-tools-for-stm32.13.3.rel1.macos64_1.0.0.202411102158/tools/bin/../lib/gcc/arm-none-eabi/13.3.1/../../../../arm-none-eabi/lib/thumb/v7e-m+dp/hard/libc_nano.a
END GROUP
START GROUP
LOAD /Applications/STM32CubeIDE.app/Contents/Eclipse/plugins/com.st.stm32cube.ide.mcu.externaltools.gnu-tools-for-stm32.13.3.rel1.macos64_1.0.0.202411102158/tools/bin/../lib/gcc/arm-none-eabi/13.3.1/thumb/v7e-m+dp/hard/libgcc.a
LOAD /Applications/STM32CubeIDE.app/Contents/Eclipse/plugins/com.st.stm32cube.ide.mcu.externaltools.gnu-tools-for-stm32.13.3.rel1.macos64_1.0.0.202411102158/tools/bin/../lib/gcc/arm-none-eabi/13.3.1/../../../../arm-none-eabi/lib/thumb/v7e-m+dp/hard/libc_nano.a
END GROUP
LOAD /Applications/STM32CubeIDE.app/Contents/Eclipse/plugins/com.st.stm32cube.ide.mcu.externaltools.gnu-tools-for-stm32.13.3.rel1.macos64_1.0.0.202411102158/tools/bin/../lib/gcc/arm-none-eabi/13.3.1/thumb/v7e-m+dp/hard/crtend.o
LOAD /Applications/STM32CubeIDE.app/Contents/Eclipse/plugins/com.st.stm32cube.ide.mcu.externaltools.gnu-tools-for-stm32.13.3.rel1.macos64_1.0.0.202411102158/tools/bin/../lib/gcc/arm-none-eabi/13.3.1/thumb/v7e-m+dp/hard/crtn.o
                0x20080000                        _estack = (ORIGIN (RAM) + LENGTH (RAM))
                0x00000200                        _Min_Heap_Size = 0x200
                0x00000400                        _Min_Stack_Size = 0x400

.isr_vector     0x08000000      0x1f8
                0x08000000                        . = ALIGN (0x4)
 *(.isr_vector)
 .isr_vector    0x08000000      0x1f8 ./Core/Startup/startup_stm32f767zgtx.o
                0x08000000                g_pfnVectors
                0x080001f8                        . = ALIGN (0x4)

.text           0x08000200    0x124a8
                0x08000200                        . = ALIGN (0x4)
 *(.text)
 .text          0x08000200       0x40 /Applications/STM32CubeIDE.app/Contents/Eclipse/plugins/com.st.stm32cube.ide.mcu.externaltools.gnu-tools-for-stm32.13.3.rel1.macos64_1.0.0.202411102158/tools/bin/../lib/gcc/arm-none-eabi/13.3.1/thumb/v7e-m+dp/hard/crtbegin.o
 .text          0x08000240       0xa0 /Applications/STM32CubeIDE.app/Contents/Eclipse/plugins/com.st.stm32cube.ide.mcu.externaltools.gnu-tools-for-stm32.13.3.rel1.macos64_1.0.0.202411102158/tools/bin/../lib/gcc/arm-none-eabi/13.3.1/../../../../arm-none-eabi/lib/thumb/v7e-m+dp/hard/libc_nano.a(libc_a-memchr.o)
                0x08000240                memchr
 .text          0x080002e0       0x30 /Applications/STM32CubeIDE.app/Contents/Eclipse/plugins/com.st.stm32cube.ide.mcu.externaltools.gnu-tools-for-stm32.13.3.rel1.macos64_1.0.0.202411102158/tools/bin/../lib/gcc/arm-none-eabi/13.3.1/thumb/v7e-m+dp/hard/libgcc.a(_aeabi_uldivmod.o)
                0x080002e0                __aeabi_uldivmod
 .text          0x08000310      0x2f8 /Applications/STM32CubeIDE.app/Contents/Eclipse/plugins/com.st.stm32cube.ide.mcu.externaltools.gnu-tools-for-stm32.13.3.rel1.macos64_1.0.0.202411102158/tools/bin/../lib/gcc/arm-none-eabi/13.3.1/thumb/v7e-m+dp/hard/libgcc.a(_udivmoddi4.o)
                0x08000310                __udivmoddi4
 .text          0x08000608        0x4 /Applications/STM32CubeIDE.app/Contents/Eclipse/plugins/com.st.stm32cube.ide.mcu.externaltools.gnu-tools-for-stm32.13.3.rel1.macos64_1.0.0.202411102158/tools/bin/../lib/gcc/arm-none-eabi/13.3.1/thumb/v7e-m+dp/hard/libgcc.a(_dvmd_tls.o)
                0x08000608                __aeabi_ldiv0
                0x08000608                __aeabi_idiv0
 *(.text*)
 .text.vApplicationGetIdleTaskMemory
                0x0800060c       0x18 ./Core/Src/freertos.o
                0x0800060c                vApplicationGetIdleTaskMemory
 .text.vApplicationGetTimerTaskMemory
                0x08000624       0x18 ./Core/Src/freertos.o
                0x08000624                vApplicationGetTimerTaskMemory
 .text.__tcf_0  0x0800063c        0xc ./Core/Src/main.o
 .text._ZN4TAUV12IntervalTask13timerCallbackEP15tmrTimerControl
                0x08000648       0x44 ./Core/Src/main.o
                0x08000648                TAUV::IntervalTask::timerCallback(tmrTimerControl*)
 .text._ZN4TAUV12IntervalTask5startEPKcm.isra.0
                0x0800068c       0x3c ./Core/Src/main.o
 .text._ZN9UdpSocketD2Ev
                0x080006c8       0x20 ./Core/Src/main.o
                0x080006c8                UdpSocket::~UdpSocket()
                0x080006c8                UdpSocket::~UdpSocket()
 .text._ZN4TAUV7Logging11getInstanceEv
                0x080006e8       0x38 ./Core/Src/main.o
                0x080006e8                TAUV::Logging::getInstance()
 .text._Z8ITM_Initv
                0x08000720       0x38 ./Core/Src/main.o
                0x08000720                ITM_Init()
 .text.HAL_TIM_PeriodElapsedCallback
                0x08000758       0x14 ./Core/Src/main.o
                0x08000758                HAL_TIM_PeriodElapsedCallback
 .text.Error_Handler
                0x0800076c       0x14 ./Core/Src/main.o
                0x0800076c                Error_Handler
 .text._ZL12MX_I2C1_Initv
                0x08000780       0x50 ./Core/Src/main.o
 .text._Z15reset_depth_i2cv
                0x080007d0       0x30 ./Core/Src/main.o
                0x080007d0                reset_depth_i2c()
 .text._Z18SystemClock_Configv
                0x08000800       0xa0 ./Core/Src/main.o
                0x08000800                SystemClock_Config()
 .text.startup.main
                0x080008a0      0x324 ./Core/Src/main.o
                0x080008a0                main
 .text._ZNSt8functionIFvRK8ip4_addrtPKhtEEC2Ev
                0x08000bc4        0xc ./Core/Src/main.o
                0x08000bc4                std::function<void (ip4_addr const&, unsigned short, unsigned char const*, unsigned short)>::function()
                0x08000bc4                std::function<void (ip4_addr const&, unsigned short, unsigned char const*, unsigned short)>::function()
 .text._ZN4TAUV8Task50HzC2Ev
                0x08000bd0       0xc8 ./Core/Src/main.o
                0x08000bd0                TAUV::Task50Hz::Task50Hz()
                0x08000bd0                TAUV::Task50Hz::Task50Hz()
 .text._ZNSt10unique_ptrIN4TAUV8Task50Hz9ResourcesESt14default_deleteIS2_EED2Ev
                0x08000c98       0x12 ./Core/Src/main.o
                0x08000c98                std::unique_ptr<TAUV::Task50Hz::Resources, std::default_delete<TAUV::Task50Hz::Resources> >::~unique_ptr()
                0x08000c98                std::unique_ptr<TAUV::Task50Hz::Resources, std::default_delete<TAUV::Task50Hz::Resources> >::~unique_ptr()
 .text._ZNSt10unique_ptrIN4TAUV9Task100Hz9ResourcesESt14default_deleteIS2_EED2Ev
                0x08000caa       0x12 ./Core/Src/main.o
                0x08000caa                std::unique_ptr<TAUV::Task100Hz::Resources, std::default_delete<TAUV::Task100Hz::Resources> >::~unique_ptr()
                0x08000caa                std::unique_ptr<TAUV::Task100Hz::Resources, std::default_delete<TAUV::Task100Hz::Resources> >::~unique_ptr()
 .text._Z16StartDefaultTaskPKv
                0x08000cbc      0x1e0 ./Core/Src/main.o
                0x08000cbc                StartDefaultTask(void const*)
 .text._ZN4TAUV9Task100HzD2Ev
                0x08000e9c       0x3c ./Core/Src/main.o
                0x08000e9c                TAUV::Task100Hz::~Task100Hz()
                0x08000e9c                TAUV::Task100Hz::~Task100Hz()
 .text._ZN4TAUV9Task100HzD0Ev
                0x08000ed8       0x16 ./Core/Src/main.o
                0x08000ed8                TAUV::Task100Hz::~Task100Hz()
 *fill*         0x08000eee        0x2 
 .text.startup._GLOBAL__sub_I_hi2c1
                0x08000ef0       0xe4 ./Core/Src/main.o
 .text.exit._GLOBAL__sub_D_hi2c1
                0x08000fd4       0x44 ./Core/Src/main.o
 .text.HAL_MspInit
                0x08001018       0x3c ./Core/Src/stm32f7xx_hal_msp.o
                0x08001018                HAL_MspInit
 .text.HAL_I2C_MspInit
                0x08001054       0x98 ./Core/Src/stm32f7xx_hal_msp.o
                0x08001054                HAL_I2C_MspInit
 .text.HAL_I2C_MspDeInit
                0x080010ec       0x3c ./Core/Src/stm32f7xx_hal_msp.o
                0x080010ec                HAL_I2C_MspDeInit
 .text.HAL_TIM_OC_MspInit
                0x08001128       0x40 ./Core/Src/stm32f7xx_hal_msp.o
                0x08001128                HAL_TIM_OC_MspInit
 .text.HAL_TIM_Base_MspInit
                0x08001168       0x40 ./Core/Src/stm32f7xx_hal_msp.o
                0x08001168                HAL_TIM_Base_MspInit
 .text.HAL_TIM_MspPostInit
                0x080011a8       0x4c ./Core/Src/stm32f7xx_hal_msp.o
                0x080011a8                HAL_TIM_MspPostInit
 .text.HAL_UART_MspInit
                0x080011f4      0x1e0 ./Core/Src/stm32f7xx_hal_msp.o
                0x080011f4                HAL_UART_MspInit
 .text.HAL_InitTick
                0x080013d4       0x9c ./Core/Src/stm32f7xx_hal_timebase_tim.o
                0x080013d4                HAL_InitTick
 .text.NMI_Handler
                0x08001470        0x2 ./Core/Src/stm32f7xx_it.o
                0x08001470                NMI_Handler
 .text.HardFault_Handler
                0x08001472        0x2 ./Core/Src/stm32f7xx_it.o
                0x08001472                HardFault_Handler
 .text.MemManage_Handler
                0x08001474        0x2 ./Core/Src/stm32f7xx_it.o
                0x08001474                MemManage_Handler
 .text.BusFault_Handler
                0x08001476        0x2 ./Core/Src/stm32f7xx_it.o
                0x08001476                BusFault_Handler
 .text.UsageFault_Handler
                0x08001478        0x2 ./Core/Src/stm32f7xx_it.o
                0x08001478                UsageFault_Handler
 .text.DebugMon_Handler
                0x0800147a        0x2 ./Core/Src/stm32f7xx_it.o
                0x0800147a                DebugMon_Handler
 .text.TIM1_CC_IRQHandler
                0x0800147c        0xc ./Core/Src/stm32f7xx_it.o
                0x0800147c                TIM1_CC_IRQHandler
 .text.TIM3_IRQHandler
                0x08001488        0xc ./Core/Src/stm32f7xx_it.o
                0x08001488                TIM3_IRQHandler
 .text.I2C1_EV_IRQHandler
                0x08001494        0xc ./Core/Src/stm32f7xx_it.o
                0x08001494                I2C1_EV_IRQHandler
 .text.USART1_IRQHandler
                0x080014a0        0xc ./Core/Src/stm32f7xx_it.o
                0x080014a0                USART1_IRQHandler
 .text.TIM5_IRQHandler
                0x080014ac        0xc ./Core/Src/stm32f7xx_it.o
                0x080014ac                TIM5_IRQHandler
 .text.ETH_IRQHandler
                0x080014b8        0xc ./Core/Src/stm32f7xx_it.o
                0x080014b8                ETH_IRQHandler
 .text._getpid  0x080014c4        0x4 ./Core/Src/syscalls.o
                0x080014c4                _getpid
 .text._kill    0x080014c8       0x10 ./Core/Src/syscalls.o
                0x080014c8                _kill
 .text._exit    0x080014d8        0xc ./Core/Src/syscalls.o
                0x080014d8                _exit
 .text._read    0x080014e4       0x1c ./Core/Src/syscalls.o
                0x080014e4                _read
 .text._write   0x08001500       0x1c ./Core/Src/syscalls.o
                0x08001500                _write
 .text._close   0x0800151c        0x6 ./Core/Src/syscalls.o
                0x0800151c                _close
 .text._fstat   0x08001522        0xa ./Core/Src/syscalls.o
                0x08001522                _fstat
 .text._isatty  0x0800152c        0x4 ./Core/Src/syscalls.o
                0x0800152c                _isatty
 .text._lseek   0x08001530        0x4 ./Core/Src/syscalls.o
                0x08001530                _lseek
 .text._sbrk    0x08001534       0x40 ./Core/Src/sysmem.o
                0x08001534                _sbrk
 .text.SystemInit
                0x08001574       0x14 ./Core/Src/system_stm32f7xx.o
                0x08001574                SystemInit
 .text.HAL_TIM_OC_DelayElapsedCallback
                0x08001588       0x40 ./Core/Src/user_interrupts.o
                0x08001588                HAL_TIM_OC_DelayElapsedCallback
 .text.HAL_UART_RxCpltCallback
                0x080015c8       0x1c ./Core/Src/user_interrupts.o
                0x080015c8                HAL_UART_RxCpltCallback
 .text.HAL_I2C_MasterTxCpltCallback
                0x080015e4       0x1c ./Core/Src/user_interrupts.o
                0x080015e4                HAL_I2C_MasterTxCpltCallback
 .text.HAL_I2C_MasterRxCpltCallback
                0x08001600       0x1c ./Core/Src/user_interrupts.o
                0x08001600                HAL_I2C_MasterRxCpltCallback
 .text.HAL_I2C_ErrorCallback
                0x0800161c       0x1c ./Core/Src/user_interrupts.o
                0x0800161c                HAL_I2C_ErrorCallback
 .text.HAL_I2C_AbortCpltCallback
                0x08001638       0x1c ./Core/Src/user_interrupts.o
                0x08001638                HAL_I2C_AbortCpltCallback
 .text.Reset_Handler
                0x08001654       0x50 ./Core/Startup/startup_stm32f767zgtx.o
                0x08001654                Reset_Handler
 .text.Default_Handler
                0x080016a4        0x2 ./Core/Startup/startup_stm32f767zgtx.o
                0x080016a4                DMA1_Stream3_IRQHandler
                0x080016a4                EXTI2_IRQHandler
                0x080016a4                TIM8_CC_IRQHandler
                0x080016a4                UART8_IRQHandler
                0x080016a4                SPI4_IRQHandler
                0x080016a4                DMA2_Stream5_IRQHandler
                0x080016a4                JPEG_IRQHandler
                0x080016a4                DMA1_Stream5_IRQHandler
                0x080016a4                CAN3_RX1_IRQHandler
                0x080016a4                PVD_IRQHandler
                0x080016a4                TAMP_STAMP_IRQHandler
                0x080016a4                CAN2_RX1_IRQHandler
                0x080016a4                EXTI3_IRQHandler
                0x080016a4                TIM8_TRG_COM_TIM14_IRQHandler
                0x080016a4                DFSDM1_FLT1_IRQHandler
                0x080016a4                TIM1_UP_TIM10_IRQHandler
                0x080016a4                TIM8_UP_TIM13_IRQHandler
                0x080016a4                I2C3_ER_IRQHandler
                0x080016a4                DFSDM1_FLT2_IRQHandler
                0x080016a4                EXTI0_IRQHandler
                0x080016a4                I2C2_EV_IRQHandler
                0x080016a4                DMA1_Stream2_IRQHandler
                0x080016a4                CAN1_RX0_IRQHandler
                0x080016a4                FPU_IRQHandler
                0x080016a4                OTG_HS_WKUP_IRQHandler
                0x080016a4                CAN3_SCE_IRQHandler
                0x080016a4                LTDC_ER_IRQHandler
                0x080016a4                CAN2_SCE_IRQHandler
                0x080016a4                DMA2_Stream2_IRQHandler
                0x080016a4                SPI1_IRQHandler
                0x080016a4                TIM6_DAC_IRQHandler
                0x080016a4                TIM1_BRK_TIM9_IRQHandler
                0x080016a4                DCMI_IRQHandler
                0x080016a4                CAN2_RX0_IRQHandler
                0x080016a4                DMA2_Stream3_IRQHandler
                0x080016a4                SAI2_IRQHandler
                0x080016a4                DFSDM1_FLT3_IRQHandler
                0x080016a4                USART6_IRQHandler
                0x080016a4                CAN3_RX0_IRQHandler
                0x080016a4                USART3_IRQHandler
                0x080016a4                CAN1_RX1_IRQHandler
                0x080016a4                UART5_IRQHandler
                0x080016a4                DMA2_Stream0_IRQHandler
                0x080016a4                TIM4_IRQHandler
                0x080016a4                QUADSPI_IRQHandler
                0x080016a4                DMA1_Stream6_IRQHandler
                0x080016a4                DMA1_Stream1_IRQHandler
                0x080016a4                UART4_IRQHandler
                0x080016a4                RCC_IRQHandler
                0x080016a4                TIM8_BRK_TIM12_IRQHandler
                0x080016a4                Default_Handler
                0x080016a4                CEC_IRQHandler
                0x080016a4                EXTI15_10_IRQHandler
                0x080016a4                ADC_IRQHandler
                0x080016a4                DMA1_Stream7_IRQHandler
                0x080016a4                SPI5_IRQHandler
                0x080016a4                TIM7_IRQHandler
                0x080016a4                SDMMC1_IRQHandler
                0x080016a4                CAN2_TX_IRQHandler
                0x080016a4                DMA2_Stream7_IRQHandler
                0x080016a4                I2C3_EV_IRQHandler
                0x080016a4                EXTI9_5_IRQHandler
                0x080016a4                RTC_WKUP_IRQHandler
                0x080016a4                LTDC_IRQHandler
                0x080016a4                ETH_WKUP_IRQHandler
                0x080016a4                SPDIF_RX_IRQHandler
                0x080016a4                SPI2_IRQHandler
                0x080016a4                OTG_HS_EP1_IN_IRQHandler
                0x080016a4                DMA1_Stream0_IRQHandler
                0x080016a4                CAN1_TX_IRQHandler
                0x080016a4                EXTI4_IRQHandler
                0x080016a4                RNG_IRQHandler
                0x080016a4                OTG_HS_EP1_OUT_IRQHandler
                0x080016a4                WWDG_IRQHandler
                0x080016a4                SPI6_IRQHandler
                0x080016a4                MDIOS_IRQHandler
                0x080016a4                I2C4_EV_IRQHandler
                0x080016a4                CAN3_TX_IRQHandler
                0x080016a4                TIM2_IRQHandler
                0x080016a4                OTG_FS_WKUP_IRQHandler
                0x080016a4                TIM1_TRG_COM_TIM11_IRQHandler
                0x080016a4                OTG_HS_IRQHandler
                0x080016a4                DMA2D_IRQHandler
                0x080016a4                EXTI1_IRQHandler
                0x080016a4                SDMMC2_IRQHandler
                0x080016a4                UART7_IRQHandler
                0x080016a4                USART2_IRQHandler
                0x080016a4                DFSDM1_FLT0_IRQHandler
                0x080016a4                I2C2_ER_IRQHandler
                0x080016a4                DMA2_Stream1_IRQHandler
                0x080016a4                CAN1_SCE_IRQHandler
                0x080016a4                FLASH_IRQHandler
                0x080016a4                DMA2_Stream4_IRQHandler
                0x080016a4                OTG_FS_IRQHandler
                0x080016a4                SPI3_IRQHandler
                0x080016a4                DMA1_Stream4_IRQHandler
                0x080016a4                I2C1_ER_IRQHandler
                0x080016a4                FMC_IRQHandler
                0x080016a4                LPTIM1_IRQHandler
                0x080016a4                I2C4_ER_IRQHandler
                0x080016a4                DMA2_Stream6_IRQHandler
                0x080016a4                SAI1_IRQHandler
                0x080016a4                RTC_Alarm_IRQHandler
 .text.LAN8742_RegisterBusIO
                0x080016a6       0x28 ./Drivers/BSP/Components/lan8742/lan8742.o
                0x080016a6                LAN8742_RegisterBusIO
 .text.LAN8742_Init
                0x080016ce       0x5a ./Drivers/BSP/Components/lan8742/lan8742.o
                0x080016ce                LAN8742_Init
 .text.LAN8742_GetLinkState
                0x08001728       0x94 ./Drivers/BSP/Components/lan8742/lan8742.o
                0x08001728                LAN8742_GetLinkState
 .text.__tcf_0  0x080017bc        0xc ./Drivers/MS5837/MS5837.o
 .text._ZN4TAUV6MS5837C2Ev
                0x080017c8       0x20 ./Drivers/MS5837/MS5837.o
                0x080017c8                TAUV::MS5837::MS5837()
                0x080017c8                TAUV::MS5837::MS5837()
 .text._ZN4TAUV6MS5837D2Ev
                0x080017e8       0x14 ./Drivers/MS5837/MS5837.o
                0x080017e8                TAUV::MS5837::~MS5837()
                0x080017e8                TAUV::MS5837::~MS5837()
 .text._ZN4TAUV6MS583715setFluidDensityEf
                0x080017fc        0x6 ./Drivers/MS5837/MS5837.o
                0x080017fc                TAUV::MS5837::setFluidDensity(float)
 *fill*         0x08001802        0x2 
 .text._ZN4TAUV6MS583717requestConversionEv
                0x08001804       0x94 ./Drivers/MS5837/MS5837.o
                0x08001804                TAUV::MS5837::requestConversion()
 .text._ZN4TAUV6MS583726conversionTimerISRCallbackEv
                0x08001898       0x46 ./Drivers/MS5837/MS5837.o
                0x08001898                TAUV::MS5837::conversionTimerISRCallback()
 .text._ZN4TAUV6MS583720i2cRxCpltISRCallbackEv
                0x080018de       0x5c ./Drivers/MS5837/MS5837.o
                0x080018de                TAUV::MS5837::i2cRxCpltISRCallback()
 .text._ZN4TAUV6MS583720i2cTxCpltISRCallbackEv
                0x0800193a       0x52 ./Drivers/MS5837/MS5837.o
                0x0800193a                TAUV::MS5837::i2cTxCpltISRCallback()
 .text._ZN4TAUV6MS583719i2cErrorISRCallbackEv
                0x0800198c        0xa ./Drivers/MS5837/MS5837.o
                0x0800198c                TAUV::MS5837::i2cErrorISRCallback()
 .text._ZN4TAUV6MS583719i2cAbortISRCallbackEv
                0x08001996       0x16 ./Drivers/MS5837/MS5837.o
                0x08001996                TAUV::MS5837::i2cAbortISRCallback()
 .text._ZN4TAUV6MS58379calculateEv
                0x080019ac      0x1e4 ./Drivers/MS5837/MS5837.o
                0x080019ac                TAUV::MS5837::calculate()
 .text._ZN4TAUV6MS58378pressureEf
                0x08001b90       0x28 ./Drivers/MS5837/MS5837.o
                0x08001b90                TAUV::MS5837::pressure(float)
 .text._ZN4TAUV6MS583711temperatureEv
                0x08001bb8       0x18 ./Drivers/MS5837/MS5837.o
                0x08001bb8                TAUV::MS5837::temperature()
 .text._ZN4TAUV6MS58375depthEv
                0x08001bd0       0x40 ./Drivers/MS5837/MS5837.o
                0x08001bd0                TAUV::MS5837::depth()
 .text._ZN4TAUV6MS58374crc4EPt
                0x08001c10       0x4e ./Drivers/MS5837/MS5837.o
                0x08001c10                TAUV::MS5837::crc4(unsigned short*)
 *fill*         0x08001c5e        0x2 
 .text._ZN4TAUV6MS58374initEP19__I2C_HandleTypeDef
                0x08001c60       0xc4 ./Drivers/MS5837/MS5837.o
                0x08001c60                TAUV::MS5837::init(__I2C_HandleTypeDef*)
 .text.HAL_Init
                0x08001d24       0x16 ./Drivers/STM32F7xx_HAL_Driver/Src/stm32f7xx_hal.o
                0x08001d24                HAL_Init
 *fill*         0x08001d3a        0x2 
 .text.HAL_IncTick
                0x08001d3c       0x18 ./Drivers/STM32F7xx_HAL_Driver/Src/stm32f7xx_hal.o
                0x08001d3c                HAL_IncTick
 .text.HAL_GetTick
                0x08001d54        0xc ./Drivers/STM32F7xx_HAL_Driver/Src/stm32f7xx_hal.o
                0x08001d54                HAL_GetTick
 .text.HAL_Delay
                0x08001d60       0x24 ./Drivers/STM32F7xx_HAL_Driver/Src/stm32f7xx_hal.o
                0x08001d60                HAL_Delay
 .text.HAL_GetREVID
                0x08001d84        0xc ./Drivers/STM32F7xx_HAL_Driver/Src/stm32f7xx_hal.o
                0x08001d84                HAL_GetREVID
 .text.HAL_NVIC_SetPriorityGrouping
                0x08001d90       0x24 ./Drivers/STM32F7xx_HAL_Driver/Src/stm32f7xx_hal_cortex.o
                0x08001d90                HAL_NVIC_SetPriorityGrouping
 .text.HAL_NVIC_SetPriority
                0x08001db4       0x64 ./Drivers/STM32F7xx_HAL_Driver/Src/stm32f7xx_hal_cortex.o
                0x08001db4                HAL_NVIC_SetPriority
 .text.HAL_NVIC_EnableIRQ
                0x08001e18       0x1c ./Drivers/STM32F7xx_HAL_Driver/Src/stm32f7xx_hal_cortex.o
                0x08001e18                HAL_NVIC_EnableIRQ
 .text.HAL_NVIC_DisableIRQ
                0x08001e34       0x24 ./Drivers/STM32F7xx_HAL_Driver/Src/stm32f7xx_hal_cortex.o
                0x08001e34                HAL_NVIC_DisableIRQ
 .text.HAL_DMA_Abort
                0x08001e58       0x7c ./Drivers/STM32F7xx_HAL_Driver/Src/stm32f7xx_hal_dma.o
                0x08001e58                HAL_DMA_Abort
 .text.HAL_DMA_Abort_IT
                0x08001ed4       0x24 ./Drivers/STM32F7xx_HAL_Driver/Src/stm32f7xx_hal_dma.o
                0x08001ed4                HAL_DMA_Abort_IT
 .text.HAL_DMA_GetState
                0x08001ef8        0x6 ./Drivers/STM32F7xx_HAL_Driver/Src/stm32f7xx_hal_dma.o
                0x08001ef8                HAL_DMA_GetState
 *fill*         0x08001efe        0x2 
 .text.ETH_Prepare_Tx_Descriptors
                0x08001f00      0x164 ./Drivers/STM32F7xx_HAL_Driver/Src/stm32f7xx_hal_eth.o
 .text.ETH_SetMACConfig
                0x08002064       0xec ./Drivers/STM32F7xx_HAL_Driver/Src/stm32f7xx_hal_eth.o
 .text.ETH_SetDMAConfig
                0x08002150       0xa4 ./Drivers/STM32F7xx_HAL_Driver/Src/stm32f7xx_hal_eth.o
 .text.ETH_FlushTransmitFIFO
                0x080021f4       0x2e ./Drivers/STM32F7xx_HAL_Driver/Src/stm32f7xx_hal_eth.o
 *fill*         0x08002222        0x2 
 .text.ETH_UpdateDescriptor
                0x08002224       0x8c ./Drivers/STM32F7xx_HAL_Driver/Src/stm32f7xx_hal_eth.o
 .text.HAL_ETH_Init
                0x080022b0      0x1f8 ./Drivers/STM32F7xx_HAL_Driver/Src/stm32f7xx_hal_eth.o
                0x080022b0                HAL_ETH_Init
 .text.HAL_ETH_Start_IT
                0x080024a8       0x84 ./Drivers/STM32F7xx_HAL_Driver/Src/stm32f7xx_hal_eth.o
                0x080024a8                HAL_ETH_Start_IT
 .text.HAL_ETH_Stop_IT
                0x0800252c       0x8c ./Drivers/STM32F7xx_HAL_Driver/Src/stm32f7xx_hal_eth.o
                0x0800252c                HAL_ETH_Stop_IT
 .text.HAL_ETH_Transmit_IT
                0x080025b8       0x5c ./Drivers/STM32F7xx_HAL_Driver/Src/stm32f7xx_hal_eth.o
                0x080025b8                HAL_ETH_Transmit_IT
 .text.HAL_ETH_ReadData
                0x08002614       0xe8 ./Drivers/STM32F7xx_HAL_Driver/Src/stm32f7xx_hal_eth.o
                0x08002614                HAL_ETH_ReadData
 .text.HAL_ETH_ReleaseTxPacket
                0x080026fc       0x5e ./Drivers/STM32F7xx_HAL_Driver/Src/stm32f7xx_hal_eth.o
                0x080026fc                HAL_ETH_ReleaseTxPacket
 .text.HAL_ETH_PMTCallback
                0x0800275a        0x2 ./Drivers/STM32F7xx_HAL_Driver/Src/stm32f7xx_hal_eth.o
                0x0800275a                HAL_ETH_PMTCallback
 .text.HAL_ETH_WakeUpCallback
                0x0800275c        0x2 ./Drivers/STM32F7xx_HAL_Driver/Src/stm32f7xx_hal_eth.o
                0x0800275c                HAL_ETH_WakeUpCallback
 *fill*         0x0800275e        0x2 
 .text.HAL_ETH_IRQHandler
                0x08002760       0xdc ./Drivers/STM32F7xx_HAL_Driver/Src/stm32f7xx_hal_eth.o
                0x08002760                HAL_ETH_IRQHandler
 .text.HAL_ETH_ReadPHYRegister
                0x0800283c       0x4e ./Drivers/STM32F7xx_HAL_Driver/Src/stm32f7xx_hal_eth.o
                0x0800283c                HAL_ETH_ReadPHYRegister
 .text.HAL_ETH_WritePHYRegister
                0x0800288a       0x48 ./Drivers/STM32F7xx_HAL_Driver/Src/stm32f7xx_hal_eth.o
                0x0800288a                HAL_ETH_WritePHYRegister
 .text.HAL_ETH_GetMACConfig
                0x080028d2       0xcc ./Drivers/STM32F7xx_HAL_Driver/Src/stm32f7xx_hal_eth.o
                0x080028d2                HAL_ETH_GetMACConfig
 .text.HAL_ETH_SetMACConfig
                0x0800299e       0x18 ./Drivers/STM32F7xx_HAL_Driver/Src/stm32f7xx_hal_eth.o
                0x0800299e                HAL_ETH_SetMACConfig
 *fill*         0x080029b6        0x2 
 .text.HAL_ETH_SetMDIOClockRange
                0x080029b8       0x54 ./Drivers/STM32F7xx_HAL_Driver/Src/stm32f7xx_hal_eth.o
                0x080029b8                HAL_ETH_SetMDIOClockRange
 .text.HAL_ETH_GetError
                0x08002a0c        0x6 ./Drivers/STM32F7xx_HAL_Driver/Src/stm32f7xx_hal_eth.o
                0x08002a0c                HAL_ETH_GetError
 .text.HAL_ETH_GetDMAError
                0x08002a12        0x6 ./Drivers/STM32F7xx_HAL_Driver/Src/stm32f7xx_hal_eth.o
                0x08002a12                HAL_ETH_GetDMAError
 .text.HAL_GPIO_Init
                0x08002a18      0x1c8 ./Drivers/STM32F7xx_HAL_Driver/Src/stm32f7xx_hal_gpio.o
                0x08002a18                HAL_GPIO_Init
 .text.HAL_GPIO_DeInit
                0x08002be0      0x134 ./Drivers/STM32F7xx_HAL_Driver/Src/stm32f7xx_hal_gpio.o
                0x08002be0                HAL_GPIO_DeInit
 .text.I2C_Flush_TXDR
                0x08002d14       0x1c ./Drivers/STM32F7xx_HAL_Driver/Src/stm32f7xx_hal_i2c.o
 .text.I2C_TransferConfig
                0x08002d30       0x2c ./Drivers/STM32F7xx_HAL_Driver/Src/stm32f7xx_hal_i2c.o
 .text.I2C_Enable_IRQ
                0x08002d5c       0x90 ./Drivers/STM32F7xx_HAL_Driver/Src/stm32f7xx_hal_i2c.o
 .text.I2C_Disable_IRQ
                0x08002dec       0x42 ./Drivers/STM32F7xx_HAL_Driver/Src/stm32f7xx_hal_i2c.o
 .text.I2C_IsErrorOccurred
                0x08002e2e      0x100 ./Drivers/STM32F7xx_HAL_Driver/Src/stm32f7xx_hal_i2c.o
 .text.I2C_WaitOnTXISFlagUntilTimeout
                0x08002f2e       0x56 ./Drivers/STM32F7xx_HAL_Driver/Src/stm32f7xx_hal_i2c.o
 .text.I2C_WaitOnFlagUntilTimeout
                0x08002f84       0x76 ./Drivers/STM32F7xx_HAL_Driver/Src/stm32f7xx_hal_i2c.o
 .text.I2C_WaitOnSTOPFlagUntilTimeout
                0x08002ffa       0x52 ./Drivers/STM32F7xx_HAL_Driver/Src/stm32f7xx_hal_i2c.o
 .text.I2C_WaitOnRXNEFlagUntilTimeout
                0x0800304c       0xa4 ./Drivers/STM32F7xx_HAL_Driver/Src/stm32f7xx_hal_i2c.o
 .text.HAL_I2C_Init
                0x080030f0       0xaa ./Drivers/STM32F7xx_HAL_Driver/Src/stm32f7xx_hal_i2c.o
                0x080030f0                HAL_I2C_Init
 .text.HAL_I2C_DeInit
                0x0800319a       0x32 ./Drivers/STM32F7xx_HAL_Driver/Src/stm32f7xx_hal_i2c.o
                0x0800319a                HAL_I2C_DeInit
 .text.HAL_I2C_Master_Transmit
                0x080031cc      0x15c ./Drivers/STM32F7xx_HAL_Driver/Src/stm32f7xx_hal_i2c.o
                0x080031cc                HAL_I2C_Master_Transmit
 .text.HAL_I2C_Master_Receive
                0x08003328      0x134 ./Drivers/STM32F7xx_HAL_Driver/Src/stm32f7xx_hal_i2c.o
                0x08003328                HAL_I2C_Master_Receive
 .text.HAL_I2C_Master_Transmit_IT
                0x0800345c       0xbc ./Drivers/STM32F7xx_HAL_Driver/Src/stm32f7xx_hal_i2c.o
                0x0800345c                HAL_I2C_Master_Transmit_IT
 .text.HAL_I2C_Master_Receive_IT
                0x08003518       0x84 ./Drivers/STM32F7xx_HAL_Driver/Src/stm32f7xx_hal_i2c.o
                0x08003518                HAL_I2C_Master_Receive_IT
 .text.HAL_I2C_EV_IRQHandler
                0x0800359c        0xe ./Drivers/STM32F7xx_HAL_Driver/Src/stm32f7xx_hal_i2c.o
                0x0800359c                HAL_I2C_EV_IRQHandler
 .text.I2C_ITMasterSeqCplt
                0x080035aa       0x44 ./Drivers/STM32F7xx_HAL_Driver/Src/stm32f7xx_hal_i2c.o
 .text.HAL_I2C_SlaveTxCpltCallback
                0x080035ee        0x2 ./Drivers/STM32F7xx_HAL_Driver/Src/stm32f7xx_hal_i2c.o
                0x080035ee                HAL_I2C_SlaveTxCpltCallback
 .text.HAL_I2C_SlaveRxCpltCallback
                0x080035f0        0x2 ./Drivers/STM32F7xx_HAL_Driver/Src/stm32f7xx_hal_i2c.o
                0x080035f0                HAL_I2C_SlaveRxCpltCallback
 .text.I2C_ITSlaveSeqCplt
                0x080035f2       0x6c ./Drivers/STM32F7xx_HAL_Driver/Src/stm32f7xx_hal_i2c.o
 .text.HAL_I2C_AddrCallback
                0x0800365e        0x2 ./Drivers/STM32F7xx_HAL_Driver/Src/stm32f7xx_hal_i2c.o
                0x0800365e                HAL_I2C_AddrCallback
 .text.I2C_ITAddrCplt.constprop.0
                0x08003660       0x88 ./Drivers/STM32F7xx_HAL_Driver/Src/stm32f7xx_hal_i2c.o
 .text.HAL_I2C_ListenCpltCallback
                0x080036e8        0x2 ./Drivers/STM32F7xx_HAL_Driver/Src/stm32f7xx_hal_i2c.o
                0x080036e8                HAL_I2C_ListenCpltCallback
 *fill*         0x080036ea        0x2 
 .text.I2C_ITListenCplt
                0x080036ec       0x60 ./Drivers/STM32F7xx_HAL_Driver/Src/stm32f7xx_hal_i2c.o
 .text.HAL_I2C_MemTxCpltCallback
                0x0800374c        0x2 ./Drivers/STM32F7xx_HAL_Driver/Src/stm32f7xx_hal_i2c.o
                0x0800374c                HAL_I2C_MemTxCpltCallback
 .text.HAL_I2C_MemRxCpltCallback
                0x0800374e        0x2 ./Drivers/STM32F7xx_HAL_Driver/Src/stm32f7xx_hal_i2c.o
                0x0800374e                HAL_I2C_MemRxCpltCallback
 .text.I2C_TreatErrorCallback
                0x08003750       0x2c ./Drivers/STM32F7xx_HAL_Driver/Src/stm32f7xx_hal_i2c.o
 .text.I2C_ITError
                0x0800377c      0x108 ./Drivers/STM32F7xx_HAL_Driver/Src/stm32f7xx_hal_i2c.o
 .text.I2C_ITMasterCplt
                0x08003884       0xee ./Drivers/STM32F7xx_HAL_Driver/Src/stm32f7xx_hal_i2c.o
 .text.I2C_Master_ISR_IT
                0x08003972      0x13c ./Drivers/STM32F7xx_HAL_Driver/Src/stm32f7xx_hal_i2c.o
 *fill*         0x08003aae        0x2 
 .text.I2C_Mem_ISR_DMA
                0x08003ab0      0x144 ./Drivers/STM32F7xx_HAL_Driver/Src/stm32f7xx_hal_i2c.o
 .text.I2C_Master_ISR_DMA
                0x08003bf4      0x110 ./Drivers/STM32F7xx_HAL_Driver/Src/stm32f7xx_hal_i2c.o
 .text.I2C_ITSlaveCplt.constprop.0
                0x08003d04      0x1b4 ./Drivers/STM32F7xx_HAL_Driver/Src/stm32f7xx_hal_i2c.o
 .text.I2C_Slave_ISR_DMA
                0x08003eb8       0xfa ./Drivers/STM32F7xx_HAL_Driver/Src/stm32f7xx_hal_i2c.o
 .text.I2C_Slave_ISR_IT
                0x08003fb2      0x112 ./Drivers/STM32F7xx_HAL_Driver/Src/stm32f7xx_hal_i2c.o
 .text.I2C_DMAAbort
                0x080040c4       0x16 ./Drivers/STM32F7xx_HAL_Driver/Src/stm32f7xx_hal_i2c.o
 .text.HAL_I2CEx_ConfigAnalogFilter
                0x080040da       0x4c ./Drivers/STM32F7xx_HAL_Driver/Src/stm32f7xx_hal_i2c_ex.o
                0x080040da                HAL_I2CEx_ConfigAnalogFilter
 .text.HAL_I2CEx_ConfigDigitalFilter
                0x08004126       0x4a ./Drivers/STM32F7xx_HAL_Driver/Src/stm32f7xx_hal_i2c_ex.o
                0x08004126                HAL_I2CEx_ConfigDigitalFilter
 .text.HAL_RCC_OscConfig
                0x08004170      0x388 ./Drivers/STM32F7xx_HAL_Driver/Src/stm32f7xx_hal_rcc.o
                0x08004170                HAL_RCC_OscConfig
 .text.HAL_RCC_GetSysClockFreq
                0x080044f8       0x5c ./Drivers/STM32F7xx_HAL_Driver/Src/stm32f7xx_hal_rcc.o
                0x080044f8                HAL_RCC_GetSysClockFreq
 .text.HAL_RCC_ClockConfig
                0x08004554      0x13c ./Drivers/STM32F7xx_HAL_Driver/Src/stm32f7xx_hal_rcc.o
                0x08004554                HAL_RCC_ClockConfig
 .text.HAL_RCC_GetHCLKFreq
                0x08004690        0xc ./Drivers/STM32F7xx_HAL_Driver/Src/stm32f7xx_hal_rcc.o
                0x08004690                HAL_RCC_GetHCLKFreq
 .text.HAL_RCC_GetPCLK1Freq
                0x0800469c       0x20 ./Drivers/STM32F7xx_HAL_Driver/Src/stm32f7xx_hal_rcc.o
                0x0800469c                HAL_RCC_GetPCLK1Freq
 .text.HAL_RCC_GetPCLK2Freq
                0x080046bc       0x20 ./Drivers/STM32F7xx_HAL_Driver/Src/stm32f7xx_hal_rcc.o
                0x080046bc                HAL_RCC_GetPCLK2Freq
 .text.HAL_RCC_GetClockConfig
                0x080046dc       0x3c ./Drivers/STM32F7xx_HAL_Driver/Src/stm32f7xx_hal_rcc.o
                0x080046dc                HAL_RCC_GetClockConfig
 .text.HAL_RCCEx_PeriphCLKConfig
                0x08004718      0x55c ./Drivers/STM32F7xx_HAL_Driver/Src/stm32f7xx_hal_rcc_ex.o
                0x08004718                HAL_RCCEx_PeriphCLKConfig
 .text.TIM_OC1_SetConfig
                0x08004c74       0x5c ./Drivers/STM32F7xx_HAL_Driver/Src/stm32f7xx_hal_tim.o
 .text.TIM_OC3_SetConfig
                0x08004cd0       0x60 ./Drivers/STM32F7xx_HAL_Driver/Src/stm32f7xx_hal_tim.o
 .text.TIM_OC4_SetConfig
                0x08004d30       0x50 ./Drivers/STM32F7xx_HAL_Driver/Src/stm32f7xx_hal_tim.o
 .text.TIM_OC5_SetConfig
                0x08004d80       0x50 ./Drivers/STM32F7xx_HAL_Driver/Src/stm32f7xx_hal_tim.o
 .text.TIM_OC6_SetConfig
                0x08004dd0       0x50 ./Drivers/STM32F7xx_HAL_Driver/Src/stm32f7xx_hal_tim.o
 .text.HAL_TIM_Base_Start_IT
                0x08004e20       0x7c ./Drivers/STM32F7xx_HAL_Driver/Src/stm32f7xx_hal_tim.o
                0x08004e20                HAL_TIM_Base_Start_IT
 .text.HAL_TIM_IC_CaptureCallback
                0x08004e9c        0x2 ./Drivers/STM32F7xx_HAL_Driver/Src/stm32f7xx_hal_tim.o
                0x08004e9c                HAL_TIM_IC_CaptureCallback
 .text.HAL_TIM_PWM_PulseFinishedCallback
                0x08004e9e        0x2 ./Drivers/STM32F7xx_HAL_Driver/Src/stm32f7xx_hal_tim.o
                0x08004e9e                HAL_TIM_PWM_PulseFinishedCallback
 .text.HAL_TIM_TriggerCallback
                0x08004ea0        0x2 ./Drivers/STM32F7xx_HAL_Driver/Src/stm32f7xx_hal_tim.o
                0x08004ea0                HAL_TIM_TriggerCallback
 .text.HAL_TIM_IRQHandler
                0x08004ea2      0x140 ./Drivers/STM32F7xx_HAL_Driver/Src/stm32f7xx_hal_tim.o
                0x08004ea2                HAL_TIM_IRQHandler
 *fill*         0x08004fe2        0x2 
 .text.TIM_Base_SetConfig
                0x08004fe4       0xa8 ./Drivers/STM32F7xx_HAL_Driver/Src/stm32f7xx_hal_tim.o
                0x08004fe4                TIM_Base_SetConfig
 .text.HAL_TIM_Base_Init
                0x0800508c       0x60 ./Drivers/STM32F7xx_HAL_Driver/Src/stm32f7xx_hal_tim.o
                0x0800508c                HAL_TIM_Base_Init
 .text.HAL_TIM_OC_Init
                0x080050ec       0x60 ./Drivers/STM32F7xx_HAL_Driver/Src/stm32f7xx_hal_tim.o
                0x080050ec                HAL_TIM_OC_Init
 .text.TIM_OC2_SetConfig
                0x0800514c       0x64 ./Drivers/STM32F7xx_HAL_Driver/Src/stm32f7xx_hal_tim.o
                0x0800514c                TIM_OC2_SetConfig
 .text.HAL_TIM_OC_ConfigChannel
                0x080051b0       0x64 ./Drivers/STM32F7xx_HAL_Driver/Src/stm32f7xx_hal_tim.o
                0x080051b0                HAL_TIM_OC_ConfigChannel
 .text.TIM_ETR_SetConfig
                0x08005214       0x14 ./Drivers/STM32F7xx_HAL_Driver/Src/stm32f7xx_hal_tim.o
                0x08005214                TIM_ETR_SetConfig
 .text.HAL_TIM_ConfigClockSource
                0x08005228      0x130 ./Drivers/STM32F7xx_HAL_Driver/Src/stm32f7xx_hal_tim.o
                0x08005228                HAL_TIM_ConfigClockSource
 .text.TIM_CCxChannelCmd
                0x08005358       0x1c ./Drivers/STM32F7xx_HAL_Driver/Src/stm32f7xx_hal_tim.o
                0x08005358                TIM_CCxChannelCmd
 .text.HAL_TIM_OC_Start_IT
                0x08005374      0x120 ./Drivers/STM32F7xx_HAL_Driver/Src/stm32f7xx_hal_tim.o
                0x08005374                HAL_TIM_OC_Start_IT
 .text.HAL_TIM_OC_Stop_IT
                0x08005494       0xc0 ./Drivers/STM32F7xx_HAL_Driver/Src/stm32f7xx_hal_tim.o
                0x08005494                HAL_TIM_OC_Stop_IT
 .text.HAL_TIMEx_MasterConfigSynchronization
                0x08005554       0x94 ./Drivers/STM32F7xx_HAL_Driver/Src/stm32f7xx_hal_tim_ex.o
                0x08005554                HAL_TIMEx_MasterConfigSynchronization
 .text.HAL_TIMEx_ConfigBreakDeadTime
                0x080055e8       0x84 ./Drivers/STM32F7xx_HAL_Driver/Src/stm32f7xx_hal_tim_ex.o
                0x080055e8                HAL_TIMEx_ConfigBreakDeadTime
 .text.HAL_TIMEx_CommutCallback
                0x0800566c        0x2 ./Drivers/STM32F7xx_HAL_Driver/Src/stm32f7xx_hal_tim_ex.o
                0x0800566c                HAL_TIMEx_CommutCallback
 .text.HAL_TIMEx_BreakCallback
                0x0800566e        0x2 ./Drivers/STM32F7xx_HAL_Driver/Src/stm32f7xx_hal_tim_ex.o
                0x0800566e                HAL_TIMEx_BreakCallback
 .text.HAL_TIMEx_Break2Callback
                0x08005670        0x2 ./Drivers/STM32F7xx_HAL_Driver/Src/stm32f7xx_hal_tim_ex.o
                0x08005670                HAL_TIMEx_Break2Callback
 .text.UART_EndRxTransfer
                0x08005672       0x50 ./Drivers/STM32F7xx_HAL_Driver/Src/stm32f7xx_hal_uart.o
 .text.HAL_UART_TxCpltCallback
                0x080056c2        0x2 ./Drivers/STM32F7xx_HAL_Driver/Src/stm32f7xx_hal_uart.o
                0x080056c2                HAL_UART_TxCpltCallback
 .text.HAL_UART_ErrorCallback
                0x080056c4        0x2 ./Drivers/STM32F7xx_HAL_Driver/Src/stm32f7xx_hal_uart.o
                0x080056c4                HAL_UART_ErrorCallback
 .text.UART_DMAAbortOnError
                0x080056c6       0x10 ./Drivers/STM32F7xx_HAL_Driver/Src/stm32f7xx_hal_uart.o
 .text.HAL_UARTEx_RxEventCallback
                0x080056d6        0x2 ./Drivers/STM32F7xx_HAL_Driver/Src/stm32f7xx_hal_uart.o
                0x080056d6                HAL_UARTEx_RxEventCallback
 .text.UART_RxISR_8BIT
                0x080056d8       0xc0 ./Drivers/STM32F7xx_HAL_Driver/Src/stm32f7xx_hal_uart.o
 .text.UART_RxISR_16BIT
                0x08005798       0xba ./Drivers/STM32F7xx_HAL_Driver/Src/stm32f7xx_hal_uart.o
 .text.HAL_UARTEx_WakeupCallback
                0x08005852        0x2 ./Drivers/STM32F7xx_HAL_Driver/Src/stm32f7xx_hal_uart.o
                0x08005852                HAL_UARTEx_WakeupCallback
 .text.HAL_UART_IRQHandler
                0x08005854      0x2a8 ./Drivers/STM32F7xx_HAL_Driver/Src/stm32f7xx_hal_uart.o
                0x08005854                HAL_UART_IRQHandler
 .text.UART_SetConfig
                0x08005afc      0x1fc ./Drivers/STM32F7xx_HAL_Driver/Src/stm32f7xx_hal_uart.o
                0x08005afc                UART_SetConfig
 .text.UART_AdvFeatureConfig
                0x08005cf8       0xaa ./Drivers/STM32F7xx_HAL_Driver/Src/stm32f7xx_hal_uart.o
                0x08005cf8                UART_AdvFeatureConfig
 .text.UART_WaitOnFlagUntilTimeout
                0x08005da2       0x90 ./Drivers/STM32F7xx_HAL_Driver/Src/stm32f7xx_hal_uart.o
                0x08005da2                UART_WaitOnFlagUntilTimeout
 .text.HAL_UART_Transmit
                0x08005e32       0xa2 ./Drivers/STM32F7xx_HAL_Driver/Src/stm32f7xx_hal_uart.o
                0x08005e32                HAL_UART_Transmit
 .text.HAL_UART_Receive
                0x08005ed4       0xd6 ./Drivers/STM32F7xx_HAL_Driver/Src/stm32f7xx_hal_uart.o
                0x08005ed4                HAL_UART_Receive
 .text.UART_CheckIdleState
                0x08005faa       0xb2 ./Drivers/STM32F7xx_HAL_Driver/Src/stm32f7xx_hal_uart.o
                0x08005faa                UART_CheckIdleState
 .text.HAL_UART_Init
                0x0800605c       0x5c ./Drivers/STM32F7xx_HAL_Driver/Src/stm32f7xx_hal_uart.o
                0x0800605c                HAL_UART_Init
 .text.UART_Start_Receive_IT
                0x080060b8       0xb8 ./Drivers/STM32F7xx_HAL_Driver/Src/stm32f7xx_hal_uart.o
                0x080060b8                UART_Start_Receive_IT
 .text.HAL_UART_Receive_IT
                0x08006170       0x3a ./Drivers/STM32F7xx_HAL_Driver/Src/stm32f7xx_hal_uart.o
                0x08006170                HAL_UART_Receive_IT
 .text._ZN4TAUV4VESC9VESC_UARTC2Em
                0x080061aa        0x8 ./Drivers/VESC/VESC_UART.o
                0x080061aa                TAUV::VESC::VESC_UART::VESC_UART(unsigned long)
                0x080061aa                TAUV::VESC::VESC_UART::VESC_UART(unsigned long)
 .text._ZN4TAUV4VESC9VESC_UART13unpackPayloadEPhiS2_
                0x080061b2       0x2c ./Drivers/VESC/VESC_UART.o
                0x080061b2                TAUV::VESC::VESC_UART::unpackPayload(unsigned char*, int, unsigned char*)
 .text._ZN4TAUV4VESC9VESC_UART18receiveUartMessageEPh
                0x080061de       0x98 ./Drivers/VESC/VESC_UART.o
                0x080061de                TAUV::VESC::VESC_UART::receiveUartMessage(unsigned char*)
 .text._ZN4TAUV4VESC9VESC_UART15packSendPayloadEPhi
                0x08006276       0x76 ./Drivers/VESC/VESC_UART.o
                0x08006276                TAUV::VESC::VESC_UART::packSendPayload(unsigned char*, int)
 .text._ZN4TAUV4VESC9VESC_UART17processReadPacketEPh
                0x080062ec      0x128 ./Drivers/VESC/VESC_UART.o
                0x080062ec                TAUV::VESC::VESC_UART::processReadPacket(unsigned char*)
 .text._ZN4TAUV4VESC9VESC_UART12getFWversionEh
                0x08006414       0x46 ./Drivers/VESC/VESC_UART.o
                0x08006414                TAUV::VESC::VESC_UART::getFWversion(unsigned char)
 .text._ZN4TAUV4VESC9VESC_UART12getFWversionEv
                0x0800645a        0x6 ./Drivers/VESC/VESC_UART.o
                0x0800645a                TAUV::VESC::VESC_UART::getFWversion()
 .text._ZN4TAUV4VESC9VESC_UART6setRPMEfh
                0x08006460       0x58 ./Drivers/VESC/VESC_UART.o
                0x08006460                TAUV::VESC::VESC_UART::setRPM(float, unsigned char)
 .text._ZN4TAUV4VESC9VESC_UART6setRPMEf
                0x080064b8        0x6 ./Drivers/VESC/VESC_UART.o
                0x080064b8                TAUV::VESC::VESC_UART::setRPM(float)
 .text._Z19buffer_append_int32PhlPl
                0x080064be       0x2a ./Drivers/VESC/buffer.o
                0x080064be                buffer_append_int32(unsigned char*, long, long*)
 .text._Z16buffer_get_int16PKhPl
                0x080064e8       0x14 ./Drivers/VESC/buffer.o
                0x080064e8                buffer_get_int16(unsigned char const*, long*)
 .text._Z16buffer_get_int32PKhPl
                0x080064fc       0x20 ./Drivers/VESC/buffer.o
                0x080064fc                buffer_get_int32(unsigned char const*, long*)
 .text._Z18buffer_get_float16PKhfPl
                0x0800651c       0x14 ./Drivers/VESC/buffer.o
                0x0800651c                buffer_get_float16(unsigned char const*, float, long*)
 .text._Z18buffer_get_float32PKhfPl
                0x08006530       0x14 ./Drivers/VESC/buffer.o
                0x08006530                buffer_get_float32(unsigned char const*, float, long*)
 .text._Z5crc16Phj
                0x08006544       0x2c ./Drivers/VESC/crc.o
                0x08006544                crc16(unsigned char*, unsigned int)
 .text._ZNSt8optionalISt5arrayIfLj3EEEaSIRS1_EENSt9enable_ifIX7__and_vISt6__not_ISt7is_sameIS2_NSt9remove_cvINSt16remove_referenceIT_E4typeEE4typeEEES6_ISt6__and_IJSt9is_scalarIS1_ES7_IS1_NSt5decayISA_E4typeEEEEESt16is_constructibleIS1_JSA_EESt13is_assignableIS4_SA_EEERS2_E4typeEOSA_.isra.0
                0x08006570       0x1a ./Drivers/XSens/Mti300.o
 .text._ZN4TAUV6MTI300C2Ev
                0x0800658a       0x58 ./Drivers/XSens/Mti300.o
                0x0800658a                TAUV::MTI300::MTI300()
                0x0800658a                TAUV::MTI300::MTI300()
 *fill*         0x080065e2        0x2 
 .text._ZN4TAUV6MTI3004initEP20__UART_HandleTypeDef
                0x080065e4       0x58 ./Drivers/XSens/Mti300.o
                0x080065e4                TAUV::MTI300::init(__UART_HandleTypeDef*)
 .text._ZN4TAUV6MTI30010parseFloatEPKh
                0x0800663c        0xa ./Drivers/XSens/Mti300.o
                0x0800663c                TAUV::MTI300::parseFloat(unsigned char const*)
 .text._ZN4TAUV6MTI30014uartRxCallbackEv
                0x08006646       0xf6 ./Drivers/XSens/Mti300.o
                0x08006646                TAUV::MTI300::uartRxCallback()
 .text._ZN4TAUV6MTI30012parseMTData2ERKNS0_16RawMessageBufferE
                0x0800673c      0x160 ./Drivers/XSens/Mti300.o
                0x0800673c                TAUV::MTI300::parseMTData2(TAUV::MTI300::RawMessageBuffer const&)
 .text._ZN4TAUV6MTI30024processQueuedRawMessagesEPNS0_14MTData2MessageEj
                0x0800689c       0x80 ./Drivers/XSens/Mti300.o
                0x0800689c                TAUV::MTI300::processQueuedRawMessages(TAUV::MTI300::MTData2Message*, unsigned int)
 .text.ethernet_link_status_updated
                0x0800691c        0x2 ./LWIP/App/lwip.o
 *fill*         0x0800691e        0x2 
 .text.MX_LWIP_Init
                0x08006920       0xb4 ./LWIP/App/lwip.o
                0x08006920                MX_LWIP_Init
 .text.ETH_PHY_IO_DeInit
                0x080069d4        0x4 ./LWIP/Target/ethernetif.o
                0x080069d4                ETH_PHY_IO_DeInit
 .text.low_level_output
                0x080069d8       0x90 ./LWIP/Target/ethernetif.o
 .text.RMII_Thread
                0x08006a68       0x4c ./LWIP/Target/ethernetif.o
 .text.ETH_PHY_IO_GetTick
                0x08006ab4        0x4 ./LWIP/Target/ethernetif.o
                0x08006ab4                ETH_PHY_IO_GetTick
 .text.ETH_PHY_IO_Init
                0x08006ab8       0x10 ./LWIP/Target/ethernetif.o
                0x08006ab8                ETH_PHY_IO_Init
 .text.ETH_PHY_IO_ReadReg
                0x08006ac8       0x1c ./LWIP/Target/ethernetif.o
                0x08006ac8                ETH_PHY_IO_ReadReg
 .text.ETH_PHY_IO_WriteReg
                0x08006ae4       0x1c ./LWIP/Target/ethernetif.o
                0x08006ae4                ETH_PHY_IO_WriteReg
 .text.pbuf_free_custom
                0x08006b00       0x30 ./LWIP/Target/ethernetif.o
                0x08006b00                pbuf_free_custom
 .text.ethernetif_input
                0x08006b30       0x58 ./LWIP/Target/ethernetif.o
 .text.HAL_ETH_RxCpltCallback
                0x08006b88        0xc ./LWIP/Target/ethernetif.o
                0x08006b88                HAL_ETH_RxCpltCallback
 .text.HAL_ETH_TxCpltCallback
                0x08006b94        0xc ./LWIP/Target/ethernetif.o
                0x08006b94                HAL_ETH_TxCpltCallback
 .text.HAL_ETH_ErrorCallback
                0x08006ba0       0x1c ./LWIP/Target/ethernetif.o
                0x08006ba0                HAL_ETH_ErrorCallback
 .text.ethernetif_init
                0x08006bbc      0x208 ./LWIP/Target/ethernetif.o
                0x08006bbc                ethernetif_init
 .text.sys_now  0x08006dc4        0x4 ./LWIP/Target/ethernetif.o
                0x08006dc4                sys_now
 .text.HAL_ETH_MspInit
                0x08006dc8      0x11c ./LWIP/Target/ethernetif.o
                0x08006dc8                HAL_ETH_MspInit
 .text.ethernet_link_thread
                0x08006ee4       0xa8 ./LWIP/Target/ethernetif.o
                0x08006ee4                ethernet_link_thread
 .text.HAL_ETH_RxAllocateCallback
                0x08006f8c       0x44 ./LWIP/Target/ethernetif.o
                0x08006f8c                HAL_ETH_RxAllocateCallback
 .text.HAL_ETH_RxLinkCallback
                0x08006fd0       0x54 ./LWIP/Target/ethernetif.o
                0x08006fd0                HAL_ETH_RxLinkCallback
 .text.HAL_ETH_TxFreeCallback
                0x08007024        0x4 ./LWIP/Target/ethernetif.o
                0x08007024                HAL_ETH_TxFreeCallback
 .text.osKernelStart
                0x08007028        0xa ./Middlewares/Third_Party/FreeRTOS/Source/CMSIS_RTOS/cmsis_os.o
                0x08007028                osKernelStart
 .text.osKernelSysTick
                0x08007032        0xe ./Middlewares/Third_Party/FreeRTOS/Source/CMSIS_RTOS/cmsis_os.o
                0x08007032                osKernelSysTick
 .text.osThreadCreate
                0x08007040       0x50 ./Middlewares/Third_Party/FreeRTOS/Source/CMSIS_RTOS/cmsis_os.o
                0x08007040                osThreadCreate
 .text.osThreadTerminate
                0x08007090        0xa ./Middlewares/Third_Party/FreeRTOS/Source/CMSIS_RTOS/cmsis_os.o
                0x08007090                osThreadTerminate
 .text.osDelay  0x0800709a       0x10 ./Middlewares/Third_Party/FreeRTOS/Source/CMSIS_RTOS/cmsis_os.o
                0x0800709a                osDelay
 .text.osMutexCreate
                0x080070aa        0xe ./Middlewares/Third_Party/FreeRTOS/Source/CMSIS_RTOS/cmsis_os.o
                0x080070aa                osMutexCreate
 .text.osMutexWait
                0x080070b8       0x4c ./Middlewares/Third_Party/FreeRTOS/Source/CMSIS_RTOS/cmsis_os.o
                0x080070b8                osMutexWait
 .text.osMutexRelease
                0x08007104       0x48 ./Middlewares/Third_Party/FreeRTOS/Source/CMSIS_RTOS/cmsis_os.o
                0x08007104                osMutexRelease
 .text.osSemaphoreCreate
                0x0800714c       0x46 ./Middlewares/Third_Party/FreeRTOS/Source/CMSIS_RTOS/cmsis_os.o
                0x0800714c                osSemaphoreCreate
 .text.osSemaphoreWait
                0x08007192       0x4c ./Middlewares/Third_Party/FreeRTOS/Source/CMSIS_RTOS/cmsis_os.o
                0x08007192                osSemaphoreWait
 .text.osSemaphoreRelease
                0x080071de        0x4 ./Middlewares/Third_Party/FreeRTOS/Source/CMSIS_RTOS/cmsis_os.o
                0x080071de                osSemaphoreRelease
 .text.osMessageCreate
                0x080071e2       0x24 ./Middlewares/Third_Party/FreeRTOS/Source/CMSIS_RTOS/cmsis_os.o
                0x080071e2                osMessageCreate
 .text.osMessagePut
                0x08007206       0x52 ./Middlewares/Third_Party/FreeRTOS/Source/CMSIS_RTOS/cmsis_os.o
                0x08007206                osMessagePut
 .text.osMessageGet
                0x08007258       0x74 ./Middlewares/Third_Party/FreeRTOS/Source/CMSIS_RTOS/cmsis_os.o
                0x08007258                osMessageGet
 .text.vListInitialise
                0x080072cc       0x16 ./Middlewares/Third_Party/FreeRTOS/Source/list.o
                0x080072cc                vListInitialise
 .text.vListInitialiseItem
                0x080072e2        0x6 ./Middlewares/Third_Party/FreeRTOS/Source/list.o
                0x080072e2                vListInitialiseItem
 .text.vListInsertEnd
                0x080072e8       0x16 ./Middlewares/Third_Party/FreeRTOS/Source/list.o
                0x080072e8                vListInsertEnd
 .text.vListInsert
                0x080072fe       0x2e ./Middlewares/Third_Party/FreeRTOS/Source/list.o
                0x080072fe                vListInsert
 .text.uxListRemove
                0x0800732c       0x20 ./Middlewares/Third_Party/FreeRTOS/Source/list.o
                0x0800732c                uxListRemove
 .text.prvIsQueueEmpty
                0x0800734c       0x16 ./Middlewares/Third_Party/FreeRTOS/Source/queue.o
 .text.prvCopyDataToQueue
                0x08007362       0x66 ./Middlewares/Third_Party/FreeRTOS/Source/queue.o
 .text.prvCopyDataFromQueue
                0x080073c8       0x2a ./Middlewares/Third_Party/FreeRTOS/Source/queue.o
 .text.prvUnlockQueue
                0x080073f2       0x6c ./Middlewares/Third_Party/FreeRTOS/Source/queue.o
 .text.xQueueGenericReset
                0x0800745e       0x82 ./Middlewares/Third_Party/FreeRTOS/Source/queue.o
                0x0800745e                xQueueGenericReset
 .text.xQueueGenericCreateStatic.part.0.isra.0
                0x080074e0       0x90 ./Middlewares/Third_Party/FreeRTOS/Source/queue.o
 .text.xQueueGenericCreateStatic
                0x08007570       0x1c ./Middlewares/Third_Party/FreeRTOS/Source/queue.o
                0x08007570                xQueueGenericCreateStatic
 .text.xQueueGenericCreate
                0x0800758c       0x4c ./Middlewares/Third_Party/FreeRTOS/Source/queue.o
                0x0800758c                xQueueGenericCreate
 .text.xQueueGenericSend
                0x080075d8      0x174 ./Middlewares/Third_Party/FreeRTOS/Source/queue.o
                0x080075d8                xQueueGenericSend
 .text.xQueueCreateMutexStatic
                0x0800774c       0x26 ./Middlewares/Third_Party/FreeRTOS/Source/queue.o
                0x0800774c                xQueueCreateMutexStatic
 .text.xQueueCreateMutex
                0x08007772       0x34 ./Middlewares/Third_Party/FreeRTOS/Source/queue.o
                0x08007772                xQueueCreateMutex
 .text.xQueueGenericSendFromISR
                0x080077a6       0xc8 ./Middlewares/Third_Party/FreeRTOS/Source/queue.o
                0x080077a6                xQueueGenericSendFromISR
 .text.xQueueGiveFromISR
                0x0800786e       0xb2 ./Middlewares/Third_Party/FreeRTOS/Source/queue.o
                0x0800786e                xQueueGiveFromISR
 .text.xQueueReceive
                0x08007920      0x148 ./Middlewares/Third_Party/FreeRTOS/Source/queue.o
                0x08007920                xQueueReceive
 .text.xQueueSemaphoreTake
                0x08007a68      0x18a ./Middlewares/Third_Party/FreeRTOS/Source/queue.o
                0x08007a68                xQueueSemaphoreTake
 .text.xQueueReceiveFromISR
                0x08007bf2       0xa6 ./Middlewares/Third_Party/FreeRTOS/Source/queue.o
                0x08007bf2                xQueueReceiveFromISR
 .text.vQueueAddToRegistry
                0x08007c98       0x24 ./Middlewares/Third_Party/FreeRTOS/Source/queue.o
                0x08007c98                vQueueAddToRegistry
 .text.vQueueWaitForMessageRestricted
                0x08007cbc       0x46 ./Middlewares/Third_Party/FreeRTOS/Source/queue.o
                0x08007cbc                vQueueWaitForMessageRestricted
 *fill*         0x08007d02        0x2 
 .text.prvAddNewTaskToReadyList
                0x08007d04       0xfc ./Middlewares/Third_Party/FreeRTOS/Source/tasks.o
 .text.prvAddCurrentTaskToDelayedList
                0x08007e00       0x88 ./Middlewares/Third_Party/FreeRTOS/Source/tasks.o
 .text.prvResetNextTaskUnblockTime
                0x08007e88       0x24 ./Middlewares/Third_Party/FreeRTOS/Source/tasks.o
 .text.prvDeleteTCB
                0x08007eac       0x40 ./Middlewares/Third_Party/FreeRTOS/Source/tasks.o
 .text.prvIdleTask
                0x08007eec       0x60 ./Middlewares/Third_Party/FreeRTOS/Source/tasks.o
 .text.prvInitialiseNewTask.constprop.0
                0x08007f4c       0xb0 ./Middlewares/Third_Party/FreeRTOS/Source/tasks.o
 .text.xTaskCreateStatic
                0x08007ffc       0x7c ./Middlewares/Third_Party/FreeRTOS/Source/tasks.o
                0x08007ffc                xTaskCreateStatic
 .text.xTaskCreate
                0x08008078       0x5c ./Middlewares/Third_Party/FreeRTOS/Source/tasks.o
                0x08008078                xTaskCreate
 .text.vTaskDelete
                0x080080d4       0xd8 ./Middlewares/Third_Party/FreeRTOS/Source/tasks.o
                0x080080d4                vTaskDelete
 .text.vTaskStartScheduler
                0x080081ac       0xa8 ./Middlewares/Third_Party/FreeRTOS/Source/tasks.o
                0x080081ac                vTaskStartScheduler
 .text.vTaskSuspendAll
                0x08008254       0x10 ./Middlewares/Third_Party/FreeRTOS/Source/tasks.o
                0x08008254                vTaskSuspendAll
 .text.xTaskGetTickCount
                0x08008264        0xc ./Middlewares/Third_Party/FreeRTOS/Source/tasks.o
                0x08008264                xTaskGetTickCount
 .text.xTaskGetTickCountFromISR
                0x08008270       0x10 ./Middlewares/Third_Party/FreeRTOS/Source/tasks.o
                0x08008270                xTaskGetTickCountFromISR
 .text.xTaskIncrementTick
                0x08008280      0x134 ./Middlewares/Third_Party/FreeRTOS/Source/tasks.o
                0x08008280                xTaskIncrementTick
 .text.xTaskResumeAll
                0x080083b4       0xf0 ./Middlewares/Third_Party/FreeRTOS/Source/tasks.o
                0x080083b4                xTaskResumeAll
 .text.vTaskDelay
                0x080084a4       0x4c ./Middlewares/Third_Party/FreeRTOS/Source/tasks.o
                0x080084a4                vTaskDelay
 .text.vTaskSwitchContext
                0x080084f0       0x84 ./Middlewares/Third_Party/FreeRTOS/Source/tasks.o
                0x080084f0                vTaskSwitchContext
 .text.vTaskPlaceOnEventList
                0x08008574       0x38 ./Middlewares/Third_Party/FreeRTOS/Source/tasks.o
                0x08008574                vTaskPlaceOnEventList
 .text.vTaskPlaceOnEventListRestricted
                0x080085ac       0x40 ./Middlewares/Third_Party/FreeRTOS/Source/tasks.o
                0x080085ac                vTaskPlaceOnEventListRestricted
 .text.xTaskRemoveFromEventList
                0x080085ec       0x88 ./Middlewares/Third_Party/FreeRTOS/Source/tasks.o
                0x080085ec                xTaskRemoveFromEventList
 .text.vTaskInternalSetTimeOutState
                0x08008674       0x18 ./Middlewares/Third_Party/FreeRTOS/Source/tasks.o
                0x08008674                vTaskInternalSetTimeOutState
 .text.xTaskCheckForTimeOut
                0x0800868c       0x80 ./Middlewares/Third_Party/FreeRTOS/Source/tasks.o
                0x0800868c                xTaskCheckForTimeOut
 .text.vTaskMissedYield
                0x0800870c        0xc ./Middlewares/Third_Party/FreeRTOS/Source/tasks.o
                0x0800870c                vTaskMissedYield
 .text.xTaskGetSchedulerState
                0x08008718       0x20 ./Middlewares/Third_Party/FreeRTOS/Source/tasks.o
                0x08008718                xTaskGetSchedulerState
 .text.xTaskPriorityInherit
                0x08008738       0x9c ./Middlewares/Third_Party/FreeRTOS/Source/tasks.o
                0x08008738                xTaskPriorityInherit
 .text.xTaskPriorityDisinherit
                0x080087d4       0xa8 ./Middlewares/Third_Party/FreeRTOS/Source/tasks.o
                0x080087d4                xTaskPriorityDisinherit
 .text.vTaskPriorityDisinheritAfterTimeout
                0x0800887c       0xb8 ./Middlewares/Third_Party/FreeRTOS/Source/tasks.o
                0x0800887c                vTaskPriorityDisinheritAfterTimeout
 .text.pvTaskIncrementMutexHeldCount
                0x08008934       0x18 ./Middlewares/Third_Party/FreeRTOS/Source/tasks.o
                0x08008934                pvTaskIncrementMutexHeldCount
 .text.prvInsertTimerInActiveList
                0x0800894c       0x3c ./Middlewares/Third_Party/FreeRTOS/Source/timers.o
 .text.prvCheckForValidListAndQueue
                0x08008988       0x68 ./Middlewares/Third_Party/FreeRTOS/Source/timers.o
 .text.prvInitialiseNewTimer
                0x080089f0       0x50 ./Middlewares/Third_Party/FreeRTOS/Source/timers.o
 .text.xTimerCreateTimerTask
                0x08008a40       0x68 ./Middlewares/Third_Party/FreeRTOS/Source/timers.o
                0x08008a40                xTimerCreateTimerTask
 .text.xTimerCreateStatic
                0x08008aa8       0x56 ./Middlewares/Third_Party/FreeRTOS/Source/timers.o
                0x08008aa8                xTimerCreateStatic
 *fill*         0x08008afe        0x2 
 .text.xTimerGenericCommand
                0x08008b00       0x58 ./Middlewares/Third_Party/FreeRTOS/Source/timers.o
                0x08008b00                xTimerGenericCommand
 .text.prvSampleTimeNow
                0x08008b58       0xa8 ./Middlewares/Third_Party/FreeRTOS/Source/timers.o
 .text.prvTimerTask
                0x08008c00      0x1c4 ./Middlewares/Third_Party/FreeRTOS/Source/timers.o
 .text.pvTimerGetTimerID
                0x08008dc4       0x2a ./Middlewares/Third_Party/FreeRTOS/Source/timers.o
                0x08008dc4                pvTimerGetTimerID
 *fill*         0x08008dee        0x2 
 .text.prvPortStartFirstTask
                0x08008df0       0x28 ./Middlewares/Third_Party/FreeRTOS/Source/portable/GCC/ARM_CM7/r0p1/port.o
 .text.vPortEnableVFP
                0x08008e18       0x14 ./Middlewares/Third_Party/FreeRTOS/Source/portable/GCC/ARM_CM7/r0p1/port.o
 .text.prvTaskExitError
                0x08008e2c       0x48 ./Middlewares/Third_Party/FreeRTOS/Source/portable/GCC/ARM_CM7/r0p1/port.o
 .text.pxPortInitialiseStack
                0x08008e74       0x24 ./Middlewares/Third_Party/FreeRTOS/Source/portable/GCC/ARM_CM7/r0p1/port.o
                0x08008e74                pxPortInitialiseStack
 *fill*         0x08008e98        0x8 
 .text.SVC_Handler
                0x08008ea0       0x24 ./Middlewares/Third_Party/FreeRTOS/Source/portable/GCC/ARM_CM7/r0p1/port.o
                0x08008ea0                SVC_Handler
 .text.vPortEnterCritical
                0x08008ec4       0x48 ./Middlewares/Third_Party/FreeRTOS/Source/portable/GCC/ARM_CM7/r0p1/port.o
                0x08008ec4                vPortEnterCritical
 .text.vPortExitCritical
                0x08008f0c       0x2c ./Middlewares/Third_Party/FreeRTOS/Source/portable/GCC/ARM_CM7/r0p1/port.o
                0x08008f0c                vPortExitCritical
 *fill*         0x08008f38        0x8 
 .text.PendSV_Handler
                0x08008f40       0x64 ./Middlewares/Third_Party/FreeRTOS/Source/portable/GCC/ARM_CM7/r0p1/port.o
                0x08008f40                PendSV_Handler
 .text.SysTick_Handler
                0x08008fa4       0x30 ./Middlewares/Third_Party/FreeRTOS/Source/portable/GCC/ARM_CM7/r0p1/port.o
                0x08008fa4                SysTick_Handler
 .text.vPortSetupTimerInterrupt
                0x08008fd4       0x24 ./Middlewares/Third_Party/FreeRTOS/Source/portable/GCC/ARM_CM7/r0p1/port.o
                0x08008fd4                vPortSetupTimerInterrupt
 .text.xPortStartScheduler
                0x08008ff8       0xc4 ./Middlewares/Third_Party/FreeRTOS/Source/portable/GCC/ARM_CM7/r0p1/port.o
                0x08008ff8                xPortStartScheduler
 .text.vPortValidateInterruptPriority
                0x080090bc       0x64 ./Middlewares/Third_Party/FreeRTOS/Source/portable/GCC/ARM_CM7/r0p1/port.o
                0x080090bc                vPortValidateInterruptPriority
 .text.prvInsertBlockIntoFreeList
                0x08009120       0x4c ./Middlewares/Third_Party/FreeRTOS/Source/portable/MemMang/heap_4.o
 .text.pvPortMalloc
                0x0800916c      0x128 ./Middlewares/Third_Party/FreeRTOS/Source/portable/MemMang/heap_4.o
                0x0800916c                pvPortMalloc
 .text.vPortFree
                0x08009294       0x78 ./Middlewares/Third_Party/FreeRTOS/Source/portable/MemMang/heap_4.o
                0x08009294                vPortFree
 .text.tcpip_thread
                0x0800930c       0xd0 ./Middlewares/Third_Party/LwIP/src/api/tcpip.o
 .text.tcpip_inpkt
                0x080093dc       0x58 ./Middlewares/Third_Party/LwIP/src/api/tcpip.o
                0x080093dc                tcpip_inpkt
 .text.tcpip_input
                0x08009434       0x1c ./Middlewares/Third_Party/LwIP/src/api/tcpip.o
                0x08009434                tcpip_input
 .text.tcpip_try_callback
                0x08009450       0x58 ./Middlewares/Third_Party/LwIP/src/api/tcpip.o
                0x08009450                tcpip_try_callback
 .text.tcpip_init
                0x080094a8       0x7c ./Middlewares/Third_Party/LwIP/src/api/tcpip.o
                0x080094a8                tcpip_init
 .text.lwip_htons
                0x08009524        0x6 ./Middlewares/Third_Party/LwIP/src/core/def.o
                0x08009524                lwip_htons
 .text.lwip_htonl
                0x0800952a        0x4 ./Middlewares/Third_Party/LwIP/src/core/def.o
                0x0800952a                lwip_htonl
 .text.lwip_init
                0x0800952e       0x22 ./Middlewares/Third_Party/LwIP/src/core/init.o
                0x0800952e                lwip_init
 .text.mem_init
                0x08009550       0x74 ./Middlewares/Third_Party/LwIP/src/core/mem.o
                0x08009550                mem_init
 .text.mem_free
                0x080095c4      0x1b8 ./Middlewares/Third_Party/LwIP/src/core/mem.o
                0x080095c4                mem_free
 .text.mem_trim
                0x0800977c      0x178 ./Middlewares/Third_Party/LwIP/src/core/mem.o
                0x0800977c                mem_trim
 .text.mem_malloc
                0x080098f4      0x150 ./Middlewares/Third_Party/LwIP/src/core/mem.o
                0x080098f4                mem_malloc
 .text.do_memp_malloc_pool
                0x08009a44       0x3c ./Middlewares/Third_Party/LwIP/src/core/memp.o
 .text.do_memp_free_pool
                0x08009a80       0x38 ./Middlewares/Third_Party/LwIP/src/core/memp.o
 .text.memp_init_pool
                0x08009ab8       0x26 ./Middlewares/Third_Party/LwIP/src/core/memp.o
                0x08009ab8                memp_init_pool
 *fill*         0x08009ade        0x2 
 .text.memp_init
                0x08009ae0       0x1c ./Middlewares/Third_Party/LwIP/src/core/memp.o
                0x08009ae0                memp_init
 .text.memp_malloc_pool
                0x08009afc       0x2c ./Middlewares/Third_Party/LwIP/src/core/memp.o
                0x08009afc                memp_malloc_pool
 .text.memp_malloc
                0x08009b28       0x38 ./Middlewares/Third_Party/LwIP/src/core/memp.o
                0x08009b28                memp_malloc
 .text.memp_free_pool
                0x08009b60       0x24 ./Middlewares/Third_Party/LwIP/src/core/memp.o
                0x08009b60                memp_free_pool
 .text.memp_free
                0x08009b84       0x30 ./Middlewares/Third_Party/LwIP/src/core/memp.o
                0x08009b84                memp_free
 .text.netif_null_output_ip4
                0x08009bb4        0x6 ./Middlewares/Third_Party/LwIP/src/core/netif.o
 *fill*         0x08009bba        0x2 
 .text.netif_issue_reports
                0x08009bbc       0x44 ./Middlewares/Third_Party/LwIP/src/core/netif.o
 .text.netif_do_set_ipaddr.isra.0
                0x08009c00       0x34 ./Middlewares/Third_Party/LwIP/src/core/netif.o
 .text.netif_init
                0x08009c34        0x2 ./Middlewares/Third_Party/LwIP/src/core/netif.o
                0x08009c34                netif_init
 *fill*         0x08009c36        0x2 
 .text.netif_set_addr
                0x08009c38       0x58 ./Middlewares/Third_Party/LwIP/src/core/netif.o
                0x08009c38                netif_set_addr
 .text.netif_add
                0x08009c90      0x118 ./Middlewares/Third_Party/LwIP/src/core/netif.o
                0x08009c90                netif_add
 .text.netif_set_default
                0x08009da8        0xc ./Middlewares/Third_Party/LwIP/src/core/netif.o
                0x08009da8                netif_set_default
 .text.netif_set_up
                0x08009db4       0x34 ./Middlewares/Third_Party/LwIP/src/core/netif.o
                0x08009db4                netif_set_up
 .text.netif_set_down
                0x08009de8       0x38 ./Middlewares/Third_Party/LwIP/src/core/netif.o
                0x08009de8                netif_set_down
 .text.netif_set_link_up
                0x08009e20       0x48 ./Middlewares/Third_Party/LwIP/src/core/netif.o
                0x08009e20                netif_set_link_up
 .text.netif_set_link_down
                0x08009e68       0x34 ./Middlewares/Third_Party/LwIP/src/core/netif.o
                0x08009e68                netif_set_link_down
 .text.netif_set_link_callback
                0x08009e9c        0x6 ./Middlewares/Third_Party/LwIP/src/core/netif.o
                0x08009e9c                netif_set_link_callback
 *fill*         0x08009ea2        0x2 
 .text.netif_get_by_index
                0x08009ea4       0x24 ./Middlewares/Third_Party/LwIP/src/core/netif.o
                0x08009ea4                netif_get_by_index
 .text.pbuf_add_header_impl
                0x08009ec8       0x68 ./Middlewares/Third_Party/LwIP/src/core/pbuf.o
 .text.pbuf_free_ooseq_callback
                0x08009f30       0x30 ./Middlewares/Third_Party/LwIP/src/core/pbuf.o
 .text.pbuf_alloc_reference
                0x08009f60       0x48 ./Middlewares/Third_Party/LwIP/src/core/pbuf.o
                0x08009f60                pbuf_alloc_reference
 .text.pbuf_alloced_custom
                0x08009fa8       0x32 ./Middlewares/Third_Party/LwIP/src/core/pbuf.o
                0x08009fa8                pbuf_alloced_custom
 .text.pbuf_add_header
                0x08009fda        0x6 ./Middlewares/Third_Party/LwIP/src/core/pbuf.o
                0x08009fda                pbuf_add_header
 .text.pbuf_remove_header
                0x08009fe0       0x58 ./Middlewares/Third_Party/LwIP/src/core/pbuf.o
                0x08009fe0                pbuf_remove_header
 .text.pbuf_header_force
                0x0800a038       0x10 ./Middlewares/Third_Party/LwIP/src/core/pbuf.o
                0x0800a038                pbuf_header_force
 .text.pbuf_free
                0x0800a048       0xd4 ./Middlewares/Third_Party/LwIP/src/core/pbuf.o
                0x0800a048                pbuf_free
 .text.pbuf_alloc
                0x0800a11c      0x124 ./Middlewares/Third_Party/LwIP/src/core/pbuf.o
                0x0800a11c                pbuf_alloc
 .text.pbuf_realloc
                0x0800a240       0xb0 ./Middlewares/Third_Party/LwIP/src/core/pbuf.o
                0x0800a240                pbuf_realloc
 .text.pbuf_clen
                0x0800a2f0       0x10 ./Middlewares/Third_Party/LwIP/src/core/pbuf.o
                0x0800a2f0                pbuf_clen
 .text.pbuf_ref
                0x0800a300       0x38 ./Middlewares/Third_Party/LwIP/src/core/pbuf.o
                0x0800a300                pbuf_ref
 .text.pbuf_cat
                0x0800a338       0x74 ./Middlewares/Third_Party/LwIP/src/core/pbuf.o
                0x0800a338                pbuf_cat
 .text.pbuf_chain
                0x0800a3ac       0x12 ./Middlewares/Third_Party/LwIP/src/core/pbuf.o
                0x0800a3ac                pbuf_chain
 *fill*         0x0800a3be        0x2 
 .text.pbuf_copy
                0x0800a3c0      0x104 ./Middlewares/Third_Party/LwIP/src/core/pbuf.o
                0x0800a3c0                pbuf_copy
 .text.pbuf_copy_partial
                0x0800a4c4       0x84 ./Middlewares/Third_Party/LwIP/src/core/pbuf.o
                0x0800a4c4                pbuf_copy_partial
 .text.pbuf_clone
                0x0800a548       0x38 ./Middlewares/Third_Party/LwIP/src/core/pbuf.o
                0x0800a548                pbuf_clone
 .text.tcp_close_shutdown_fin
                0x0800a580       0x60 ./Middlewares/Third_Party/LwIP/src/core/tcp.o
 .text.tcp_init
                0x0800a5e0       0x18 ./Middlewares/Third_Party/LwIP/src/core/tcp.o
                0x0800a5e0                tcp_init
 .text.tcp_free
                0x0800a5f8       0x30 ./Middlewares/Third_Party/LwIP/src/core/tcp.o
                0x0800a5f8                tcp_free
 .text.tcp_update_rcv_ann_wnd
                0x0800a628       0x6c ./Middlewares/Third_Party/LwIP/src/core/tcp.o
                0x0800a628                tcp_update_rcv_ann_wnd
 .text.tcp_recved
                0x0800a694       0x7c ./Middlewares/Third_Party/LwIP/src/core/tcp.o
                0x0800a694                tcp_recved
 .text.tcp_seg_free
                0x0800a710       0x1c ./Middlewares/Third_Party/LwIP/src/core/tcp.o
                0x0800a710                tcp_seg_free
 .text.tcp_segs_free
                0x0800a72c       0x10 ./Middlewares/Third_Party/LwIP/src/core/tcp.o
                0x0800a72c                tcp_segs_free
 .text.tcp_seg_copy
                0x0800a73c       0x48 ./Middlewares/Third_Party/LwIP/src/core/tcp.o
                0x0800a73c                tcp_seg_copy
 .text.tcp_next_iss
                0x0800a784       0x34 ./Middlewares/Third_Party/LwIP/src/core/tcp.o
                0x0800a784                tcp_next_iss
 .text.tcp_eff_send_mss_netif
                0x0800a7b8       0x3c ./Middlewares/Third_Party/LwIP/src/core/tcp.o
                0x0800a7b8                tcp_eff_send_mss_netif
 .text.tcp_free_ooseq
                0x0800a7f4       0x12 ./Middlewares/Third_Party/LwIP/src/core/tcp.o
                0x0800a7f4                tcp_free_ooseq
 *fill*         0x0800a806        0x2 
 .text.tcp_pcb_purge
                0x0800a808       0x64 ./Middlewares/Third_Party/LwIP/src/core/tcp.o
                0x0800a808                tcp_pcb_purge
 .text.tcp_pcb_remove
                0x0800a86c       0xcc ./Middlewares/Third_Party/LwIP/src/core/tcp.o
                0x0800a86c                tcp_pcb_remove
 .text.tcp_abandon
                0x0800a938      0x10c ./Middlewares/Third_Party/LwIP/src/core/tcp.o
                0x0800a938                tcp_abandon
 .text.tcp_abort
                0x0800aa44        0x6 ./Middlewares/Third_Party/LwIP/src/core/tcp.o
                0x0800aa44                tcp_abort
 *fill*         0x0800aa4a        0x2 
 .text.tcp_netif_ip_addr_changed_pcblist
                0x0800aa4c       0x3c ./Middlewares/Third_Party/LwIP/src/core/tcp.o
 .text.tcp_netif_ip_addr_changed
                0x0800aa88       0x48 ./Middlewares/Third_Party/LwIP/src/core/tcp.o
                0x0800aa88                tcp_netif_ip_addr_changed
 .text.tcp_kill_state
                0x0800aad0       0x3c ./Middlewares/Third_Party/LwIP/src/core/tcp.o
 .text.tcp_alloc
                0x0800ab0c      0x134 ./Middlewares/Third_Party/LwIP/src/core/tcp.o
                0x0800ab0c                tcp_alloc
 .text.tcp_close_shutdown
                0x0800ac40      0x164 ./Middlewares/Third_Party/LwIP/src/core/tcp.o
 .text.tcp_close
                0x0800ada4       0x3c ./Middlewares/Third_Party/LwIP/src/core/tcp.o
                0x0800ada4                tcp_close
 .text.tcp_recv_null
                0x0800ade0       0x48 ./Middlewares/Third_Party/LwIP/src/core/tcp.o
                0x0800ade0                tcp_recv_null
 .text.tcp_process_refused_data
                0x0800ae28       0x8c ./Middlewares/Third_Party/LwIP/src/core/tcp.o
                0x0800ae28                tcp_process_refused_data
 .text.tcp_fasttmr
                0x0800aeb4       0x80 ./Middlewares/Third_Party/LwIP/src/core/tcp.o
                0x0800aeb4                tcp_fasttmr
 .text.tcp_slowtmr
                0x0800af34      0x444 ./Middlewares/Third_Party/LwIP/src/core/tcp.o
                0x0800af34                tcp_slowtmr
 .text.tcp_tmr  0x0800b378       0x24 ./Middlewares/Third_Party/LwIP/src/core/tcp.o
                0x0800b378                tcp_tmr
 .text.tcp_get_next_optbyte
                0x0800b39c       0x38 ./Middlewares/Third_Party/LwIP/src/core/tcp_in.o
 .text.tcp_oos_insert_segment
                0x0800b3d4       0x90 ./Middlewares/Third_Party/LwIP/src/core/tcp_in.o
 .text.tcp_parseopt
                0x0800b464       0x94 ./Middlewares/Third_Party/LwIP/src/core/tcp_in.o
 .text.tcp_input_delayed_close
                0x0800b4f8       0x3c ./Middlewares/Third_Party/LwIP/src/core/tcp_in.o
 .text.tcp_free_acked_segments.isra.0
                0x0800b534       0xc0 ./Middlewares/Third_Party/LwIP/src/core/tcp_in.o
 .text.tcp_receive
                0x0800b5f4      0x848 ./Middlewares/Third_Party/LwIP/src/core/tcp_in.o
 .text.tcp_input
                0x0800be3c      0xaf4 ./Middlewares/Third_Party/LwIP/src/core/tcp_in.o
                0x0800be3c                tcp_input
 .text.tcp_trigger_input_pcb_close
                0x0800c930       0x10 ./Middlewares/Third_Party/LwIP/src/core/tcp_in.o
                0x0800c930                tcp_trigger_input_pcb_close
 .text.tcp_output_segment_busy
                0x0800c940       0x2c ./Middlewares/Third_Party/LwIP/src/core/tcp_out.o
 .text.tcp_create_segment
                0x0800c96c       0xdc ./Middlewares/Third_Party/LwIP/src/core/tcp_out.o
 .text.tcp_output_alloc_header_common.constprop.0
                0x0800ca48       0x84 ./Middlewares/Third_Party/LwIP/src/core/tcp_out.o
 .text.tcp_output_alloc_header.constprop.0
                0x0800cacc       0x4c ./Middlewares/Third_Party/LwIP/src/core/tcp_out.o
 .text.tcp_output_fill_options.constprop.0
                0x0800cb18       0x20 ./Middlewares/Third_Party/LwIP/src/core/tcp_out.o
 .text.tcp_output_control_segment
                0x0800cb38       0x70 ./Middlewares/Third_Party/LwIP/src/core/tcp_out.o
 .text.tcp_split_unsent_seg
                0x0800cba8      0x198 ./Middlewares/Third_Party/LwIP/src/core/tcp_out.o
                0x0800cba8                tcp_split_unsent_seg
 .text.tcp_enqueue_flags
                0x0800cd40      0x128 ./Middlewares/Third_Party/LwIP/src/core/tcp_out.o
                0x0800cd40                tcp_enqueue_flags
 .text.tcp_send_fin
                0x0800ce68       0x60 ./Middlewares/Third_Party/LwIP/src/core/tcp_out.o
                0x0800ce68                tcp_send_fin
 .text.tcp_rexmit_rto_prepare
                0x0800cec8       0x88 ./Middlewares/Third_Party/LwIP/src/core/tcp_out.o
                0x0800cec8                tcp_rexmit_rto_prepare
 .text.tcp_rexmit
                0x0800cf50       0x80 ./Middlewares/Third_Party/LwIP/src/core/tcp_out.o
                0x0800cf50                tcp_rexmit
 .text.tcp_rexmit_fast
                0x0800cfd0       0x68 ./Middlewares/Third_Party/LwIP/src/core/tcp_out.o
                0x0800cfd0                tcp_rexmit_fast
 .text.tcp_rst  0x0800d038       0x8c ./Middlewares/Third_Party/LwIP/src/core/tcp_out.o
                0x0800d038                tcp_rst
 .text.tcp_send_empty_ack
                0x0800d0c4       0x64 ./Middlewares/Third_Party/LwIP/src/core/tcp_out.o
                0x0800d0c4                tcp_send_empty_ack
 .text.tcp_output
                0x0800d128      0x350 ./Middlewares/Third_Party/LwIP/src/core/tcp_out.o
                0x0800d128                tcp_output
 .text.tcp_rexmit_rto_commit
                0x0800d478       0x38 ./Middlewares/Third_Party/LwIP/src/core/tcp_out.o
                0x0800d478                tcp_rexmit_rto_commit
 .text.tcp_rexmit_rto
                0x0800d4b0       0x34 ./Middlewares/Third_Party/LwIP/src/core/tcp_out.o
                0x0800d4b0                tcp_rexmit_rto
 .text.tcp_keepalive
                0x0800d4e4       0x50 ./Middlewares/Third_Party/LwIP/src/core/tcp_out.o
                0x0800d4e4                tcp_keepalive
 .text.tcp_zero_window_probe
                0x0800d534       0xc8 ./Middlewares/Third_Party/LwIP/src/core/tcp_out.o
                0x0800d534                tcp_zero_window_probe
 .text.sys_timeout_abs
                0x0800d5fc       0x64 ./Middlewares/Third_Party/LwIP/src/core/timeouts.o
 .text.lwip_cyclic_timer
                0x0800d660       0x34 ./Middlewares/Third_Party/LwIP/src/core/timeouts.o
 .text.sys_timeout
                0x0800d694       0x3c ./Middlewares/Third_Party/LwIP/src/core/timeouts.o
                0x0800d694                sys_timeout
 .text.tcp_timer_needed
                0x0800d6d0       0x34 ./Middlewares/Third_Party/LwIP/src/core/timeouts.o
                0x0800d6d0                tcp_timer_needed
 .text.tcpip_tcp_timer
                0x0800d704       0x38 ./Middlewares/Third_Party/LwIP/src/core/timeouts.o
 .text.sys_timeouts_init
                0x0800d73c       0x2c ./Middlewares/Third_Party/LwIP/src/core/timeouts.o
                0x0800d73c                sys_timeouts_init
 .text.sys_check_timeouts
                0x0800d768       0x44 ./Middlewares/Third_Party/LwIP/src/core/timeouts.o
                0x0800d768                sys_check_timeouts
 .text.sys_timeouts_sleeptime
                0x0800d7ac       0x24 ./Middlewares/Third_Party/LwIP/src/core/timeouts.o
                0x0800d7ac                sys_timeouts_sleeptime
 .text.udp_init
                0x0800d7d0       0x18 ./Middlewares/Third_Party/LwIP/src/core/udp.o
                0x0800d7d0                udp_init
 .text.udp_input
                0x0800d7e8      0x1ac ./Middlewares/Third_Party/LwIP/src/core/udp.o
                0x0800d7e8                udp_input
 .text.udp_bind
                0x0800d994       0xd8 ./Middlewares/Third_Party/LwIP/src/core/udp.o
                0x0800d994                udp_bind
 .text.udp_sendto_if_src
                0x0800da6c      0x130 ./Middlewares/Third_Party/LwIP/src/core/udp.o
                0x0800da6c                udp_sendto_if_src
 .text.udp_sendto_if
                0x0800db9c       0x80 ./Middlewares/Third_Party/LwIP/src/core/udp.o
                0x0800db9c                udp_sendto_if
 .text.udp_sendto
                0x0800dc1c       0x78 ./Middlewares/Third_Party/LwIP/src/core/udp.o
                0x0800dc1c                udp_sendto
 .text.udp_recv
                0x0800dc94       0x24 ./Middlewares/Third_Party/LwIP/src/core/udp.o
                0x0800dc94                udp_recv
 .text.udp_remove
                0x0800dcb8       0x4c ./Middlewares/Third_Party/LwIP/src/core/udp.o
                0x0800dcb8                udp_remove