Archive member included to satisfy reference by file (symbol)

/Applications/STM32CubeIDE.app/Contents/Eclipse/plugins/com.st.stm32cube.ide.mcu.externaltools.gnu-tools-for-stm32.13.3.rel1.macos64_1.0.0.202411102158/tools/bin/../lib/gcc/arm-none-eabi/13.3.1/../../../../arm-none-eabi/lib/thumb/v7e-m+dp/hard/libstdc++_nano.a(del_ops.o)
                              ./Core/Src/main.o (operator delete(void*, unsigned int))
/Applications/STM32CubeIDE.app/Contents/Eclipse/plugins/com.st.stm32cube.ide.mcu.externaltools.gnu-tools-for-stm32.13.3.rel1.macos64_1.0.0.202411102158/tools/bin/../lib/gcc/arm-none-eabi/13.3.1/../../../../arm-none-eabi/lib/thumb/v7e-m+dp/hard/libstdc++_nano.a(del_opv.o)
                              ./Modules/Eth100HzModule.o (operator delete[](void*))
/Applications/STM32CubeIDE.app/Contents/Eclipse/plugins/com.st.stm32cube.ide.mcu.externaltools.gnu-tools-for-stm32.13.3.rel1.macos64_1.0.0.202411102158/tools/bin/../lib/gcc/arm-none-eabi/13.3.1/../../../../arm-none-eabi/lib/thumb/v7e-m+dp/hard/libstdc++_nano.a(guard.o)
                              ./Core/Src/main.o (__cxa_guard_acquire)
/Applications/STM32CubeIDE.app/Contents/Eclipse/plugins/com.st.stm32cube.ide.mcu.externaltools.gnu-tools-for-stm32.13.3.rel1.macos64_1.0.0.202411102158/tools/bin/../lib/gcc/arm-none-eabi/13.3.1/../../../../arm-none-eabi/lib/thumb/v7e-m+dp/hard/libstdc++_nano.a(new_op.o)
                              ./Core/Src/main.o (operator new(unsigned int))
/Applications/STM32CubeIDE.app/Contents/Eclipse/plugins/com.st.stm32cube.ide.mcu.externaltools.gnu-tools-for-stm32.13.3.rel1.macos64_1.0.0.202411102158/tools/bin/../lib/gcc/arm-none-eabi/13.3.1/../../../../arm-none-eabi/lib/thumb/v7e-m+dp/hard/libstdc++_nano.a(new_opv.o)
                              ./Modules/Eth100HzModule.o (operator new[](unsigned int))
/Applications/STM32CubeIDE.app/Contents/Eclipse/plugins/com.st.stm32cube.ide.mcu.externaltools.gnu-tools-for-stm32.13.3.rel1.macos64_1.0.0.202411102158/tools/bin/../lib/gcc/arm-none-eabi/13.3.1/../../../../arm-none-eabi/lib/thumb/v7e-m+dp/hard/libstdc++_nano.a(functexcept.o)
                              ./Modules/Eth50HzModule.o (std::__throw_length_error(char const*))
/Applications/STM32CubeIDE.app/Contents/Eclipse/plugins/com.st.stm32cube.ide.mcu.externaltools.gnu-tools-for-stm32.13.3.rel1.macos64_1.0.0.202411102158/tools/bin/../lib/gcc/arm-none-eabi/13.3.1/../../../../arm-none-eabi/lib/thumb/v7e-m+dp/hard/libstdc++_nano.a(del_op.o)
                              /Applications/STM32CubeIDE.app/Contents/Eclipse/plugins/com.st.stm32cube.ide.mcu.externaltools.gnu-tools-for-stm32.13.3.rel1.macos64_1.0.0.202411102158/tools/bin/../lib/gcc/arm-none-eabi/13.3.1/../../../../arm-none-eabi/lib/thumb/v7e-m+dp/hard/libstdc++_nano.a(del_ops.o) (operator delete(void*))
/Applications/STM32CubeIDE.app/Contents/Eclipse/plugins/com.st.stm32cube.ide.mcu.externaltools.gnu-tools-for-stm32.13.3.rel1.macos64_1.0.0.202411102158/tools/bin/../lib/gcc/arm-none-eabi/13.3.1/../../../../arm-none-eabi/lib/thumb/v7e-m+dp/hard/libstdc++_nano.a(new_handler.o)
                              /Applications/STM32CubeIDE.app/Contents/Eclipse/plugins/com.st.stm32cube.ide.mcu.externaltools.gnu-tools-for-stm32.13.3.rel1.macos64_1.0.0.202411102158/tools/bin/../lib/gcc/arm-none-eabi/13.3.1/../../../../arm-none-eabi/lib/thumb/v7e-m+dp/hard/libstdc++_nano.a(new_op.o) (std::get_new_handler())
/Applications/STM32CubeIDE.app/Contents/Eclipse/plugins/com.st.stm32cube.ide.mcu.externaltools.gnu-tools-for-stm32.13.3.rel1.macos64_1.0.0.202411102158/tools/bin/../lib/gcc/arm-none-eabi/13.3.1/../../../../arm-none-eabi/lib/thumb/v7e-m+dp/hard/libm.a(libm_a-pow.o)
                              ./Drivers/MS5837/MS5837.o (pow)
/Applications/STM32CubeIDE.app/Contents/Eclipse/plugins/com.st.stm32cube.ide.mcu.externaltools.gnu-tools-for-stm32.13.3.rel1.macos64_1.0.0.202411102158/tools/bin/../lib/gcc/arm-none-eabi/13.3.1/../../../../arm-none-eabi/lib/thumb/v7e-m+dp/hard/libm.a(libm_a-pow_log_data.o)
                              /Applications/STM32CubeIDE.app/Contents/Eclipse/plugins/com.st.stm32cube.ide.mcu.externaltools.gnu-tools-for-stm32.13.3.rel1.macos64_1.0.0.202411102158/tools/bin/../lib/gcc/arm-none-eabi/13.3.1/../../../../arm-none-eabi/lib/thumb/v7e-m+dp/hard/libm.a(libm_a-pow.o) (__pow_log_data)
/Applications/STM32CubeIDE.app/Contents/Eclipse/plugins/com.st.stm32cube.ide.mcu.externaltools.gnu-tools-for-stm32.13.3.rel1.macos64_1.0.0.202411102158/tools/bin/../lib/gcc/arm-none-eabi/13.3.1/../../../../arm-none-eabi/lib/thumb/v7e-m+dp/hard/libm.a(libm_a-sf_frexp.o)
                              ./Drivers/VESC/buffer.o (frexpf)
/Applications/STM32CubeIDE.app/Contents/Eclipse/plugins/com.st.stm32cube.ide.mcu.externaltools.gnu-tools-for-stm32.13.3.rel1.macos64_1.0.0.202411102158/tools/bin/../lib/gcc/arm-none-eabi/13.3.1/../../../../arm-none-eabi/lib/thumb/v7e-m+dp/hard/libm.a(libm_a-sf_ldexp.o)
                              ./Drivers/VESC/buffer.o (ldexpf)
[...]
Memory Configuration

Name             Origin             Length             Attributes
RAM              0x20000000         0x00080000         xrw
FLASH            0x08000000         0x00100000         xr
*default*        0x00000000         0xffffffff

Linker script and memory map

LOAD /Applications/STM32CubeIDE.app/Contents/Eclipse/plugins/com.st.stm32cube.ide.mcu.externaltools.gnu-tools-for-stm32.13.3.rel1.macos64_1.0.0.202411102158/tools/bin/../lib/gcc/arm-none-eabi/13.3.1/thumb/v7e-m+dp/hard/crti.o
LOAD /Applications/STM32CubeIDE.app/Contents/Eclipse/plugins/com.st.stm32cube.ide.mcu.externaltools.gnu-tools-for-stm32.13.3.rel1.macos64_1.0.0.202411102158/tools/bin/../lib/gcc/arm-none-eabi/13.3.1/thumb/v7e-m+dp/hard/crtbegin.o
LOAD /Applications/STM32CubeIDE.app/Contents/Eclipse/plugins/com.st.stm32cube.ide.mcu.externaltools.gnu-tools-for-stm32.13.3.rel1.macos64_1.0.0.202411102158/tools/bin/../lib/gcc/arm-none-eabi/13.3.1/../../../../arm-none-eabi/lib/thumb/v7e-m+dp/hard/crt0.o
LOAD ./Core/Src/freertos.o
LOAD ./Core/Src/main.o
LOAD ./Core/Src/stm32f7xx_hal_msp.o
LOAD ./Core/Src/stm32f7xx_hal_timebase_tim.o
LOAD ./Core/Src/stm32f7xx_it.o
LOAD ./Core/Src/syscalls.o
LOAD ./Core/Src/sysmem.o
LOAD ./Core/Src/system_stm32f7xx.o
LOAD ./Core/Src/user_interrupts.o
LOAD ./Core/Startup/startup_stm32f767zgtx.o
LOAD ./Drivers/BSP/Components/lan8742/lan8742.o
LOAD ./Drivers/MS5837/MS5837.o
LOAD ./Drivers/STM32F7xx_HAL_Driver/Src/stm32f7xx_hal.o
LOAD ./Drivers/STM32F7xx_HAL_Driver/Src/stm32f7xx_hal_cortex.o
LOAD ./Drivers/STM32F7xx_HAL_Driver/Src/stm32f7xx_hal_dma.o
LOAD ./Drivers/STM32F7xx_HAL_Driver/Src/stm32f7xx_hal_dma_ex.o
LOAD ./Drivers/STM32F7xx_HAL_Driver/Src/stm32f7xx_hal_eth.o
LOAD ./Drivers/STM32F7xx_HAL_Driver/Src/stm32f7xx_hal_exti.o
LOAD ./Drivers/STM32F7xx_HAL_Driver/Src/stm32f7xx_hal_flash.o
LOAD ./Drivers/STM32F7xx_HAL_Driver/Src/stm32f7xx_hal_flash_ex.o
LOAD ./Drivers/STM32F7xx_HAL_Driver/Src/stm32f7xx_hal_gpio.o
LOAD ./Drivers/STM32F7xx_HAL_Driver/Src/stm32f7xx_hal_i2c.o
LOAD ./Drivers/STM32F7xx_HAL_Driver/Src/stm32f7xx_hal_i2c_ex.o
LOAD ./Drivers/STM32F7xx_HAL_Driver/Src/stm32f7xx_hal_pwr.o
LOAD ./Drivers/STM32F7xx_HAL_Driver/Src/stm32f7xx_hal_pwr_ex.o
LOAD ./Drivers/STM32F7xx_HAL_Driver/Src/stm32f7xx_hal_rcc.o
LOAD ./Drivers/STM32F7xx_HAL_Driver/Src/stm32f7xx_hal_rcc_ex.o
LOAD ./Drivers/STM32F7xx_HAL_Driver/Src/stm32f7xx_hal_tim.o
LOAD ./Drivers/STM32F7xx_HAL_Driver/Src/stm32f7xx_hal_tim_ex.o
LOAD ./Drivers/STM32F7xx_HAL_Driver/Src/stm32f7xx_hal_uart.o
LOAD ./Drivers/STM32F7xx_HAL_Driver/Src/stm32f7xx_hal_uart_ex.o
LOAD ./Drivers/VESC/VESC_UART.o
LOAD ./Drivers/VESC/buffer.o
LOAD ./Drivers/VESC/crc.o
LOAD ./Drivers/XSens/Mti300.o
LOAD ./LWIP/App/lwip.o
LOAD ./LWIP/Target/ethernetif.o
LOAD ./Middlewares/Third_Party/FreeRTOS/Source/CMSIS_RTOS/cmsis_os.o
LOAD ./Middlewares/Third_Party/FreeRTOS/Source/croutine.o
LOAD ./Middlewares/Third_Party/FreeRTOS/Source/event_groups.o
LOAD ./Middlewares/Third_Party/FreeRTOS/Source/list.o
LOAD ./Middlewares/Third_Party/FreeRTOS/Source/queue.o
LOAD ./Middlewares/Third_Party/FreeRTOS/Source/stream_buffer.o
LOAD ./Middlewares/Third_Party/FreeRTOS/Source/tasks.o
LOAD ./Middlewares/Third_Party/FreeRTOS/Source/timers.o
LOAD ./Middlewares/Third_Party/FreeRTOS/Source/portable/GCC/ARM_CM7/r0p1/port.o
LOAD ./Middlewares/Third_Party/FreeRTOS/Source/portable/MemMang/heap_4.o
LOAD ./Middlewares/Third_Party/LwIP/src/api/api_lib.o
LOAD ./Middlewares/Third_Party/LwIP/src/api/api_msg.o
LOAD ./Middlewares/Third_Party/LwIP/src/api/err.o
LOAD ./Middlewares/Third_Party/LwIP/src/api/if_api.o
LOAD ./Middlewares/Third_Party/LwIP/src/api/netbuf.o
LOAD ./Middlewares/Third_Party/LwIP/src/api/netdb.o
LOAD ./Middlewares/Third_Party/LwIP/src/api/netifapi.o
LOAD ./Middlewares/Third_Party/LwIP/src/api/sockets.o
LOAD ./Middlewares/Third_Party/LwIP/src/api/tcpip.o
LOAD ./Middlewares/Third_Party/LwIP/src/apps/mqtt/mqtt.o
LOAD ./Middlewares/Third_Party/LwIP/src/core/altcp.o
LOAD ./Middlewares/Third_Party/LwIP/src/core/altcp_alloc.o
LOAD ./Middlewares/Third_Party/LwIP/src/core/altcp_tcp.o
LOAD ./Middlewares/Third_Party/LwIP/src/core/def.o
LOAD ./Middlewares/Third_Party/LwIP/src/core/dns.o
LOAD ./Middlewares/Third_Party/LwIP/src/core/inet_chksum.o
LOAD ./Middlewares/Third_Party/LwIP/src/core/init.o
LOAD ./Middlewares/Third_Party/LwIP/src/core/ip.o
LOAD ./Middlewares/Third_Party/LwIP/src/core/mem.o
LOAD ./Middlewares/Third_Party/LwIP/src/core/memp.o
LOAD ./Middlewares/Third_Party/LwIP/src/core/netif.o
LOAD ./Middlewares/Third_Party/LwIP/src/core/pbuf.o
LOAD ./Middlewares/Third_Party/LwIP/src/core/raw.o
LOAD ./Middlewares/Third_Party/LwIP/src/core/stats.o
LOAD ./Middlewares/Third_Party/LwIP/src/core/sys.o
LOAD ./Middlewares/Third_Party/LwIP/src/core/tcp.o
LOAD ./Middlewares/Third_Party/LwIP/src/core/tcp_in.o
LOAD ./Middlewares/Third_Party/LwIP/src/core/tcp_out.o
LOAD ./Middlewares/Third_Party/LwIP/src/core/timeouts.o
LOAD ./Middlewares/Third_Party/LwIP/src/core/udp.o
LOAD ./Middlewares/Third_Party/LwIP/src/core/ipv4/autoip.o
LOAD ./Middlewares/Third_Party/LwIP/src/core/ipv4/dhcp.o
LOAD ./Middlewares/Third_Party/LwIP/src/core/ipv4/etharp.o
LOAD ./Middlewares/Third_Party/LwIP/src/core/ipv4/icmp.o
LOAD ./Middlewares/Third_Party/LwIP/src/core/ipv4/igmp.o
LOAD ./Middlewares/Third_Party/LwIP/src/core/ipv4/ip4.o
LOAD ./Middlewares/Third_Party/LwIP/src/core/ipv4/ip4_addr.o
LOAD ./Middlewares/Third_Party/LwIP/src/core/ipv4/ip4_frag.o
LOAD ./Middlewares/Third_Party/LwIP/src/core/ipv6/dhcp6.o
LOAD ./Middlewares/Third_Party/LwIP/src/core/ipv6/ethip6.o
LOAD ./Middlewares/Third_Party/LwIP/src/core/ipv6/icmp6.o
LOAD ./Middlewares/Third_Party/LwIP/src/core/ipv6/inet6.o
LOAD ./Middlewares/Third_Party/LwIP/src/core/ipv6/ip6.o
LOAD ./Middlewares/Third_Party/LwIP/src/core/ipv6/ip6_addr.o
LOAD ./Middlewares/Third_Party/LwIP/src/core/ipv6/ip6_frag.o
LOAD ./Middlewares/Third_Party/LwIP/src/core/ipv6/mld6.o
LOAD ./Middlewares/Third_Party/LwIP/src/core/ipv6/nd6.o
LOAD ./Middlewares/Third_Party/LwIP/src/netif/bridgeif.o
LOAD ./Middlewares/Third_Party/LwIP/src/netif/bridgeif_fdb.o
LOAD ./Middlewares/Third_Party/LwIP/src/netif/ethernet.o
LOAD ./Middlewares/Third_Party/LwIP/src/netif/lowpan6.o
LOAD ./Middlewares/Third_Party/LwIP/src/netif/lowpan6_ble.o
LOAD ./Middlewares/Third_Party/LwIP/src/netif/lowpan6_common.o
LOAD ./Middlewares/Third_Party/LwIP/src/netif/slipif.o
LOAD ./Middlewares/Third_Party/LwIP/src/netif/zepif.o
LOAD ./Middlewares/Third_Party/LwIP/src/netif/ppp/auth.o
LOAD ./Middlewares/Third_Party/LwIP/src/netif/ppp/ccp.o
LOAD ./Middlewares/Third_Party/LwIP/src/netif/ppp/chap-md5.o
LOAD ./Middlewares/Third_Party/LwIP/src/netif/ppp/chap-new.o
LOAD ./Middlewares/Third_Party/LwIP/src/netif/ppp/chap_ms.o
LOAD ./Middlewares/Third_Party/LwIP/src/netif/ppp/demand.o
LOAD ./Middlewares/Third_Party/LwIP/src/netif/ppp/eap.o
LOAD ./Middlewares/Third_Party/LwIP/src/netif/ppp/ecp.o
LOAD ./Middlewares/Third_Party/LwIP/src/netif/ppp/eui64.o
LOAD ./Middlewares/Third_Party/LwIP/src/netif/ppp/fsm.o
LOAD ./Middlewares/Third_Party/LwIP/src/netif/ppp/ipcp.o
LOAD ./Middlewares/Third_Party/LwIP/src/netif/ppp/ipv6cp.o
LOAD ./Middlewares/Third_Party/LwIP/src/netif/ppp/lcp.o
LOAD ./Middlewares/Third_Party/LwIP/src/netif/ppp/magic.o
LOAD ./Middlewares/Third_Party/LwIP/src/netif/ppp/mppe.o
LOAD ./Middlewares/Third_Party/LwIP/src/netif/ppp/multilink.o
LOAD ./Middlewares/Third_Party/LwIP/src/netif/ppp/ppp.o
LOAD ./Middlewares/Third_Party/LwIP/src/netif/ppp/pppapi.o
LOAD ./Middlewares/Third_Party/LwIP/src/netif/ppp/pppcrypt.o
LOAD ./Middlewares/Third_Party/LwIP/src/netif/ppp/pppoe.o
LOAD ./Middlewares/Third_Party/LwIP/src/netif/ppp/pppol2tp.o
LOAD ./Middlewares/Third_Party/LwIP/src/netif/ppp/pppos.o
LOAD ./Middlewares/Third_Party/LwIP/src/netif/ppp/upap.o
LOAD ./Middlewares/Third_Party/LwIP/src/netif/ppp/utils.o
LOAD ./Middlewares/Third_Party/LwIP/src/netif/ppp/vj.o
LOAD ./Middlewares/Third_Party/LwIP/system/OS/sys_arch.o
LOAD ./Modules/ESCModule.o
LOAD ./Modules/Eth100HzModule.o
LOAD ./Modules/Eth50HzModule.o
LOAD ./Modules/MS5837Module.o
LOAD ./Modules/MTI300Module.o
LOAD ./Tasks/LoggingTask.o
LOAD ./Tasks/Task100Hz.o
LOAD ./Tasks/Task50Hz.o
LOAD ./Util/Logging.o
START GROUP
LOAD /Applications/STM32CubeIDE.app/Contents/Eclipse/plugins/com.st.stm32cube.ide.mcu.externaltools.gnu-tools-for-stm32.13.3.rel1.macos64_1.0.0.202411102158/tools/bin/../lib/gcc/arm-none-eabi/13.3.1/../../../../arm-none-eabi/lib/thumb/v7e-m+dp/hard/libstdc++_nano.a
LOAD /Applications/STM32CubeIDE.app/Contents/Eclipse/plugins/com.st.stm32cube.ide.mcu.externaltools.gnu-tools-for-stm32.13.3.rel1.macos64_1.0.0.202411102158/tools/bin/../lib/gcc/arm-none-eabi/13.3.1/../../../../arm-none-eabi/lib/thumb/v7e-m+dp/hard/libsupc++_nano.a
END GROUP
LOAD /Applications/STM32CubeIDE.app/Contents/Eclipse/plugins/com.st.stm32cube.ide.mcu.externaltools.gnu-tools-for-stm32.13.3.rel1.macos64_1.0.0.202411102158/tools/bin/../lib/gcc/arm-none-eabi/13.3.1/../../../../arm-none-eabi/lib/thumb/v7e-m+dp/hard/libstdc++_nano.a
LOAD /Applications/STM32CubeIDE.app/Contents/Eclipse/plugins/com.st.stm32cube.ide.mcu.externaltools.gnu-tools-for-stm32.13.3.rel1.macos64_1.0.0.202411102158/tools/bin/../lib/gcc/arm-none-eabi/13.3.1/../../../../arm-none-eabi/lib/thumb/v7e-m+dp/hard/libm.a
LOAD /Applications/STM32CubeIDE.app/Contents/Eclipse/plugins/com.st.stm32cube.ide.mcu.externaltools.gnu-tools-for-stm32.13.3.rel1.macos64_1.0.0.202411102158/tools/bin/../lib/gcc/arm-none-eabi/13.3.1/../../../../arm-none-eabi/lib/thumb/v7e-m+dp/hard/libc_nano.a
START GROUP
LOAD /Applications/STM32CubeIDE.app/Contents/Eclipse/plugins/com.st.stm32cube.ide.mcu.externaltools.gnu-tools-for-stm32.13.3.rel1.macos64_1.0.0.202411102158/tools/bin/../lib/gcc/arm-none-eabi/13.3.1/thumb/v7e-m+dp/hard/libgcc.a
LOAD /Applications/STM32CubeIDE.app/Contents/Eclipse/plugins/com.st.stm32cube.ide.mcu.externaltools.gnu-tools-for-stm32.13.3.rel1.macos64_1.0.0.202411102158/tools/bin/../lib/gcc/arm-none-eabi/13.3.1/../../../../arm-none-eabi/lib/thumb/v7e-m+dp/hard/libc_nano.a
END GROUP
START GROUP
LOAD /Applications/STM32CubeIDE.app/Contents/Eclipse/plugins/com.st.stm32cube.ide.mcu.externaltools.gnu-tools-for-stm32.13.3.rel1.macos64_1.0.0.202411102158/tools/bin/../lib/gcc/arm-none-eabi/13.3.1/thumb/v7e-m+dp/hard/libgcc.a
LOAD /Applications/STM32CubeIDE.app/Contents/Eclipse/plugins/com.st.stm32cube.ide.mcu.externaltools.gnu-tools-for-stm32.13.3.rel1.macos64_1.0.0.202411102158/tools/bin/../lib/gcc/arm-none-eabi/13.3.1/../../../../arm-none-eabi/lib/thumb/v7e-m+dp/hard/libc_nano.a
END GROUP
LOAD /Applications/STM32CubeIDE.app/Contents/Eclipse/plugins/com.st.stm32cube.ide.mcu.externaltools.gnu-tools-for-stm32.13.3.rel1.macos64_1.0.0.202411102158/tools/bin/../lib/gcc/arm-none-eabi/13.3.1/thumb/v7e-m+dp/hard/crtend.o
LOAD /Applications/STM32CubeIDE.app/Contents/Eclipse/plugins/com.st.stm32cube.ide.mcu.externaltools.gnu-tools-for-stm32.13.3.rel1.macos64_1.0.0.202411102158/tools/bin/../lib/gcc/arm-none-eabi/13.3.1/thumb/v7e-m+dp/hard/crtn.o
                0x20080000                        _estack = (ORIGIN (RAM) + LENGTH (RAM))
                0x00000200                        _Min_Heap_Size = 0x200
                0x00000400                        _Min_Stack_Size = 0x400

.isr_vector     0x08000000      0x1f8
                0x08000000                        . = ALIGN (0x4)
 *(.isr_vector)
 .isr_vector    0x08000000      0x1f8 ./Core/Startup/startup_stm32f767zgtx.o
                0x08000000                g_pfnVectors
                0x080001f8                        . = ALIGN (0x4)

.text           0x08000200    0x11900
                0x08000200                        . = ALIGN (0x4)
 *(.text)
 .text          0x08000200       0x40 /Applications/STM32CubeIDE.app/Contents/Eclipse/plugins/com.st.stm32cube.ide.mcu.externaltools.gnu-tools-for-stm32.13.3.rel1.macos64_1.0.0.202411102158/tools/bin/../lib/gcc/arm-none-eabi/13.3.1/thumb/v7e-m+dp/hard/crtbegin.o
 .text          0x08000240       0xa0 /Applications/STM32CubeIDE.app/Contents/Eclipse/plugins/com.st.stm32cube.ide.mcu.externaltools.gnu-tools-for-stm32.13.3.rel1.macos64_1.0.0.202411102158/tools/bin/../lib/gcc/arm-none-eabi/13.3.1/../../../../arm-none-eabi/lib/thumb/v7e-m+dp/hard/libc_nano.a(libc_a-memchr.o)
                0x08000240                memchr
 .text          0x080002e0       0x30 /Applications/STM32CubeIDE.app/Contents/Eclipse/plugins/com.st.stm32cube.ide.mcu.externaltools.gnu-tools-for-stm32.13.3.rel1.macos64_1.0.0.202411102158/tools/bin/../lib/gcc/arm-none-eabi/13.3.1/thumb/v7e-m+dp/hard/libgcc.a(_aeabi_uldivmod.o)
                0x080002e0                __aeabi_uldivmod
 .text          0x08000310      0x2f8 /Applications/STM32CubeIDE.app/Contents/Eclipse/plugins/com.st.stm32cube.ide.mcu.externaltools.gnu-tools-for-stm32.13.3.rel1.macos64_1.0.0.202411102158/tools/bin/../lib/gcc/arm-none-eabi/13.3.1/thumb/v7e-m+dp/hard/libgcc.a(_udivmoddi4.o)
                0x08000310                __udivmoddi4
 .text          0x08000608        0x4 /Applications/STM32CubeIDE.app/Contents/Eclipse/plugins/com.st.stm32cube.ide.mcu.externaltools.gnu-tools-for-stm32.13.3.rel1.macos64_1.0.0.202411102158/tools/bin/../lib/gcc/arm-none-eabi/13.3.1/thumb/v7e-m+dp/hard/libgcc.a(_dvmd_tls.o)
                0x08000608                __aeabi_ldiv0
                0x08000608                __aeabi_idiv0
 *(.text*)
 .text.vApplicationGetIdleTaskMemory
                0x0800060c       0x18 ./Core/Src/freertos.o
                0x0800060c                vApplicationGetIdleTaskMemory
 .text.vApplicationGetTimerTaskMemory
                0x08000624       0x18 ./Core/Src/freertos.o
                0x08000624                vApplicationGetTimerTaskMemory
 .text.__tcf_0  0x0800063c        0xc ./Core/Src/main.o
 .text._ZN4TAUV12IntervalTask13timerCallbackEP15tmrTimerControl
                0x08000648       0x44 ./Core/Src/main.o
                0x08000648                TAUV::IntervalTask::timerCallback(tmrTimerControl*)
 .text._ZN4TAUV12IntervalTask5startEPKcm.isra.0
                0x0800068c       0x3c ./Core/Src/main.o
 .text._ZN9UdpSocketD2Ev
                0x080006c8       0x20 ./Core/Src/main.o
                0x080006c8                UdpSocket::~UdpSocket()
                0x080006c8                UdpSocket::~UdpSocket()
 .text._ZN4TAUV7Logging11getInstanceEv
                0x080006e8       0x38 ./Core/Src/main.o
                0x080006e8                TAUV::Logging::getInstance()
 .text._Z8ITM_Initv
                0x08000720       0x38 ./Core/Src/main.o
                0x08000720                ITM_Init()
 .text.HAL_TIM_PeriodElapsedCallback
                0x08000758       0x14 ./Core/Src/main.o
                0x08000758                HAL_TIM_PeriodElapsedCallback
 .text._Z24PWM_Start_Synchronous_LLmmm
                0x0800076c       0x6c ./Core/Src/main.o
                0x0800076c                PWM_Start_Synchronous_LL(unsigned long, unsigned long, unsigned long)
 .text.Error_Handler
                0x080007d8       0x14 ./Core/Src/main.o
                0x080007d8                Error_Handler
 .text._ZL12MX_I2C1_Initv
                0x080007ec       0x50 ./Core/Src/main.o
 .text._Z15reset_depth_i2cv
                0x0800083c       0x30 ./Core/Src/main.o
                0x0800083c                reset_depth_i2c()
 .text._Z18SystemClock_Configv
                0x0800086c       0xa0 ./Core/Src/main.o
                0x0800086c                SystemClock_Config()
 .text.startup.main
                0x0800090c      0x3e0 ./Core/Src/main.o
                0x0800090c                main
 .text._ZNSt8functionIFvRK8ip4_addrtPKhtEEC2Ev
                0x08000cec        0xc ./Core/Src/main.o
                0x08000cec                std::function<void (ip4_addr const&, unsigned short, unsigned char const*, unsigned short)>::function()
                0x08000cec                std::function<void (ip4_addr const&, unsigned short, unsigned char const*, unsigned short)>::function()
 .text._ZN4TAUV8Task50HzC2Ev
                0x08000cf8       0xc8 ./Core/Src/main.o
                0x08000cf8                TAUV::Task50Hz::Task50Hz()
                0x08000cf8                TAUV::Task50Hz::Task50Hz()
 .text._ZNSt10unique_ptrIN4TAUV8Task50Hz9ResourcesESt14default_deleteIS2_EED2Ev
                0x08000dc0       0x12 ./Core/Src/main.o
                0x08000dc0                std::unique_ptr<TAUV::Task50Hz::Resources, std::default_delete<TAUV::Task50Hz::Resources> >::~unique_ptr()
                0x08000dc0                std::unique_ptr<TAUV::Task50Hz::Resources, std::default_delete<TAUV::Task50Hz::Resources> >::~unique_ptr()
 .text._ZNSt10unique_ptrIN4TAUV9Task100Hz9ResourcesESt14default_deleteIS2_EED2Ev
                0x08000dd2       0x12 ./Core/Src/main.o
                0x08000dd2                std::unique_ptr<TAUV::Task100Hz::Resources, std::default_delete<TAUV::Task100Hz::Resources> >::~unique_ptr()
                0x08000dd2                std::unique_ptr<TAUV::Task100Hz::Resources, std::default_delete<TAUV::Task100Hz::Resources> >::~unique_ptr()
 .text._Z16StartDefaultTaskPKv
                0x08000de4      0x1e0 ./Core/Src/main.o
                0x08000de4                StartDefaultTask(void const*)
 .text._ZN4TAUV9Task100HzD2Ev
                0x08000fc4       0x3c ./Core/Src/main.o
                0x08000fc4                TAUV::Task100Hz::~Task100Hz()
                0x08000fc4                TAUV::Task100Hz::~Task100Hz()
 .text._ZN4TAUV9Task100HzD0Ev
                0x08001000       0x16 ./Core/Src/main.o
                0x08001000                TAUV::Task100Hz::~Task100Hz()
 *fill*         0x08001016        0x2 
 .text.startup._GLOBAL__sub_I_hi2c1
                0x08001018       0xe4 ./Core/Src/main.o
 .text.exit._GLOBAL__sub_D_hi2c1
                0x080010fc       0x44 ./Core/Src/main.o
 .text.HAL_MspInit
                0x08001140       0x3c ./Core/Src/stm32f7xx_hal_msp.o
                0x08001140                HAL_MspInit
 .text.HAL_I2C_MspInit
                0x0800117c       0x98 ./Core/Src/stm32f7xx_hal_msp.o
                0x0800117c                HAL_I2C_MspInit
 .text.HAL_I2C_MspDeInit
                0x08001214       0x3c ./Core/Src/stm32f7xx_hal_msp.o
                0x08001214                HAL_I2C_MspDeInit
 .text.HAL_TIM_OC_MspInit
                0x08001250       0x40 ./Core/Src/stm32f7xx_hal_msp.o
                0x08001250                HAL_TIM_OC_MspInit
 .text.HAL_TIM_Base_MspInit
                0x08001290       0x60 ./Core/Src/stm32f7xx_hal_msp.o
                0x08001290                HAL_TIM_Base_MspInit
 .text.HAL_TIM_MspPostInit
                0x080012f0       0x84 ./Core/Src/stm32f7xx_hal_msp.o
                0x080012f0                HAL_TIM_MspPostInit
 .text.HAL_UART_MspInit
                0x08001374      0x1e0 ./Core/Src/stm32f7xx_hal_msp.o
                0x08001374                HAL_UART_MspInit
 .text.HAL_InitTick
                0x08001554       0x9c ./Core/Src/stm32f7xx_hal_timebase_tim.o
                0x08001554                HAL_InitTick
 .text.NMI_Handler
                0x080015f0        0x2 ./Core/Src/stm32f7xx_it.o
                0x080015f0                NMI_Handler
 .text.HardFault_Handler
                0x080015f2        0x2 ./Core/Src/stm32f7xx_it.o
                0x080015f2                HardFault_Handler
 .text.MemManage_Handler
                0x080015f4        0x2 ./Core/Src/stm32f7xx_it.o
                0x080015f4                MemManage_Handler
 .text.BusFault_Handler
                0x080015f6        0x2 ./Core/Src/stm32f7xx_it.o
                0x080015f6                BusFault_Handler
 .text.UsageFault_Handler
                0x080015f8        0x2 ./Core/Src/stm32f7xx_it.o
                0x080015f8                UsageFault_Handler
 .text.DebugMon_Handler
                0x080015fa        0x2 ./Core/Src/stm32f7xx_it.o
                0x080015fa                DebugMon_Handler
 .text.TIM1_CC_IRQHandler
                0x080015fc        0xc ./Core/Src/stm32f7xx_it.o
                0x080015fc                TIM1_CC_IRQHandler
 .text.TIM3_IRQHandler
                0x08001608        0xc ./Core/Src/stm32f7xx_it.o
                0x08001608                TIM3_IRQHandler
 .text.I2C1_EV_IRQHandler
                0x08001614        0xc ./Core/Src/stm32f7xx_it.o
                0x08001614                I2C1_EV_IRQHandler
 .text.USART1_IRQHandler
                0x08001620        0xc ./Core/Src/stm32f7xx_it.o
                0x08001620                USART1_IRQHandler
 .text.TIM5_IRQHandler
                0x0800162c        0xc ./Core/Src/stm32f7xx_it.o
                0x0800162c                TIM5_IRQHandler
 .text.ETH_IRQHandler
                0x08001638        0xc ./Core/Src/stm32f7xx_it.o
                0x08001638                ETH_IRQHandler
 .text._getpid  0x08001644        0x4 ./Core/Src/syscalls.o
                0x08001644                _getpid
 .text._kill    0x08001648       0x10 ./Core/Src/syscalls.o
                0x08001648                _kill
 .text._exit    0x08001658        0xc ./Core/Src/syscalls.o
                0x08001658                _exit
 .text._read    0x08001664       0x1c ./Core/Src/syscalls.o
                0x08001664                _read
 .text._write   0x08001680       0x1c ./Core/Src/syscalls.o
                0x08001680                _write
 .text._close   0x0800169c        0x6 ./Core/Src/syscalls.o
                0x0800169c                _close
 .text._fstat   0x080016a2        0xa ./Core/Src/syscalls.o
                0x080016a2                _fstat
 .text._isatty  0x080016ac        0x4 ./Core/Src/syscalls.o
                0x080016ac                _isatty
 .text._lseek   0x080016b0        0x4 ./Core/Src/syscalls.o
                0x080016b0                _lseek
 .text._sbrk    0x080016b4       0x40 ./Core/Src/sysmem.o
                0x080016b4                _sbrk
 .text.SystemInit
                0x080016f4       0x14 ./Core/Src/system_stm32f7xx.o
                0x080016f4                SystemInit
 .text.HAL_TIM_OC_DelayElapsedCallback
                0x08001708       0x20 ./Core/Src/user_interrupts.o
                0x08001708                HAL_TIM_OC_DelayElapsedCallback
 .text.HAL_UART_RxCpltCallback
                0x08001728       0x1c ./Core/Src/user_interrupts.o
                0x08001728                HAL_UART_RxCpltCallback
 .text.Reset_Handler
                0x08001744       0x50 ./Core/Startup/startup_stm32f767zgtx.o
                0x08001744                Reset_Handler
 .text.Default_Handler
                0x08001794        0x2 ./Core/Startup/startup_stm32f767zgtx.o
                0x08001794                DMA1_Stream3_IRQHandler
                0x08001794                EXTI2_IRQHandler
                0x08001794                TIM8_CC_IRQHandler
                0x08001794                UART8_IRQHandler
                0x08001794                SPI4_IRQHandler
                0x08001794                DMA2_Stream5_IRQHandler
                0x08001794                JPEG_IRQHandler
                0x08001794                DMA1_Stream5_IRQHandler
                0x08001794                CAN3_RX1_IRQHandler
                0x08001794                PVD_IRQHandler
                0x08001794                TAMP_STAMP_IRQHandler
                0x08001794                CAN2_RX1_IRQHandler
                0x08001794                EXTI3_IRQHandler
                0x08001794                TIM8_TRG_COM_TIM14_IRQHandler
                0x08001794                DFSDM1_FLT1_IRQHandler
                0x08001794                TIM1_UP_TIM10_IRQHandler
                0x08001794                TIM8_UP_TIM13_IRQHandler
                0x08001794                I2C3_ER_IRQHandler
                0x08001794                DFSDM1_FLT2_IRQHandler
                0x08001794                EXTI0_IRQHandler
                0x08001794                I2C2_EV_IRQHandler
                0x08001794                DMA1_Stream2_IRQHandler
                0x08001794                CAN1_RX0_IRQHandler
                0x08001794                FPU_IRQHandler
                0x08001794                OTG_HS_WKUP_IRQHandler
                0x08001794                CAN3_SCE_IRQHandler
                0x08001794                LTDC_ER_IRQHandler
                0x08001794                CAN2_SCE_IRQHandler
                0x08001794                DMA2_Stream2_IRQHandler
                0x08001794                SPI1_IRQHandler
                0x08001794                TIM6_DAC_IRQHandler
                0x08001794                TIM1_BRK_TIM9_IRQHandler
                0x08001794                DCMI_IRQHandler
                0x08001794                CAN2_RX0_IRQHandler
                0x08001794                DMA2_Stream3_IRQHandler
                0x08001794                SAI2_IRQHandler
                0x08001794                DFSDM1_FLT3_IRQHandler
                0x08001794                USART6_IRQHandler
                0x08001794                CAN3_RX0_IRQHandler
                0x08001794                USART3_IRQHandler
                0x08001794                CAN1_RX1_IRQHandler
                0x08001794                UART5_IRQHandler
                0x08001794                DMA2_Stream0_IRQHandler
                0x08001794                TIM4_IRQHandler
                0x08001794                QUADSPI_IRQHandler
                0x08001794                DMA1_Stream6_IRQHandler
                0x08001794                DMA1_Stream1_IRQHandler
                0x08001794                UART4_IRQHandler
                0x08001794                RCC_IRQHandler
                0x08001794                TIM8_BRK_TIM12_IRQHandler
                0x08001794                Default_Handler
                0x08001794                CEC_IRQHandler
                0x08001794                EXTI15_10_IRQHandler
                0x08001794                ADC_IRQHandler
                0x08001794                DMA1_Stream7_IRQHandler
                0x08001794                SPI5_IRQHandler
                0x08001794                TIM7_IRQHandler
                0x08001794                SDMMC1_IRQHandler
                0x08001794                CAN2_TX_IRQHandler
                0x08001794                DMA2_Stream7_IRQHandler
                0x08001794                I2C3_EV_IRQHandler
                0x08001794                EXTI9_5_IRQHandler
                0x08001794                RTC_WKUP_IRQHandler
                0x08001794                LTDC_IRQHandler
                0x08001794                ETH_WKUP_IRQHandler
                0x08001794                SPDIF_RX_IRQHandler
                0x08001794                SPI2_IRQHandler
                0x08001794                OTG_HS_EP1_IN_IRQHandler
                0x08001794                DMA1_Stream0_IRQHandler
                0x08001794                CAN1_TX_IRQHandler
                0x08001794                EXTI4_IRQHandler
                0x08001794                RNG_IRQHandler
                0x08001794                OTG_HS_EP1_OUT_IRQHandler
                0x08001794                WWDG_IRQHandler
                0x08001794                SPI6_IRQHandler
                0x08001794                MDIOS_IRQHandler
                0x08001794                I2C4_EV_IRQHandler
                0x08001794                CAN3_TX_IRQHandler
                0x08001794                TIM2_IRQHandler
                0x08001794                OTG_FS_WKUP_IRQHandler
                0x08001794                TIM1_TRG_COM_TIM11_IRQHandler
                0x08001794                OTG_HS_IRQHandler
                0x08001794                DMA2D_IRQHandler
                0x08001794                EXTI1_IRQHandler
                0x08001794                SDMMC2_IRQHandler
                0x08001794                UART7_IRQHandler
                0x08001794                USART2_IRQHandler
                0x08001794                DFSDM1_FLT0_IRQHandler
                0x08001794                I2C2_ER_IRQHandler
                0x08001794                DMA2_Stream1_IRQHandler
                0x08001794                CAN1_SCE_IRQHandler
                0x08001794                FLASH_IRQHandler
                0x08001794                DMA2_Stream4_IRQHandler
                0x08001794                OTG_FS_IRQHandler
                0x08001794                SPI3_IRQHandler
                0x08001794                DMA1_Stream4_IRQHandler
                0x08001794                I2C1_ER_IRQHandler
                0x08001794                FMC_IRQHandler
                0x08001794                LPTIM1_IRQHandler
                0x08001794                I2C4_ER_IRQHandler
                0x08001794                DMA2_Stream6_IRQHandler
                0x08001794                SAI1_IRQHandler
                0x08001794                RTC_Alarm_IRQHandler
 .text.LAN8742_RegisterBusIO
                0x08001796       0x28 ./Drivers/BSP/Components/lan8742/lan8742.o
                0x08001796                LAN8742_RegisterBusIO
 .text.LAN8742_Init
                0x080017be       0x5a ./Drivers/BSP/Components/lan8742/lan8742.o
                0x080017be                LAN8742_Init
 .text.LAN8742_GetLinkState
                0x08001818       0x94 ./Drivers/BSP/Components/lan8742/lan8742.o
                0x08001818                LAN8742_GetLinkState
 .text._ZN4TAUV6MS5837C2Ev
                0x080018ac       0x14 ./Drivers/MS5837/MS5837.o
                0x080018ac                TAUV::MS5837::MS5837()
                0x080018ac                TAUV::MS5837::MS5837()
 .text._ZN4TAUV6MS5837D2Ev
                0x080018c0        0x2 ./Drivers/MS5837/MS5837.o
                0x080018c0                TAUV::MS5837::~MS5837()
                0x080018c0                TAUV::MS5837::~MS5837()
 .text._ZN4TAUV6MS583715setFluidDensityEf
                0x080018c2        0x6 ./Drivers/MS5837/MS5837.o
                0x080018c2                TAUV::MS5837::setFluidDensity(float)
 .text._ZNK4TAUV6MS583720getConversionDelayMsEv
                0x080018c8        0x4 ./Drivers/MS5837/MS5837.o
                0x080018c8                TAUV::MS5837::getConversionDelayMs() const
 .text._ZN4TAUV6MS583728requestTemperatureConversionEv
                0x080018cc       0x48 ./Drivers/MS5837/MS5837.o
                0x080018cc                TAUV::MS5837::requestTemperatureConversion()
 .text._ZN4TAUV6MS583715readTemperatureEv
                0x08001914       0x74 ./Drivers/MS5837/MS5837.o
                0x08001914                TAUV::MS5837::readTemperature()
 .text._ZN4TAUV6MS583725requestPressureConversionEv
                0x08001988       0x40 ./Drivers/MS5837/MS5837.o
                0x08001988                TAUV::MS5837::requestPressureConversion()
 .text._ZN4TAUV6MS583712readPressureEv
                0x080019c8       0x80 ./Drivers/MS5837/MS5837.o
                0x080019c8                TAUV::MS5837::readPressure()
 .text._ZN4TAUV6MS58379calculateEv
                0x08001a48      0x1e4 ./Drivers/MS5837/MS5837.o
                0x08001a48                TAUV::MS5837::calculate()
 .text._ZN4TAUV6MS58378pressureEf
                0x08001c2c       0x28 ./Drivers/MS5837/MS5837.o
                0x08001c2c                TAUV::MS5837::pressure(float)
 .text._ZN4TAUV6MS583711temperatureEv
                0x08001c54       0x18 ./Drivers/MS5837/MS5837.o
                0x08001c54                TAUV::MS5837::temperature()
 *fill*         0x08001c6c        0x4 
 .text._ZN4TAUV6MS58375depthEv
                0x08001c70       0x40 ./Drivers/MS5837/MS5837.o
                0x08001c70                TAUV::MS5837::depth()
 .text._ZN4TAUV6MS58374crc4EPt
                0x08001cb0       0x4e ./Drivers/MS5837/MS5837.o
                0x08001cb0                TAUV::MS5837::crc4(unsigned short*)
 .text._ZN4TAUV6MS58374initEP19__I2C_HandleTypeDef
                0x08001cfe       0xb8 ./Drivers/MS5837/MS5837.o
                0x08001cfe                TAUV::MS5837::init(__I2C_HandleTypeDef*)
 .text.HAL_Init
                0x08001db6       0x16 ./Drivers/STM32F7xx_HAL_Driver/Src/stm32f7xx_hal.o
                0x08001db6                HAL_Init
 .text.HAL_IncTick
                0x08001dcc       0x18 ./Drivers/STM32F7xx_HAL_Driver/Src/stm32f7xx_hal.o
                0x08001dcc                HAL_IncTick
 .text.HAL_GetTick
                0x08001de4        0xc ./Drivers/STM32F7xx_HAL_Driver/Src/stm32f7xx_hal.o
                0x08001de4                HAL_GetTick
 .text.HAL_Delay
                0x08001df0       0x24 ./Drivers/STM32F7xx_HAL_Driver/Src/stm32f7xx_hal.o
                0x08001df0                HAL_Delay
 .text.HAL_GetREVID
                0x08001e14        0xc ./Drivers/STM32F7xx_HAL_Driver/Src/stm32f7xx_hal.o
                0x08001e14                HAL_GetREVID
 .text.HAL_NVIC_SetPriorityGrouping
                0x08001e20       0x24 ./Drivers/STM32F7xx_HAL_Driver/Src/stm32f7xx_hal_cortex.o
                0x08001e20                HAL_NVIC_SetPriorityGrouping
 .text.HAL_NVIC_SetPriority
                0x08001e44       0x64 ./Drivers/STM32F7xx_HAL_Driver/Src/stm32f7xx_hal_cortex.o
                0x08001e44                HAL_NVIC_SetPriority
 .text.HAL_NVIC_EnableIRQ
                0x08001ea8       0x1c ./Drivers/STM32F7xx_HAL_Driver/Src/stm32f7xx_hal_cortex.o
                0x08001ea8                HAL_NVIC_EnableIRQ
 .text.HAL_NVIC_DisableIRQ
                0x08001ec4       0x24 ./Drivers/STM32F7xx_HAL_Driver/Src/stm32f7xx_hal_cortex.o
                0x08001ec4                HAL_NVIC_DisableIRQ
 .text.HAL_DMA_Abort
                0x08001ee8       0x7c ./Drivers/STM32F7xx_HAL_Driver/Src/stm32f7xx_hal_dma.o
                0x08001ee8                HAL_DMA_Abort
 .text.HAL_DMA_Abort_IT
                0x08001f64       0x24 ./Drivers/STM32F7xx_HAL_Driver/Src/stm32f7xx_hal_dma.o
                0x08001f64                HAL_DMA_Abort_IT
 .text.ETH_Prepare_Tx_Descriptors
                0x08001f88      0x164 ./Drivers/STM32F7xx_HAL_Driver/Src/stm32f7xx_hal_eth.o
 .text.ETH_SetMACConfig
                0x080020ec       0xec ./Drivers/STM32F7xx_HAL_Driver/Src/stm32f7xx_hal_eth.o
 .text.ETH_SetDMAConfig
                0x080021d8       0xa4 ./Drivers/STM32F7xx_HAL_Driver/Src/stm32f7xx_hal_eth.o
 .text.ETH_FlushTransmitFIFO
                0x0800227c       0x2e ./Drivers/STM32F7xx_HAL_Driver/Src/stm32f7xx_hal_eth.o
 *fill*         0x080022aa        0x2 
 .text.ETH_UpdateDescriptor
                0x080022ac       0x8c ./Drivers/STM32F7xx_HAL_Driver/Src/stm32f7xx_hal_eth.o
 .text.HAL_ETH_Init
                0x08002338      0x1f8 ./Drivers/STM32F7xx_HAL_Driver/Src/stm32f7xx_hal_eth.o
                0x08002338                HAL_ETH_Init
 .text.HAL_ETH_Start_IT
                0x08002530       0x84 ./Drivers/STM32F7xx_HAL_Driver/Src/stm32f7xx_hal_eth.o
                0x08002530                HAL_ETH_Start_IT
 .text.HAL_ETH_Stop_IT
                0x080025b4       0x8c ./Drivers/STM32F7xx_HAL_Driver/Src/stm32f7xx_hal_eth.o
                0x080025b4                HAL_ETH_Stop_IT
 .text.HAL_ETH_Transmit_IT
                0x08002640       0x5c ./Drivers/STM32F7xx_HAL_Driver/Src/stm32f7xx_hal_eth.o
                0x08002640                HAL_ETH_Transmit_IT
 .text.HAL_ETH_ReadData
                0x0800269c       0xe8 ./Drivers/STM32F7xx_HAL_Driver/Src/stm32f7xx_hal_eth.o
                0x0800269c                HAL_ETH_ReadData
 .text.HAL_ETH_ReleaseTxPacket
                0x08002784       0x5e ./Drivers/STM32F7xx_HAL_Driver/Src/stm32f7xx_hal_eth.o
                0x08002784                HAL_ETH_ReleaseTxPacket
 .text.HAL_ETH_PMTCallback
                0x080027e2        0x2 ./Drivers/STM32F7xx_HAL_Driver/Src/stm32f7xx_hal_eth.o
                0x080027e2                HAL_ETH_PMTCallback
 .text.HAL_ETH_WakeUpCallback
                0x080027e4        0x2 ./Drivers/STM32F7xx_HAL_Driver/Src/stm32f7xx_hal_eth.o
                0x080027e4                HAL_ETH_WakeUpCallback
 *fill*         0x080027e6        0x2 
 .text.HAL_ETH_IRQHandler
                0x080027e8       0xdc ./Drivers/STM32F7xx_HAL_Driver/Src/stm32f7xx_hal_eth.o
                0x080027e8                HAL_ETH_IRQHandler
 .text.HAL_ETH_ReadPHYRegister
                0x080028c4       0x4e ./Drivers/STM32F7xx_HAL_Driver/Src/stm32f7xx_hal_eth.o
                0x080028c4                HAL_ETH_ReadPHYRegister
 .text.HAL_ETH_WritePHYRegister
                0x08002912       0x48 ./Drivers/STM32F7xx_HAL_Driver/Src/stm32f7xx_hal_eth.o
                0x08002912                HAL_ETH_WritePHYRegister
 .text.HAL_ETH_GetMACConfig
                0x0800295a       0xcc ./Drivers/STM32F7xx_HAL_Driver/Src/stm32f7xx_hal_eth.o
                0x0800295a                HAL_ETH_GetMACConfig
 .text.HAL_ETH_SetMACConfig
                0x08002a26       0x18 ./Drivers/STM32F7xx_HAL_Driver/Src/stm32f7xx_hal_eth.o
                0x08002a26                HAL_ETH_SetMACConfig
 *fill*         0x08002a3e        0x2 
 .text.HAL_ETH_SetMDIOClockRange
                0x08002a40       0x54 ./Drivers/STM32F7xx_HAL_Driver/Src/stm32f7xx_hal_eth.o
                0x08002a40                HAL_ETH_SetMDIOClockRange
 .text.HAL_ETH_GetError
                0x08002a94        0x6 ./Drivers/STM32F7xx_HAL_Driver/Src/stm32f7xx_hal_eth.o
                0x08002a94                HAL_ETH_GetError
 .text.HAL_ETH_GetDMAError
                0x08002a9a        0x6 ./Drivers/STM32F7xx_HAL_Driver/Src/stm32f7xx_hal_eth.o
                0x08002a9a                HAL_ETH_GetDMAError
 .text.HAL_GPIO_Init
                0x08002aa0      0x1c8 ./Drivers/STM32F7xx_HAL_Driver/Src/stm32f7xx_hal_gpio.o
                0x08002aa0                HAL_GPIO_Init
 .text.HAL_GPIO_DeInit
                0x08002c68      0x134 ./Drivers/STM32F7xx_HAL_Driver/Src/stm32f7xx_hal_gpio.o
                0x08002c68                HAL_GPIO_DeInit
 .text.I2C_Flush_TXDR
                0x08002d9c       0x1c ./Drivers/STM32F7xx_HAL_Driver/Src/stm32f7xx_hal_i2c.o
 .text.I2C_TransferConfig
                0x08002db8       0x2c ./Drivers/STM32F7xx_HAL_Driver/Src/stm32f7xx_hal_i2c.o
 .text.I2C_IsErrorOccurred
                0x08002de4      0x100 ./Drivers/STM32F7xx_HAL_Driver/Src/stm32f7xx_hal_i2c.o
 .text.I2C_WaitOnTXISFlagUntilTimeout
                0x08002ee4       0x56 ./Drivers/STM32F7xx_HAL_Driver/Src/stm32f7xx_hal_i2c.o
 .text.I2C_WaitOnFlagUntilTimeout
                0x08002f3a       0x76 ./Drivers/STM32F7xx_HAL_Driver/Src/stm32f7xx_hal_i2c.o
 .text.I2C_WaitOnSTOPFlagUntilTimeout
                0x08002fb0       0x52 ./Drivers/STM32F7xx_HAL_Driver/Src/stm32f7xx_hal_i2c.o
 *fill*         0x08003002        0x2 
 .text.I2C_WaitOnRXNEFlagUntilTimeout
                0x08003004       0xa4 ./Drivers/STM32F7xx_HAL_Driver/Src/stm32f7xx_hal_i2c.o
 .text.HAL_I2C_Init
                0x080030a8       0xaa ./Drivers/STM32F7xx_HAL_Driver/Src/stm32f7xx_hal_i2c.o
                0x080030a8                HAL_I2C_Init
 .text.HAL_I2C_DeInit
                0x08003152       0x32 ./Drivers/STM32F7xx_HAL_Driver/Src/stm32f7xx_hal_i2c.o
                0x08003152                HAL_I2C_DeInit
 .text.HAL_I2C_Master_Transmit
                0x08003184      0x15c ./Drivers/STM32F7xx_HAL_Driver/Src/stm32f7xx_hal_i2c.o
                0x08003184                HAL_I2C_Master_Transmit
 .text.HAL_I2C_Master_Receive
                0x080032e0      0x134 ./Drivers/STM32F7xx_HAL_Driver/Src/stm32f7xx_hal_i2c.o
                0x080032e0                HAL_I2C_Master_Receive
 .text.HAL_I2C_EV_IRQHandler
                0x08003414        0xe ./Drivers/STM32F7xx_HAL_Driver/Src/stm32f7xx_hal_i2c.o
                0x08003414                HAL_I2C_EV_IRQHandler
 .text.HAL_I2CEx_ConfigAnalogFilter
                0x08003422       0x4c ./Drivers/STM32F7xx_HAL_Driver/Src/stm32f7xx_hal_i2c_ex.o
                0x08003422                HAL_I2CEx_ConfigAnalogFilter
 .text.HAL_I2CEx_ConfigDigitalFilter
                0x0800346e       0x4a ./Drivers/STM32F7xx_HAL_Driver/Src/stm32f7xx_hal_i2c_ex.o
                0x0800346e                HAL_I2CEx_ConfigDigitalFilter
 .text.HAL_RCC_OscConfig
                0x080034b8      0x388 ./Drivers/STM32F7xx_HAL_Driver/Src/stm32f7xx_hal_rcc.o
                0x080034b8                HAL_RCC_OscConfig
 .text.HAL_RCC_GetSysClockFreq
                0x08003840       0x5c ./Drivers/STM32F7xx_HAL_Driver/Src/stm32f7xx_hal_rcc.o
                0x08003840                HAL_RCC_GetSysClockFreq
 .text.HAL_RCC_ClockConfig
                0x0800389c      0x13c ./Drivers/STM32F7xx_HAL_Driver/Src/stm32f7xx_hal_rcc.o
                0x0800389c                HAL_RCC_ClockConfig
 .text.HAL_RCC_GetHCLKFreq
                0x080039d8        0xc ./Drivers/STM32F7xx_HAL_Driver/Src/stm32f7xx_hal_rcc.o
                0x080039d8                HAL_RCC_GetHCLKFreq
 .text.HAL_RCC_GetPCLK1Freq
                0x080039e4       0x20 ./Drivers/STM32F7xx_HAL_Driver/Src/stm32f7xx_hal_rcc.o
                0x080039e4                HAL_RCC_GetPCLK1Freq
 .text.HAL_RCC_GetPCLK2Freq
                0x08003a04       0x20 ./Drivers/STM32F7xx_HAL_Driver/Src/stm32f7xx_hal_rcc.o
                0x08003a04                HAL_RCC_GetPCLK2Freq
 .text.HAL_RCC_GetClockConfig
                0x08003a24       0x3c ./Drivers/STM32F7xx_HAL_Driver/Src/stm32f7xx_hal_rcc.o
                0x08003a24                HAL_RCC_GetClockConfig
 .text.HAL_RCCEx_PeriphCLKConfig
                0x08003a60      0x55c ./Drivers/STM32F7xx_HAL_Driver/Src/stm32f7xx_hal_rcc_ex.o
                0x08003a60                HAL_RCCEx_PeriphCLKConfig
 .text.TIM_OC1_SetConfig
                0x08003fbc       0x5c ./Drivers/STM32F7xx_HAL_Driver/Src/stm32f7xx_hal_tim.o
 .text.TIM_OC3_SetConfig
                0x08004018       0x60 ./Drivers/STM32F7xx_HAL_Driver/Src/stm32f7xx_hal_tim.o
 .text.TIM_OC4_SetConfig
                0x08004078       0x50 ./Drivers/STM32F7xx_HAL_Driver/Src/stm32f7xx_hal_tim.o
 .text.TIM_OC5_SetConfig
                0x080040c8       0x50 ./Drivers/STM32F7xx_HAL_Driver/Src/stm32f7xx_hal_tim.o
 .text.TIM_OC6_SetConfig
                0x08004118       0x50 ./Drivers/STM32F7xx_HAL_Driver/Src/stm32f7xx_hal_tim.o
 .text.HAL_TIM_Base_Start_IT
                0x08004168       0x7c ./Drivers/STM32F7xx_HAL_Driver/Src/stm32f7xx_hal_tim.o
                0x08004168                HAL_TIM_Base_Start_IT
 .text.HAL_TIM_PWM_MspInit
                0x080041e4        0x2 ./Drivers/STM32F7xx_HAL_Driver/Src/stm32f7xx_hal_tim.o
                0x080041e4                HAL_TIM_PWM_MspInit
 .text.HAL_TIM_IC_CaptureCallback
                0x080041e6        0x2 ./Drivers/STM32F7xx_HAL_Driver/Src/stm32f7xx_hal_tim.o
                0x080041e6                HAL_TIM_IC_CaptureCallback
 .text.HAL_TIM_PWM_PulseFinishedCallback
                0x080041e8        0x2 ./Drivers/STM32F7xx_HAL_Driver/Src/stm32f7xx_hal_tim.o
                0x080041e8                HAL_TIM_PWM_PulseFinishedCallback
 .text.HAL_TIM_TriggerCallback
                0x080041ea        0x2 ./Drivers/STM32F7xx_HAL_Driver/Src/stm32f7xx_hal_tim.o
                0x080041ea                HAL_TIM_TriggerCallback
 .text.HAL_TIM_IRQHandler
                0x080041ec      0x140 ./Drivers/STM32F7xx_HAL_Driver/Src/stm32f7xx_hal_tim.o
                0x080041ec                HAL_TIM_IRQHandler
 .text.TIM_Base_SetConfig
                0x0800432c       0xa8 ./Drivers/STM32F7xx_HAL_Driver/Src/stm32f7xx_hal_tim.o
                0x0800432c                TIM_Base_SetConfig
 .text.HAL_TIM_Base_Init
                0x080043d4       0x60 ./Drivers/STM32F7xx_HAL_Driver/Src/stm32f7xx_hal_tim.o
                0x080043d4                HAL_TIM_Base_Init
 .text.HAL_TIM_OC_Init
                0x08004434       0x60 ./Drivers/STM32F7xx_HAL_Driver/Src/stm32f7xx_hal_tim.o
                0x08004434                HAL_TIM_OC_Init
 .text.HAL_TIM_PWM_Init
                0x08004494       0x60 ./Drivers/STM32F7xx_HAL_Driver/Src/stm32f7xx_hal_tim.o
                0x08004494                HAL_TIM_PWM_Init
 .text.TIM_OC2_SetConfig
                0x080044f4       0x64 ./Drivers/STM32F7xx_HAL_Driver/Src/stm32f7xx_hal_tim.o
                0x080044f4                TIM_OC2_SetConfig
 .text.HAL_TIM_OC_ConfigChannel
                0x08004558       0x64 ./Drivers/STM32F7xx_HAL_Driver/Src/stm32f7xx_hal_tim.o
                0x08004558                HAL_TIM_OC_ConfigChannel
 .text.HAL_TIM_PWM_ConfigChannel
                0x080045bc       0xf8 ./Drivers/STM32F7xx_HAL_Driver/Src/stm32f7xx_hal_tim.o
                0x080045bc                HAL_TIM_PWM_ConfigChannel
 .text.TIM_ETR_SetConfig
                0x080046b4       0x14 ./Drivers/STM32F7xx_HAL_Driver/Src/stm32f7xx_hal_tim.o
                0x080046b4                TIM_ETR_SetConfig
 .text.HAL_TIM_ConfigClockSource
                0x080046c8      0x130 ./Drivers/STM32F7xx_HAL_Driver/Src/stm32f7xx_hal_tim.o
                0x080046c8                HAL_TIM_ConfigClockSource
 .text.TIM_CCxChannelCmd
                0x080047f8       0x1c ./Drivers/STM32F7xx_HAL_Driver/Src/stm32f7xx_hal_tim.o
                0x080047f8                TIM_CCxChannelCmd
 .text.HAL_TIM_OC_Start_IT
                0x08004814      0x120 ./Drivers/STM32F7xx_HAL_Driver/Src/stm32f7xx_hal_tim.o
                0x08004814                HAL_TIM_OC_Start_IT
 .text.HAL_TIMEx_MasterConfigSynchronization
                0x08004934       0x94 ./Drivers/STM32F7xx_HAL_Driver/Src/stm32f7xx_hal_tim_ex.o
                0x08004934                HAL_TIMEx_MasterConfigSynchronization
 .text.HAL_TIMEx_ConfigBreakDeadTime
                0x080049c8       0x84 ./Drivers/STM32F7xx_HAL_Driver/Src/stm32f7xx_hal_tim_ex.o
                0x080049c8                HAL_TIMEx_ConfigBreakDeadTime
 .text.HAL_TIMEx_CommutCallback
                0x08004a4c        0x2 ./Drivers/STM32F7xx_HAL_Driver/Src/stm32f7xx_hal_tim_ex.o
                0x08004a4c                HAL_TIMEx_CommutCallback
 .text.HAL_TIMEx_BreakCallback
                0x08004a4e        0x2 ./Drivers/STM32F7xx_HAL_Driver/Src/stm32f7xx_hal_tim_ex.o
                0x08004a4e                HAL_TIMEx_BreakCallback
 .text.HAL_TIMEx_Break2Callback
                0x08004a50        0x2 ./Drivers/STM32F7xx_HAL_Driver/Src/stm32f7xx_hal_tim_ex.o
                0x08004a50                HAL_TIMEx_Break2Callback
 .text.UART_EndRxTransfer
                0x08004a52       0x50 ./Drivers/STM32F7xx_HAL_Driver/Src/stm32f7xx_hal_uart.o
 .text.HAL_UART_TxCpltCallback
                0x08004aa2        0x2 ./Drivers/STM32F7xx_HAL_Driver/Src/stm32f7xx_hal_uart.o
                0x08004aa2                HAL_UART_TxCpltCallback
 .text.HAL_UART_ErrorCallback
                0x08004aa4        0x2 ./Drivers/STM32F7xx_HAL_Driver/Src/stm32f7xx_hal_uart.o
                0x08004aa4                HAL_UART_ErrorCallback
 .text.UART_DMAAbortOnError
                0x08004aa6       0x10 ./Drivers/STM32F7xx_HAL_Driver/Src/stm32f7xx_hal_uart.o
 .text.HAL_UARTEx_RxEventCallback
                0x08004ab6        0x2 ./Drivers/STM32F7xx_HAL_Driver/Src/stm32f7xx_hal_uart.o
                0x08004ab6                HAL_UARTEx_RxEventCallback
 .text.UART_RxISR_8BIT
                0x08004ab8       0xc0 ./Drivers/STM32F7xx_HAL_Driver/Src/stm32f7xx_hal_uart.o
 .text.UART_RxISR_16BIT
                0x08004b78       0xba ./Drivers/STM32F7xx_HAL_Driver/Src/stm32f7xx_hal_uart.o
 .text.HAL_UARTEx_WakeupCallback
                0x08004c32        0x2 ./Drivers/STM32F7xx_HAL_Driver/Src/stm32f7xx_hal_uart.o
                0x08004c32                HAL_UARTEx_WakeupCallback
 .text.HAL_UART_IRQHandler
                0x08004c34      0x2a8 ./Drivers/STM32F7xx_HAL_Driver/Src/stm32f7xx_hal_uart.o
                0x08004c34                HAL_UART_IRQHandler
 .text.UART_SetConfig
                0x08004edc      0x1fc ./Drivers/STM32F7xx_HAL_Driver/Src/stm32f7xx_hal_uart.o
                0x08004edc                UART_SetConfig
 .text.UART_AdvFeatureConfig
                0x080050d8       0xaa ./Drivers/STM32F7xx_HAL_Driver/Src/stm32f7xx_hal_uart.o
                0x080050d8                UART_AdvFeatureConfig
 .text.UART_WaitOnFlagUntilTimeout
                0x08005182       0x90 ./Drivers/STM32F7xx_HAL_Driver/Src/stm32f7xx_hal_uart.o
                0x08005182                UART_WaitOnFlagUntilTimeout
 .text.HAL_UART_Transmit
                0x08005212       0xa2 ./Drivers/STM32F7xx_HAL_Driver/Src/stm32f7xx_hal_uart.o
                0x08005212                HAL_UART_Transmit
 .text.HAL_UART_Receive
                0x080052b4       0xd6 ./Drivers/STM32F7xx_HAL_Driver/Src/stm32f7xx_hal_uart.o
                0x080052b4                HAL_UART_Receive
 .text.UART_CheckIdleState
                0x0800538a       0xb2 ./Drivers/STM32F7xx_HAL_Driver/Src/stm32f7xx_hal_uart.o
                0x0800538a                UART_CheckIdleState
 .text.HAL_UART_Init
                0x0800543c       0x5c ./Drivers/STM32F7xx_HAL_Driver/Src/stm32f7xx_hal_uart.o
                0x0800543c                HAL_UART_Init
 .text.UART_Start_Receive_IT
                0x08005498       0xb8 ./Drivers/STM32F7xx_HAL_Driver/Src/stm32f7xx_hal_uart.o
                0x08005498                UART_Start_Receive_IT
 .text.HAL_UART_Receive_IT
                0x08005550       0x3a ./Drivers/STM32F7xx_HAL_Driver/Src/stm32f7xx_hal_uart.o
                0x08005550                HAL_UART_Receive_IT
 .text._ZN4TAUV4VESC9VESC_UARTC2Em
                0x0800558a        0x8 ./Drivers/VESC/VESC_UART.o
                0x0800558a                TAUV::VESC::VESC_UART::VESC_UART(unsigned long)
                0x0800558a                TAUV::VESC::VESC_UART::VESC_UART(unsigned long)
 .text._ZN4TAUV4VESC9VESC_UART13unpackPayloadEPhiS2_
                0x08005592       0x2c ./Drivers/VESC/VESC_UART.o
                0x08005592                TAUV::VESC::VESC_UART::unpackPayload(unsigned char*, int, unsigned char*)
 .text._ZN4TAUV4VESC9VESC_UART18receiveUartMessageEPh
                0x080055be       0x98 ./Drivers/VESC/VESC_UART.o
                0x080055be                TAUV::VESC::VESC_UART::receiveUartMessage(unsigned char*)
 .text._ZN4TAUV4VESC9VESC_UART15packSendPayloadEPhi
                0x08005656       0x76 ./Drivers/VESC/VESC_UART.o
                0x08005656                TAUV::VESC::VESC_UART::packSendPayload(unsigned char*, int)
 .text._ZN4TAUV4VESC9VESC_UART17processReadPacketEPh
                0x080056cc      0x128 ./Drivers/VESC/VESC_UART.o
                0x080056cc                TAUV::VESC::VESC_UART::processReadPacket(unsigned char*)
 .text._ZN4TAUV4VESC9VESC_UART12getFWversionEh
                0x080057f4       0x46 ./Drivers/VESC/VESC_UART.o
                0x080057f4                TAUV::VESC::VESC_UART::getFWversion(unsigned char)
 .text._ZN4TAUV4VESC9VESC_UART12getFWversionEv
                0x0800583a        0x6 ./Drivers/VESC/VESC_UART.o
                0x0800583a                TAUV::VESC::VESC_UART::getFWversion()
 .text._ZN4TAUV4VESC9VESC_UART6setRPMEfh
                0x08005840       0x58 ./Drivers/VESC/VESC_UART.o
                0x08005840                TAUV::VESC::VESC_UART::setRPM(float, unsigned char)
 .text._ZN4TAUV4VESC9VESC_UART6setRPMEf
                0x08005898        0x6 ./Drivers/VESC/VESC_UART.o
                0x08005898                TAUV::VESC::VESC_UART::setRPM(float)
 .text._Z19buffer_append_int32PhlPl
                0x0800589e       0x2a ./Drivers/VESC/buffer.o
                0x0800589e                buffer_append_int32(unsigned char*, long, long*)
 .text._Z16buffer_get_int16PKhPl
                0x080058c8       0x14 ./Drivers/VESC/buffer.o
                0x080058c8                buffer_get_int16(unsigned char const*, long*)
 .text._Z16buffer_get_int32PKhPl
                0x080058dc       0x20 ./Drivers/VESC/buffer.o
                0x080058dc                buffer_get_int32(unsigned char const*, long*)
 .text._Z18buffer_get_float16PKhfPl
                0x080058fc       0x14 ./Drivers/VESC/buffer.o
                0x080058fc                buffer_get_float16(unsigned char const*, float, long*)
 .text._Z18buffer_get_float32PKhfPl
                0x08005910       0x14 ./Drivers/VESC/buffer.o
                0x08005910                buffer_get_float32(unsigned char const*, float, long*)
 .text._Z5crc16Phj
                0x08005924       0x2c ./Drivers/VESC/crc.o
                0x08005924                crc16(unsigned char*, unsigned int)
 .text._ZNSt8optionalISt5arrayIfLj3EEEaSIRS1_EENSt9enable_ifIX7__and_vISt6__not_ISt7is_sameIS2_NSt9remove_cvINSt16remove_referenceIT_E4typeEE4typeEEES6_ISt6__and_IJSt9is_scalarIS1_ES7_IS1_NSt5decayISA_E4typeEEEEESt16is_constructibleIS1_JSA_EESt13is_assignableIS4_SA_EEERS2_E4typeEOSA_.isra.0
                0x08005950       0x1a ./Drivers/XSens/Mti300.o
 .text._ZN4TAUV6MTI300C2Ev
                0x0800596a       0x58 ./Drivers/XSens/Mti300.o
                0x0800596a                TAUV::MTI300::MTI300()
                0x0800596a                TAUV::MTI300::MTI300()
 *fill*         0x080059c2        0x2 
 .text._ZN4TAUV6MTI3004initEP20__UART_HandleTypeDef
                0x080059c4       0x58 ./Drivers/XSens/Mti300.o
                0x080059c4                TAUV::MTI300::init(__UART_HandleTypeDef*)
 .text._ZN4TAUV6MTI30010parseFloatEPKh
                0x08005a1c        0xa ./Drivers/XSens/Mti300.o
                0x08005a1c                TAUV::MTI300::parseFloat(unsigned char const*)
 .text._ZN4TAUV6MTI30014uartRxCallbackEv
                0x08005a26       0xf6 ./Drivers/XSens/Mti300.o
                0x08005a26                TAUV::MTI300::uartRxCallback()
 .text._ZN4TAUV6MTI30012parseMTData2ERKNS0_16RawMessageBufferE
                0x08005b1c      0x160 ./Drivers/XSens/Mti300.o
                0x08005b1c                TAUV::MTI300::parseMTData2(TAUV::MTI300::RawMessageBuffer const&)
 .text._ZN4TAUV6MTI30024processQueuedRawMessagesEPNS0_14MTData2MessageEj
                0x08005c7c       0x80 ./Drivers/XSens/Mti300.o
                0x08005c7c                TAUV::MTI300::processQueuedRawMessages(TAUV::MTI300::MTData2Message*, unsigned int)
 .text.ethernet_link_status_updated
                0x08005cfc        0x2 ./LWIP/App/lwip.o
 *fill*         0x08005cfe        0x2 
 .text.MX_LWIP_Init
                0x08005d00       0xb4 ./LWIP/App/lwip.o
                0x08005d00                MX_LWIP_Init
 .text.ETH_PHY_IO_DeInit
                0x08005db4        0x4 ./LWIP/Target/ethernetif.o
                0x08005db4                ETH_PHY_IO_DeInit
 .text.low_level_output
                0x08005db8       0x90 ./LWIP/Target/ethernetif.o
 .text.RMII_Thread
                0x08005e48       0x4c ./LWIP/Target/ethernetif.o
 .text.ETH_PHY_IO_GetTick
                0x08005e94        0x4 ./LWIP/Target/ethernetif.o
                0x08005e94                ETH_PHY_IO_GetTick
 .text.ETH_PHY_IO_Init
                0x08005e98       0x10 ./LWIP/Target/ethernetif.o
                0x08005e98                ETH_PHY_IO_Init
 .text.ETH_PHY_IO_ReadReg
                0x08005ea8       0x1c ./LWIP/Target/ethernetif.o
                0x08005ea8                ETH_PHY_IO_ReadReg
 .text.ETH_PHY_IO_WriteReg
                0x08005ec4       0x1c ./LWIP/Target/ethernetif.o
                0x08005ec4                ETH_PHY_IO_WriteReg
 .text.pbuf_free_custom
                0x08005ee0       0x30 ./LWIP/Target/ethernetif.o
                0x08005ee0                pbuf_free_custom
 .text.ethernetif_input
                0x08005f10       0x58 ./LWIP/Target/ethernetif.o
 .text.HAL_ETH_RxCpltCallback
                0x08005f68        0xc ./LWIP/Target/ethernetif.o
                0x08005f68                HAL_ETH_RxCpltCallback
 .text.HAL_ETH_TxCpltCallback
                0x08005f74        0xc ./LWIP/Target/ethernetif.o
                0x08005f74                HAL_ETH_TxCpltCallback
 .text.HAL_ETH_ErrorCallback
                0x08005f80       0x1c ./LWIP/Target/ethernetif.o
                0x08005f80                HAL_ETH_ErrorCallback
 .text.ethernetif_init
                0x08005f9c      0x208 ./LWIP/Target/ethernetif.o
                0x08005f9c                ethernetif_init
 .text.sys_now  0x080061a4        0x4 ./LWIP/Target/ethernetif.o
                0x080061a4                sys_now
 .text.HAL_ETH_MspInit
                0x080061a8      0x11c ./LWIP/Target/ethernetif.o
                0x080061a8                HAL_ETH_MspInit
 .text.ethernet_link_thread
                0x080062c4       0xa8 ./LWIP/Target/ethernetif.o
                0x080062c4                ethernet_link_thread
 .text.HAL_ETH_RxAllocateCallback
                0x0800636c       0x44 ./LWIP/Target/ethernetif.o
                0x0800636c                HAL_ETH_RxAllocateCallback
 .text.HAL_ETH_RxLinkCallback
                0x080063b0       0x54 ./LWIP/Target/ethernetif.o
                0x080063b0                HAL_ETH_RxLinkCallback
 .text.HAL_ETH_TxFreeCallback
                0x08006404        0x4 ./LWIP/Target/ethernetif.o
                0x08006404                HAL_ETH_TxFreeCallback
 .text.osKernelStart
                0x08006408        0xa ./Middlewares/Third_Party/FreeRTOS/Source/CMSIS_RTOS/cmsis_os.o
                0x08006408                osKernelStart
 .text.osKernelSysTick
                0x08006412        0xe ./Middlewares/Third_Party/FreeRTOS/Source/CMSIS_RTOS/cmsis_os.o
                0x08006412                osKernelSysTick
 .text.osThreadCreate
                0x08006420       0x50 ./Middlewares/Third_Party/FreeRTOS/Source/CMSIS_RTOS/cmsis_os.o
                0x08006420                osThreadCreate
 .text.osThreadTerminate
                0x08006470        0xa ./Middlewares/Third_Party/FreeRTOS/Source/CMSIS_RTOS/cmsis_os.o
                0x08006470                osThreadTerminate
 .text.osDelay  0x0800647a       0x10 ./Middlewares/Third_Party/FreeRTOS/Source/CMSIS_RTOS/cmsis_os.o
                0x0800647a                osDelay
 .text.osMutexCreate
                0x0800648a        0xe ./Middlewares/Third_Party/FreeRTOS/Source/CMSIS_RTOS/cmsis_os.o
                0x0800648a                osMutexCreate
 .text.osMutexWait
                0x08006498       0x4c ./Middlewares/Third_Party/FreeRTOS/Source/CMSIS_RTOS/cmsis_os.o
                0x08006498                osMutexWait
 .text.osMutexRelease
                0x080064e4       0x48 ./Middlewares/Third_Party/FreeRTOS/Source/CMSIS_RTOS/cmsis_os.o
                0x080064e4                osMutexRelease
 .text.osSemaphoreCreate
                0x0800652c       0x46 ./Middlewares/Third_Party/FreeRTOS/Source/CMSIS_RTOS/cmsis_os.o
                0x0800652c                osSemaphoreCreate
 .text.osSemaphoreWait
                0x08006572       0x4c ./Middlewares/Third_Party/FreeRTOS/Source/CMSIS_RTOS/cmsis_os.o
                0x08006572                osSemaphoreWait
 .text.osSemaphoreRelease
                0x080065be        0x4 ./Middlewares/Third_Party/FreeRTOS/Source/CMSIS_RTOS/cmsis_os.o
                0x080065be                osSemaphoreRelease
 .text.osMessageCreate
                0x080065c2       0x24 ./Middlewares/Third_Party/FreeRTOS/Source/CMSIS_RTOS/cmsis_os.o
                0x080065c2                osMessageCreate
 .text.osMessagePut
                0x080065e6       0x52 ./Middlewares/Third_Party/FreeRTOS/Source/CMSIS_RTOS/cmsis_os.o
                0x080065e6                osMessagePut
 .text.osMessageGet
                0x08006638       0x74 ./Middlewares/Third_Party/FreeRTOS/Source/CMSIS_RTOS/cmsis_os.o
                0x08006638                osMessageGet
 .text.vListInitialise
                0x080066ac       0x16 ./Middlewares/Third_Party/FreeRTOS/Source/list.o
                0x080066ac                vListInitialise
 .text.vListInitialiseItem
                0x080066c2        0x6 ./Middlewares/Third_Party/FreeRTOS/Source/list.o
                0x080066c2                vListInitialiseItem
 .text.vListInsertEnd
                0x080066c8       0x16 ./Middlewares/Third_Party/FreeRTOS/Source/list.o
                0x080066c8                vListInsertEnd
 .text.vListInsert
                0x080066de       0x2e ./Middlewares/Third_Party/FreeRTOS/Source/list.o
                0x080066de                vListInsert
 .text.uxListRemove
                0x0800670c       0x20 ./Middlewares/Third_Party/FreeRTOS/Source/list.o
                0x0800670c                uxListRemove
 .text.prvIsQueueEmpty
                0x0800672c       0x16 ./Middlewares/Third_Party/FreeRTOS/Source/queue.o
 .text.prvCopyDataToQueue
                0x08006742       0x66 ./Middlewares/Third_Party/FreeRTOS/Source/queue.o
 .text.prvCopyDataFromQueue
                0x080067a8       0x2a ./Middlewares/Third_Party/FreeRTOS/Source/queue.o
 .text.prvUnlockQueue
                0x080067d2       0x6c ./Middlewares/Third_Party/FreeRTOS/Source/queue.o
 .text.xQueueGenericReset
                0x0800683e       0x82 ./Middlewares/Third_Party/FreeRTOS/Source/queue.o
                0x0800683e                xQueueGenericReset
 .text.xQueueGenericCreateStatic.part.0.isra.0
                0x080068c0       0x90 ./Middlewares/Third_Party/FreeRTOS/Source/queue.o
 .text.xQueueGenericCreateStatic
                0x08006950       0x1c ./Middlewares/Third_Party/FreeRTOS/Source/queue.o
                0x08006950                xQueueGenericCreateStatic
 .text.xQueueGenericCreate
                0x0800696c       0x4c ./Middlewares/Third_Party/FreeRTOS/Source/queue.o
                0x0800696c                xQueueGenericCreate
 .text.xQueueGenericSend
                0x080069b8      0x174 ./Middlewares/Third_Party/FreeRTOS/Source/queue.o
                0x080069b8                xQueueGenericSend
 .text.xQueueCreateMutexStatic
                0x08006b2c       0x26 ./Middlewares/Third_Party/FreeRTOS/Source/queue.o
                0x08006b2c                xQueueCreateMutexStatic
 .text.xQueueCreateMutex
                0x08006b52       0x34 ./Middlewares/Third_Party/FreeRTOS/Source/queue.o
                0x08006b52                xQueueCreateMutex
 .text.xQueueGenericSendFromISR
                0x08006b86       0xc8 ./Middlewares/Third_Party/FreeRTOS/Source/queue.o
                0x08006b86                xQueueGenericSendFromISR
 .text.xQueueGiveFromISR
                0x08006c4e       0xb2 ./Middlewares/Third_Party/FreeRTOS/Source/queue.o
                0x08006c4e                xQueueGiveFromISR
 .text.xQueueReceive
                0x08006d00      0x148 ./Middlewares/Third_Party/FreeRTOS/Source/queue.o
                0x08006d00                xQueueReceive
 .text.xQueueSemaphoreTake
                0x08006e48      0x18a ./Middlewares/Third_Party/FreeRTOS/Source/queue.o
                0x08006e48                xQueueSemaphoreTake
 .text.xQueueReceiveFromISR
                0x08006fd2       0xa6 ./Middlewares/Third_Party/FreeRTOS/Source/queue.o
                0x08006fd2                xQueueReceiveFromISR
 .text.vQueueAddToRegistry
                0x08007078       0x24 ./Middlewares/Third_Party/FreeRTOS/Source/queue.o
                0x08007078                vQueueAddToRegistry
 .text.vQueueWaitForMessageRestricted
                0x0800709c       0x46 ./Middlewares/Third_Party/FreeRTOS/Source/queue.o
                0x0800709c                vQueueWaitForMessageRestricted
 *fill*         0x080070e2        0x2 
 .text.prvAddNewTaskToReadyList
                0x080070e4       0xfc ./Middlewares/Third_Party/FreeRTOS/Source/tasks.o
 .text.prvAddCurrentTaskToDelayedList
                0x080071e0       0x88 ./Middlewares/Third_Party/FreeRTOS/Source/tasks.o
 .text.prvResetNextTaskUnblockTime
                0x08007268       0x24 ./Middlewares/Third_Party/FreeRTOS/Source/tasks.o
 .text.prvDeleteTCB
                0x0800728c       0x40 ./Middlewares/Third_Party/FreeRTOS/Source/tasks.o
 .text.prvIdleTask
                0x080072cc       0x60 ./Middlewares/Third_Party/FreeRTOS/Source/tasks.o
 .text.prvInitialiseNewTask.constprop.0
                0x0800732c       0xb0 ./Middlewares/Third_Party/FreeRTOS/Source/tasks.o
 .text.xTaskCreateStatic
                0x080073dc       0x7c ./Middlewares/Third_Party/FreeRTOS/Source/tasks.o
                0x080073dc                xTaskCreateStatic
 .text.xTaskCreate
                0x08007458       0x5c ./Middlewares/Third_Party/FreeRTOS/Source/tasks.o
                0x08007458                xTaskCreate
 .text.vTaskDelete
                0x080074b4       0xd8 ./Middlewares/Third_Party/FreeRTOS/Source/tasks.o
                0x080074b4                vTaskDelete
 .text.vTaskStartScheduler
                0x0800758c       0xa8 ./Middlewares/Third_Party/FreeRTOS/Source/tasks.o
                0x0800758c                vTaskStartScheduler
 .text.vTaskSuspendAll
                0x08007634       0x10 ./Middlewares/Third_Party/FreeRTOS/Source/tasks.o
                0x08007634                vTaskSuspendAll
 .text.xTaskGetTickCount
                0x08007644        0xc ./Middlewares/Third_Party/FreeRTOS/Source/tasks.o
                0x08007644                xTaskGetTickCount
 .text.xTaskGetTickCountFromISR
                0x08007650       0x10 ./Middlewares/Third_Party/FreeRTOS/Source/tasks.o
                0x08007650                xTaskGetTickCountFromISR
 .text.xTaskIncrementTick
                0x08007660      0x134 ./Middlewares/Third_Party/FreeRTOS/Source/tasks.o
                0x08007660                xTaskIncrementTick
 .text.xTaskResumeAll
                0x08007794       0xf0 ./Middlewares/Third_Party/FreeRTOS/Source/tasks.o
                0x08007794                xTaskResumeAll
 .text.vTaskDelay
                0x08007884       0x4c ./Middlewares/Third_Party/FreeRTOS/Source/tasks.o
                0x08007884                vTaskDelay
 .text.vTaskSwitchContext
                0x080078d0       0x84 ./Middlewares/Third_Party/FreeRTOS/Source/tasks.o
                0x080078d0                vTaskSwitchContext
 .text.vTaskPlaceOnEventList
                0x08007954       0x38 ./Middlewares/Third_Party/FreeRTOS/Source/tasks.o
                0x08007954                vTaskPlaceOnEventList
 .text.vTaskPlaceOnEventListRestricted
                0x0800798c       0x40 ./Middlewares/Third_Party/FreeRTOS/Source/tasks.o
                0x0800798c                vTaskPlaceOnEventListRestricted
 .text.xTaskRemoveFromEventList
                0x080079cc       0x88 ./Middlewares/Third_Party/FreeRTOS/Source/tasks.o
                0x080079cc                xTaskRemoveFromEventList
 .text.vTaskInternalSetTimeOutState
                0x08007a54       0x18 ./Middlewares/Third_Party/FreeRTOS/Source/tasks.o
                0x08007a54                vTaskInternalSetTimeOutState
 .text.xTaskCheckForTimeOut
                0x08007a6c       0x80 ./Middlewares/Third_Party/FreeRTOS/Source/tasks.o
                0x08007a6c                xTaskCheckForTimeOut
 .text.vTaskMissedYield
                0x08007aec        0xc ./Middlewares/Third_Party/FreeRTOS/Source/tasks.o
                0x08007aec                vTaskMissedYield
 .text.xTaskGetSchedulerState
                0x08007af8       0x20 ./Middlewares/Third_Party/FreeRTOS/Source/tasks.o
                0x08007af8                xTaskGetSchedulerState
 .text.xTaskPriorityInherit
                0x08007b18       0x9c ./Middlewares/Third_Party/FreeRTOS/Source/tasks.o
                0x08007b18                xTaskPriorityInherit
 .text.xTaskPriorityDisinherit
                0x08007bb4       0xa8 ./Middlewares/Third_Party/FreeRTOS/Source/tasks.o
                0x08007bb4                xTaskPriorityDisinherit
 .text.vTaskPriorityDisinheritAfterTimeout
                0x08007c5c       0xb8 ./Middlewares/Third_Party/FreeRTOS/Source/tasks.o
                0x08007c5c                vTaskPriorityDisinheritAfterTimeout
 .text.pvTaskIncrementMutexHeldCount
                0x08007d14       0x18 ./Middlewares/Third_Party/FreeRTOS/Source/tasks.o
                0x08007d14                pvTaskIncrementMutexHeldCount
 .text.prvInsertTimerInActiveList
                0x08007d2c       0x3c ./Middlewares/Third_Party/FreeRTOS/Source/timers.o
 .text.prvCheckForValidListAndQueue
                0x08007d68       0x68 ./Middlewares/Third_Party/FreeRTOS/Source/timers.o
 .text.prvInitialiseNewTimer
                0x08007dd0       0x50 ./Middlewares/Third_Party/FreeRTOS/Source/timers.o
 .text.xTimerCreateTimerTask
                0x08007e20       0x68 ./Middlewares/Third_Party/FreeRTOS/Source/timers.o
                0x08007e20                xTimerCreateTimerTask
 .text.xTimerCreateStatic
                0x08007e88       0x56 ./Middlewares/Third_Party/FreeRTOS/Source/timers.o
                0x08007e88                xTimerCreateStatic
 *fill*         0x08007ede        0x2 
 .text.xTimerGenericCommand
                0x08007ee0       0x58 ./Middlewares/Third_Party/FreeRTOS/Source/timers.o
                0x08007ee0                xTimerGenericCommand
 .text.prvSampleTimeNow
                0x08007f38       0xa8 ./Middlewares/Third_Party/FreeRTOS/Source/timers.o
 .text.prvTimerTask
                0x08007fe0      0x1c4 ./Middlewares/Third_Party/FreeRTOS/Source/timers.o
 .text.pvTimerGetTimerID
                0x080081a4       0x2a ./Middlewares/Third_Party/FreeRTOS/Source/timers.o
                0x080081a4                pvTimerGetTimerID
 *fill*         0x080081ce        0x2 
 .text.prvPortStartFirstTask
                0x080081d0       0x28 ./Middlewares/Third_Party/FreeRTOS/Source/portable/GCC/ARM_CM7/r0p1/port.o
 .text.vPortEnableVFP
                0x080081f8       0x14 ./Middlewares/Third_Party/FreeRTOS/Source/portable/GCC/ARM_CM7/r0p1/port.o
 .text.prvTaskExitError
                0x0800820c       0x48 ./Middlewares/Third_Party/FreeRTOS/Source/portable/GCC/ARM_CM7/r0p1/port.o
 .text.pxPortInitialiseStack
                0x08008254       0x24 ./Middlewares/Third_Party/FreeRTOS/Source/portable/GCC/ARM_CM7/r0p1/port.o
                0x08008254                pxPortInitialiseStack
 *fill*         0x08008278        0x8 
 .text.SVC_Handler
                0x08008280       0x24 ./Middlewares/Third_Party/FreeRTOS/Source/portable/GCC/ARM_CM7/r0p1/port.o
                0x08008280                SVC_Handler
 .text.vPortEnterCritical
                0x080082a4       0x48 ./Middlewares/Third_Party/FreeRTOS/Source/portable/GCC/ARM_CM7/r0p1/port.o
                0x080082a4                vPortEnterCritical
 .text.vPortExitCritical
                0x080082ec       0x2c ./Middlewares/Third_Party/FreeRTOS/Source/portable/GCC/ARM_CM7/r0p1/port.o
                0x080082ec                vPortExitCritical
 *fill*         0x08008318        0x8 
 .text.PendSV_Handler
                0x08008320       0x64 ./Middlewares/Third_Party/FreeRTOS/Source/portable/GCC/ARM_CM7/r0p1/port.o
                0x08008320                PendSV_Handler
 .text.SysTick_Handler
                0x08008384       0x30 ./Middlewares/Third_Party/FreeRTOS/Source/portable/GCC/ARM_CM7/r0p1/port.o
                0x08008384                SysTick_Handler
 .text.vPortSetupTimerInterrupt
                0x080083b4       0x24 ./Middlewares/Third_Party/FreeRTOS/Source/portable/GCC/ARM_CM7/r0p1/port.o
                0x080083b4                vPortSetupTimerInterrupt
 .text.xPortStartScheduler
                0x080083d8       0xc4 ./Middlewares/Third_Party/FreeRTOS/Source/portable/GCC/ARM_CM7/r0p1/port.o
                0x080083d8                xPortStartScheduler
 .text.vPortValidateInterruptPriority
                0x0800849c       0x64 ./Middlewares/Third_Party/FreeRTOS/Source/portable/GCC/ARM_CM7/r0p1/port.o
                0x0800849c                vPortValidateInterruptPriority
 .text.prvInsertBlockIntoFreeList
                0x08008500       0x4c ./Middlewares/Third_Party/FreeRTOS/Source/portable/MemMang/heap_4.o
 .text.pvPortMalloc
                0x0800854c      0x128 ./Middlewares/Third_Party/FreeRTOS/Source/portable/MemMang/heap_4.o
                0x0800854c                pvPortMalloc
 .text.vPortFree
                0x08008674       0x78 ./Middlewares/Third_Party/FreeRTOS/Source/portable/MemMang/heap_4.o
                0x08008674                vPortFree
 .text.tcpip_thread
                0x080086ec       0xd0 ./Middlewares/Third_Party/LwIP/src/api/tcpip.o
 .text.tcpip_inpkt
                0x080087bc       0x58 ./Middlewares/Third_Party/LwIP/src/api/tcpip.o
                0x080087bc                tcpip_inpkt
 .text.tcpip_input
                0x08008814       0x1c ./Middlewares/Third_Party/LwIP/src/api/tcpip.o
                0x08008814                tcpip_input
 .text.tcpip_try_callback
                0x08008830       0x58 ./Middlewares/Third_Party/LwIP/src/api/tcpip.o
                0x08008830                tcpip_try_callback
 .text.tcpip_init
                0x08008888       0x7c ./Middlewares/Third_Party/LwIP/src/api/tcpip.o
                0x08008888                tcpip_init
 .text.lwip_htons
                0x08008904        0x6 ./Middlewares/Third_Party/LwIP/src/core/def.o
                0x08008904                lwip_htons
 .text.lwip_htonl
                0x0800890a        0x4 ./Middlewares/Third_Party/LwIP/src/core/def.o
                0x0800890a                lwip_htonl
 .text.lwip_init
                0x0800890e       0x22 ./Middlewares/Third_Party/LwIP/src/core/init.o
                0x0800890e                lwip_init
 .text.mem_init
                0x08008930       0x74 ./Middlewares/Third_Party/LwIP/src/core/mem.o
                0x08008930                mem_init
 .text.mem_free
                0x080089a4      0x1b8 ./Middlewares/Third_Party/LwIP/src/core/mem.o
                0x080089a4                mem_free
 .text.mem_trim
                0x08008b5c      0x178 ./Middlewares/Third_Party/LwIP/src/core/mem.o
                0x08008b5c                mem_trim
 .text.mem_malloc
                0x08008cd4      0x150 ./Middlewares/Third_Party/LwIP/src/core/mem.o
                0x08008cd4                mem_malloc
 .text.do_memp_malloc_pool
                0x08008e24       0x3c ./Middlewares/Third_Party/LwIP/src/core/memp.o
 .text.do_memp_free_pool
                0x08008e60       0x38 ./Middlewares/Third_Party/LwIP/src/core/memp.o
 .text.memp_init_pool
                0x08008e98       0x26 ./Middlewares/Third_Party/LwIP/src/core/memp.o
                0x08008e98                memp_init_pool
 *fill*         0x08008ebe        0x2 
 .text.memp_init
                0x08008ec0       0x1c ./Middlewares/Third_Party/LwIP/src/core/memp.o
                0x08008ec0                memp_init
 .text.memp_malloc_pool
                0x08008edc       0x2c ./Middlewares/Third_Party/LwIP/src/core/memp.o
                0x08008edc                memp_malloc_pool
 .text.memp_malloc
                0x08008f08       0x38 ./Middlewares/Third_Party/LwIP/src/core/memp.o
                0x08008f08                memp_malloc
 .text.memp_free_pool
                0x08008f40       0x24 ./Middlewares/Third_Party/LwIP/src/core/memp.o
                0x08008f40                memp_free_pool
 .text.memp_free
                0x08008f64       0x30 ./Middlewares/Third_Party/LwIP/src/core/memp.o
                0x08008f64                memp_free
 .text.netif_null_output_ip4
                0x08008f94        0x6 ./Middlewares/Third_Party/LwIP/src/core/netif.o
 *fill*         0x08008f9a        0x2 
 .text.netif_issue_reports
                0x08008f9c       0x44 ./Middlewares/Third_Party/LwIP/src/core/netif.o
 .text.netif_do_set_ipaddr.isra.0
                0x08008fe0       0x34 ./Middlewares/Third_Party/LwIP/src/core/netif.o
 .text.netif_init
                0x08009014        0x2 ./Middlewares/Third_Party/LwIP/src/core/netif.o
                0x08009014                netif_init
 *fill*         0x08009016        0x2 
 .text.netif_set_addr
                0x08009018       0x58 ./Middlewares/Third_Party/LwIP/src/core/netif.o
                0x08009018                netif_set_addr
 .text.netif_add
                0x08009070      0x118 ./Middlewares/Third_Party/LwIP/src/core/netif.o
                0x08009070                netif_add
 .text.netif_set_default
                0x08009188        0xc ./Middlewares/Third_Party/LwIP/src/core/netif.o
                0x08009188                netif_set_default
 .text.netif_set_up
                0x08009194       0x34 ./Middlewares/Third_Party/LwIP/src/core/netif.o
                0x08009194                netif_set_up
 .text.netif_set_down
                0x080091c8       0x38 ./Middlewares/Third_Party/LwIP/src/core/netif.o
                0x080091c8                netif_set_down
 .text.netif_set_link_up
                0x08009200       0x48 ./Middlewares/Third_Party/LwIP/src/core/netif.o
                0x08009200                netif_set_link_up
 .text.netif_set_link_down
                0x08009248       0x34 ./Middlewares/Third_Party/LwIP/src/core/netif.o
                0x08009248                netif_set_link_down
 .text.netif_set_link_callback
                0x0800927c        0x6 ./Middlewares/Third_Party/LwIP/src/core/netif.o
                0x0800927c                netif_set_link_callback
 *fill*         0x08009282        0x2 
 .text.netif_get_by_index
                0x08009284       0x24 ./Middlewares/Third_Party/LwIP/src/core/netif.o
                0x08009284                netif_get_by_index
 .text.pbuf_add_header_impl
                0x080092a8       0x68 ./Middlewares/Third_Party/LwIP/src/core/pbuf.o
 .text.pbuf_free_ooseq_callback
                0x08009310       0x30 ./Middlewares/Third_Party/LwIP/src/core/pbuf.o
 .text.pbuf_alloc_reference
                0x08009340       0x48 ./Middlewares/Third_Party/LwIP/src/core/pbuf.o
                0x08009340                pbuf_alloc_reference
 .text.pbuf_alloced_custom
                0x08009388       0x32 ./Middlewares/Third_Party/LwIP/src/core/pbuf.o
                0x08009388                pbuf_alloced_custom
 .text.pbuf_add_header
                0x080093ba        0x6 ./Middlewares/Third_Party/LwIP/src/core/pbuf.o
                0x080093ba                pbuf_add_header
 .text.pbuf_remove_header
                0x080093c0       0x58 ./Middlewares/Third_Party/LwIP/src/core/pbuf.o
                0x080093c0                pbuf_remove_header
 .text.pbuf_header_force
                0x08009418       0x10 ./Middlewares/Third_Party/LwIP/src/core/pbuf.o
                0x08009418                pbuf_header_force
 .text.pbuf_free
                0x08009428       0xd4 ./Middlewares/Third_Party/LwIP/src/core/pbuf.o
                0x08009428                pbuf_free
 .text.pbuf_alloc
                0x080094fc      0x124 ./Middlewares/Third_Party/LwIP/src/core/pbuf.o
                0x080094fc                pbuf_alloc
 .text.pbuf_realloc
                0x08009620       0xb0 ./Middlewares/Third_Party/LwIP/src/core/pbuf.o
                0x08009620                pbuf_realloc
 .text.pbuf_clen
                0x080096d0       0x10 ./Middlewares/Third_Party/LwIP/src/core/pbuf.o
                0x080096d0                pbuf_clen
 .text.pbuf_ref
                0x080096e0       0x38 ./Middlewares/Third_Party/LwIP/src/core/pbuf.o
                0x080096e0                pbuf_ref
 .text.pbuf_cat
                0x08009718       0x74 ./Middlewares/Third_Party/LwIP/src/core/pbuf.o
                0x08009718                pbuf_cat
 .text.pbuf_chain
                0x0800978c       0x12 ./Middlewares/Third_Party/LwIP/src/core/pbuf.o
                0x0800978c                pbuf_chain
 *fill*         0x0800979e        0x2 
 .text.pbuf_copy
                0x080097a0      0x104 ./Middlewares/Third_Party/LwIP/src/core/pbuf.o
                0x080097a0                pbuf_copy
 .text.pbuf_copy_partial
                0x080098a4       0x84 ./Middlewares/Third_Party/LwIP/src/core/pbuf.o
                0x080098a4                pbuf_copy_partial
 .text.pbuf_clone
                0x08009928       0x38 ./Middlewares/Third_Party/LwIP/src/core/pbuf.o
                0x08009928                pbuf_clone
 .text.tcp_close_shutdown_fin
                0x08009960       0x60 ./Middlewares/Third_Party/LwIP/src/core/tcp.o
 .text.tcp_init
                0x080099c0       0x18 ./Middlewares/Third_Party/LwIP/src/core/tcp.o
                0x080099c0                tcp_init
 .text.tcp_free
                0x080099d8       0x30 ./Middlewares/Third_Party/LwIP/src/core/tcp.o
                0x080099d8                tcp_free
 .text.tcp_update_rcv_ann_wnd
                0x08009a08       0x6c ./Middlewares/Third_Party/LwIP/src/core/tcp.o
                0x08009a08                tcp_update_rcv_ann_wnd
 .text.tcp_recved
                0x08009a74       0x7c ./Middlewares/Third_Party/LwIP/src/core/tcp.o
                0x08009a74                tcp_recved
 .text.tcp_seg_free
                0x08009af0       0x1c ./Middlewares/Third_Party/LwIP/src/core/tcp.o
                0x08009af0                tcp_seg_free
 .text.tcp_segs_free
                0x08009b0c       0x10 ./Middlewares/Third_Party/LwIP/src/core/tcp.o
                0x08009b0c                tcp_segs_free
 .text.tcp_seg_copy
                0x08009b1c       0x48 ./Middlewares/Third_Party/LwIP/src/core/tcp.o
                0x08009b1c                tcp_seg_copy
 .text.tcp_next_iss
                0x08009b64       0x34 ./Middlewares/Third_Party/LwIP/src/core/tcp.o
                0x08009b64                tcp_next_iss
 .text.tcp_eff_send_mss_netif
                0x08009b98       0x3c ./Middlewares/Third_Party/LwIP/src/core/tcp.o
                0x08009b98                tcp_eff_send_mss_netif
 .text.tcp_free_ooseq
                0x08009bd4       0x12 ./Middlewares/Third_Party/LwIP/src/core/tcp.o
                0x08009bd4                tcp_free_ooseq
 *fill*         0x08009be6        0x2 
 .text.tcp_pcb_purge
                0x08009be8       0x64 ./Middlewares/Third_Party/LwIP/src/core/tcp.o
                0x08009be8                tcp_pcb_purge
 .text.tcp_pcb_remove
                0x08009c4c       0xcc ./Middlewares/Third_Party/LwIP/src/core/tcp.o
                0x08009c4c                tcp_pcb_remove
 .text.tcp_abandon
                0x08009d18      0x10c ./Middlewares/Third_Party/LwIP/src/core/tcp.o
                0x08009d18                tcp_abandon
 .text.tcp_abort
                0x08009e24        0x6 ./Middlewares/Third_Party/LwIP/src/core/tcp.o
                0x08009e24                tcp_abort
 *fill*         0x08009e2a        0x2 
 .text.tcp_netif_ip_addr_changed_pcblist
                0x08009e2c       0x3c ./Middlewares/Third_Party/LwIP/src/core/tcp.o
 .text.tcp_netif_ip_addr_changed
                0x08009e68       0x48 ./Middlewares/Third_Party/LwIP/src/core/tcp.o
                0x08009e68                tcp_netif_ip_addr_changed
 .text.tcp_kill_state
                0x08009eb0       0x3c ./Middlewares/Third_Party/LwIP/src/core/tcp.o
 .text.tcp_alloc
                0x08009eec      0x134 ./Middlewares/Third_Party/LwIP/src/core/tcp.o
                0x08009eec                tcp_alloc
 .text.tcp_close_shutdown
                0x0800a020      0x164 ./Middlewares/Third_Party/LwIP/src/core/tcp.o
 .text.tcp_close
                0x0800a184       0x3c ./Middlewares/Third_Party/LwIP/src/core/tcp.o
                0x0800a184                tcp_close
 .text.tcp_recv_null
                0x0800a1c0       0x48 ./Middlewares/Third_Party/LwIP/src/core/tcp.o
                0x0800a1c0                tcp_recv_null
 .text.tcp_process_refused_data
                0x0800a208       0x8c ./Middlewares/Third_Party/LwIP/src/core/tcp.o
                0x0800a208                tcp_process_refused_data
 .text.tcp_fasttmr
                0x0800a294       0x80 ./Middlewares/Third_Party/LwIP/src/core/tcp.o
                0x0800a294                tcp_fasttmr
 .text.tcp_slowtmr
                0x0800a314      0x444 ./Middlewares/Third_Party/LwIP/src/core/tcp.o
                0x0800a314                tcp_slowtmr
 .text.tcp_tmr  0x0800a758       0x24 ./Middlewares/Third_Party/LwIP/src/core/tcp.o
                0x0800a758                tcp_tmr
 .text.tcp_get_next_optbyte
                0x0800a77c       0x38 ./Middlewares/Third_Party/LwIP/src/core/tcp_in.o
 .text.tcp_oos_insert_segment
                0x0800a7b4       0x90 ./Middlewares/Third_Party/LwIP/src/core/tcp_in.o
 .text.tcp_parseopt
                0x0800a844       0x94 ./Middlewares/Third_Party/LwIP/src/core/tcp_in.o
 .text.tcp_input_delayed_close
                0x0800a8d8       0x3c ./Middlewares/Third_Party/LwIP/src/core/tcp_in.o
 .text.tcp_free_acked_segments.isra.0
                0x0800a914       0xc0 ./Middlewares/Third_Party/LwIP/src/core/tcp_in.o
 .text.tcp_receive
                0x0800a9d4      0x848 ./Middlewares/Third_Party/LwIP/src/core/tcp_in.o
 .text.tcp_input
                0x0800b21c      0xaf4 ./Middlewares/Third_Party/LwIP/src/core/tcp_in.o
                0x0800b21c                tcp_input
 .text.tcp_trigger_input_pcb_close
                0x0800bd10       0x10 ./Middlewares/Third_Party/LwIP/src/core/tcp_in.o
                0x0800bd10                tcp_trigger_input_pcb_close
 .text.tcp_output_segment_busy
                0x0800bd20       0x2c ./Middlewares/Third_Party/LwIP/src/core/tcp_out.o
 .text.tcp_create_segment
                0x0800bd4c       0xdc ./Middlewares/Third_Party/LwIP/src/core/tcp_out.o
 .text.tcp_output_alloc_header_common.constprop.0
                0x0800be28       0x84 ./Middlewares/Third_Party/LwIP/src/core/tcp_out.o
 .text.tcp_output_alloc_header.constprop.0
                0x0800beac       0x4c ./Middlewares/Third_Party/LwIP/src/core/tcp_out.o
 .text.tcp_output_fill_options.constprop.0
                0x0800bef8       0x20 ./Middlewares/Third_Party/LwIP/src/core/tcp_out.o
 .text.tcp_output_control_segment
                0x0800bf18       0x70 ./Middlewares/Third_Party/LwIP/src/core/tcp_out.o
 .text.tcp_split_unsent_seg
                0x0800bf88      0x198 ./Middlewares/Third_Party/LwIP/src/core/tcp_out.o
                0x0800bf88                tcp_split_unsent_seg
 .text.tcp_enqueue_flags
                0x0800c120      0x128 ./Middlewares/Third_Party/LwIP/src/core/tcp_out.o
                0x0800c120                tcp_enqueue_flags
 .text.tcp_send_fin
                0x0800c248       0x60 ./Middlewares/Third_Party/LwIP/src/core/tcp_out.o
                0x0800c248                tcp_send_fin
 .text.tcp_rexmit_rto_prepare
                0x0800c2a8       0x88 ./Middlewares/Third_Party/LwIP/src/core/tcp_out.o
                0x0800c2a8                tcp_rexmit_rto_prepare
 .text.tcp_rexmit
                0x0800c330       0x80 ./Middlewares/Third_Party/LwIP/src/core/tcp_out.o
                0x0800c330                tcp_rexmit
 .text.tcp_rexmit_fast
                0x0800c3b0       0x68 ./Middlewares/Third_Party/LwIP/src/core/tcp_out.o
                0x0800c3b0                tcp_rexmit_fast
 .text.tcp_rst  0x0800c418       0x8c ./Middlewares/Third_Party/LwIP/src/core/tcp_out.o
                0x0800c418                tcp_rst
 .text.tcp_send_empty_ack
                0x0800c4a4       0x64 ./Middlewares/Third_Party/LwIP/src/core/tcp_out.o
                0x0800c4a4                tcp_send_empty_ack
 .text.tcp_output
                0x0800c508      0x350 ./Middlewares/Third_Party/LwIP/src/core/tcp_out.o
                0x0800c508                tcp_output
 .text.tcp_rexmit_rto_commit
                0x0800c858       0x38 ./Middlewares/Third_Party/LwIP/src/core/tcp_out.o
                0x0800c858                tcp_rexmit_rto_commit
 .text.tcp_rexmit_rto
                0x0800c890       0x34 ./Middlewares/Third_Party/LwIP/src/core/tcp_out.o
                0x0800c890                tcp_rexmit_rto
 .text.tcp_keepalive
                0x0800c8c4       0x50 ./Middlewares/Third_Party/LwIP/src/core/tcp_out.o
                0x0800c8c4                tcp_keepalive
 .text.tcp_zero_window_probe
                0x0800c914       0xc8 ./Middlewares/Third_Party/LwIP/src/core/tcp_out.o
                0x0800c914                tcp_zero_window_probe
 .text.sys_timeout_abs
                0x0800c9dc       0x64 ./Middlewares/Third_Party/LwIP/src/core/timeouts.o
 .text.lwip_cyclic_timer
                0x0800ca40       0x34 ./Middlewares/Third_Party/LwIP/src/core/timeouts.o
 .text.sys_timeout
                0x0800ca74       0x3c ./Middlewares/Third_Party/LwIP/src/core/timeouts.o
                0x0800ca74                sys_timeout
 .text.tcp_timer_needed
                0x0800cab0       0x34 ./Middlewares/Third_Party/LwIP/src/core/timeouts.o
                0x0800cab0                tcp_timer_needed
 .text.tcpip_tcp_timer
                0x0800cae4       0x38 ./Middlewares/Third_Party/LwIP/src/core/timeouts.o
 .text.sys_timeouts_init
                0x0800cb1c       0x2c ./Middlewares/Third_Party/LwIP/src/core/timeouts.o
                0x0800cb1c                sys_timeouts_init
 .text.sys_check_timeouts
                0x0800cb48       0x44 ./Middlewares/Third_Party/LwIP/src/core/timeouts.o
                0x0800cb48                sys_check_timeouts
 .text.sys_timeouts_sleeptime
                0x0800cb8c       0x24 ./Middlewares/Third_Party/LwIP/src/core/timeouts.o
                0x0800cb8c                sys_timeouts_sleeptime
 .text.udp_init
                0x0800cbb0       0x18 ./Middlewares/Third_Party/LwIP/src/core/udp.o
                0x0800cbb0                udp_init
 .text.udp_input
                0x0800cbc8      0x1ac ./Middlewares/Third_Party/LwIP/src/core/udp.o
                0x0800cbc8                udp_input
 .text.udp_bind
                0x0800cd74       0xd8 ./Middlewares/Third_Party/LwIP/src/core/udp.o
                0x0800cd74                udp_bind
 .text.udp_sendto_if_src
                0x0800ce4c      0x130 ./Middlewares/Third_Party/LwIP/src/core/udp.o
                0x0800ce4c                udp_sendto_if_src
 .text.udp_sendto_if
                0x0800cf7c       0x80 ./Middlewares/Third_Party/LwIP/src/core/udp.o
                0x0800cf7c                udp_sendto_if
 .text.udp_sendto
                0x0800cffc       0x78 ./Middlewares/Third_Party/LwIP/src/core/udp.o
                0x0800cffc                udp_sendto
 .text.udp_recv
                0x0800d074       0x24 ./Middlewares/Third_Party/LwIP/src/core/udp.o
                0x0800d074                udp_recv
 .text.udp_remove
                0x0800d098       0x4c ./Middlewares/Third_Party/LwIP/src/core/udp.o
                0x0800d098                udp_remove
 .text.udp_new  0x0800d0e4       0x1c ./Middlewares/Third_Party/LwIP/src/core/udp.o
                0x0800d0e4                udp_new
 .text.udp_netif_ip_addr_changed
                0x0800d100       0x2c ./Middlewares/Third_Party/LwIP/src/core/udp.o
                0x0800d100                udp_netif_ip_addr_changed
 .text.etharp_free_entry
                0x0800d12c       0x28 ./Middlewares/Third_Party/LwIP/src/core/ipv4/etharp.o
 .text.etharp_find_entry
                0x0800d154      0x11c ./Middlewares/Third_Party/LwIP/src/core/ipv4/etharp.o
 .text.etharp_raw
                0x0800d270       0xdc ./Middlewares/Third_Party/LwIP/src/core/ipv4/etharp.o
 .text.etharp_cleanup_netif
                0x0800d34c       0x28 ./Middlewares/Third_Party/LwIP/src/core/ipv4/etharp.o
                0x0800d34c                etharp_cleanup_netif
 .text.etharp_input
                0x0800d374      0x148 ./Middlewares/Third_Party/LwIP/src/core/ipv4/etharp.o
                0x0800d374                etharp_input
 .text.etharp_request
                0x0800d4bc       0x2c ./Middlewares/Third_Party/LwIP/src/core/ipv4/etharp.o
                0x0800d4bc                etharp_request
 .text.etharp_tmr
                0x0800d4e8       0x50 ./Middlewares/Third_Party/LwIP/src/core/ipv4/etharp.o
                0x0800d4e8                etharp_tmr
 .text.etharp_output_to_arp_index
                0x0800d538       0xac ./Middlewares/Third_Party/LwIP/src/core/ipv4/etharp.o
 .text.etharp_query
                0x0800d5e4      0x134 ./Middlewares/Third_Party/LwIP/src/core/ipv4/etharp.o
                0x0800d5e4                etharp_query
 .text.etharp_output
                0x0800d718      0x138 ./Middlewares/Third_Party/LwIP/src/core/ipv4/etharp.o
                0x0800d718                etharp_output
 .text.icmp_send_response
                0x0800d850       0x90 ./Middlewares/Third_Party/LwIP/src/core/ipv4/icmp.o
 .text.icmp_input
                0x0800d8e0      0x12c ./Middlewares/Third_Party/LwIP/src/core/ipv4/icmp.o
                0x0800d8e0                icmp_input
 .text.icmp_dest_unreach
                0x0800da0c        0x8 ./Middlewares/Third_Party/LwIP/src/core/ipv4/icmp.o
                0x0800da0c                icmp_dest_unreach
 .text.icmp_time_exceeded
                0x0800da14        0x8 ./Middlewares/Third_Party/LwIP/src/core/ipv4/icmp.o
                0x0800da14                icmp_time_exceeded
 .text.ip4_input_accept
                0x0800da1c       0x34 ./Middlewares/Third_Party/LwIP/src/core/ipv4/ip4.o
 .text.ip4_route
                0x0800da50       0x5c ./Middlewares/Third_Party/LwIP/src/core/ipv4/ip4.o
                0x0800da50                ip4_route
 .text.ip4_input
                0x0800daac      0x16c ./Middlewares/Third_Party/LwIP/src/core/ipv4/ip4.o
                0x0800daac                ip4_input
 .text.ip4_output_if_src
                0x0800dc18       0xf8 ./Middlewares/Third_Party/LwIP/src/core/ipv4/ip4.o
                0x0800dc18                ip4_output_if_src
 .text.ip4_output_if
                0x0800dd10       0x22 ./Middlewares/Third_Party/LwIP/src/core/ipv4/ip4.o
                0x0800dd10                ip4_output_if
 .text.ip4_addr_isbroadcast_u32
                0x0800dd32       0x36 ./Middlewares/Third_Party/LwIP/src/core/ipv4/ip4_addr.o
                0x0800dd32                ip4_addr_isbroadcast_u32
 .text.ip4addr_ntoa_r
                0x0800dd68       0x94 ./Middlewares/Third_Party/LwIP/src/core/ipv4/ip4_addr.o
                0x0800dd68                ip4addr_ntoa_r
 .text.ip4addr_ntoa
                0x0800ddfc        0xc ./Middlewares/Third_Party/LwIP/src/core/ipv4/ip4_addr.o
                0x0800ddfc                ip4addr_ntoa
 .text.ip_reass_dequeue_datagram
                0x0800de08       0x44 ./Middlewares/Third_Party/LwIP/src/core/ipv4/ip4_frag.o
 .text.ip_reass_free_complete_datagram
                0x0800de4c       0xe8 ./Middlewares/Third_Party/LwIP/src/core/ipv4/ip4_frag.o
 .text.ip_reass_remove_oldest_datagram
                0x0800df34       0x7c ./Middlewares/Third_Party/LwIP/src/core/ipv4/ip4_frag.o
 .text.ipfrag_free_pbuf_custom