../Middlewares/Third_Party/LwIP/src/api/api_msg.c:218:1:recv_udp	32	static
../Middlewares/Third_Party/LwIP/src/api/api_msg.c:514:1:setup_tcp	8	static
../Middlewares/Third_Party/LwIP/src/api/api_msg.c:1301:1:lwip_netconn_do_connected	16	static
../Middlewares/Third_Party/LwIP/src/api/api_msg.c:1640:1:lwip_netconn_do_writemore	40	static
../Middlewares/Third_Party/LwIP/src/api/api_msg.c:920:1:lwip_netconn_do_close_internal	32	static
../Middlewares/Third_Party/LwIP/src/api/api_msg.c:357:1:poll_tcp	8	static
../Middlewares/Third_Party/LwIP/src/api/api_msg.c:398:1:sent_tcp	16	static
../Middlewares/Third_Party/LwIP/src/api/api_msg.c:293:1:recv_tcp	24	static
../Middlewares/Third_Party/LwIP/src/api/api_msg.c:432:1:err_tcp	24	static
../Middlewares/Third_Party/LwIP/src/api/api_msg.c:131:1:lwip_netconn_is_err_msg	16	static
../Middlewares/Third_Party/LwIP/src/api/api_msg.c:680:1:lwip_netconn_do_newconn	16	static
../Middlewares/Third_Party/LwIP/src/api/api_msg.c:705:1:netconn_alloc	24	static
../Middlewares/Third_Party/LwIP/src/api/api_msg.c:794:1:netconn_free	16	static
../Middlewares/Third_Party/LwIP/src/api/api_msg.c:827:1:netconn_drain	24	static
../Middlewares/Third_Party/LwIP/src/api/api_msg.c:533:1:accept_function	24	static
../Middlewares/Third_Party/LwIP/src/api/api_msg.c:1113:1:lwip_netconn_do_delconn	16	static
../Middlewares/Third_Party/LwIP/src/api/api_msg.c:1216:1:lwip_netconn_do_bind	8	static
../Middlewares/Third_Party/LwIP/src/api/api_msg.c:1256:1:lwip_netconn_do_bind_if	8	static
../Middlewares/Third_Party/LwIP/src/api/api_msg.c:1350:1:lwip_netconn_do_connect	16	static
../Middlewares/Third_Party/LwIP/src/api/api_msg.c:1425:1:lwip_netconn_do_disconnect	8	static
../Middlewares/Third_Party/LwIP/src/api/api_msg.c:1449:1:lwip_netconn_do_listen	24	static
../Middlewares/Third_Party/LwIP/src/api/api_msg.c:1532:1:lwip_netconn_do_send	8	static
../Middlewares/Third_Party/LwIP/src/api/api_msg.c:1589:1:lwip_netconn_do_recv	24	static
../Middlewares/Third_Party/LwIP/src/api/api_msg.c:1813:1:lwip_netconn_do_write	8	static
../Middlewares/Third_Party/LwIP/src/api/api_msg.c:1867:1:lwip_netconn_do_getaddr	8	static
../Middlewares/Third_Party/LwIP/src/api/api_msg.c:1934:1:lwip_netconn_do_close	8	static
