../Middlewares/Third_Party/LwIP/src/core/tcp.c:1011:1:tcp_new_port	20	static
../Middlewares/Third_Party/LwIP/src/core/tcp.c:409:1:tcp_close_shutdown_fin	8	static
../Middlewares/Third_Party/LwIP/src/core/tcp.c:201:1:tcp_init	8	static
../Middlewares/Third_Party/LwIP/src/core/tcp.c:210:1:tcp_free	8	static
../Middlewares/Third_Party/LwIP/src/core/tcp.c:661:1:tcp_bind	24	static
../Middlewares/Third_Party/LwIP/src/core/tcp.c:763:1:tcp_bind_netif	0	static
../Middlewares/Third_Party/LwIP/src/core/tcp.c:848:1:tcp_listen_with_backlog_and_err	24	static
../Middlewares/Third_Party/LwIP/src/core/tcp.c:825:1:tcp_listen_with_backlog	0	static
../Middlewares/Third_Party/LwIP/src/core/tcp.c:930:1:tcp_update_rcv_ann_wnd	24	static
../Middlewares/Third_Party/LwIP/src/core/tcp.c:968:1:tcp_recved	16	static
../Middlewares/Third_Party/LwIP/src/core/tcp.c:1526:1:tcp_txnow	8	static
../Middlewares/Third_Party/LwIP/src/core/tcp.c:1623:1:tcp_seg_free	8	static
../Middlewares/Third_Party/LwIP/src/core/tcp.c:1608:1:tcp_segs_free	8	static
../Middlewares/Third_Party/LwIP/src/core/tcp.c:1644:1:tcp_setprio	0	static
../Middlewares/Third_Party/LwIP/src/core/tcp.c:1662:1:tcp_seg_copy	16	static
../Middlewares/Third_Party/LwIP/src/core/tcp.c:1988:1:tcp_arg	0	static
../Middlewares/Third_Party/LwIP/src/core/tcp.c:2011:1:tcp_recv	16	static
../Middlewares/Third_Party/LwIP/src/core/tcp.c:2031:1:tcp_sent	16	static
../Middlewares/Third_Party/LwIP/src/core/tcp.c:2057:1:tcp_err	16	static
../Middlewares/Third_Party/LwIP/src/core/tcp.c:2076:1:tcp_accept	0	static
../Middlewares/Third_Party/LwIP/src/core/tcp.c:2105:1:tcp_poll	16	static
../Middlewares/Third_Party/LwIP/src/core/tcp.c:2215:1:tcp_next_iss	8	static
../Middlewares/Third_Party/LwIP/src/core/tcp.c:2238:1:tcp_eff_send_mss_netif	16	static
../Middlewares/Third_Party/LwIP/src/core/tcp.c:1067:1:tcp_connect	24	static
../Middlewares/Third_Party/LwIP/src/core/tcp.c:2354:1:tcp_debug_state_str	0	static
../Middlewares/Third_Party/LwIP/src/core/tcp.c:2360:1:tcp_tcp_get_tcp_addrinfo	0	static
../Middlewares/Third_Party/LwIP/src/core/tcp.c:2386:1:tcp_free_ooseq	8	static
../Middlewares/Third_Party/LwIP/src/core/tcp.c:2127:1:tcp_pcb_purge	8	static
../Middlewares/Third_Party/LwIP/src/core/tcp.c:2177:1:tcp_pcb_remove	16	static
../Middlewares/Third_Party/LwIP/src/core/tcp.c:563:1:tcp_abandon	48	static
../Middlewares/Third_Party/LwIP/src/core/tcp.c:638:1:tcp_abort	0	static
../Middlewares/Third_Party/LwIP/src/core/tcp.c:778:1:tcp_accept_null	8	static
../Middlewares/Third_Party/LwIP/src/core/tcp.c:2299:1:tcp_netif_ip_addr_changed_pcblist	16	static
../Middlewares/Third_Party/LwIP/src/core/tcp.c:2331:1:tcp_netif_ip_addr_changed	16	static
../Middlewares/Third_Party/LwIP/src/core/tcp.c:1752:1:tcp_kill_state	8	static
../Middlewares/Third_Party/LwIP/src/core/tcp.c:1834:1:tcp_alloc	24	static
../Middlewares/Third_Party/LwIP/src/core/tcp.c:1945:1:tcp_new	0	static
../Middlewares/Third_Party/LwIP/src/core/tcp.c:1962:1:tcp_new_ip_type	0	static
../Middlewares/Third_Party/LwIP/src/core/tcp.c:348:1:tcp_close_shutdown	32	static
../Middlewares/Third_Party/LwIP/src/core/tcp.c:484:1:tcp_close	8	static
../Middlewares/Third_Party/LwIP/src/core/tcp.c:1684:1:tcp_recv_null	8	static
../Middlewares/Third_Party/LwIP/src/core/tcp.c:1539:1:tcp_process_refused_data	24	static
../Middlewares/Third_Party/LwIP/src/core/tcp.c:1479:1:tcp_fasttmr	32	static
../Middlewares/Third_Party/LwIP/src/core/tcp.c:515:1:tcp_shutdown	16	static
../Middlewares/Third_Party/LwIP/src/core/tcp.c:1192:1:tcp_slowtmr	64	static
../Middlewares/Third_Party/LwIP/src/core/tcp.c:234:1:tcp_tmr	8	static
