../Middlewares/Third_Party/LwIP/src/core/tcp_in.c:1888:1:tcp_get_next_optbyte	0	static
../Middlewares/Third_Party/LwIP/src/core/tcp_in.c:1051:1:tcp_oos_insert_segment	24	static
../Middlewares/Third_Party/LwIP/src/core/tcp_in.c:1909:1:tcp_parseopt	24	static
../Middlewares/Third_Party/LwIP/src/core/tcp_in.c:600:1:tcp_input_delayed_close	8	static
../Middlewares/Third_Party/LwIP/src/core/tcp_in.c:1088:1:tcp_free_acked_segments.isra	40	static
../Middlewares/Third_Party/LwIP/src/core/tcp_in.c:1141:1:tcp_receive	40	static
../Middlewares/Third_Party/LwIP/src/core/tcp_in.c:118:1:tcp_input	56	static
../Middlewares/Third_Party/LwIP/src/core/tcp_in.c:2029:1:tcp_trigger_input_pcb_close	0	static
